[2026-07-25 12:16:29.882] 日志文件: output\时代\bili_spider_20260725_121629.log
[2026-07-25 12:16:29.884] ============================================================
  B站视频爬虫 (增强版)
============================================================
[2026-07-25 12:16:29.885] 关键词: 时代
页数: 3
排序: click
线程数: 5
延迟: 1.0s

[2026-07-25 12:16:29.898] [任务] 任务ID: 57
[2026-07-25 12:16:29.898] [搜索] 第 1/3 页...
[2026-07-25 12:16:30.382]   找到 20 个，新增 20 个
[2026-07-25 12:16:31.985] [搜索] 第 2/3 页...
[2026-07-25 12:16:32.347]   找到 20 个，新增 20 个
[2026-07-25 12:16:33.768] [搜索] 第 3/3 页...
[2026-07-25 12:16:34.233]   找到 20 个，新增 20 个
[2026-07-25 12:16:36.213] 
[搜索完成] 共 60 个视频，今日已爬 1 个，新增 59 个
[2026-07-25 12:16:36.215] [搜索统计] 搜索失败页数: 0
[2026-07-25 12:16:36.216] 
[详情获取] 使用 5 个线程获取视频详情...
[2026-07-25 12:16:37.952]   [1/59] av497959432 ✓
[2026-07-25 12:16:38.091]   [2/59] av925639714 ✓
[2026-07-25 12:16:38.187]   [3/59] av91678368 ✓
[2026-07-25 12:16:38.216]   [4/59] av679142287 ✓
[2026-07-25 12:16:38.225]   [5/59] av764501817 ✓
[2026-07-25 12:16:39.631]   [6/59] av804097767 ✓
[2026-07-25 12:16:39.651]   [7/59] av889103031 ✓
[2026-07-25 12:16:39.833]   [8/59] av95387918 ✓
[2026-07-25 12:16:39.917]   [9/59] av73936539 ✓
[2026-07-25 12:16:39.933]   [10/59] av674047376 ✓
[2026-07-25 12:16:41.545]   [11/59] av114867893771565 ✓
[2026-07-25 12:16:41.642]   [12/59] av61926807 ✓
[2026-07-25 12:16:41.675]   [13/59] av116719712470567 ✓
[2026-07-25 12:16:41.839]   [14/59] av973536407 ✓
[2026-07-25 12:16:41.867]   [15/59] av869379209 ✓
[2026-07-25 12:16:43.037]   [16/59] av115723028404885 ✓
[2026-07-25 12:16:43.424]   [17/59] av114551341195203 ✓
[2026-07-25 12:16:43.440]   [18/59] av94923707 ✓
[2026-07-25 12:16:43.704]   [19/59] av83009525 ✓
[2026-07-25 12:16:43.715]   [20/59] av807120186 ✓
[2026-07-25 12:16:44.895]   [21/59] av701882589 ✓
[2026-07-25 12:16:45.152]   [22/59] av722217641 ✓
[2026-07-25 12:16:45.243]   [23/59] av114670711086917 ✓
[2026-07-25 12:16:45.314]   [24/59] av115558813012734 ✓
[2026-07-25 12:16:45.398]   [25/59] av721294327 ✓
[2026-07-25 12:16:46.468]   [26/59] av115138023661066 ✓
[2026-07-25 12:16:46.603]   [27/59] av294554572 ✓
[2026-07-25 12:16:46.954]   [28/59] av83019019 ✓
[2026-07-25 12:16:47.022]   [29/59] av88611495 ✓
[2026-07-25 12:16:47.050]   [30/59] av116079812681419 ✓
[2026-07-25 12:16:48.379]   [31/59] av551765509 ✓
[2026-07-25 12:16:48.655]   [32/59] av87856753 ✓
[2026-07-25 12:16:48.661]   [33/59] av891331104 ✓
[2026-07-25 12:16:48.683]   [34/59] av285986550 ✓
[2026-07-25 12:16:48.692]   [35/59] av433068632 ✓
[2026-07-25 12:16:49.951]   [36/59] av891284092 ✓
[2026-07-25 12:16:50.143]   [37/59] av115943850119469 ✓
[2026-07-25 12:16:50.250]   [38/59] av115302792763340 ✓
[2026-07-25 12:16:50.318]   [39/59] av634517065 ✓
[2026-07-25 12:16:50.481]   [40/59] av307224756 ✓
[2026-07-25 12:16:51.542]   [41/59] av79225515 ✓
[2026-07-25 12:16:51.921]   [42/59] av428204563 ✓
[2026-07-25 12:16:51.929]   [43/59] av514827893 ✓
[2026-07-25 12:16:52.191]   [44/59] av259132653 ✓
[2026-07-25 12:16:52.511]   [45/59] av329606749 ✓
[2026-07-25 12:16:53.514]   [46/59] av114160381795640 ✓
[2026-07-25 12:16:53.634]   [47/59] av422021430 ✓
[2026-07-25 12:16:53.706]   [48/59] av618644211 ✓
[2026-07-25 12:16:53.759]   [49/59] av114624506631609 ✓
[2026-07-25 12:16:54.317]   [50/59] av973999616 ✓
[2026-07-25 12:16:55.402]   [51/59] av977029652 ✓
[2026-07-25 12:16:55.563]   [52/59] av115387165318330 ✓
[2026-07-25 12:16:55.569]   [53/59] av979870300 ✓
[2026-07-25 12:16:55.649]   [54/59] av88175782 ✓
[2026-07-25 12:16:56.374]   [55/59] av1750105141 ✓
[2026-07-25 12:16:56.985]   [56/59] av63939438 ✓
[2026-07-25 12:16:57.137]   [57/59] av114607528090434 ✓
[2026-07-25 12:16:57.236]   [58/59] av327904279 ✓
[2026-07-25 12:16:57.581]   [59/59] av886159953 ✓
[2026-07-25 12:16:57.590] 
[搜索完成] 成功: 59, 失败: 0
[2026-07-25 12:16:57.602] [修复] 已修正 210 条视频的评论数 (comment_count <- review)
[2026-07-25 12:16:57.604] 
============================================================
  自动检测并补充粉丝数
============================================================
[2026-07-25 12:16:57.606] 待补充UP主数: 0
[2026-07-25 12:16:57.609] [完成] 所有UP主已有粉丝数据
[2026-07-25 12:16:57.610] 
============================================================
  自动检测并补充视频标签
============================================================
[2026-07-25 12:16:57.611] 待补充标签视频数: 0
[2026-07-25 12:16:57.612] [完成] 所有视频已有标签数据
[2026-07-25 12:16:57.614] 
==========================================================================================
  动量分析 (单次快照模式)
==========================================================================================
[2026-07-25 12:16:57.616] 关键词: 时代
显示数量: 999999
[2026-07-25 12:16:57.617] 评分维度: 播放速率(30%) + 粉丝转化(25%) + 互动密度(20%) + 新鲜度(15%) + 播放量(10%)

[2026-07-25 12:16:57.621] 
动量排行 Top 999999（按综合评分排序）
[2026-07-25 12:16:57.622] ------------------------------------------------------------------------------------------------------------------------------------------------------------------------------------
[2026-07-25 12:16:57.624] 排名   标题                                  播放量 UP主              粉丝      转化      速率/h     互动密度     视频年龄     历史增长     综合分
[2026-07-25 12:16:57.625] ------------------------------------------------------------------------------------------------------------------------------------------------------------------------------------
[2026-07-25 12:16:57.626] 1    虎哥摩根时代请勿模仿虎哥已经来到哔哩哔哩入驻       16,722,212 129857914  1,590,409   10.5x     15235    0.048      46天      N/A   0.637
[2026-07-25 12:16:57.627] 2    【原神HoYoFair】时代… 变了？          14,637,569 122061718   679,608   21.5x       589    0.223    1036天      N/A   0.473
[2026-07-25 12:16:57.629] 3    致敬经典！马嘉祺翻唱亚洲第一男高音张雨生《我期待》【   10,557,979 237792333   351,209   30.1x       329    0.227    1337天      N/A   0.457
[2026-07-25 12:16:57.630] 4    春晚为什么越来越难看？因为本来就不是给你看的       13,956,606 438083655   399,225   35.0x       644    0.170     903天      N/A   0.425
[2026-07-25 12:16:57.631] 5    学生时代的狠人                      33,855,931 96793524    560,705   60.4x       984    0.042    1433天      N/A   0.389
[2026-07-25 12:16:57.632] 6    时代少年团——少年on fire全集           22,487,127 14631389     81,165  277.1x       466    0.092    2012天      N/A   0.383
[2026-07-25 12:16:57.632] 7    《台风蜕变之战》合集                   11,072,996 15169133    140,634   78.7x       182    0.125    2535天      N/A   0.366
[2026-07-25 12:16:57.633] 8    【时代少年团】新团综之少年梦游记（1080P 全十二   19,328,737 22740573     50,765  380.8x       342    0.087    2354天      N/A   0.365
[2026-07-25 12:16:57.635] 9    震撼！刘耀文朱志鑫-屠夫养成系大跳《trouble    25,697,307 261555124    19,218 1337.2x       449    0.050    2387天      N/A   0.356
[2026-07-25 12:16:57.635] 10   在课上放我们配的小时代外国同学都看呆了          10,389,160 22614140     14,905  697.0x       333    0.109    1299天      N/A   0.353
[2026-07-25 12:16:57.636] 11   “狠活的时代……已经死了。”补档             19,732,832 35570604    240,627   82.0x       517    0.064    1590天      N/A   0.349
[2026-07-25 12:16:57.637] 12   时代少年团物料合集1（已上限）              15,062,747 583195026    84,610  178.0x       281    0.085    2237天      N/A   0.346
[2026-07-25 12:16:57.637] 13   当铁三角回农村过年！                   21,817,510 393709394  3,285,301    6.6x      5727    0.032     159天      N/A   0.337
[2026-07-25 12:16:57.639] 14   卧槽！原来在绝对的美貌面前，根本不需要高颅顶和直角肩   10,978,822 291318137    57,706  190.2x       284    0.087    1613天      N/A   0.334
[2026-07-25 12:16:57.640] 15   【时代少年团】《光环~的少年》完结纪录片合集       10,982,817 15169133    140,634   78.1x       194    0.086    2356天      N/A   0.332
[2026-07-25 12:16:57.641] 16   中国小哥在韩国舞台上演唱《雪落下的声音》听得鸡皮疙瘩   21,745,830 164895974    36,139  601.7x       356    0.030    2549天      N/A   0.324
[2026-07-25 12:16:57.641] 17   大人，时代变了！！                    15,710,145 8784855    1,557,390   10.1x       266    0.060    2460天      N/A   0.314
[2026-07-25 12:16:57.642] 18   【TNT时代少年团】团综《我们的新家》合集（已更完）   13,594,291 297617173    72,026  188.7x       265    0.053    2137天      N/A   0.313
[2026-07-25 12:16:57.642] 19   【刘耀文】谁在躁动！天才主舞的神级直拍，是你梦里的《   16,429,545 199232775   234,538   70.0x       372    0.032    1841天      N/A   0.307
[2026-07-25 12:16:57.643] 20   谁来谁没来？阅兵观礼台2015 VS 2025，看世   19,646,503 114067257  5,308,416    3.7x      2518    0.152     325天      N/A   0.303
[2026-07-25 12:16:57.643] 21   当《不染》遇上戏腔？！听得我头皮发麻了！！！       12,736,218 164895974    36,139  352.4x       222    0.040    2387天      N/A   0.298
[2026-07-25 12:16:57.643] 22   【TNT时代少年团】【TNT宅家日记合集】倾情巨制！   10,389,472 27269274     16,643  624.2x       186    0.047    2326天      N/A   0.295
[2026-07-25 12:16:57.645] 23   一部带你重温童年的影片，真实且治愈，时代需要这样的影   17,788,676 106099552   245,079   72.6x       646    0.007    1148天      N/A   0.295
[2026-07-25 12:16:57.646] 24   超温柔治愈嗓音！宋亚轩翻唱Forever Young   11,130,169 307535996   523,778   21.2x       248    0.029    1869天      N/A   0.283
[2026-07-25 12:16:57.646] 25   【TF家族】2022 TF家族夏日运动会         23,174,557 3670216    9,176,767    2.5x       666    0.181    1450天      N/A   0.277
[2026-07-25 12:16:57.647] 26   【时代少年团】「五月粉丝见面会实况」-《世界上的另一   38,974,327 3670216    9,176,767    4.2x       882    0.064    1841天      N/A   0.274
[2026-07-25 12:16:57.647] 27   时代少年团2021火力全开演唱会（上）          35,123,361 3670216    9,176,767    3.8x       869    0.086    1684天      N/A   0.270
[2026-07-25 12:16:57.647] 28   二班忏悔录！                       14,287,864 393709394  3,285,301    4.3x      3258    0.032     183天      N/A   0.208
[2026-07-25 12:16:57.649] 29   粉丝上演史诗大战，爱豆却似无情AI，TFBOYS十周   13,906,645 20457232   2,785,983    5.0x       536    0.070    1082天      N/A   0.202
[2026-07-25 12:16:57.649] 30   【完结合集】《两晋十六国》看懂后三国时代174年的乱   12,105,791 7481602    2,547,414    4.8x       216    0.082    2341天      N/A   0.194
[2026-07-25 12:16:57.649] 31   时代少年团2021火力全开演唱会（下）          21,132,089 3670216    9,176,767    2.3x       523    0.100    1684天      N/A   0.191
[2026-07-25 12:16:57.650] 32   高中生国庆vs大学生国庆！                14,734,760 393709394  3,285,301    4.5x      2074    0.029     296天      N/A   0.187
[2026-07-25 12:16:57.650] 33   【时代少年团】《光环中的少年——“踯躅”》        12,340,815 3670216    9,176,767    1.3x       297    0.158    1730天      N/A   0.184
[2026-07-25 12:16:57.650] 34   当周五下午不上课！                    13,257,593 393709394  3,285,301    4.0x      2203    0.035     251天      N/A   0.179
[2026-07-25 12:16:57.650] 35   省吃俭用学生党belike！               15,301,482 393709394  3,285,301    4.7x      1533    0.014     416天      N/A   0.170
[2026-07-25 12:16:57.650] 36   优酸乳×时代少年团 嚼柠檬主题曲中文版《Lemon》   11,436,737 354663077  4,377,937    2.6x      1112    0.092     429天      N/A   0.168
[2026-07-25 12:16:57.651] 37   【时代少年团】TNT《我想了太多关于你的形容》Cov   26,124,058 3670216    9,176,767    2.9x       481    0.039    2263天      N/A   0.166
[2026-07-25 12:16:57.651] 38   当班里举办儿童节活动！                  13,490,338 393709394  3,285,301    4.1x      1342    0.026     419天      N/A   0.157
[2026-07-25 12:16:57.651] 39   省吃俭用学生党belike！               14,455,641 393709394  3,285,301    4.4x      1210    0.015     498天      N/A   0.155
[2026-07-25 12:16:57.653] 40   钝子生 vs 尖子生！                  11,861,212 393709394  3,285,301    3.6x      2229    0.020     222天      N/A   0.151
[2026-07-25 12:16:57.653] 41   当差生考试抄过头了！                   12,033,635 393709394  3,285,301    3.7x      1786    0.027     281天      N/A   0.151
[2026-07-25 12:16:57.653] 42   【时代少年团】宋亚轩刘耀文《一起等雨停》         10,885,584 3670216    9,176,767    1.2x       281    0.129    1616天      N/A   0.149
[2026-07-25 12:16:57.654] 43   【4K60FPS】共和时代《Counting Sta   17,872,186 229733301  8,186,342    2.2x       430    0.069    1731天      N/A   0.147
[2026-07-25 12:16:57.654] 44   【时代少年团】《时代夏令营》01：出乎意料的夏令营    10,468,426 3670216    9,176,767    1.1x       295    0.122    1478天      N/A   0.141
[2026-07-25 12:16:57.656] 45   【时代少年团】「五月粉丝见面会实况」-《花园+我想了   20,773,636 3670216    9,176,767    2.3x       470    0.046    1841天      N/A   0.140
[2026-07-25 12:16:57.656] 46   【时代少年团】「火力全开」五月粉丝见面会练习室联排    12,397,021 3670216    9,176,767    1.4x       280    0.102    1846天      N/A   0.134
[2026-07-25 12:16:57.656] 47   高考后的崩溃时刻！                    12,246,038 393709394  3,285,301    3.7x      1252    0.016     408天      N/A   0.133
[2026-07-25 12:16:57.657] 48   当班里举行知识竞赛！                   11,389,390 393709394  3,285,301    3.5x      1277    0.021     372天      N/A   0.129
[2026-07-25 12:16:57.657] 49   【时代少年团】《光环下的少年——重逢》          12,865,919 3670216    9,176,767    1.4x       227    0.090    2358天      N/A   0.125
[2026-07-25 12:16:57.657] 50   【时代少年团】Cover舞台A - NCT 127《   12,449,337 3670216    9,176,767    1.4x       228    0.070    2276天      N/A   0.105
[2026-07-25 12:16:57.659] 51   【4K60FPS】共和时代《Apologize》核能   11,269,376 229733301  8,186,342    1.4x       271    0.067    1733天      N/A   0.100
[2026-07-25 12:16:57.659] 52   【时代少年团】Cover舞台B - EXO《破风（T   10,590,094 3670216    9,176,767    1.1x       194    0.072    2276天      N/A   0.095
[2026-07-25 12:16:57.659] 53   【舞台纯享】马嘉祺《让她降落》【时代少年团2021火   14,215,108 3670216    9,176,767    1.6x       352    0.035    1683天      N/A   0.088
[2026-07-25 12:16:57.660] 54   【舞台纯享】宋亚轩《给我一个吻》【时代少年团2021   12,859,274 3670216    9,176,767    1.4x       318    0.042    1683天      N/A   0.085
[2026-07-25 12:16:57.660] 55   【舞台纯享】刘耀文《马》【时代少年团2021火力全开   10,653,433 3670216    9,176,767    1.2x       264    0.055    1683天      N/A   0.082
[2026-07-25 12:16:57.661] 56   【时代少年团】《晴天》cover by宋亚轩       11,709,341 3670216    9,176,767    1.3x       202    0.040    2415天      N/A   0.073
[2026-07-25 12:16:57.661] 57   【时代少年团】宋亚轩刘耀文游戏惩罚·女团舞        11,510,252 3670216    9,176,767    1.2x       206    0.040    2328天      N/A   0.072
[2026-07-25 12:16:57.661] 58   【舞台纯享】贺峻霖《别叫我达芬奇》【时代少年团202   11,208,125 3670216    9,176,767    1.2x       278    0.026    1683天      N/A   0.060
[2026-07-25 12:16:57.661] 59   《Dancing with a Stranger》马   10,943,057 3670216    9,176,767    1.2x       271    0.016    1682天      N/A   0.050
[2026-07-25 12:16:57.662] ------------------------------------------------------------------------------------------------------------------------------------------------------------------------------------
[2026-07-25 12:16:57.662] 
提示: 综合分 = 播放速率(30%) + 粉丝转化(25%) + 互动密度(20%) + 新鲜度(15%) + 播放量(10%)
[2026-07-25 12:16:57.663]       历史增长列显示多次爬取后的真实增长率，首次爬取为 N/A
[2026-07-25 12:16:57.665] 
[导出] 动量分析结果已保存到 output\时代\momentum_20260725_121657.csv
[2026-07-25 12:16:57.668] 
================================================================================
[2026-07-25 12:16:57.668]   标签权重 Top 10 (关键词: 时代)
[2026-07-25 12:16:57.669] ================================================================================
[2026-07-25 12:16:57.669] 总视频数: 59 | 不同标签数: 242
[2026-07-25 12:16:57.670] 算法: 标签权重 = 出现视频数 × 平均动量分
[2026-07-25 12:16:57.670] --------------------------------------------------------------------------------
[2026-07-25 12:16:57.670] 排名   标签                       出现次数      覆盖率      平均动量分       标签权重
[2026-07-25 12:16:57.671] --------------------------------------------------------------------------------
[2026-07-25 12:16:57.671] 1    时代少年团                      34    57.6%      0.216      7.356
[2026-07-25 12:16:57.671] 2    马嘉祺                        17    28.8%      0.212      3.605
[2026-07-25 12:16:57.672] 3    搞笑                         15    25.4%      0.224      3.363
[2026-07-25 12:16:57.672] 4    刘耀文                        17    28.8%      0.192      3.261
[2026-07-25 12:16:57.673] 5    TF家族                       14    23.7%      0.218      3.046
[2026-07-25 12:16:57.674] 6    宋亚轩                        17    28.8%      0.174      2.955
[2026-07-25 12:16:57.675] 7    严浩翔                        15    25.4%      0.179      2.692
[2026-07-25 12:16:57.675] 8    贺峻霖                        15    25.4%      0.179      2.692
[2026-07-25 12:16:57.677] 9    丁程鑫                        14    23.7%      0.180      2.526
[2026-07-25 12:16:57.677] 10   张真源                        14    23.7%      0.180      2.526
[2026-07-25 12:16:57.679] --------------------------------------------------------------------------------
[2026-07-25 12:16:57.679] 说明: 标签权重越高 = 该标签在高动量视频中出现越频繁，越值得关注
[2026-07-25 12:16:57.680] 
[导出] 标签分析已保存到 output\时代\tags_20260725_121657.txt
[2026-07-25 12:16:57.681] 
====================================================================================================
  价值分析 (独立评分)
====================================================================================================
[2026-07-25 12:16:57.682] 关键词: 时代
[2026-07-25 12:16:57.682] 评分维度: 深度互动比(35%) + 互动密度(25%) + 收藏率(20%) + 粉丝转化(10%) + 分享率(10%)
[2026-07-25 12:16:57.683] 说明: 价值评分衡量视频的长期内容质量，不受视频年龄/新鲜度影响

[2026-07-25 12:16:57.683] 
价值排行 Top 59（按价值综合评分排序）
[2026-07-25 12:16:57.684] ----------------------------------------------------------------------------------------------------------------------------------------------------------------------------------------------
[2026-07-25 12:16:57.684] 排名   标题                                  播放量 UP主              粉丝    深/浅比     互动密度     收藏率      转化     分享率    深互动分    互动分    收藏分    转化分    分享分     价值分
[2026-07-25 12:16:57.685] ----------------------------------------------------------------------------------------------------------------------------------------------------------------------------------------------
[2026-07-25 12:16:57.685] 1    【原神HoYoFair】时代… 变了？          14,637,569 No_Tables   679,608    1.30    0.223   0.055   21.5x   0.015   0.514  0.984  1.000  0.015  0.028   0.630
[2026-07-25 12:16:57.687] 2    致敬经典！马嘉祺翻唱亚洲第一男高音张雨生《我期待》【   10,557,979 马嘉祺放映馆      351,209    1.28    0.227   0.008   30.1x   0.537   0.504  1.000  0.108  0.022  1.000   0.550
[2026-07-25 12:16:57.687] 3    【完结合集】《两晋十六国》看懂后三国时代174年的乱   12,105,791 安州牧        2,547,414    2.45    0.082   0.027    4.8x   0.005   1.000  0.339  0.473  0.003  0.009   0.531
[2026-07-25 12:16:57.687] 4    【时代少年团】宋亚轩刘耀文《一起等雨停》         10,885,584 TF家族       9,176,767    1.05    0.129   0.022    1.2x   0.011   0.409  0.556  0.368  0.000  0.021   0.358
[2026-07-25 12:16:57.689] 5    【TNT时代少年团】【TNT宅家日记合集】倾情巨制！   10,389,472 Dido2ng-L    16,643    1.44    0.047   0.018  624.3x   0.002   0.571  0.183  0.300  0.466  0.004   0.353
[2026-07-25 12:16:57.690] 6    春晚为什么越来越难看？因为本来就不是给你看的       13,956,606 十三只牛        399,225    0.68    0.170   0.021   35.0x   0.004   0.249  0.740  0.356  0.025  0.008   0.347
[2026-07-25 12:16:57.691] 7    震撼！刘耀文朱志鑫-屠夫养成系大跳《trouble    25,697,307 Oh-Sirius    19,218    1.00    0.050   0.018 1337.1x   0.017   0.386  0.194  0.288  1.000  0.031   0.344
[2026-07-25 12:16:57.691] 8    谁来谁没来？阅兵观礼台2015 VS 2025，看世   19,646,503 小王Albert   5,308,416    0.80    0.152   0.020    3.7x   0.007   0.302  0.660  0.344  0.002  0.014   0.341
[2026-07-25 12:16:57.692] 9    【时代少年团】新团综之少年梦游记（1080P 全十二   19,328,737 Starmie_1    50,765    1.16    0.087   0.016  380.7x   0.002   0.454  0.363  0.259  0.284  0.004   0.330
[2026-07-25 12:16:57.693] 10   在课上放我们配的小时代外国同学都看呆了          10,389,160 弗雷达不要拖拉      14,905    0.58    0.109   0.021  697.0x   0.034   0.207  0.465  0.354  0.521  0.063   0.318
[2026-07-25 12:16:57.693] 11   【时代少年团】《光环~的少年》完结纪录片合集       10,982,817 一枚精分答答      140,634    1.21    0.086   0.016   78.1x   0.001   0.477  0.360  0.257  0.058  0.002   0.314
[2026-07-25 12:16:57.694] 12   《台风蜕变之战》合集                   11,072,996 一枚精分答答      140,634    0.86    0.125   0.016   78.7x   0.002   0.328  0.535  0.266  0.058  0.004   0.308
[2026-07-25 12:16:57.694] 13   【TF家族】2022 TF家族夏日运动会         23,174,557 TF家族       9,176,767    0.66    0.181   0.008    2.5x   0.002   0.243  0.791  0.108  0.001  0.004   0.305
[2026-07-25 12:16:57.695] 14   时代少年团物料合集1（已上限）              15,062,747 睡在TNT怀里      84,610    1.15    0.085   0.014  178.0x   0.002   0.451  0.352  0.212  0.132  0.004   0.302
[2026-07-25 12:16:57.695] 15   【4K60FPS】共和时代《Counting Sta   17,872,186 音乐私藏馆      8,186,342    0.96    0.069   0.025    2.2x   0.003   0.368  0.283  0.438  0.001  0.005   0.288
[2026-07-25 12:16:57.696] 16   【时代少年团】《光环中的少年——“踯躅”》        12,340,815 TF家族       9,176,767    0.66    0.158   0.010    1.3x   0.002   0.242  0.688  0.142  0.000  0.004   0.285
[2026-07-25 12:16:57.696] 17   时代少年团——少年on fire全集           22,487,127 你想听个笑话吗      81,165    0.93    0.093   0.013  277.1x   0.002   0.358  0.389  0.207  0.207  0.004   0.285
[2026-07-25 12:16:57.697] 18   【时代少年团】Cover舞台B - EXO《破风（T   10,590,094 TF家族       9,176,767    1.07    0.072   0.019    1.2x   0.011   0.416  0.294  0.309  0.000  0.020   0.283
[2026-07-25 12:16:57.697] 19   【时代少年团】Cover舞台A - NCT 127《   12,449,337 TF家族       9,176,767    1.09    0.070   0.018    1.4x   0.010   0.425  0.285  0.296  0.000  0.019   0.281
[2026-07-25 12:16:57.697] 20   卧槽！原来在绝对的美貌面前，根本不需要高颅顶和直角肩   10,978,822 她是惊蛰         57,706    0.61    0.087   0.025  190.3x   0.004   0.223  0.363  0.424  0.142  0.007   0.268
[2026-07-25 12:16:57.699] 21   【TNT时代少年团】团综《我们的新家》合集（已更完）   13,594,291 苦瓜哭哭哭        72,026    1.13    0.053   0.015  188.7x   0.002   0.441  0.207  0.240  0.140  0.003   0.268
[2026-07-25 12:16:57.699] 22   【4K60FPS】共和时代《Apologize》核能   11,269,376 音乐私藏馆      8,186,342    0.91    0.067   0.023    1.4x   0.002   0.348  0.271  0.390  0.000  0.004   0.268
[2026-07-25 12:16:57.700] 23   【时代少年团】「五月粉丝见面会实况」-《世界上的另一   38,974,327 TF家族       9,176,767    1.24    0.064   0.009    4.2x   0.005   0.487  0.261  0.132  0.002  0.009   0.263
[2026-07-25 12:16:57.701] 24   【时代少年团】「火力全开」五月粉丝见面会练习室联排    12,397,021 TF家族       9,176,767    0.73    0.102   0.012    1.4x   0.003   0.271  0.432  0.178  0.000  0.005   0.239
[2026-07-25 12:16:57.701] 25   【时代少年团】《晴天》cover by宋亚轩       11,709,341 TF家族       9,176,767    1.22    0.040   0.011    1.3x   0.004   0.479  0.148  0.163  0.000  0.007   0.238
[2026-07-25 12:16:57.702] 26   一部带你重温童年的影片，真实且治愈，时代需要这样的影   17,788,676 电影新秀        245,079    1.57    0.007   0.004   72.6x   0.000   0.628  0.000  0.027  0.053  0.000   0.231
[2026-07-25 12:16:57.702] 27   【时代少年团】《光环下的少年——重逢》          12,865,919 TF家族       9,176,767    0.78    0.090   0.011    1.4x   0.002   0.295  0.376  0.165  0.000  0.003   0.231
[2026-07-25 12:16:57.703] 28   【时代少年团】《时代夏令营》01：出乎意料的夏令营    10,468,426 TF家族       9,176,767    0.58    0.122   0.009    1.1x   0.002   0.208  0.525  0.125  0.000  0.004   0.229
[2026-07-25 12:16:57.704] 29   【时代少年团】TNT《我想了太多关于你的形容》Cov   26,124,058 TF家族       9,176,767    1.26    0.039   0.007    2.8x   0.003   0.496  0.147  0.088  0.001  0.005   0.229
[2026-07-25 12:16:57.704] 30   当《不染》遇上戏腔？！听得我头皮发麻了！！！       12,736,218 米奇木木三不愛米奇    36,139    0.93    0.040   0.013  352.4x   0.006   0.357  0.150  0.192  0.263  0.010   0.228
[2026-07-25 12:16:57.704] 31   时代少年团2021火力全开演唱会（下）          21,132,089 TF家族       9,176,767    0.76    0.100   0.007    2.3x   0.000   0.285  0.424  0.094  0.001  0.000   0.225
[2026-07-25 12:16:57.706] 32   【时代少年团】「五月粉丝见面会实况」-《花园+我想了   20,773,636 TF家族       9,176,767    1.12    0.046   0.007    2.3x   0.002   0.434  0.179  0.087  0.001  0.004   0.215
[2026-07-25 12:16:57.707] 33   优酸乳×时代少年团 嚼柠檬主题曲中文版《Lemon》   11,436,737 时代少年团      4,377,937    0.73    0.092   0.006    2.6x   0.026   0.272  0.388  0.075  0.001  0.048   0.212
[2026-07-25 12:16:57.708] 34   时代少年团2021火力全开演唱会（上）          35,123,361 TF家族       9,176,767    0.78    0.086   0.007    3.8x   0.000   0.292  0.360  0.083  0.002  0.000   0.209
[2026-07-25 12:16:57.708] 35   “狠活的时代……已经死了。”补档             19,732,832 75fps       240,627    0.68    0.064   0.015   82.0x   0.006   0.249  0.260  0.236  0.061  0.010   0.206
[2026-07-25 12:16:57.709] 36   中国小哥在韩国舞台上演唱《雪落下的声音》听得鸡皮疙瘩   21,745,830 米奇木木三不愛米奇    36,139    0.83    0.030   0.009  601.7x   0.004   0.313  0.106  0.115  0.450  0.007   0.205
[2026-07-25 12:16:57.709] 37   【刘耀文】谁在躁动！天才主舞的神级直拍，是你梦里的《   16,429,545 刘耀文星光放映厅    234,538    1.06    0.032   0.007   70.1x   0.005   0.412  0.114  0.081  0.052  0.010   0.195
[2026-07-25 12:16:57.709] 38   【时代少年团】宋亚轩刘耀文游戏惩罚·女团舞        11,510,252 TF家族       9,176,767    0.90    0.040   0.012    1.3x   0.004   0.345  0.148  0.178  0.000  0.007   0.194
[2026-07-25 12:16:57.709] 39   【舞台纯享】宋亚轩《给我一个吻》【时代少年团2021   12,859,274 TF家族       9,176,767    1.02    0.042   0.005    1.4x   0.000   0.394  0.160  0.043  0.000  0.000   0.186
[2026-07-25 12:16:57.711] 40   超温柔治愈嗓音！宋亚轩翻唱Forever Young   11,130,169 宋亚轩的留声机     523,778    1.03    0.029   0.007   21.2x   0.003   0.397  0.101  0.094  0.015  0.006   0.185
[2026-07-25 12:16:57.711] 41   【舞台纯享】刘耀文《马》【时代少年团2021火力全开   10,653,433 TF家族       9,176,767    0.87    0.055   0.004    1.2x   0.000   0.332  0.220  0.019  0.000  0.000   0.175
[2026-07-25 12:16:57.712] 42   大人，时代变了！！                    15,710,145 --圈圈--     1,557,390    0.69    0.060   0.008   10.1x   0.005   0.257  0.241  0.111  0.007  0.008   0.174
[2026-07-25 12:16:57.712] 43   【舞台纯享】马嘉祺《让她降落》【时代少年团2021火   14,215,108 TF家族       9,176,767    0.88    0.035   0.004    1.5x   0.000   0.335  0.128  0.021  0.000  0.001   0.153
[2026-07-25 12:16:57.713] 44   当班里举办儿童节活动！                  13,490,338 一串大福       3,285,301    0.74    0.027   0.010    4.1x   0.000   0.274  0.088  0.147  0.002  0.000   0.148
[2026-07-25 12:16:57.713] 45   【舞台纯享】贺峻霖《别叫我达芬奇》【时代少年团202   11,208,125 TF家族       9,176,767    0.78    0.027   0.004    1.2x   0.000   0.292  0.089  0.023  0.000  0.000   0.129
[2026-07-25 12:16:57.714] 46   《Dancing with a Stranger》马   10,943,057 TF家族       9,176,767    0.87    0.016   0.003    1.2x   0.000   0.330  0.043  0.000  0.000  0.000   0.126
[2026-07-25 12:16:57.715] 47   二班忏悔录！                       14,287,864 一串大福       3,285,301    0.54    0.032   0.010    4.3x   0.000   0.193  0.113  0.147  0.002  0.000   0.125
[2026-07-25 12:16:57.715] 48   粉丝上演史诗大战，爱豆却似无情AI，TFBOYS十周   13,906,645 一只吐槽圆      2,785,983    0.26    0.070   0.008    5.0x   0.014   0.075  0.287  0.113  0.003  0.026   0.123
[2026-07-25 12:16:57.716] 49   当周五下午不上课！                    13,257,593 一串大福       3,285,301    0.45    0.035   0.010    4.0x   0.000   0.152  0.126  0.136  0.002  0.000   0.112
[2026-07-25 12:16:57.716] 50   当差生考试抄过头了！                   12,033,635 一串大福       3,285,301    0.50    0.027   0.008    3.7x   0.000   0.173  0.090  0.108  0.002  0.000   0.105
[2026-07-25 12:16:57.717] 51   当铁三角回农村过年！                   21,817,510 一串大福       3,285,301    0.37    0.032   0.008    6.6x   0.000   0.119  0.114  0.102  0.004  0.000   0.091
[2026-07-25 12:16:57.717] 52   钝子生 vs 尖子生！                  11,861,212 一串大福       3,285,301    0.45    0.020   0.005    3.6x   0.000   0.152  0.057  0.056  0.002  0.000   0.079
[2026-07-25 12:16:57.718] 53   当班里举行知识竞赛！                   11,389,390 一串大福       3,285,301    0.41    0.021   0.006    3.5x   0.000   0.137  0.062  0.057  0.002  0.000   0.075
[2026-07-25 12:16:57.718] 54   高考后的崩溃时刻！                    12,246,038 一串大福       3,285,301    0.46    0.016   0.005    3.7x   0.000   0.157  0.042  0.041  0.002  0.000   0.074
[2026-07-25 12:16:57.718] 55   省吃俭用学生党belike！               15,301,482 一串大福       3,285,301    0.46    0.014   0.004    4.7x   0.000   0.157  0.033  0.030  0.003  0.000   0.070
[2026-07-25 12:16:57.719] 56   虎哥摩根时代请勿模仿虎哥已经来到哔哩哔哩入驻       16,722,212 虎哥二次元教父    1,590,409    0.14    0.048   0.004   10.5x   0.001   0.023  0.185  0.027  0.007  0.001   0.060
[2026-07-25 12:16:57.719] 57   高中生国庆vs大学生国庆！                14,734,760 一串大福       3,285,301    0.22    0.029   0.005    4.5x   0.000   0.056  0.099  0.042  0.003  0.000   0.053
[2026-07-25 12:16:57.719] 58   学生时代的狠人                      33,855,931 刘幸运不背实      560,705    0.09    0.042   0.003   60.4x   0.000   0.000  0.160  0.009  0.044  0.000   0.046
[2026-07-25 12:16:57.721] 59   省吃俭用学生党belike！               14,455,641 一串大福       3,285,301    0.27    0.015   0.003    4.4x   0.000   0.078  0.037  0.008  0.002  0.000   0.038
[2026-07-25 12:16:57.721] ----------------------------------------------------------------------------------------------------------------------------------------------------------------------------------------------
[2026-07-25 12:16:57.722] 
提示: 价值分 = 深度互动比(35%) + 互动密度(25%) + 收藏率(20%) + 粉丝转化(10%) + 分享率(10%)
[2026-07-25 12:16:57.722]       深度互动比 = (投币+收藏)/点赞，>1.0 表示用户愿意付出成本的认可超过浅层点赞
[2026-07-25 12:16:57.723]       与动量分析互补：动量看'速度'，价值看'质量'
[2026-07-25 12:16:57.723] 
================================================================================
[2026-07-25 12:16:57.724]   标签权重 Top 10 (关键词: 时代)
[2026-07-25 12:16:57.724] ================================================================================
[2026-07-25 12:16:57.724] 总视频数: 59 | 不同标签数: 242
[2026-07-25 12:16:57.725] 算法: 标签权重 = 出现视频数 × 平均价值分
[2026-07-25 12:16:57.725] --------------------------------------------------------------------------------
[2026-07-25 12:16:57.726] 排名   标签                       出现次数      覆盖率      平均价值分       标签权重
[2026-07-25 12:16:57.726] --------------------------------------------------------------------------------
[2026-07-25 12:16:57.727] 1    时代少年团                      34    57.6%      0.254      8.633
[2026-07-25 12:16:57.727] 2    马嘉祺                        17    28.8%      0.247      4.202
[2026-07-25 12:16:57.727] 3    刘耀文                        17    28.8%      0.232      3.952
[2026-07-25 12:16:57.728] 4    宋亚轩                        17    28.8%      0.226      3.836
[2026-07-25 12:16:57.729] 5    严浩翔                        15    25.4%      0.230      3.447
[2026-07-25 12:16:57.729] 6    贺峻霖                        15    25.4%      0.230      3.447
[2026-07-25 12:16:57.729] 7    丁程鑫                        14    23.7%      0.230      3.219
[2026-07-25 12:16:57.730] 8    张真源                        14    23.7%      0.230      3.219
[2026-07-25 12:16:57.730] 9    TF家族                       14    23.7%      0.225      3.154
[2026-07-25 12:16:57.730] 10   TNT时代少年团                    8    13.6%      0.272      2.176
[2026-07-25 12:16:57.731] --------------------------------------------------------------------------------
[2026-07-25 12:16:57.731] 说明: 标签权重越高 = 该标签在高质量视频中出现越频繁，越值得重点关注
[2026-07-25 12:16:57.733] 
[导出] 标签分析已保存到 output\时代\tags_20260725_121657.txt
[2026-07-25 12:16:57.734] 
[导出] 价值分析结果已保存到 output\时代\value_20260725_121657.csv
