[2026-07-25 05:20:51.459] 日志文件: output\穿搭\xhs_spider_20260725_052051.log
[2026-07-25 05:20:51.514] [任务] 创建任务#3: 关键词='穿搭', 页数=2, 排序=general
[2026-07-25 05:20:53.141] [浏览器] 已注入 16 个 cookie
[2026-07-25 05:20:53.438] [浏览器] Edge 浏览器已启动 (headless=True)
[2026-07-25 05:20:53.441] [搜索] 关键词='穿搭' 第1页 排序=general
[2026-07-25 05:21:02.835] [搜索] ✓ 返回 22 条笔记
[2026-07-25 05:21:02.836] [任务] 第1页完成，累计 21 条，等待 3.9s...
[2026-07-25 05:21:06.728] [搜索] 关键词='穿搭' 第2页 排序=general
[2026-07-25 05:21:16.444] [搜索] ✗ 未捕获到搜索 API
[2026-07-25 05:21:16.446] [任务] 第2页无结果，停止翻页
[2026-07-25 05:21:16.475] [任务] 搜索完成，共 21 条唯一笔记
[2026-07-25 05:21:16.481] [任务] 开始获取详情（共 21 条）...
[2026-07-25 05:21:16.802] [详情] 新开页面访问: https://www.xiaohongshu.com/explore/69d632c20000000022027b70?xsec_token=ABVhNM0G
[2026-07-25 05:21:26.571] [详情] ✓ '男生不同长相看哪个穿搭博主！' 互动=7308 赞=3865 藏=3354 评=89 享=0
[2026-07-25 05:21:31.320] [详情] 新开页面访问: https://www.xiaohongshu.com/explore/699daf26000000001a0279d5?xsec_token=ABFtGbia
[2026-07-25 05:21:41.119] [详情] ✗ 获取失败: code=?, msg=无响应
[2026-07-25 05:21:45.897] [详情] 新开页面访问: https://www.xiaohongshu.com/explore/6a50bd85000000000f028247?xsec_token=ABREs4-_
[2026-07-25 05:21:55.976] [详情] ✗ 获取失败: code=?, msg=无响应
[2026-07-25 05:22:02.067] [详情] 新开页面访问: https://www.xiaohongshu.com/explore/69a160d2000000002603d19e?xsec_token=AB4lFSpv
[2026-07-25 05:22:11.767] [详情] ✗ 获取失败: code=?, msg=无响应
[2026-07-25 05:22:17.051] [详情] 新开页面访问: https://www.xiaohongshu.com/explore/6a3f72ad000000001503dea6?xsec_token=ABj8FsAv
[2026-07-25 05:22:26.960] [详情] ✗ 获取失败: code=?, msg=无响应
[2026-07-25 05:22:27.081] [任务] 详情进度: 5/21 (成功=1, 失败=4)
[2026-07-25 05:22:30.460] [详情] 新开页面访问: https://www.xiaohongshu.com/explore/69a5637b0000000028009c5b?xsec_token=ABE3xJmw
[2026-07-25 05:22:40.286] [详情] ✗ 获取失败: code=?, msg=无响应
[2026-07-25 05:22:46.322] [详情] 新开页面访问: https://www.xiaohongshu.com/explore/7f4d3302-6ebf-4faa-a0c8-1f6834a09711#1784928
[2026-07-25 05:22:56.684] [详情] ✓ '教培工作失败经历分享' 互动=44 赞=44 藏=0 评=0 享=0
[2026-07-25 05:23:03.045] [详情] 点击笔记卡片: .note-item
[2026-07-25 05:23:11.128] [详情] ✓ '教培工作失败经历分享' 互动=90 赞=44 藏=38 评=8 享=2
