
######################################################################
  灏忕孩涔﹁縼绉诲彲琛屾€ф祴璇? 2026-07-25 04:24:41
######################################################################

======================================================================
  銆愭楠?1銆戜緷璧栫幆澧冩娴?
======================================================================
  [鉁?宸插畨瑁匽 requests     - HTTP 璇锋眰锛堝皬绾功 API 蹇呭锛?
  [鉁?宸插畨瑁匽 xhs          - reajason/xhs PyPI 搴擄紙杞婚噺鏂规鏍稿績锛?
  [鉁?宸插畨瑁匽 playwright   - Playwright 鍏滃簳锛堢敤浜庣湡瀹炴祻瑙堝櫒鎶撳彇锛?
  [鉁?宸插畨瑁匽 sqlite3      - SQLite锛堟暟鎹簱锛孭ython 鑷甫锛?

  杩佺Щ鎵€闇€鏈€灏忎緷璧栵細requests + sqlite3
  褰撳墠鐘舵€侊細婊¤冻

======================================================================
  銆愭楠?2銆戝瓧娈垫槧灏勬祴璇曪紙B绔?schema 鈫?灏忕孩涔?schema锛?
======================================================================

  鍏?24 涓?B绔?瀛楁寰呮槧灏?

  鉁?鍙槧灏勫瓧娈?(22/24):
    av_id                    鈫?note_id                   # 绗旇ID锛堝崄鍏繘鍒朵覆锛屽 697cc945000000000a02cdad锛?
    bvid                     鈫?note_id_hex               # 灏忕孩涔︽棤 BV 姒傚康锛屽彲鍐椾綑鎴栫渷鐣?
    url                      鈫?url                       # https://www.xiaohongshu.com/explore/{note_id}?xsec_token=...
    title                    鈫?title                     # 绗旇鏍囬锛堝浘鏂囩瑪璁板彲鑳戒负绌猴紝闇€鐢?desc 棣栬 fallback锛?
    description              鈫?desc                      # 绗旇姝ｆ枃
    tags                     鈫?tag_list                  # 绗旇鏍囩鍒楄〃
    category                 鈫?category                  # 灏忕孩涔︽棤寮哄垎绫伙紝鍙敤 home_feed category 鏇夸唬
    uploader                 鈫?nickname                  # 浣滆€呮樀绉?
    uploader_uid             鈫?user_id                   # 浣滆€?UID
    uploader_fans            鈫?fans_count                # 浣滆€呯矇涓濇暟锛堥渶棰濆鎺ュ彛鑾峰彇锛?
    play_nums                鈫?interact_count            # 浜掑姩閲?= 鐐硅禐+鏀惰棌+璇勮锛堝皬绾功鏃犲叕寮€闃呰閲忥級
    like_count               鈫?liked_count               # 鐐硅禐鏁?
    favorites                鈫?collected_count           # 鏀惰棌鏁?
    review                   鈫?comment_count             # 璇勮鏁?
    share                    鈫?share_count               # 鍒嗕韩鏁?
    pubdate                  鈫?time                      # 鍙戝竷鏃堕棿鎴筹紙姣锛?
    duration                 鈫?duration                  # 瑙嗛绗旇鏃堕暱锛屽浘鏂囦负 0
    video_age_hours          鈫?note_age_hours            # 绗旇骞撮緞锛堝皬鏃讹級
    play_velocity            鈫?interact_velocity         # 浜掑姩閫熺巼 = interact_count / note_age_hours
    engagement_score         鈫?engagement_score          # (like+collect+comment) / interact_count锛屾棤 coin/danmaku
    first_comment_time       鈫?first_comment_time        # 棣栬瘎鏃堕棿
    comment_count            鈫?comment_count_real        # 瀹為檯鐖彇鐨勮瘎璁烘暟

  鉁?闇€绉婚櫎瀛楁 (2/24)锛堝皬绾功鏃犲搴旀蹇碉級:
    coin                        # 灏忕孩涔︽棤鎶曞竵锛屽瓧娈电Щ闄?
    danmakus                    # 灏忕孩涔︽棤寮瑰箷锛屽瓧娈电Щ闄?

  鍏抽敭宸紓锛?
    1. 'play_nums' 鍦ㄥ皬绾功渚ф敼鐢?'interact_count'锛堜簰鍔ㄩ噺鑱氬悎锛変綔涓轰富鎸囨爣
    2. 绉婚櫎 coin / danmakus锛宔ngagement_score 鍏紡绠€鍖栦负 (like+collect+comment)/interact
    3. note_id 涓哄崄鍏繘鍒朵覆锛圔绔?av_id 涓虹函鏁板瓧锛夛紝鏁版嵁搴撳瓧娈电被鍨嬩繚鎸?TEXT 鍗冲彲

======================================================================
  銆愭楠?3銆戝姩閲忕畻娉曠Щ妞嶆祴璇?
======================================================================

  褰掍竴鍖栧熀鍑嗭細max_velocity=5000.0, max_conversion=100.0000, max_engagement=1.0000, max_interact=100000

  鎺掑悕  鏍囬                       浜掑姩閲?       閫熺巼      杞寲      瀵嗗害    鏂伴矞    褰掍竴     缁煎悎鍒?
  ----------------------------------------------------------------------------------------
  1   灏廢P鐖嗘-鏂扮瑪璁?             50000      4167  100.00   1.000   2.0 0.499   0.900
  2   澶P鏅€氱瑪璁?               30000      5000    0.03   1.000   2.0 0.299   0.680
  3   涓璘P浼樿川绗旇                80000      1667    1.60   1.000   1.7 0.800   0.496
  4   鑰佺瑪璁伴暱灏?                100000       139   20.00   1.000   1.1 1.000   0.396
  5   鏂扮瑪璁颁綆浜掑姩                   200       100    0.20   1.000   2.0 0.000   0.356

  楠岃瘉缁撹锛?
    鉁?5 缁磋瘎鍒嗘鏋舵垚鍔熷钩绉诲埌灏忕孩涔︽暟鎹?
    鉁?灏廢P鐖嗘锛坣1锛夌患鍚堝垎楂樹簬澶P鏅€氱瑪璁帮紙n2锛夛紝绗﹀悎 '鍑哄湀妫€娴? 璇夋眰
    鉁?鑰佺瑪璁伴暱灏撅紙n3锛夎櫧鐒朵簰鍔ㄩ噺缁濆鍊奸珮锛屼絾鍥犳柊椴滃害浣庤鍚堢悊闄嶆潈

======================================================================
  銆愭楠?4銆慡QLite Schema 鍏煎鎬ф祴璇?
======================================================================

  娴嬭瘯搴擄細xhs_migrate_test_tmp.db
  浠诲姟ID锛?
  鏌ヨ缁撴灉锛氭爣棰?娴嬭瘯绗旇, 浜掑姩閲?50000, 骞撮緞=12.0h, 鍘嗗彶浜掑姩=50000

  Schema 瀛楁鏁板姣旓細
    鍘?bili_videos 瀛楁鏁帮細~24锛堝惈 coin/danmakus/video_age_hours 绛夛級
    鏂?xhs_notes   瀛楁鏁帮細22锛堢Щ闄?coin/danmakus锛屾柊澧?interact_count锛?
    琛ㄧ粨鏋勫吋瀹规€э細鉁?浠呴渶 ALTER TABLE 閲嶅懡鍚嶅瓧娈?+ 绉婚櫎 2 涓瓧娈?

  涓存椂搴?xhs_migrate_test_tmp.db 宸叉竻鐞?

======================================================================
  銆愭楠?6銆戠鍒扮娴佺▼妯℃嫙锛堟悳绱?鈫?璇︽儏 鈫?璇勮 鈫?鍏ュ簱锛?
======================================================================

  [闃舵1] 鎼滅储 API 杩斿洖瀛楁鏄犲皠锛?
    鉁?697cc945000000000a02cdad: 鍛ㄦ湯鏃╅鎵撳崱 | interact=52300 | tags=鏃╅,鍋ュ悍楗
    鉁?697dd567000000001b03efbc: 閫氬嫟绌挎惌鍒嗕韩 | interact=37900 | tags=

  [闃舵2] 璇︽儏 API 琛ュ厖瀛楁锛?
    鉁?note_age_hours=12.00
    鉁?interact_velocity=4358/h
    鉁?fans_count=520

  [闃舵3] 璇勮 API 瀛楁锛?
    鉁?棣栬瘎鏃堕棿锛?026-07-24 18:24:41
    鉁?璇勮鏁帮細2

  [闃舵4] 鏈€缁堝叆搴撹褰曪紙鍏抽敭瀛楁锛夛細
    note_id                 : 697cc945000000000a02cdad
    title                   : 鍛ㄦ湯鏃╅鎵撳崱
    interact_count          : 52300
    liked_count             : 42000
    collected_count         : 8500
    comment_count           : 1800
    share_count             : 450
    fans_count              : 520
    note_age_hours          : 12.0
    interact_velocity       : 4358.33
    engagement_score        : 1.0
    first_comment_time      : 2026-07-24 18:24:41
    tags                    : 鏃╅,鍋ュ悍楗,涓夋槑娌?

  鉁?绔埌绔祦绋嬪瓧娈垫祦杞€氱晠锛屼笌鍘?bili 椤圭洰閫昏緫缁撴瀯涓€鑷?

======================================================================
  銆愪氦浜掔櫥褰曘€慐dge 娴忚鍣ㄦ壂鐮佺櫥褰曞皬绾功
======================================================================
  Edge 鐢ㄦ埛鏁版嵁鐩綍: C:\Users\Admin1\Documents\0PaChongBili\xhs_edge_profile
  Cookie 淇濆瓨浣嶇疆: C:\Users\Admin1\Documents\0PaChongBili\xhs_cookie.txt

  [1/4] 鍚姩鏈夊ご Edge 娴忚鍣?..
  鉁?浣跨敤 Microsoft Edge (鏈夊ご)
  鉁?鍔犺浇鏃?cookie 12 涓紙灏濊瘯鍏嶆壂鐮佸鐢級
  [2/4] 璁块棶灏忕孩涔﹂椤?..

  [3/4] 璇峰湪寮瑰嚭鐨勬祻瑙堝櫒涓壂鐮佺櫥褰曞皬绾功
  鈹€鈹€鈹€鈹€鈹€鈹€鈹€鈹€鈹€鈹€鈹€鈹€鈹€鈹€鈹€鈹€鈹€鈹€鈹€鈹€鈹€鈹€鈹€鈹€鈹€鈹€鈹€鈹€鈹€鈹€鈹€鈹€鈹€鈹€鈹€鈹€鈹€鈹€鈹€鈹€鈹€
  1. 鐐瑰嚮椤甸潰鍙充笂瑙?'鐧诲綍' 鎸夐挳
  2. 鐢ㄥ皬绾功 APP 鎵弿浜岀淮鐮?
  3. 鍦ㄦ墜鏈轰笂纭鐧诲綍
  鈹€鈹€鈹€鈹€鈹€鈹€鈹€鈹€鈹€鈹€鈹€鈹€鈹€鈹€鈹€鈹€鈹€鈹€鈹€鈹€鈹€鈹€鈹€鈹€鈹€鈹€鈹€鈹€鈹€鈹€鈹€鈹€鈹€鈹€鈹€鈹€鈹€鈹€鈹€鈹€鈹€
  鑴氭湰浼氳嚜鍔ㄦ娴嬬櫥褰曠姸鎬侊紙涓ユ牸妫€娴?nickname 闈炵┖锛?
  瓒呮椂鏃堕棿: 5 鍒嗛挓
  妫€娴嬪懆鏈? 姣?5 绉掑埛鏂伴〉闈㈠苟妫€鏌?user/me API


  鉁?鐧诲綍鎴愬姛锛?
    nickname: 鐖遍煶
    fans: ?
    notes: ?

  [4/4] 鎻愬彇 cookie 骞朵繚瀛?..
  鉁?宸蹭繚瀛?16 涓?cookie 鍒?C:\Users\Admin1\Documents\0PaChongBili\xhs_cookie.txt
  鉁?cookie 闀垮害: 856 瀛楃
    a1: 鉁?
    web_session: 鉁?
    websectiga: 鉁?
    gid: 鉁?

  鐧诲綍瀹屾垚锛佸悗缁彲浣跨敤:
    python xhs_migrate_test.py --live   # 鐢ㄤ繚瀛樼殑 cookie 璺戞祴璇?
    profile 宸叉寔涔呭寲锛屼笅娆?--login 鍙洿鎺ュ鐢ㄥ厤鎵爜
