[2026-07-25 11:59:46.419] 日志文件: output\全站热门\bili_spider_20260725_115946.log
[2026-07-25 11:59:46.421] ============================================================
  B站全站热门视频爬取
============================================================
[2026-07-25 11:59:46.422] 页数: 3
线程数: 5
延迟: 1.0s

[2026-07-25 11:59:46.434] [任务] 任务ID: 56
[2026-07-25 11:59:46.435] [热门] 第 1/3 页...
[2026-07-25 11:59:46.765]   找到 20 个，新增 20 个
[2026-07-25 11:59:48.328] [热门] 第 2/3 页...
[2026-07-25 11:59:48.622]   找到 20 个，新增 18 个
[2026-07-25 11:59:49.632] [热门] 第 3/3 页...
[2026-07-25 11:59:49.909]   找到 20 个，新增 20 个
[2026-07-25 11:59:51.684] 
[搜索完成] 共 58 个视频，已有 20 个，新增 38 个
[2026-07-25 11:59:51.686] [搜索统计] 失败页数: 0
[2026-07-25 11:59:51.687] 
[详情获取] 使用 5 个线程获取视频详情...
[2026-07-25 11:59:53.435]   [1/38] av116950667763087 ✓
[2026-07-25 11:59:53.447]   [2/38] av116973820187003 ✓
[2026-07-25 11:59:53.543]   [3/38] av116962210357099 ✓
[2026-07-25 11:59:53.578]   [4/38] av116974793263088 ✓
[2026-07-25 11:59:53.582]   [5/38] av116975363689468 ✓
[2026-07-25 11:59:55.159]   [6/38] av116974474496338 ✓
[2026-07-25 11:59:55.189]   [7/38] av116975112031054 ✓
[2026-07-25 11:59:55.361]   [8/38] av116951338912250 ✓
[2026-07-25 11:59:55.595]   [9/38] av116974591936037 ✓
[2026-07-25 11:59:55.948]   [10/38] av116934930603701 ✓
[2026-07-25 11:59:56.982]   [11/38] av116974357058664 ✓
[2026-07-25 11:59:56.995]   [12/38] av116941826099763 ✓
[2026-07-25 11:59:57.389]   [13/38] av116965951739878 ✓
[2026-07-25 11:59:57.718]   [14/38] av116974491344215 ✓
[2026-07-25 11:59:57.744]   [15/38] av116951825450472 ✓
[2026-07-25 11:59:58.590]   [16/38] av116975414222164 ✓
[2026-07-25 11:59:59.051]   [17/38] av116972595581004 ✓
[2026-07-25 11:59:59.151]   [18/38] av116970213083907 ✓
[2026-07-25 11:59:59.416]   [19/38] av116973484644145 ✓
[2026-07-25 11:59:59.537]   [20/38] av116973652478817 ✓
[2026-07-25 12:00:00.885]   [21/38] av116968334100070 ✓
[2026-07-25 12:00:00.965]   [22/38] av116974726222225 ✓
[2026-07-25 12:00:01.373]   [23/38] av116973048700636 ✓
[2026-07-25 12:00:01.382]   [24/38] av116960230639050 ✓
[2026-07-25 12:00:01.718]   [25/38] av116959458953824 ✓
[2026-07-25 12:00:02.608]   [26/38] av116972293457157 ✓
[2026-07-25 12:00:02.997]   [27/38] av116950852239410 ✓
[2026-07-25 12:00:03.180]   [28/38] av116968518584850 ✓
[2026-07-25 12:00:03.211]   [29/38] av116969776876469 ✓
[2026-07-25 12:00:03.863]   [30/38] av116973132316829 ✓
[2026-07-25 12:00:05.056]   [31/38] av116972998106662 ✓
[2026-07-25 12:00:05.162]   [32/38] av116974944260321 ✓
[2026-07-25 12:00:05.316]   [33/38] av116957361870632 ✓
[2026-07-25 12:00:05.573]   [34/38] av116972930991416 ✓
[2026-07-25 12:00:05.903]   [35/38] av116973400754403 ✓
[2026-07-25 12:00:07.497]   [36/38] av116939863167222 ✓
[2026-07-25 12:00:07.509]   [37/38] av116973669193719 ✓
[2026-07-25 12:00:07.534]   [38/38] av116967461816169 ✓
[2026-07-25 12:00:07.542] 
[热门完成] 成功: 38, 失败: 0
[2026-07-25 12:00:07.559] [修复] 已修正 189 条视频的评论数 (comment_count <- review)
[2026-07-25 12:00:07.561] 
============================================================
  自动检测并补充粉丝数
============================================================
[2026-07-25 12:00:07.564] 待补充UP主数: 1
[2026-07-25 12:00:07.694]   [粉丝] UID=349524356 card API失败，尝试 relation API
[2026-07-25 12:00:08.405]   [粉丝] UID=349524356 relation API失败，尝试 Playwright
[2026-07-25 12:00:13.824]   [粉丝-PW] UID=349524356 页面未找到粉丝数
[2026-07-25 12:00:13.827]   [粉丝] UID=349524356 三级回退全部失败
[2026-07-25 12:00:13.829]   [1/1] UID=349524356 (小菜鸟笑麽_bili) -> 获取失败
[2026-07-25 12:00:14.466] 
[完成] 粉丝数补充: 成功 0, 失败 1
[2026-07-25 12:00:14.468] 
============================================================
  自动检测并补充视频标签
============================================================
[2026-07-25 12:00:14.471] 待补充标签视频数: 0
[2026-07-25 12:00:14.472] [完成] 所有视频已有标签数据
[2026-07-25 12:00:14.473] 
==========================================================================================
  动量分析 (单次快照模式)
==========================================================================================
[2026-07-25 12:00:14.475] 关键词: 服饰
显示数量: 999999
[2026-07-25 12:00:14.478] 评分维度: 播放速率(30%) + 粉丝转化(25%) + 互动密度(20%) + 新鲜度(15%) + 播放量(10%)

[2026-07-25 12:00:14.487] 
动量排行 Top 999999（按综合评分排序）
[2026-07-25 12:00:14.489] ------------------------------------------------------------------------------------------------------------------------------------------------------------------------------------
[2026-07-25 12:00:14.491] 排名   标题                                  播放量 UP主              粉丝      转化      速率/h     互动密度     视频年龄     历史增长     综合分
[2026-07-25 12:00:14.493] ------------------------------------------------------------------------------------------------------------------------------------------------------------------------------------
[2026-07-25 12:00:14.495] 1    穿搭测评交友                       14,074,553 480963436   177,119   79.5x     12182    0.069      48天      N/A   0.693
[2026-07-25 12:00:14.495] 2    永远都不知道对手是什么“糕手”              11,756,506 354659103   345,779   34.0x      5702    0.068      86天      N/A   0.520
[2026-07-25 12:00:14.499] 3    『从头看她』1920-2020，中国女性发型的百年变   15,085,101 297344797  1,950,000    7.7x       519    0.201    1212天      N/A   0.511
[2026-07-25 12:00:14.501] 4    1920-2020 百年变迁，我眼中的中国女性真实之   14,190,477 297344797  1,950,000    7.3x       328    0.181    1800天      N/A   0.483
[2026-07-25 12:00:14.502] 5    穿搭测评交友                        5,339,982 480963436   177,119   30.1x      6216    0.029      36天      N/A   0.461
[2026-07-25 12:00:14.504] 6    【晓观】穿搭配色的秘密，我给每个人都找到了！        4,881,564 207261582   547,000    8.9x       126    0.211    1613天      N/A   0.456
[2026-07-25 12:00:14.505] 7    “他们不像是走秀，倒像是来赴宴的......”| 前   13,524,237 11860785     30,604  441.9x       324    0.145    1742天      N/A   0.445
[2026-07-25 12:00:14.507] 8    闪购外卖Lolita，让广告来得更猛一些...！      5,222,602 421178217   439,269   11.9x      4860    0.028      45天      N/A   0.426
[2026-07-25 12:00:14.509] 9    宝，这就是宫里的体面工作1？                5,380,105 354690656    94,364   57.0x      3245    0.058      69天      N/A   0.415
[2026-07-25 12:00:14.511] 10   贾法尔…你已经偷走了我的心                 4,519,038 199478092   736,099    6.1x      3635    0.072      52天      N/A   0.414
[2026-07-25 12:00:14.512] 11   那个备婚两年刷爆全网的汉服婚礼正片来啦！！！        5,079,516 453029726    74,643   68.0x       108    0.165    1960天      N/A   0.413
[2026-07-25 12:00:14.513] 12   在？看看你的钱｜钱来！藏在人民币里的中式美学        7,074,378 6272357    1,552,800    4.6x      1240    0.202     238天      N/A   0.408
[2026-07-25 12:00:14.515] 13   是的姐妹！你凭本事刷到了这个视频～             8,601,055 15805984     41,730  206.1x       162    0.128    2215天      N/A   0.398
[2026-07-25 12:00:14.516] 14   摆脱春夏内衣“闷热”！与内衣和解，小胸显大不空杯！    22,790,190 457226461    70,635  322.6x       615    0.029    1543天      N/A   0.392
[2026-07-25 12:00:14.517] 15   海澜之家空中变装                     11,007,022 166326710   365,722   30.1x       337    0.102    1360天      N/A   0.391
[2026-07-25 12:00:14.518] 16   幸福了…幸福疯了！                     6,573,147 180926019     4,620 1422.8x       338    0.124     810天      N/A   0.388
[2026-07-25 12:00:14.520] 17   耗时半年复刻电影里灰姑娘公主裙！每个女孩的公主梦都应   12,147,649 350975070   820,708   14.8x      1544    0.055     328天      N/A   0.383
[2026-07-25 12:00:14.521] 18   OOTD：拍点你们喜欢看的                 7,276,162 423385190   712,310   10.2x       581    0.102     522天      N/A   0.377
[2026-07-25 12:00:14.522] 19   宵 宫 衣 橱 大 公 开                 6,151,910 45024129   1,079,000    5.7x       608    0.143     422天      N/A   0.374
[2026-07-25 12:00:14.522] 20   我的设计我来疼                       7,862,320 522774551   152,265   51.6x       364    0.095     901天      N/A   0.368
[2026-07-25 12:00:14.523] 21   当我花3000块买了四套真人芭比套装…           4,964,035 262240557   404,154   12.3x      2727    0.022      76天      N/A   0.367
[2026-07-25 12:00:14.525] 22   请选择你的海岛度假穿搭！                  5,771,545 262240557   404,154   14.3x      2154    0.048     112天      N/A   0.356
[2026-07-25 12:00:14.525] 23   谁说我国没有奢侈品？个顶个的顶级              4,830,714 354696587   177,771   27.2x      1571    0.065     128天      N/A   0.353
[2026-07-25 12:00:14.527] 24   国庆出游就带2条丝巾就够了，相当于带了🔟套古装衣服出    5,342,083 354672399   107,947   49.5x       754    0.073     295天      N/A   0.344
[2026-07-25 12:00:14.528] 25   渐变色，但是很上头 ⚡️叮叮当当舞⚡️           7,803,735 7375428    1,169,832    6.7x       226    0.070    1440天      N/A   0.341
[2026-07-25 12:00:14.529] 26   77岁爷爷穿汉服到故宫                   6,408,714 555720779    69,000   92.9x       161    0.077    1655天      N/A   0.338
[2026-07-25 12:00:14.530] 27   热死人，谁还穿搭啊！                    4,584,109 207261582   547,000    8.4x       174    0.086    1100天      N/A   0.337
[2026-07-25 12:00:14.531] 28   这个牌子是懂流苏裙该怎么做才好看的             5,622,741 24979808    155,000   36.3x       180    0.076    1300天      N/A   0.334
[2026-07-25 12:00:14.532] 29   王祖贤，你TM到底怎么做到时尚超前20年的？        9,015,952 433725771    36,456  247.3x       169    0.056    2225天      N/A   0.332
[2026-07-25 12:00:14.533] 30   版型差就是版型差，天王老子来了都怪不到我身材上面去     4,673,237 374431069   474,505    9.8x       214    0.078     911天      N/A   0.331
[2026-07-25 12:00:14.533] 31   男生网上买衣服，关键词怎样搜才不会踩雷！          9,319,845 354656043    44,787  208.1x       450    0.045     864天      N/A   0.331
[2026-07-25 12:00:14.535] 32   一穿裙子一时爽 一直穿裙子一直…              5,198,061 349313688   212,576   24.4x       478    0.066     453天      N/A   0.329
[2026-07-25 12:00:14.535] 33   原来幼稚的衣服设计师也是有用心啊              4,652,379 349436754       655 7102.9x       217    0.072     892天      N/A   0.326
[2026-07-25 12:00:14.537] 34   嫁到农村不用可怜我，我过的很快乐。             4,513,022 210742805   224,949   20.1x       160    0.073    1174天      N/A   0.324
[2026-07-25 12:00:14.538] 35   肉肉身材穿旗袍 到底可以多性感？？？            4,774,491 28744352    278,031   17.2x        92    0.072    2173天      N/A   0.323
[2026-07-25 12:00:14.539] 36   商家应该允许退货退款的人发买家秀....          6,645,833 31438993    853,000    7.8x       550    0.047     504天      N/A   0.321
[2026-07-25 12:00:14.540] 37   人生就像钟表，可以回到起点，却已不是昨天          5,223,751 481683821   139,639   37.4x       119    0.067    1833天      N/A   0.321
[2026-07-25 12:00:14.541] 38   随机生成穿搭挑战｜ 穿成这样去见男朋友的父母可以吗？    5,719,346 21013374    188,812   30.3x       461    0.054     517天      N/A   0.320
[2026-07-25 12:00:14.541] 39   万万没想到…                        5,018,756 397889029    61,463   81.7x      2300    0.008      91天      N/A   0.317
[2026-07-25 12:00:14.543] 40   黑人模特的比例有多逆天？                  6,998,482 24979808    155,000   45.1x       150    0.050    1942天      N/A   0.316
[2026-07-25 12:00:14.543] 41   这些穿搭都救过男生的命吗？                 6,122,508 214692511   451,000   13.6x       971    0.032     263天      N/A   0.314
[2026-07-25 12:00:14.543] 42   当你精心穿搭后出门逛街（路人视角）             6,308,724 354698248   114,853   54.9x       946    0.029     278天      N/A   0.311
[2026-07-25 12:00:14.544] 43   一个珍珠原料商在b站的54天                5,299,200 492018444   175,398   30.2x       159    0.055    1390天      N/A   0.311
[2026-07-25 12:00:14.545] 44   能让裙子一秒遇光变色？是什么神奇的染料？          5,858,257 666685038   628,952    9.3x      1429    0.017     171天      N/A   0.310
[2026-07-25 12:00:14.545] 45   是泳装cos！                       5,574,172 836885     1,935,479    2.9x       161    0.201    1440天      N/A   0.309
[2026-07-25 12:00:14.545] 46   【斋藤飞鸟】身高158，照样走T台的霓虹美少女       6,179,289 335444696    11,842  521.8x        97    0.048    2649天      N/A   0.308
[2026-07-25 12:00:14.547] 47   不实穿？拜托！这可是高缇耶的礼服，他家的设计不需要实    4,737,408 24979808    155,000   30.6x       133    0.055    1486天      N/A   0.308
[2026-07-25 12:00:14.547] 48   传奇改造王珍妮佛梓，比良子逆天，比阿诺耐药         4,779,174 32026774    337,731   14.2x      1001    0.031     199天      N/A   0.306
[2026-07-25 12:00:14.548] 49   当你在国外展会吃了一块三文鱼                5,496,953 472493391   126,613   43.4x       348    0.043     659天      N/A   0.305
[2026-07-25 12:00:14.548] 50   娶川渝女人，享幸福人生。                  6,400,511 107817408   150,000   42.7x       254    0.037    1048天      N/A   0.302
[2026-07-25 12:00:14.549] 51   黛玉骑鬼火，玉环醉卡座                   5,238,541 388771073   323,530   16.2x       184    0.044    1184天      N/A   0.301
[2026-07-25 12:00:14.550] 52   2024—网络热点妆容图鉴                 7,755,340 297344797  1,950,000    4.0x       566    0.125     571天      N/A   0.300
[2026-07-25 12:00:14.550] 53   Zara今年的衣服绝了，这种请问谁能穿！         11,238,112 303713614    18,126  620.0x       235    0.008    1994天      N/A   0.300
[2026-07-25 12:00:14.552] 54   确实未曾想到！                       4,551,880 354661090       350 13005.4x       209    0.045     908天      N/A   0.299
[2026-07-25 12:00:14.552] 55   我偷偷摸摸去逛了漫展🫣                   6,118,822 212630840  1,966,000    3.1x       234    0.175    1089天      N/A   0.298
[2026-07-25 12:00:14.552] 56   No cap =)))                   9,679,011 354686025  9,679,000    1.0x      5619    0.071      72天      N/A   0.297
[2026-07-25 12:00:14.554] 57   挑战用睡衣把残疾女孩爆改成天使！美到落泪          7,978,964 31438993    853,000    9.3x       572    0.014     581天      N/A   0.297
[2026-07-25 12:00:14.555] 58   1920-2020 百年变迁，中国女性职业服装的变化    5,247,320 297344797  1,950,000    2.7x       251    0.195     871天      N/A   0.297
[2026-07-25 12:00:14.555] 59   法国人 也难逃人渣爆改                   4,504,508 25120438   1,062,832    4.2x       247    0.137     759天      N/A   0.296
[2026-07-25 12:00:14.558] 60   明显右边更难做到                      7,441,865 153987677    21,590  344.7x       223    0.025    1391天      N/A   0.295
[2026-07-25 12:00:14.560] 61   当你以为自己是韩剧穿搭出门（路人视角）           4,764,630 354698248   114,853   41.5x       728    0.026     273天      N/A   0.295
[2026-07-25 12:00:14.561] 62   现在准备卷死他们！情人节送鞋指南，直男看了都会喜欢的    8,250,151 9978781     167,797   49.2x       159    0.020    2169天      N/A   0.294
[2026-07-25 12:00:14.562] 63   在中缅边境，我亲身经历了一场魔幻旅途            4,680,313 319762851  1,167,809    4.0x       204    0.140     958天      N/A   0.290
[2026-07-25 12:00:14.563] 64   模 特 受 难 鞋                     4,412,153 24979808    155,000   28.5x       124    0.036    1477天      N/A   0.287
[2026-07-25 12:00:14.564] 65   网络乞丐：开局向路人索要服饰                4,430,340 662573145   644,496    6.9x       147    0.035    1254天      N/A   0.287
[2026-07-25 12:00:14.566] 66   网恋需谨慎 #反差 #迪米迦 #生活伙伴服饰        4,513,727 488583835     4,889  923.2x       634    0.018     297天      N/A   0.283
[2026-07-25 12:00:14.566] 67   赶快倒闭！现在的女装店铺都是什么畸形审美？真是不要太    5,233,893 558215888   606,937    8.6x       297    0.021     734天      N/A   0.282
[2026-07-25 12:00:14.567] 68   古代身高两米多的将军，八十斤的盔甲如何穿          4,353,604 443344782   718,245    6.1x       407    0.047     446天      N/A   0.282
[2026-07-25 12:00:14.568] 69   不是…这雕刻家ooc了吧                  6,155,993 251014432   569,000   10.8x       404    0.011     635天      N/A   0.280
[2026-07-25 12:00:14.569] 70   娶川渝女人，享先礼后兵。                  4,377,081 107817408   150,000   29.2x       174    0.026    1046天      N/A   0.279
[2026-07-25 12:00:14.570] 71   清纯旗袍还是酷飒风衣，谁的颜值可以对冲她的“小缺点”    7,253,015 169503601     4,364 1662.0x       220    0.007    1373天      N/A   0.278
[2026-07-25 12:00:14.572] 72   真有up主敢穿荷叶去阿玛尼？？               5,398,954 31438993    853,000    6.3x       214    0.028    1051天      N/A   0.275
[2026-07-25 12:00:14.572] 73   当我家离学校只有2米                    5,010,480 571814627     7,217  694.3x       627    0.003     333天      N/A   0.272
[2026-07-25 12:00:14.573] 74   盘点全网六大潮流男神，你认为哪个帅？            5,610,787 287512393     2,991 1875.9x       174    0.011    1342天      N/A   0.272
[2026-07-25 12:00:14.574] 75   这个洞洞，是干嘛的                     5,278,844 416566983     1,822 2897.3x       163    0.009    1346天      N/A   0.267
[2026-07-25 12:00:14.575] 76   跟着迪丽热巴学穿搭                     4,728,947 9978781     167,797   28.2x        92    0.013    2134天      N/A   0.266
[2026-07-25 12:00:14.576] 77   30秒拿捏品牌精髓 垫底辣孩的时尚感有多强 |奢侈品    4,838,712 27821777     32,148  150.5x       133    0.008    1518天      N/A   0.263
[2026-07-25 12:00:14.577] 78   身高175？不！其实你有190！！#190大帅哥 #    5,034,423 496187120   232,444   21.7x       219    0.002     960天      N/A   0.261
[2026-07-25 12:00:14.578] 79   九家宝藏店铺分享！618直接进来抄作业           4,701,198 31438993    853,000    5.5x       246    0.047     796天      N/A   0.259
[2026-07-25 12:00:14.578] 80   高清变装合集丨四种不同风格变妆               4,406,058 17364274   1,684,928    2.6x       121    0.164    1514天      N/A   0.257
[2026-07-25 12:00:14.580] 81   【中国千年之美】大唐女儿行｜妆｜发｜饰｜服｜演变史     4,360,656 6272357    1,552,800    2.8x        97    0.151    1877天      N/A   0.251
[2026-07-25 12:00:14.580] 82   1910-2010 百年变迁，中国校服的青春之美。     7,031,600 297344797  1,950,000    3.6x       165    0.099    1773天      N/A   0.247
[2026-07-25 12:00:14.581] 83   漫画胸能不能走出现实啊？？？？              10,711,015 1968595    3,056,000    3.5x       383    0.066    1165天      N/A   0.238
[2026-07-25 12:00:14.583] 84   如果我在不同年代做时装模特？你最喜欢哪一组？        7,003,385 474853499  3,331,000    2.1x      2044    0.087     143天      N/A   0.227
[2026-07-25 12:00:14.583] 85   不要叫我蹦裙子啦！                     6,457,067 488836173  1,693,000    3.8x       122    0.069    2198天      N/A   0.223
[2026-07-25 12:00:14.586] 86   这是最后一次了，且珍惜！                  6,298,541 285499073  5,280,451    1.2x       115    0.173    2277天      N/A   0.222
[2026-07-25 12:00:14.587] 87   18岁的大叔，谁不爱呢                   5,603,006 99740565   1,355,457    4.1x       149    0.057    1566天      N/A   0.220
[2026-07-25 12:00:14.587] 88   救命！！！Cos符玄大人去漫展 居然遇到这种事？？？    5,215,237 27897180   1,092,511    4.8x       213    0.030    1022天      N/A   0.218
[2026-07-25 12:00:14.588] 89   校内丑关我校外什么事啊                   5,037,008 99740565   1,355,457    3.7x       155    0.073    1358天      N/A   0.217
[2026-07-25 12:00:14.589] 90   听说你们想看我穿红蓝洞洞裙？                5,715,040 343099760  1,659,293    3.4x       220    0.078    1084天      N/A   0.216
[2026-07-25 12:00:14.591] 91   「水水」画卷里的人成精了？！                4,783,241 18668109   1,160,453    4.1x       604    0.045     330天      N/A   0.214
[2026-07-25 12:00:14.592] 92   旗 袍 皮 肤 典 藏 版                 5,636,259 2871017    1,399,783    4.0x       131    0.052    1795天      N/A   0.211
[2026-07-25 12:00:14.594] 93   【古人穿衣・宋】还原1000年前的平民生活         5,504,129 297344797  1,950,000    2.8x       158    0.083    1454天      N/A   0.195
[2026-07-25 12:00:14.594] 94   “穿”衣服挑战！01                    8,962,256 285499073  5,280,451    1.7x       171    0.095    2187天      N/A   0.182
[2026-07-25 12:00:14.596] 95   剪个头发还被调戏了～                    5,694,430 186971237  3,790,689    1.5x       236    0.078    1005天      N/A   0.144
[2026-07-25 12:00:14.597] 96   没有什么衣服是20岁能穿而50岁不能的！          5,219,463 130636947  3,101,752    1.7x       149    0.076    1457天      N/A   0.144
[2026-07-25 12:00:14.598] 97   外婆说得对：要让他知道你不需要新衣服也能赢全场。      5,918,103 354686025  9,679,000    0.6x       743    0.086     332天      N/A   0.131
[2026-07-25 12:00:14.599] 98   《鸣潮》服饰PV | 今汐·桃夭灼灼            4,415,526 195589708  5,323,752    0.8x       320    0.091     575天      N/A   0.125
[2026-07-25 12:00:14.599] 99   平替不是抄袭遮羞布! 几千vs几十 真假网红裙PK｜    5,485,771 1968595    3,056,000    1.8x       117    0.040    1947天      N/A   0.114
[2026-07-25 12:00:14.600] 100  快活王和路易十四谁的衣服比较多？【小约翰】         5,523,593 23947287   10,817,746    0.5x       135    0.061    1708天      N/A   0.087
[2026-07-25 12:00:14.602] ------------------------------------------------------------------------------------------------------------------------------------------------------------------------------------
[2026-07-25 12:00:14.603] 
提示: 综合分 = 播放速率(30%) + 粉丝转化(25%) + 互动密度(20%) + 新鲜度(15%) + 播放量(10%)
[2026-07-25 12:00:14.604]       历史增长列显示多次爬取后的真实增长率，首次爬取为 N/A
[2026-07-25 12:00:14.609] 
[导出] 动量分析结果已保存到 output\服饰\momentum_20260725_120014.csv
[2026-07-25 12:00:14.612] 
================================================================================
[2026-07-25 12:00:14.614]   标签权重 Top 10 (关键词: 服饰)
[2026-07-25 12:00:14.615] ================================================================================
[2026-07-25 12:00:14.616] 总视频数: 100 | 不同标签数: 369
[2026-07-25 12:00:14.618] 算法: 标签权重 = 出现视频数 × 平均动量分
[2026-07-25 12:00:14.618] --------------------------------------------------------------------------------
[2026-07-25 12:00:14.619] 排名   标签                       出现次数      覆盖率      平均动量分       标签权重
[2026-07-25 12:00:14.620] --------------------------------------------------------------------------------
[2026-07-25 12:00:14.621] 1    服饰                         96    96.0%      0.311     29.884
[2026-07-25 12:00:14.623] 2    穿搭                         54    54.0%      0.321     17.330
[2026-07-25 12:00:14.624] 3    日常                         24    24.0%      0.281      6.733
[2026-07-25 12:00:14.626] 4    时尚                         18    18.0%      0.290      5.217
[2026-07-25 12:00:14.627] 5    美妆                         12    12.0%      0.327      3.919
[2026-07-25 12:00:14.628] 6    女装                         10    10.0%      0.296      2.963
[2026-07-25 12:00:14.630] 7    种草                          7     7.0%      0.377      2.639
[2026-07-25 12:00:14.630] 8    中国风                         8     8.0%      0.327      2.617
[2026-07-25 12:00:14.631] 9    汉服                          7     7.0%      0.349      2.440
[2026-07-25 12:00:14.633] 10   FASHION                     7     7.0%      0.305      2.138
[2026-07-25 12:00:14.633] --------------------------------------------------------------------------------
[2026-07-25 12:00:14.635] 说明: 标签权重越高 = 该标签在高动量视频中出现越频繁，越值得关注
[2026-07-25 12:00:14.637] 
[导出] 标签分析已保存到 output\服饰\tags_20260725_120014.txt
[2026-07-25 12:00:14.639] 
====================================================================================================
  价值分析 (独立评分)
====================================================================================================
[2026-07-25 12:00:14.640] 关键词: 服饰
[2026-07-25 12:00:14.640] 评分维度: 深度互动比(35%) + 互动密度(25%) + 收藏率(20%) + 粉丝转化(10%) + 分享率(10%)
[2026-07-25 12:00:14.641] 说明: 价值评分衡量视频的长期内容质量，不受视频年龄/新鲜度影响

[2026-07-25 12:00:14.642] 
价值排行 Top 100（按价值综合评分排序）
[2026-07-25 12:00:14.642] ----------------------------------------------------------------------------------------------------------------------------------------------------------------------------------------------
[2026-07-25 12:00:14.643] 排名   标题                                  播放量 UP主              粉丝    深/浅比     互动密度     收藏率      转化     分享率    深互动分    互动分    收藏分    转化分    分享分     价值分
[2026-07-25 12:00:14.644] ----------------------------------------------------------------------------------------------------------------------------------------------------------------------------------------------
[2026-07-25 12:00:14.645] 1    【晓观】穿搭配色的秘密，我给每个人都找到了！        4,881,564 晓观队长        547,000    1.15    0.211   0.045    8.9x   0.006   0.086  1.000  1.000  0.001  0.317   0.512
[2026-07-25 12:00:14.645] 2    是泳装cos！                       5,574,172 清和Alicia   1,935,479    0.38    0.201   0.033    2.9x   0.010   0.027  0.951  0.735  0.000  0.565   0.451
[2026-07-25 12:00:14.647] 3    【中国千年之美】大唐女儿行｜妆｜发｜饰｜服｜演变史     4,360,656 o小庄o       1,552,800    1.09    0.151   0.041    2.8x   0.010   0.081  0.714  0.916  0.000  0.516   0.442
[2026-07-25 12:00:14.647] 4    那个备婚两年刷爆全网的汉服婚礼正片来啦！！！        5,079,516 静知时岁         74,643    0.99    0.165   0.028   68.1x   0.018   0.073  0.779  0.622  0.005  0.957   0.441
[2026-07-25 12:00:14.648] 5    『从头看她』1920-2020，中国女性发型的百年变   15,085,101 朵朵花林       1,950,000    0.83    0.201   0.030    7.7x   0.007   0.061  0.950  0.668  0.001  0.391   0.431
[2026-07-25 12:00:14.648] 6    “他们不像是走秀，倒像是来赴宴的......”| 前   13,524,237 w花酒不是花洒_     30,604    0.90    0.145   0.040  441.9x   0.009   0.067  0.682  0.882  0.034  0.473   0.421
[2026-07-25 12:00:14.649] 7    盘点全网六大潮流男神，你认为哪个帅？            5,610,787 账号已注销         2,991   13.07    0.011   0.010 1875.9x   0.000   1.000  0.046  0.217  0.144  0.000   0.419
[2026-07-25 12:00:14.650] 8    1920-2020 百年变迁，我眼中的中国女性真实之   14,190,477 朵朵花林       1,950,000    0.85    0.181   0.032    7.3x   0.006   0.063  0.857  0.707  0.001  0.344   0.412
[2026-07-25 12:00:14.650] 9    是的姐妹！你凭本事刷到了这个视频～             8,601,055 霜叶题诗         41,730    0.84    0.127   0.040  206.1x   0.008   0.062  0.601  0.881  0.016  0.449   0.395
[2026-07-25 12:00:14.651] 10   在？看看你的钱｜钱来！藏在人民币里的中式美学        7,074,378 o小庄o       1,552,800    0.40    0.202   0.026    4.6x   0.003   0.028  0.957  0.576  0.000  0.178   0.382
[2026-07-25 12:00:14.653] 11   宵 宫 衣 橱 大 公 开                 6,151,910 vamoko     1,079,000    0.39    0.143   0.030    5.7x   0.003   0.027  0.673  0.671  0.000  0.154   0.327
[2026-07-25 12:00:14.653] 12   1920-2020 百年变迁，中国女性职业服装的变化    5,247,320 朵朵花林       1,950,000    0.29    0.195   0.017    2.7x   0.002   0.020  0.923  0.360  0.000  0.102   0.320
[2026-07-25 12:00:14.654] 13   《鸣潮》服饰PV | 今汐·桃夭灼灼            4,415,526 鸣潮         5,323,752    0.89    0.091   0.012    0.8x   0.019   0.066  0.426  0.260  0.000  1.000   0.282
[2026-07-25 12:00:14.655] 14   这是最后一次了，且珍惜！                  6,298,541 东尼ookii    5,280,451    0.42    0.173   0.014    1.2x   0.001   0.030  0.817  0.297  0.000  0.057   0.280
[2026-07-25 12:00:14.655] 15   高清变装合集丨四种不同风格变妆               4,406,058 陶阿狗君       1,684,928    0.15    0.164   0.017    2.6x   0.002   0.009  0.774  0.361  0.000  0.102   0.279
[2026-07-25 12:00:14.655] 16   法国人 也难逃人渣爆改                   4,504,508 思远glenind  1,062,832    0.18    0.137   0.017    4.2x   0.005   0.012  0.648  0.378  0.000  0.282   0.270
[2026-07-25 12:00:14.656] 17   在中缅边境，我亲身经历了一场魔幻旅途            4,680,313 平圆方中Leban  1,167,809    1.14    0.140   0.014    4.0x   0.002   0.085  0.662  0.309  0.000  0.092   0.266
[2026-07-25 12:00:14.656] 18   商家应该允许退货退款的人发买家秀....          6,645,833 小桑菜奈        853,000    2.64    0.047   0.031    7.8x   0.000   0.200  0.218  0.693  0.001  0.009   0.264
[2026-07-25 12:00:14.657] 19   我偷偷摸摸去逛了漫展                    6,118,822 卡琳娜和揉西     1,966,000    0.08    0.175   0.008    3.1x   0.002   0.004  0.826  0.165  0.000  0.124   0.253
[2026-07-25 12:00:14.658] 20   渐变色，但是很上头 ⚡️叮叮当当舞⚡️           7,803,735 Tocci椭奇    1,169,832    1.11    0.070   0.026    6.7x   0.004   0.083  0.328  0.582  0.000  0.217   0.249
[2026-07-25 12:00:14.658] 21   谁说我国没有奢侈品？个顶个的顶级              4,830,714 柚子娱乐家       177,771    1.13    0.065   0.032   27.2x   0.000   0.084  0.302  0.701  0.002  0.001   0.245
[2026-07-25 12:00:14.660] 22   网络乞丐：开局向路人索要服饰                4,430,340 逸白不黑        644,496    3.30    0.035   0.025    6.9x   0.000   0.251  0.159  0.543  0.000  0.001   0.236
[2026-07-25 12:00:14.660] 23   幸福了…幸福疯了！                     6,573,147 幻雪HX          4,620    0.14    0.124   0.012 1422.8x   0.005   0.008  0.585  0.257  0.109  0.249   0.236
[2026-07-25 12:00:14.660] 24   热死人，谁还穿搭啊！                    4,584,109 晓观队长        547,000    0.64    0.086   0.021    8.4x   0.004   0.047  0.404  0.470  0.001  0.219   0.233
[2026-07-25 12:00:14.661] 25   1910-2010 百年变迁，中国校服的青春之美。     7,031,600 朵朵花林       1,950,000    0.61    0.099   0.017    3.6x   0.004   0.045  0.463  0.371  0.000  0.216   0.227
[2026-07-25 12:00:14.663] 26   这个牌子是懂流苏裙该怎么做才好看的             5,622,741 萌德-         155,000    0.57    0.076   0.024   36.3x   0.003   0.041  0.356  0.524  0.003  0.162   0.225
[2026-07-25 12:00:14.663] 27   海澜之家空中变装                     11,007,022 张津铭         365,722    0.26    0.102   0.012   30.1x   0.009   0.017  0.477  0.245  0.002  0.466   0.221
[2026-07-25 12:00:14.664] 28   穿搭测评交友                       14,074,553 张宇斐         177,119    0.73    0.069   0.025   79.5x   0.002   0.053  0.319  0.551  0.006  0.098   0.219
[2026-07-25 12:00:14.665] 29   肉肉身材穿旗袍 到底可以多性感？？？            4,774,491 戒酒的99       278,031    0.88    0.072   0.021   17.2x   0.004   0.065  0.336  0.450  0.001  0.206   0.217
[2026-07-25 12:00:14.665] 30   清纯旗袍还是酷飒风衣，谁的颜值可以对冲她的“小缺点”    7,253,015 神奇片场          4,364    6.07    0.007   0.006 1662.0x   0.000   0.463  0.026  0.117  0.128  0.001   0.205
[2026-07-25 12:00:14.665] 31   2024—网络热点妆容图鉴                 7,755,340 朵朵花林       1,950,000    0.28    0.125   0.010    4.0x   0.001   0.019  0.591  0.202  0.000  0.065   0.201
[2026-07-25 12:00:14.667] 32   不实穿？拜托！这可是高缇耶的礼服，他家的设计不需要实    4,737,408 萌德-         155,000    0.90    0.055   0.023   30.6x   0.001   0.067  0.256  0.502  0.002  0.063   0.194
[2026-07-25 12:00:14.668] 33   【斋藤飞鸟】身高158，照样走T台的霓虹美少女       6,179,289 大吉岭茶茶        11,842    1.19    0.048   0.019  521.8x   0.003   0.089  0.223  0.418  0.040  0.184   0.193
[2026-07-25 12:00:14.668] 34   漫画胸能不能走出现实啊？？？？              10,711,015 鹦鹉梨        3,056,000    0.86    0.066   0.018    3.5x   0.002   0.064  0.308  0.398  0.000  0.123   0.191
[2026-07-25 12:00:14.669] 35   九家宝藏店铺分享！618直接进来抄作业           4,701,198 小桑菜奈        853,000    1.22    0.047   0.023    5.5x   0.000   0.091  0.215  0.511  0.000  0.021   0.190
[2026-07-25 12:00:14.669] 36   耗时半年复刻电影里灰姑娘公主裙！每个女孩的公主梦都应   12,147,649 小宇菇菇        820,708    0.77    0.055   0.021   14.8x   0.000   0.057  0.257  0.462  0.001  0.006   0.177
[2026-07-25 12:00:14.670] 37   确实未曾想到！                       4,551,880 搞笑滴小光           350    0.08    0.045   0.003 13005.4x   0.003   0.004  0.207  0.047  1.000  0.143   0.176
[2026-07-25 12:00:14.670] 38   我的设计我来疼                       7,862,320 随时anytime   152,265    0.18    0.095   0.013   51.6x   0.001   0.011  0.444  0.270  0.004  0.072   0.176
[2026-07-25 12:00:14.671] 39   【古人穿衣・宋】还原1000年前的平民生活         5,504,129 朵朵花林       1,950,000    0.45    0.083   0.012    2.8x   0.002   0.032  0.388  0.252  0.000  0.126   0.171
[2026-07-25 12:00:14.671] 40   挑战用睡衣把残疾女孩爆改成天使！美到落泪          7,978,964 小桑菜奈        853,000    4.17    0.014   0.010    9.4x   0.000   0.317  0.058  0.216  0.001  0.001   0.169
[2026-07-25 12:00:14.672] 41   OOTD：拍点你们喜欢看的                 7,276,162 康康和爷爷       712,310    0.11    0.102   0.008   10.2x   0.001   0.006  0.481  0.162  0.001  0.066   0.161
[2026-07-25 12:00:14.672] 42   贾法尔…你已经偷走了我的心                 4,519,038 蛇尾巴猪呀       736,099    0.29    0.072   0.015    6.1x   0.001   0.020  0.337  0.317  0.000  0.059   0.161
[2026-07-25 12:00:14.673] 43   “穿”衣服挑战！01                    8,962,256 东尼ookii    5,280,451    0.34    0.094   0.007    1.7x   0.002   0.024  0.443  0.153  0.000  0.094   0.159
[2026-07-25 12:00:14.673] 44   国庆出游就带2条丝巾就够了，相当于带了套古装衣服出门    5,342,083 百变花央本人      107,947    0.25    0.073   0.012   49.5x   0.002   0.017  0.343  0.267  0.004  0.130   0.159
[2026-07-25 12:00:14.674] 45   王祖贤，你TM到底怎么做到时尚超前20年的？        9,015,952 银桑欧巴呀        36,456    0.60    0.055   0.015  247.3x   0.002   0.044  0.257  0.334  0.019  0.091   0.158
[2026-07-25 12:00:14.675] 46   不要叫我蹦裙子啦！                     6,457,067 yoyo鹿鸣_Lu  1,693,000    0.71    0.069   0.009    3.8x   0.003   0.052  0.324  0.178  0.000  0.148   0.149
[2026-07-25 12:00:14.675] 47   原来幼稚的衣服设计师也是有用心啊              4,652,379 账号已注销           655    0.03    0.073   0.002 7102.9x   0.001   0.000  0.339  0.027  0.546  0.041   0.149
[2026-07-25 12:00:14.677] 48   黑人模特的比例有多逆天？                  6,998,482 萌德-         155,000    0.46    0.050   0.014   45.2x   0.003   0.033  0.232  0.294  0.003  0.160   0.145
[2026-07-25 12:00:14.677] 49   77岁爷爷穿汉服到故宫                   6,408,714 宸辰and爷爷      69,000    0.18    0.077   0.010   92.9x   0.001   0.011  0.358  0.220  0.007  0.051   0.143
[2026-07-25 12:00:14.678] 50   请选择你的海岛度假穿搭！                  5,771,545 -小胡同学呀      404,154    0.52    0.047   0.015   14.3x   0.001   0.037  0.219  0.327  0.001  0.040   0.137
[2026-07-25 12:00:14.678] 51   没有什么衣服是20岁能穿而50岁不能的！          5,219,463 塑料叉FOKU    3,101,752    0.33    0.076   0.006    1.7x   0.003   0.023  0.355  0.125  0.000  0.153   0.137
[2026-07-25 12:00:14.679] 52   如果我在不同年代做时装模特？你最喜欢哪一组？        7,003,385 李如儒也是李蠕蠕   3,331,000    0.15    0.088   0.007    2.1x   0.000   0.009  0.410  0.145  0.000  0.022   0.137
[2026-07-25 12:00:14.679] 53   外婆说得对：要让他知道你不需要新衣服也能赢全场。      5,918,103 哈利尼斯塔      9,679,000    0.10    0.086   0.007    0.6x   0.001   0.005  0.402  0.144  0.000  0.050   0.136
[2026-07-25 12:00:14.680] 54   剪个头发还被调戏了～                    5,694,430 山城小栗旬的理发日  3,790,689    0.11    0.078   0.006    1.5x   0.002   0.006  0.366  0.126  0.000  0.121   0.131
[2026-07-25 12:00:14.680] 55   No cap =)))                   9,679,011 哈利尼斯塔      9,679,000    0.13    0.071   0.007    1.0x   0.003   0.008  0.332  0.138  0.000  0.177   0.131
[2026-07-25 12:00:14.681] 56   一穿裙子一时爽 一直穿裙子一直…              5,198,061 402ephto_   212,576    0.19    0.066   0.010   24.5x   0.001   0.012  0.308  0.202  0.002  0.034   0.125
[2026-07-25 12:00:14.681] 57   真有up主敢穿荷叶去阿玛尼？？               5,398,954 小桑菜奈        853,000    1.15    0.028   0.014    6.3x   0.000   0.086  0.127  0.296  0.000  0.007   0.122
[2026-07-25 12:00:14.681] 58   旗 袍 皮 肤 典 藏 版                 5,636,259 一栗莎子       1,399,783    0.35    0.052   0.009    4.0x   0.003   0.025  0.242  0.187  0.000  0.135   0.120
[2026-07-25 12:00:14.683] 59   版型差就是版型差，天王老子来了都怪不到我身材上面去     4,673,237 葡萄大人耶       474,505    0.09    0.078   0.005    9.8x   0.001   0.005  0.365  0.103  0.001  0.051   0.119
[2026-07-25 12:00:14.684] 60   校内丑关我校外什么事啊                   5,037,008 逍飞free     1,355,457    0.08    0.073   0.005    3.7x   0.002   0.003  0.343  0.088  0.000  0.129   0.118
[2026-07-25 12:00:14.684] 61   人生就像钟表，可以回到起点，却已不是昨天          5,223,751 南京龙浩钟表维修中   139,639    0.25    0.067   0.006   37.4x   0.002   0.017  0.310  0.111  0.003  0.101   0.116
[2026-07-25 12:00:14.685] 62   18岁的大叔，谁不爱呢                   5,603,006 逍飞free     1,355,457    0.14    0.057   0.006    4.1x   0.004   0.009  0.264  0.118  0.000  0.202   0.113
[2026-07-25 12:00:14.686] 63   一个珍珠原料商在b站的54天                5,299,200 珠农老钱        175,398    0.22    0.055   0.009   30.2x   0.001   0.014  0.255  0.187  0.002  0.037   0.110
[2026-07-25 12:00:14.686] 64   快活王和路易十四谁的衣服比较多？【小约翰】         5,523,593 小约翰可汗      10,817,746    0.43    0.061   0.005    0.5x   0.002   0.031  0.284  0.090  0.000  0.083   0.108
[2026-07-25 12:00:14.687] 65   听说你们想看我穿红蓝洞洞裙？                5,715,040 氧化菊        1,659,293    0.05    0.078   0.003    3.4x   0.000   0.002  0.365  0.060  0.000  0.013   0.105
[2026-07-25 12:00:14.687] 66   穿搭测评交友                        5,339,982 张宇斐         177,119    0.73    0.029   0.011   30.1x   0.000   0.054  0.130  0.243  0.002  0.016   0.102
[2026-07-25 12:00:14.688] 67   永远都不知道对手是什么“糕手”              11,756,506 小藤777       345,779    0.09    0.068   0.005   34.0x   0.000   0.004  0.316  0.091  0.003  0.020   0.101
[2026-07-25 12:00:14.689] 68   男生网上买衣服，关键词怎样搜才不会踩雷！          9,319,845 哈喽先生的潮流社     44,787    0.29    0.045   0.009  208.1x   0.000   0.020  0.207  0.192  0.016  0.011   0.100
[2026-07-25 12:00:14.690] 69   平替不是抄袭遮羞布! 几千vs几十 真假网红裙PK｜    5,485,771 鹦鹉梨        3,056,000    0.50    0.040   0.007    1.8x   0.002   0.036  0.181  0.146  0.000  0.121   0.099
[2026-07-25 12:00:14.690] 70   赶快倒闭！现在的女装店铺都是什么畸形审美？真是不要太    5,233,893 靓仔董米粒       606,937    1.27    0.022   0.009    8.6x   0.000   0.095  0.095  0.197  0.001  0.007   0.097
[2026-07-25 12:00:14.690] 71   摆脱春夏内衣“闷热”！与内衣和解，小胸显大不空杯！    22,790,190 小格子n         70,635    0.61    0.029   0.010  322.6x   0.001   0.044  0.129  0.201  0.025  0.063   0.097
[2026-07-25 12:00:14.691] 72   宝，这就是宫里的体面工作1？                5,380,105 橘橘是钢铁直男      94,364    0.11    0.058   0.004   57.0x   0.001   0.006  0.269  0.083  0.004  0.079   0.094
[2026-07-25 12:00:14.691] 73   嫁到农村不用可怜我，我过的很快乐。             4,513,022 是宁心如        224,949    0.05    0.073   0.002   20.1x   0.000   0.002  0.342  0.038  0.002  0.007   0.094
[2026-07-25 12:00:14.691] 74   模 特 受 难 鞋                     4,412,153 萌德-         155,000    0.40    0.036   0.009   28.5x   0.001   0.028  0.164  0.195  0.002  0.034   0.094
[2026-07-25 12:00:14.693] 75   闪购外卖Lolita，让广告来得更猛一些...！      5,222,602 月亮猹-        439,269    0.73    0.028   0.009   11.9x   0.001   0.054  0.126  0.180  0.001  0.049   0.091
[2026-07-25 12:00:14.694] 76   娶川渝女人，享幸福人生。                  6,400,511 陈景烁Studio   150,000    0.23    0.037   0.005   42.7x   0.003   0.015  0.169  0.105  0.003  0.147   0.084
[2026-07-25 12:00:14.694] 77   随机生成穿搭挑战｜ 穿成这样去见男朋友的父母可以吗？    5,719,346 s大野丽莎       188,812    0.10    0.054   0.004   30.3x   0.001   0.005  0.252  0.072  0.002  0.036   0.083
[2026-07-25 12:00:14.695] 78   能让裙子一秒遇光变色？是什么神奇的染料？          5,858,257 胡米米的随手一做    628,952    0.99    0.017   0.008    9.3x   0.000   0.074  0.076  0.174  0.001  0.001   0.080
[2026-07-25 12:00:14.695] 79   当我花3000块买了四套真人芭比套装…           4,964,035 -小胡同学呀      404,154    0.67    0.023   0.009   12.3x   0.000   0.049  0.100  0.182  0.001  0.003   0.079
[2026-07-25 12:00:14.696] 80   黛玉骑鬼火，玉环醉卡座                   5,238,541 我是扒皮呀       323,530    0.13    0.044   0.004   16.2x   0.001   0.007  0.203  0.083  0.001  0.079   0.078
[2026-07-25 12:00:14.696] 81   明显右边更难做到                      7,441,865 昔特乐ヽ         21,590    0.34    0.024   0.006  344.7x   0.002   0.024  0.109  0.112  0.026  0.129   0.074
[2026-07-25 12:00:14.697] 82   跟着迪丽热巴学穿搭                     4,728,947 鞋Club       167,797    0.41    0.013   0.003   28.2x   0.007   0.029  0.053  0.061  0.002  0.366   0.073
[2026-07-25 12:00:14.698] 83   救命！！！Cos符玄大人去漫展 居然遇到这种事？？？    5,215,237 小小的小兔团儿    1,092,511    0.33    0.030   0.007    4.8x   0.000   0.023  0.136  0.143  0.000  0.012   0.072
[2026-07-25 12:00:14.698] 84   「水水」画卷里的人成精了？！                4,783,241 彼岸的水坑-     1,160,453    0.11    0.045   0.004    4.1x   0.000   0.006  0.205  0.076  0.000  0.008   0.070
[2026-07-25 12:00:14.699] 85   古代身高两米多的将军，八十斤的盔甲如何穿          4,353,604 武阵天王-杰哥     718,245    0.08    0.047   0.003    6.1x   0.000   0.004  0.219  0.055  0.000  0.022   0.069
[2026-07-25 12:00:14.699] 86   这些穿搭都救过男生的命吗？                 6,122,508 乱小世         451,000    0.24    0.032   0.006   13.6x   0.000   0.016  0.145  0.112  0.001  0.020   0.066
[2026-07-25 12:00:14.699] 87   现在准备卷死他们！情人节送鞋指南，直男看了都会喜欢的    8,250,151 鞋Club       167,797    0.23    0.020   0.003   49.2x   0.005   0.015  0.087  0.061  0.004  0.246   0.064
[2026-07-25 12:00:14.700] 88   身高175？不！其实你有190！！#190大帅哥 #    5,034,423 钙星球         232,444    2.33    0.002   0.001   21.7x   0.000   0.176  0.000  0.010  0.002  0.000   0.064
[2026-07-25 12:00:14.700] 89   传奇改造王珍妮佛梓，比良子逆天，比阿诺耐药         4,779,174 侦探许烦烦       337,731    0.15    0.031   0.004   14.2x   0.002   0.009  0.140  0.070  0.001  0.095   0.062
[2026-07-25 12:00:14.701] 90   30秒拿捏品牌精髓 垫底辣孩的时尚感有多强 |奢侈品    4,838,712 优奢二手奢侈品      32,148    1.36    0.008   0.004  150.5x   0.000   0.102  0.029  0.079  0.012  0.000   0.060
[2026-07-25 12:00:14.702] 91   当你在国外展会吃了一块三文鱼                5,496,953 一个木枝        126,613    0.05    0.043   0.002   43.4x   0.000   0.001  0.197  0.022  0.003  0.013   0.056
[2026-07-25 12:00:14.702] 92   这个洞洞，是干嘛的                     5,278,844 ADANNU520     1,822    0.28    0.009   0.002 2897.3x   0.002   0.019  0.033  0.022  0.223  0.133   0.055
[2026-07-25 12:00:14.702] 93   万万没想到…                        5,018,756 是小帅子呀        61,463    1.10    0.008   0.004   81.7x   0.000   0.082  0.029  0.071  0.006  0.000   0.051
[2026-07-25 12:00:14.703] 94   娶川渝女人，享先礼后兵。                  4,377,081 陈景烁Studio   150,000    0.16    0.026   0.003   29.2x   0.001   0.010  0.117  0.047  0.002  0.048   0.047
[2026-07-25 12:00:14.704] 95   当你精心穿搭后出门逛街（路人视角）             6,308,724 是穗穗念呀       114,853    0.11    0.029   0.002   54.9x   0.000   0.006  0.131  0.036  0.004  0.024   0.045
[2026-07-25 12:00:14.704] 96   当我家离学校只有2米                    5,010,480 张真严吖          7,217    1.09    0.003   0.002  694.3x   0.000   0.081  0.008  0.023  0.053  0.000   0.040
[2026-07-25 12:00:14.704] 97   当你以为自己是韩剧穿搭出门（路人视角）           4,764,630 是穗穗念呀       114,853    0.09    0.026   0.002   41.5x   0.000   0.005  0.116  0.027  0.003  0.017   0.038
[2026-07-25 12:00:14.706] 98   网恋需谨慎 #反差 #迪米迦 #生活伙伴服饰        4,513,727 抖鹰元歌          4,889    0.06    0.018   0.001  923.2x   0.000   0.002  0.076  0.000  0.071  0.013   0.028
[2026-07-25 12:00:14.706] 99   Zara今年的衣服绝了，这种请问谁能穿！         11,238,112 周嘎嘎儿         18,126    0.19    0.008   0.001  620.0x   0.001   0.012  0.029  0.008  0.048  0.044   0.022
[2026-07-25 12:00:14.706] 100  不是…这雕刻家ooc了吧                  6,155,993 云知笑         569,000    0.14    0.011   0.001   10.8x   0.000   0.008  0.043  0.010  0.001  0.010   0.017
[2026-07-25 12:00:14.707] ----------------------------------------------------------------------------------------------------------------------------------------------------------------------------------------------
[2026-07-25 12:00:14.707] 
提示: 价值分 = 深度互动比(35%) + 互动密度(25%) + 收藏率(20%) + 粉丝转化(10%) + 分享率(10%)
[2026-07-25 12:00:14.707]       深度互动比 = (投币+收藏)/点赞，>1.0 表示用户愿意付出成本的认可超过浅层点赞
[2026-07-25 12:00:14.709]       与动量分析互补：动量看'速度'，价值看'质量'
[2026-07-25 12:00:14.713] 
================================================================================
[2026-07-25 12:00:14.714]   标签权重 Top 10 (关键词: 服饰)
[2026-07-25 12:00:14.714] ================================================================================
[2026-07-25 12:00:14.715] 总视频数: 100 | 不同标签数: 369
[2026-07-25 12:00:14.715] 算法: 标签权重 = 出现视频数 × 平均价值分
[2026-07-25 12:00:14.716] --------------------------------------------------------------------------------
[2026-07-25 12:00:14.716] 排名   标签                       出现次数      覆盖率      平均价值分       标签权重
[2026-07-25 12:00:14.717] --------------------------------------------------------------------------------
[2026-07-25 12:00:14.718] 1    服饰                         96    96.0%      0.170     16.328
[2026-07-25 12:00:14.718] 2    穿搭                         54    54.0%      0.135      7.284
[2026-07-25 12:00:14.719] 3    时尚                         18    18.0%      0.197      3.543
[2026-07-25 12:00:14.720] 4    日常                         24    24.0%      0.144      3.453
[2026-07-25 12:00:14.721] 5    美妆                         12    12.0%      0.212      2.550
[2026-07-25 12:00:14.722] 6    中国风                         8     8.0%      0.278      2.222
[2026-07-25 12:00:14.722] 7    汉服                          7     7.0%      0.264      1.851
[2026-07-25 12:00:14.723] 8    女装                         10    10.0%      0.171      1.715
[2026-07-25 12:00:14.723] 9    中国                          4     4.0%      0.348      1.391
[2026-07-25 12:00:14.724] 10   发型                          5     5.0%      0.271      1.357
[2026-07-25 12:00:14.725] --------------------------------------------------------------------------------
[2026-07-25 12:00:14.726] 说明: 标签权重越高 = 该标签在高质量视频中出现越频繁，越值得重点关注
[2026-07-25 12:00:14.727] 
[导出] 标签分析已保存到 output\服饰\tags_20260725_120014.txt
[2026-07-25 12:00:14.730] 
[导出] 价值分析结果已保存到 output\服饰\value_20260725_120014.csv
