[2026-07-25 12:17:25.378] 日志文件: output\熬夜\bili_spider_20260725_121725.log
[2026-07-25 12:17:25.380] ============================================================
  B站视频爬虫 (增强版)
============================================================
[2026-07-25 12:17:25.381] 关键词: 熬夜
页数: 3
排序: click
线程数: 5
延迟: 1.0s

[2026-07-25 12:17:25.393] [任务] 任务ID: 58
[2026-07-25 12:17:25.394] [搜索] 第 1/3 页...
[2026-07-25 12:17:25.775]   找到 20 个，新增 20 个
[2026-07-25 12:17:27.690] [搜索] 第 2/3 页...
[2026-07-25 12:17:28.192]   找到 20 个，新增 20 个
[2026-07-25 12:17:29.282] [搜索] 第 3/3 页...
[2026-07-25 12:17:29.800]   找到 20 个，新增 20 个
[2026-07-25 12:17:31.032] 
[搜索完成] 共 60 个视频，今日已爬 60 个，新增 0 个
[2026-07-25 12:17:31.035] [搜索统计] 搜索失败页数: 0
[2026-07-25 12:17:31.036] [完成] 没有新视频需要爬取
[2026-07-25 12:17:31.044] [修复] 已修正 151 条视频的评论数 (comment_count <- review)
[2026-07-25 12:17:31.046] 
============================================================
  自动检测并补充粉丝数
============================================================
[2026-07-25 12:17:31.049] 待补充UP主数: 0
[2026-07-25 12:17:31.050] [完成] 所有UP主已有粉丝数据
[2026-07-25 12:17:31.053] 
============================================================
  自动检测并补充视频标签
============================================================
[2026-07-25 12:17:31.055] 待补充标签视频数: 0
[2026-07-25 12:17:31.055] [完成] 所有视频已有标签数据
[2026-07-25 12:17:31.057] 
==========================================================================================
  动量分析 (单次快照模式)
==========================================================================================
[2026-07-25 12:17:31.060] 关键词: 熬夜
显示数量: 999999
[2026-07-25 12:17:31.062] 评分维度: 播放速率(30%) + 粉丝转化(25%) + 互动密度(20%) + 新鲜度(15%) + 播放量(10%)

[2026-07-25 12:17:31.074] 
动量排行 Top 999999（按综合评分排序）
[2026-07-25 12:17:31.076] ------------------------------------------------------------------------------------------------------------------------------------------------------------------------------------
[2026-07-25 12:17:31.077] 排名   标题                                  播放量 UP主              粉丝      转化      速率/h     互动密度     视频年龄     历史增长     综合分
[2026-07-25 12:17:31.077] ------------------------------------------------------------------------------------------------------------------------------------------------------------------------------------
[2026-07-25 12:17:31.079] 1    你可以熬夜，但第二天必须去做这些恢复。           7,391,197 349311118   442,864   16.7x      3293    0.212      94天      N/A   0.499
[2026-07-25 12:17:31.079] 2    带猫熬夜不让它睡觉，结果。。。               3,377,733 165517497   286,639   11.8x      6455    0.049      22天      N/A   0.484
[2026-07-25 12:17:31.080] 3    转发给你天天熬夜的朋友                   1,972,543 354672449   405,888    4.9x      5986    0.129      14天      N/A   0.477
[2026-07-25 12:17:31.083] 4    宿舍熬夜哥                        20,623,431 252935647   922,264   22.4x      2965    0.036     290天      N/A   0.454
[2026-07-25 12:17:31.084] 5    熬夜密码！                         3,926,306 458683      137,061   28.6x       106    0.186    1543天      N/A   0.410
[2026-07-25 12:17:31.086] 6    熬夜玩小手机差点被抓住了                  3,492,136 195748970   107,358   32.5x       996    0.079     146天      N/A   0.371
[2026-07-25 12:17:31.087] 7    我不能熬夜啦！！！                     3,410,227 391385961    95,943   35.5x       959    0.079     148天      N/A   0.368
[2026-07-25 12:17:31.087] 8    熬夜的好处，你知道的太晚了                 5,557,882 149174652    11,818  470.3x       130    0.109    1782天      N/A   0.366
[2026-07-25 12:17:31.088] 9    为什么有时候明明很累，躺床上却还要报复性熬夜？       2,235,407 82528901     76,549   29.2x       433    0.111     215天      N/A   0.358
[2026-07-25 12:17:31.088] 10   通宵熬夜后生物钟乱了可以这样调整              3,336,420 182707729    90,110   37.0x       108    0.109    1285天      N/A   0.354
[2026-07-25 12:17:31.089] 11   退钱！喝它女朋友凌晨三点还不让我睡觉！！！        12,893,323 349307669     4,461 2890.2x       403    0.022    1332天      N/A   0.345
[2026-07-25 12:17:31.091] 12   【科学熬夜】8分钟搞定超高效睡眠法则            2,306,115 13873513     63,987   36.0x        38    0.103    2553天      N/A   0.340
[2026-07-25 12:17:31.091] 13   这些动作正在让你变丑！                   3,370,808 211160472    59,852   56.3x      1409    0.011     100天      N/A   0.332
[2026-07-25 12:17:31.092] 14   关心朋友                          2,450,023 206312583    73,272   33.4x        70    0.087    1462天      N/A   0.329
[2026-07-25 12:17:31.093] 15   跟我一起念几遍，接着熬夜算你狠               2,335,178 306477238    69,395   33.6x        86    0.078    1134天      N/A   0.321
[2026-07-25 12:17:31.094] 16   生前何必久睡，死后必定长眠                 2,798,824 455149497    10,455  267.7x        71    0.075    1652天      N/A   0.321
[2026-07-25 12:17:31.094] 17   原来熬夜还可以防小偷！                   8,815,634 158673680   225,269   39.1x       326    0.020    1127天      N/A   0.319
[2026-07-25 12:17:31.095] 18   原来熬夜带来的伤害是可以被抵消的？             8,448,275 158161684   357,717   23.6x       917    0.050     384天      N/A   0.316
[2026-07-25 12:17:31.095] 19   熬夜恐怖故事一则                      2,289,221 511844821    87,534   26.1x       251    0.101     381天      N/A   0.316
[2026-07-25 12:17:31.095] 20   快转发给你爱熬夜的朋友                   3,713,207 108727891     4,273  869.0x       105    0.060    1473天      N/A   0.314
[2026-07-25 12:17:31.097] 21   【科普】一天只睡四小时，多少天会死？？！！         4,795,874 62403292     11,432  419.5x       118    0.051    1693天      N/A   0.313
[2026-07-25 12:17:31.099] 22   我终于不熬夜啦！！！                    2,735,165 391385961    95,943   28.5x      1007    0.029     113天      N/A   0.313
[2026-07-25 12:17:31.100] 23   30岁也要熬夜打的游戏，专治电子ed的5款神作       2,734,076 1516596      64,101   42.6x       258    0.054     442天      N/A   0.311
[2026-07-25 12:17:31.100] 24   脸蛋洗得干干净净的男孩子真的很加分！甩掉大油田全靠它    5,270,597 349327052     8,424  625.7x       323    0.030     679天      N/A   0.308
[2026-07-25 12:17:31.101] 25   大型纪录片《熬夜传奇》精彩奉献！              3,166,097 353712056     6,863  461.3x       127    0.054    1038天      N/A   0.308
[2026-07-25 12:17:31.102] 26   【爱情公寓超长爆笑合集】“没有什么烦恼是一小时的爱情    4,255,780 349436608    56,401   75.5x       167    0.039    1064天      N/A   0.303
[2026-07-25 12:17:31.102] 27   熬夜背梗还是比不过先天抽象圣体               2,150,487 354675590       219 9819.6x       147    0.050     609天      N/A   0.300
[2026-07-25 12:17:31.103] 28   蛋仔派对：晚上熬夜看爽文，谁知道……            2,910,025 368128556    48,573   59.9x       626    0.017     194天      N/A   0.298
[2026-07-25 12:17:31.104] 29   当代熬夜人最怕听到的声音，清晨上早八            2,467,075 354675215       126 19580.0x       162    0.043     634天      N/A   0.296
[2026-07-25 12:17:31.104] 30   【科普】熬夜如何改变你的脸？                4,909,303 20829945    237,343   20.7x        99    0.113    2070天      N/A   0.287
[2026-07-25 12:17:31.105] 31   求求你了！熬夜做了好几个晚上，让我通过吧！第70集P    2,907,440 316927624    69,021   42.1x       136    0.031     889天      N/A   0.287
[2026-07-25 12:17:31.106] 32   别让熬夜成为习惯，早点睡觉，好好生活！           3,122,858 354689276    25,246  123.7x       571    0.005     228天      N/A   0.287
[2026-07-25 12:17:31.107] 33   你因为熬夜玩假山海经，第二天竟重生成了一条黄鳝       4,637,259 346158295    20,078  231.0x       146    0.018    1320天      N/A   0.286
[2026-07-25 12:17:31.107] 34   PDD熬夜看华语乐坛神仙过招  节目效果拉满（弹幕版    1,985,547 3676199         678 2928.5x        58    0.032    1432天      N/A   0.280
[2026-07-25 12:17:31.108] 35   年轻人少熬夜，真的会越长越丑                5,311,501 280102190       491 10817.7x        94    0.008    2343天      N/A   0.279
[2026-07-25 12:17:31.109] 36   可口可乐新品名字遭吐槽，“夏枯草”一出，劝退中国人     2,502,251 121011311    39,667   63.1x        70    0.025    1500天      N/A   0.277
[2026-07-25 12:17:31.109] 37   耐心看完，你就知道你的头发怎么救了             2,242,989 249866611     2,047 1095.7x       126    0.023     743天      N/A   0.277
[2026-07-25 12:17:31.109] 38   本以为只有我熬夜修仙，结果妈妈才是隐藏的熬夜王者      2,299,824 109687193    40,421   56.9x       224    0.014     429天      N/A   0.274
[2026-07-25 12:17:31.111] 39   再也不敢熬夜了                       2,436,229 58357698     76,118   32.0x       312    0.006     326天      N/A   0.272
[2026-07-25 12:17:31.112] 40   【脱口秀合集】30分钟爆笑脱口秀精选！不容错过的电子    2,728,652 101019291    30,622   89.1x       125    0.012     913天      N/A   0.270
[2026-07-25 12:17:31.112] 41   明星的公主病：袁雨萱得知要熬夜崩溃大哭，导演怒批杨颖    2,205,743 696343450     4,474  493.0x        53    0.014    1726天      N/A   0.266
[2026-07-25 12:17:31.113] 42   外甥熬夜玩游戏，故意让他用包包接听电话，结果吓出一身    2,962,087 270386449    61,393   48.2x        86    0.004    1434天      N/A   0.263
[2026-07-25 12:17:31.114] 43   人类失去睡眠能力，爱熬夜的人活的最久？大脑洞科幻电影    1,980,160 13226737     16,223  122.1x        47    0.002    1766天      N/A   0.254
[2026-07-25 12:17:31.114] 44   熬夜辅助床                         3,126,442 677572824   114,656   27.3x        74    0.017    1763天      N/A   0.251
[2026-07-25 12:17:31.115] 45   严于律友，宽以待己！我熬夜行，你熬夜不行！         2,765,904 174682844   149,494   18.5x        77    0.086    1499天      N/A   0.234
[2026-07-25 12:17:31.117] 46   我最喜欢熬夜啦！                      3,886,461 383444910   929,782    4.2x        70    0.221    2302天      N/A   0.234
[2026-07-25 12:17:31.117] 47   为了不熬夜玩手机，我们做了这个...            9,004,794 163637592  12,839,482    0.7x      2936    0.059     128天      N/A   0.230
[2026-07-25 12:17:31.117] 48   以我为戒，警惕熬夜。。。                  4,166,333 280127123   298,174   14.0x       118    0.106    1467天      N/A   0.223
[2026-07-25 12:17:31.117] 49   在深渊里起舞，在崩溃中举杯                 2,189,145 354675835  1,662,865    1.3x       216    0.239     422天      N/A   0.222
[2026-07-25 12:17:31.118] 50   熬夜之后如何科学恢复                    3,983,894 381374122   368,043   10.8x        69    0.136    2419天      N/A   0.218
[2026-07-25 12:17:31.119] 51   熬夜会失去寿命，但熬夜时已经比别人多活了呀？        6,460,460 137567826   532,231   12.1x      1835    0.008     147天      N/A   0.217
[2026-07-25 12:17:31.119] 52   【医学博士】熬夜到几点会猝死？I 请为自己看完这个视    8,696,507 7788379    8,100,559    1.1x       253    0.182    1435天      N/A   0.209
[2026-07-25 12:17:31.121] 53   现代人精神内耗的解药                    2,127,940 354675835  1,662,865    1.3x       237    0.222     374天      N/A   0.209
[2026-07-25 12:17:31.121] 54   熬夜暗沉？黄气色斑？如何改善，亲测有效！          4,987,819 517948340   256,728   19.4x       114    0.029    1831天      N/A   0.208
[2026-07-25 12:17:31.121] 55   【万能爷爷｜科普篇】荔枝的正确养生吃法，适合熬夜和常    7,423,948 354675651   747,612    9.9x       758    0.070     408天      N/A   0.206
[2026-07-25 12:17:31.121] 56   天天熬夜都没黑眼圈，远离干纹细纹！告别无效眼霜！解锁    2,549,827 124154098   135,438   18.8x        63    0.045    1696天      N/A   0.201
[2026-07-25 12:17:31.122] 57   熬夜看完全部场次的真球迷举个手               2,148,075 16754498   1,073,204    2.0x      2816    0.030      32天      N/A   0.199
[2026-07-25 12:17:31.123] 58   拒绝熬夜！                         2,183,596 354638360   179,754   12.2x       134    0.106     680天      N/A   0.197
[2026-07-25 12:17:31.124] 59   【医学博士】危急情况如何自救？I 这条视频关键时刻能    2,205,967 7788379    8,100,559    0.3x        69    0.227    1337天      N/A   0.197
[2026-07-25 12:17:31.124] 60   这也太踏实了。。。。                    5,436,771 349310446   698,912    7.8x       299    0.117     757天      N/A   0.196
[2026-07-25 12:17:31.124] 61   亲身实测！熬夜48小时，我的身体出现了变化……       9,107,466 407054668  6,407,429    1.4x      1172    0.108     324天      N/A   0.196
[2026-07-25 12:17:31.124] 62   没有让熬夜支持我的家人们失望                4,056,392 104777016   754,541    5.4x       237    0.151     712天      N/A   0.194
[2026-07-25 12:17:31.126] 63   熬夜好，熬夜是通往二次元的大门               2,217,917 349310666   430,504    5.2x        95    0.172     976天      N/A   0.193
[2026-07-25 12:17:31.128] 64   熬夜的延迟反应                       3,544,643 543931452  2,460,150    1.4x       201    0.194     736天      N/A   0.192
[2026-07-25 12:17:31.128] 65   【医学博士】死亡前的征兆是什么？I 猝死前如何正确自    5,829,030 7788379    8,100,559    0.7x       120    0.188    2018天      N/A   0.190
[2026-07-25 12:17:31.129] 66   熬夜！！差点要了我的命！！                 2,567,598 28480937    182,552   14.1x        59    0.079    1815天      N/A   0.189
[2026-07-25 12:17:31.129] 67   肝火旺没精神？熬夜喝酒警惕肝脏亮红灯！护肝到底有多重    6,942,685 471959769   533,222   13.0x       228    0.044    1271天      N/A   0.183
[2026-07-25 12:17:31.130] 68   熬  夜  波  比                    2,722,812 39886742    176,475   15.4x        64    0.052    1772天      N/A   0.179
[2026-07-25 12:17:31.131] 69   【睡眠科学】哪有什么熬夜不老？都是大脑透支在负重前行    3,031,099 314021327   867,206    3.5x       119    0.164    1064天      N/A   0.177
[2026-07-25 12:17:31.131] 70   在阎王面前做假账                      2,719,531 4191359    1,026,132    2.6x       133    0.164     849天      N/A   0.170
[2026-07-25 12:17:31.131] 71   我在首尔熬夜24小时，韩国人真把睡眠进化掉了！？      8,441,115 11097284   1,648,176    5.1x      1289    0.037     273天      N/A   0.168
[2026-07-25 12:17:31.133] 72   熬夜变成黄脸婆？吃它抗衰回春！找回年轻好状态！       2,192,471 180396335   129,101   17.0x       101    0.017     901天      N/A   0.162
[2026-07-25 12:17:31.133] 73   老人熬夜直播到手仅百元？up主实锤幕后团队造假！【下    2,469,987 11097284   1,648,176    1.5x        79    0.167    1308天      N/A   0.159
[2026-07-25 12:17:31.133] 74   【花小烙】长期熬夜会让你的身体发生什么改变？        9,020,722 402576555  5,725,094    1.6x      1399    0.049     269天      N/A   0.157
[2026-07-25 12:17:31.134] 75   熬夜后该如何补救？熬夜方式不同，事后补救的方法也应该    2,110,373 511148568   841,555    2.5x        46    0.157    1927天      N/A   0.155
[2026-07-25 12:17:31.134] 76   【医学博士】每天凌晨3点睡，多少天会死？| 如何把熬   12,224,054 7788379    8,100,559    1.5x       680    0.064     749天      N/A   0.153
[2026-07-25 12:17:31.135] 77   熬夜传奇，明天ICU我和你                 3,239,631 689279517   400,586    8.1x       131    0.087    1027天      N/A   0.153
[2026-07-25 12:17:31.135] 78   【歌白】人是怎样通过熬夜把自己作死的？熬夜无法补救！    5,204,005 315846984  1,656,719    3.1x       123    0.118    1756天      N/A   0.148
[2026-07-25 12:17:31.136] 79   为什么当代年轻人戒不掉熬夜？                3,099,257 627888730  6,152,518    0.5x       111    0.158    1160天      N/A   0.147
[2026-07-25 12:17:31.136] 80   【连续熬夜365天】我的身体发生了什么变化!       10,101,963 66391032   4,283,401    2.4x       256    0.086    1647天      N/A   0.147
[2026-07-25 12:17:31.136] 81   【医学博士】18岁以后还能长高吗？I 熬夜会影响身高    5,732,944 7788379    8,100,559    0.7x       135    0.137    1772天      N/A   0.147
[2026-07-25 12:17:31.136] 82   老熬夜对心脏不好，看完早点睡觉               4,260,066 526053465   505,250    8.4x       107    0.071    1659天      N/A   0.147
[2026-07-25 12:17:31.138] 83   【干货】如何在8小时内睡够3小时              2,306,757 482213447  2,066,094    1.1x       124    0.154     773天      N/A   0.146
[2026-07-25 12:17:31.138] 84   放弃熬夜，做清晨的霸主（人生效率的巨变）          2,342,216 239688446   916,903    2.5x        78    0.142    1247天      N/A   0.146
[2026-07-25 12:17:31.138] 85   当你只睡了4小时早起吃早餐belike           3,161,821 439975888   497,922    6.3x       749    0.058     176天      N/A   0.143
[2026-07-25 12:17:31.139] 86   熬夜时，最怕听到的声音                   2,287,203 168680794  1,197,270    1.9x       125    0.142     763天      N/A   0.143
[2026-07-25 12:17:31.139] 87   【你为什么总是很累?】如何高效休息!            4,785,945 66391032   4,283,401    1.1x       141    0.133    1415天      N/A   0.143
[2026-07-25 12:17:31.140] 88   【医学博士】你一边熬夜一边担心猝死的样子真朋克啊！I    2,200,616 7788379    8,100,559    0.3x        44    0.160    2107天      N/A   0.139
[2026-07-25 12:17:31.141] 89   为什么学霸永远不会困？？如何上课不困、下课不累、做题    2,804,010 350632501  1,410,404    2.0x        51    0.138    2286天      N/A   0.139
[2026-07-25 12:17:31.141] 90   哪些症状是真正的猝死信号？不同程度的症状如何区别补救    3,531,981 511148568   841,555    4.2x        82    0.107    1786天      N/A   0.137
[2026-07-25 12:17:31.142] 91   正在熬夜的你刷到真是太幸福了                4,715,016 137567826   532,231    8.9x       237    0.044     828天      N/A   0.137
[2026-07-25 12:17:31.142] 92   【小魔】如何在3小时内睡够8小时？             8,691,598 87190721   1,924,877    4.5x       861    0.026     421天      N/A   0.136
[2026-07-25 12:17:31.142] 93   蛋仔派对：熬夜到凌晨睡觉会梦游？身体不受控制，后果很    5,331,527 341024691  1,491,929    3.6x      1777    0.006     125天      N/A   0.135
[2026-07-25 12:17:31.142] 94   【医学博士】你每天这样吃饭，简直是在慢性自杀！I 胃    6,996,540 7788379    8,100,559    0.9x       242    0.107    1204天      N/A   0.135
[2026-07-25 12:17:31.143] 95   好险！！20岁小伙通宵玩游戏，“死亡”十分钟后又复活    2,040,978 403207842   203,989   10.0x        48    0.053    1781天      N/A   0.130
[2026-07-25 12:17:31.143] 96   不会吧？不会现在还有人在熬夜吧？              9,862,483 230926815  3,178,475    3.1x       244    0.060    1687天      N/A   0.130
[2026-07-25 12:17:31.144] 97   危！骗女友送她梦幻城堡…结果让她熬夜拼乐高！她暴怒！    2,907,874 285571498  2,019,915    1.4x        67    0.131    1814天      N/A   0.130
[2026-07-25 12:17:31.144] 98   不是所有的熬夜都叫熬夜！这几个熬夜补救大法赶紧收藏！    5,234,444 28760071    755,249    6.9x       642    0.029     340天      N/A   0.130
[2026-07-25 12:17:31.145] 99   从此告别熬夜，爱上清晨12min冥想+拉伸，一次高效    3,720,716 63486758   2,790,572    1.3x       127    0.122    1221天      N/A   0.129
[2026-07-25 12:17:31.145] 100  【小心肝～】加班996熬夜党必看！酒精人偷偷内卷背后    6,048,504 206561551   706,333    8.6x       178    0.030    1417天      N/A   0.126
[2026-07-25 12:17:31.146] 101  当你半夜消费不小心用到妈妈的亲情卡             2,626,554 186875842   340,505    7.7x       772    0.027     142天      N/A   0.126
[2026-07-25 12:17:31.147] 102  "熬叶"                          2,200,664 21568298    880,526    2.5x        74    0.119    1231天      N/A   0.125
[2026-07-25 12:17:31.147] 103  【医学博士】“感冒”一个月没治，最后截肢了... |    2,456,334 7788379    8,100,559    0.3x       115    0.137     889天      N/A   0.125
[2026-07-25 12:17:31.148] 104  【医学博士】晚睡晚起算不算熬夜？I 如何科学熬夜？     2,609,257 7788379    8,100,559    0.3x        53    0.137    2041天      N/A   0.123
[2026-07-25 12:17:31.149] 105  熬夜又不伤身的办法来了！大数据请把这条推给夜猫子们！    3,530,053 349314017   450,818    7.8x       155    0.049     950天      N/A   0.122
[2026-07-25 12:17:31.149] 106  千万别给狗子买太大的零食，否则她会熬夜啃          2,113,305 433944295   284,607    7.4x        90    0.064     978天      N/A   0.121
[2026-07-25 12:17:31.150] 107  假如世界禁止熬夜                      3,453,055 549772707  1,187,522    2.9x        91    0.100    1588天      N/A   0.121
[2026-07-25 12:17:31.150] 108  原来熬夜带来的伤害很容易就能被抵消！            4,264,416 137567826   532,231    8.0x       403    0.027     441天      N/A   0.120
[2026-07-25 12:17:31.150] 109  【脱发怎么办】熬夜脱发还能长出来吗？            3,189,875 654391      301,243   10.6x        65    0.027    2042天      N/A   0.120
[2026-07-25 12:17:31.151] 110  年轻人！熬夜真的会要你的命！                3,038,427 15052693    998,029    3.0x        64    0.102    1967天      N/A   0.120
[2026-07-25 12:17:31.151] 111  睡眠真相：抱歉，我们无法补救熬夜【人体简史】第八集     4,245,614 38598226   3,129,159    1.4x        98    0.108    1813天      N/A   0.119
[2026-07-25 12:17:31.152] 112  【医学博士】如何快速瘦肚子？| 三个“好”习惯，“摧    6,077,918 7788379    8,100,559    0.8x       427    0.083     594天      N/A   0.117
[2026-07-25 12:17:31.152] 113  熬夜最恐怖的Buff叠满了                 2,827,006 319274146  2,698,669    1.1x       166    0.114     710天      N/A   0.117
[2026-07-25 12:17:31.152] 114  爷有熬夜的资本，你有吗                   2,234,827 16248639   1,114,115    2.0x        56    0.113    1664天      N/A   0.116
[2026-07-25 12:17:31.153] 115  晚上睡不着，是该继续躺着还是起来玩手机？          2,205,738 195767613   357,674    6.2x        62    0.072    1493天      N/A   0.116
[2026-07-25 12:17:31.153] 116  【医学博士】脖子酸痛？测测你是否有颈椎病 I 颈椎病    1,964,025 7788379    8,100,559    0.2x        41    0.133    1973天      N/A   0.116
[2026-07-25 12:17:31.153] 117  当我熬夜熬出了最佳作息                   2,317,951 482673878  1,304,603    1.8x       463    0.092     209天      N/A   0.115
[2026-07-25 12:17:31.154] 118  【医学博士】熬夜后这四个迹象！说明你的身体已经到极限    5,947,383 7788379    8,100,559    0.7x       213    0.091    1162天      N/A   0.114
[2026-07-25 12:17:31.154] 119  宿舍熬夜哥                         3,559,943 269415122   763,519    4.7x       181    0.068     820天      N/A   0.113
[2026-07-25 12:17:31.154] 120  连续熬夜了十年，现在开始早睡早起，还来得及吗？       2,762,666 283753310  1,129,933    2.4x        73    0.099    1568天      N/A   0.111
[2026-07-25 12:17:31.154] 121  因为长期熬夜，我被告知很难有小孩...           3,583,468 207257798  1,290,499    2.8x       331    0.075     451天      N/A   0.110
[2026-07-25 12:17:31.155] 122  熬 夜 波 比 【LOL小剧场】              1,999,606 181082386   340,058    5.9x        51    0.069    1649天      N/A   0.110
[2026-07-25 12:17:31.155] 123  艺术家熬夜图鉴                       2,040,703 117697273   785,962    2.6x        54    0.101    1583天      N/A   0.110
[2026-07-25 12:17:31.155] 124  离谱！假装陪女友熬夜熬出重病…女友看到偷换的假体检报    2,046,112 285571498  2,019,915    1.0x        63    0.116    1347天      N/A   0.109
[2026-07-25 12:17:31.156] 125  【每天早晨5点起床】我的身体发生了什么变化?!       8,033,368 66391032   4,283,401    1.9x       322    0.054    1040天      N/A   0.108
[2026-07-25 12:17:31.157] 126  【焕白功课】长期熬夜？痘印暗沉？冬季如何快速焕亮的功    2,300,481 471959769   533,222    4.3x        57    0.081    1691天      N/A   0.108
[2026-07-25 12:17:31.157] 127  危！同时送女友熬夜织的毛线包和万元LV包？让她选一个    2,377,359 285571498  2,019,915    1.2x        59    0.111    1666天      N/A   0.108
[2026-07-25 12:17:31.157] 128  24岁，熬夜，中风。                    5,872,013 698057488   897,772    6.5x       122    0.031    2007天      N/A   0.107
[2026-07-25 12:17:31.158] 129  当你熬穿了企图骗过妈妈                   2,038,055 186875842   340,505    6.0x       528    0.037     161天      N/A   0.106
[2026-07-25 12:17:31.158] 130  连续熬夜一年，你的身体会发生什么变化？【第一集】      5,868,252 119528423  3,626,643    1.6x       155    0.075    1573天      N/A   0.105
[2026-07-25 12:17:31.158] 131  熬夜熬成仙？各位肝士这期一定要看！半小时进入深度睡眠    3,427,637 471959769   533,222    6.4x       104    0.045    1379天      N/A   0.104
[2026-07-25 12:17:31.159] 132  让你不敢再熬夜的睡眠真相：用5种伤害把自己作死，无法    2,594,419 230983435  1,365,412    1.9x        63    0.097    1709天      N/A   0.103
[2026-07-25 12:17:31.159] 133  【医学博士】遗传性脱发真的没救了？I 每天洗头会导致    6,315,021 7788379    8,100,559    0.8x       285    0.070     924天      N/A   0.102
[2026-07-25 12:17:31.159] 134  【烟酰胺水乳】熬夜肌肤状态差？如何快速改善熬夜肌的方    3,865,667 471959769   533,222    7.2x        90    0.033    1793天      N/A   0.102
[2026-07-25 12:17:31.160] 135  【医学博士】每天3点睡，多少天会死？｜晚睡晚起，算熬    2,257,077 7788379    8,100,559    0.3x       204    0.105     462天      N/A   0.101
[2026-07-25 12:17:31.160] 136  市面上常见蛋白棒测评，熬夜测得，希望对各位小伙伴有帮    2,689,978 411379495  1,528,157    1.8x        75    0.094    1485天      N/A   0.101
[2026-07-25 12:17:31.160] 137  运动会死人吗？普通人如何避免心力衰竭悲剧｜运动学博士    2,205,711 138759268  1,189,776    1.9x       766    0.058     120天      N/A   0.101
[2026-07-25 12:17:31.160] 138  晚上闭眼躺着但一直睡不着，算熬夜吗？            2,584,893 472110205   357,116    7.2x       217    0.031     496天      N/A   0.100
[2026-07-25 12:17:31.161] 139  什么是顶级损友！上完厕所回来发现地形变弯了？熬夜熬出    2,698,164 203302998   382,338    7.1x       612    0.011     184天      N/A   0.100
[2026-07-25 12:17:31.161] 140  爸爸既然喜欢熬夜，那就让他熬到底吧~            4,139,183 176036097   480,656    8.6x       290    0.003     594天      N/A   0.099
[2026-07-25 12:17:31.161] 141  医学博士：晚睡晚起到底行不行？ I 晚睡晚起是熬夜吗    4,787,459 7788379    8,100,559    0.6x        84    0.090    2381天      N/A   0.099
[2026-07-25 12:17:31.163] 142  不同学生熬夜后上学                     3,126,184 105203349   548,254    5.7x        69    0.049    1882天      N/A   0.098
[2026-07-25 12:17:31.163] 143  宝贝为啥不回话？                      5,713,562 230926815  3,178,475    1.8x       210    0.063    1132天      N/A   0.098
[2026-07-25 12:17:31.163] 144  如何杀死一个脂肪细胞？                   6,880,560 119528423  3,626,643    1.9x       299    0.047     959天      N/A   0.096
[2026-07-25 12:17:31.164] 145  晚上两点睡早上十点起算熬夜吗                2,565,103 103287116   427,844    6.0x       105    0.043    1019天      N/A   0.094
[2026-07-25 12:17:31.164] 146  【医学博士】熬夜对脱发有多大伤害？｜ 秃发还能救回来    3,419,341 7788379    8,100,559    0.4x        82    0.093    1735天      N/A   0.093
[2026-07-25 12:17:31.164] 147  喜欢熬夜？把成年人哄睡是什么体验。。            3,422,157 19642758   4,295,955    0.8x       103    0.086    1378天      N/A   0.091
[2026-07-25 12:17:31.165] 148  【医学博士】护肝片真的有用吗？| 出现这4种表现，说    2,246,453 7788379    8,100,559    0.3x        87    0.098    1078天      N/A   0.090
[2026-07-25 12:17:31.165] 149  【一次一勺】懒人必备|痛经告别无情热水！经期手脚冰凉    3,905,884 206561551   706,333    5.5x        98    0.033    1660天      N/A   0.089
[2026-07-25 12:17:31.166] 150  【医学博士】吃了100粒安眠药后，终于... | 误    2,826,283 7788379    8,100,559    0.3x       156    0.088     756天      N/A   0.089
[2026-07-25 12:17:31.166] 151  身体：我命由天...不由我！                3,131,676 321422126  5,882,829    0.5x       262    0.079     498天      N/A   0.089
[2026-07-25 12:17:31.166] 152  我一周只睡了十几个小时！达芬奇睡眠法真的有用么？      3,833,845 9824766    9,157,378    0.4x        75    0.085    2135天      N/A   0.089
[2026-07-25 12:17:31.167] 153  【医学博士】荨麻疹是如何杀人的？| 荨麻疹会跟一辈子    2,031,551 7788379    8,100,559    0.2x       111    0.096     763天      N/A   0.088
[2026-07-25 12:17:31.167] 154  用科学的方式起夜                      3,102,295 70429299   2,093,417    1.5x       117    0.076    1103天      N/A   0.087
[2026-07-25 12:17:31.167] 155  【每天6杯咖啡】我的身体发生了什么变化?!         5,085,993 66391032   4,283,401    1.2x       184    0.062    1153天      N/A   0.087
[2026-07-25 12:17:31.167] 156  你完全不了解梦有多重要！记忆力、创造力、伤痛疗愈，深    1,982,817 230983435  1,365,412    1.4x        68    0.085    1222天      N/A   0.087
[2026-07-25 12:17:31.169] 157  蛋仔派对：熬夜的危害，南瓜最困的一集            3,038,509 64621079    817,917    3.7x       780    0.016     162天      N/A   0.086
[2026-07-25 12:17:31.169] 158  【医学博士】越想睡 越失眠？看完这个视频就能入睡！I    2,633,081 7788379    8,100,559    0.3x        60    0.091    1821天      N/A   0.085
[2026-07-25 12:17:31.169] 159  凭什么韩国人熬夜不脱发 英国满街是秃头？          4,164,557 15892313   3,106,996    1.3x       184    0.063     945天      N/A   0.084
[2026-07-25 12:17:31.170] 160  30秒体验熬夜心脏暴毙                   2,086,590 123832921  1,441,166    1.4x        77    0.081    1123天      N/A   0.084
[2026-07-25 12:17:31.170] 161  最痛苦的一觉be like：                2,514,863 482673878  1,304,603    1.9x       483    0.050     217天      N/A   0.084
[2026-07-25 12:17:31.170] 162  这届年轻人靠“熬夜水”续命？一瓶25元，究竟是不是智    2,269,740 478691043  4,144,482    0.6x        61    0.088    1555天      N/A   0.083
[2026-07-25 12:17:31.170] 163  长期吃饭不规律，是怎么迫害你的？              6,770,841 119528423  3,626,643    1.9x       234    0.033    1204天      N/A   0.080
[2026-07-25 12:17:31.171] 164  主人强行拉着哈士奇一起熬夜，会发生什么？          2,355,106 414702734  1,053,053    2.2x        43    0.066    2269天      N/A   0.078
[2026-07-25 12:17:31.171] 165  边熬夜边健身，你的身体会发生哪些变化？           4,952,199 119528423  3,626,643    1.4x       150    0.052    1372天      N/A   0.078
[2026-07-25 12:17:31.172] 166  熬夜什么的，最喜欢了！｜ 原创动画 ｜ 我的爸爸是条    2,509,287 611693868  1,538,591    1.6x        61    0.069    1728天      N/A   0.077
[2026-07-25 12:17:31.172] 167  人类无法共情熬夜时的自己！万字拉片式拆解《某种物质》    2,236,389 84706708   1,358,226    1.6x       151    0.066     616天      N/A   0.077
[2026-07-25 12:17:31.172] 168  【轰】医生！急诊室来了个这玩意儿啊啊！！          5,395,516 349308997  3,648,994    1.5x       297    0.038     756天      N/A   0.077
[2026-07-25 12:17:31.172] 169  如果你的朋友喜欢熬夜，记得这样关心他            3,496,714 431313625  1,771,670    2.0x        85    0.057    1719天      N/A   0.076
[2026-07-25 12:17:31.173] 170  睡不着闭眼硬躺，算熬夜还是算休息？             2,278,639 137567826   532,231    4.3x       506    0.018     188天      N/A   0.076
[2026-07-25 12:17:31.173] 171  猝死前有哪些征兆？该如何进行自救？ 哪些习惯会增加猝    3,220,934 38598226   3,129,159    1.0x       162    0.063     826天      N/A   0.075
[2026-07-25 12:17:31.174] 172  【医学博士】为什么你越来越不行了？I 如何提高身体素    4,684,796 7788379    8,100,559    0.6x       142    0.058    1379天      N/A   0.075
[2026-07-25 12:17:31.174] 173  史上最伟大的发明！人类是怎么拥有熬夜自由的？        5,762,759 192090     2,837,528    2.0x       163    0.031    1477天      N/A   0.071
[2026-07-25 12:17:31.175] 174  坏了，让他演爽了                      3,015,139 298054634  1,513,664    2.0x       310    0.040     405天      N/A   0.070
[2026-07-25 12:17:31.175] 175  【医学博士】总在一个地方长痘？说明你身体出了这样的问    2,964,997 7788379    8,100,559    0.4x       242    0.060     511天      N/A   0.070
[2026-07-25 12:17:31.175] 176  这么好的儿子我也是第一次养…… | 原创动画 | 我    5,474,682 611693868  1,538,591    3.6x       143    0.017    1597天      N/A   0.069
[2026-07-25 12:17:31.176] 177  暑假熬夜时的尴尬                      2,453,226 68439967   3,216,817    0.8x        71    0.067    1435天      N/A   0.069
[2026-07-25 12:17:31.176] 178  整活！趁女友熟睡偷偷把她带到恐怖哀牢山熬夜…她整个人    4,194,781 285571498  2,019,915    2.1x       274    0.031     638天      N/A   0.068
[2026-07-25 12:17:31.177] 179  医生出120遇到的都是什么狗血剧情？打120怎么沟通    3,569,637 208130286  2,355,313    1.5x       124    0.048    1200天      N/A   0.067
[2026-07-25 12:17:31.178] 180  别再让你的手机熬夜了！                   4,293,660 481393564  1,784,343    2.4x       163    0.032    1096天      N/A   0.067
[2026-07-25 12:17:31.178] 181  韩国人不需要睡觉吗？为什么熬夜还那么有精神         4,760,513 15892313   3,106,996    1.5x       132    0.031    1504天      N/A   0.060
[2026-07-25 12:17:31.178] 182  熬夜出油，痘痘闭口不停歇？泊本姜黄素水乳8小时长效控    2,087,618 523978853   450,755    4.6x       103    0.019     842天      N/A   0.060
[2026-07-25 12:17:31.179] 183  【梗百科】怀民亦未寝是啥梗？                2,473,250 154400839  2,343,802    1.1x        61    0.048    1677天      N/A   0.054
[2026-07-25 12:17:31.179] 184  刺激！女友突然逼我吃枸杞…我把她带香港熬夜一整晚…她    2,026,549 285571498  2,019,915    1.0x       109    0.048     774天      N/A   0.054
[2026-07-25 12:17:31.180] 185  【医学博士】为什么你总是这么累？｜男人花期短？如何将    2,141,044 7788379    8,100,559    0.3x       212    0.048     421天      N/A   0.053
[2026-07-25 12:17:31.181] 186  挑战明星作息，一周内每天只睡4小时，现在只剩后悔!     2,469,548 285499073  5,280,451    0.5x        89    0.051    1161天      N/A   0.053
[2026-07-25 12:17:31.181] 187  《 熬 夜 冠 军 自 救 指 南 》           2,353,971 641591444  1,922,806    1.2x        47    0.046    2091天      N/A   0.053
[2026-07-25 12:17:31.182] 188  蛋仔派对：熬夜蛋和早起蛋？一个熬了一夜又一夜，一个好    3,904,123 488734970  1,369,476    2.9x       345    0.003     472天      N/A   0.053
[2026-07-25 12:17:31.182] 189  谁说每天熬夜的不算英雄                   4,234,781 230926815  3,178,475    1.3x       113    0.028    1560天      N/A   0.052
[2026-07-25 12:17:31.182] 190  “遗憾吗，那个陪你熬夜，和你说早安晚安，干什么都会告    2,048,255 164009593  5,442,735    0.4x        74    0.051    1152天      N/A   0.050
[2026-07-25 12:17:31.182] 191  你的耳朵，设计得有多牛哔？                 4,402,584 119528423  3,626,643    1.2x       111    0.025    1648天      N/A   0.050
[2026-07-25 12:17:31.184] 192  陈翔六点半:熬夜一时爽，上班就想躺             2,853,498 19286458   3,656,925    0.8x       620    0.011     192天      N/A   0.050
[2026-07-25 12:17:31.184] 193  熬夜吃辣还喝酒 为什么韩国人皮肤还那么好          2,429,414 15892313   3,106,996    0.8x        68    0.043    1497天      N/A   0.048
[2026-07-25 12:17:31.185] 194  【医学博士】都2025年了，防脱洗发水还在卖？｜洗头    1,966,040 7788379    8,100,559    0.2x       202    0.036     406天      N/A   0.042
[2026-07-25 12:17:31.185] 195  连续72小时不睡觉，你的大脑会发生什么？          2,048,102 119528423  3,626,643    0.6x       161    0.034     531天      N/A   0.041
[2026-07-25 12:17:31.186] 196  【半佛】疯狂熬夜，身体还能撑多久？             2,661,241 37663924   7,718,038    0.3x       242    0.024     459天      N/A   0.038
[2026-07-25 12:17:31.186] 197  卧谈第3期：熬夜大赏！各国夜生活大PK【非正式会谈第    2,814,905 15080107   1,315,927    2.1x        77    0.013    1527天      N/A   0.037
[2026-07-25 12:17:31.186] 198  给我床上安摄像头了？？？？                 2,130,527 297242063  4,511,362    0.5x       160    0.027     554天      N/A   0.035
[2026-07-25 12:17:31.187] 199  陈翔六点半：熬夜的危害竟然这么大              2,636,099 19286458   3,656,925    0.7x       226    0.011     487天      N/A   0.030
[2026-07-25 12:17:31.187] ------------------------------------------------------------------------------------------------------------------------------------------------------------------------------------
[2026-07-25 12:17:31.188] 
提示: 综合分 = 播放速率(30%) + 粉丝转化(25%) + 互动密度(20%) + 新鲜度(15%) + 播放量(10%)
[2026-07-25 12:17:31.188]       历史增长列显示多次爬取后的真实增长率，首次爬取为 N/A
[2026-07-25 12:17:31.190] 
[导出] 动量分析结果已保存到 output\熬夜\momentum_20260725_121731.csv
[2026-07-25 12:17:31.191] 
================================================================================
[2026-07-25 12:17:31.192]   标签权重 Top 10 (关键词: 熬夜)
[2026-07-25 12:17:31.192] ================================================================================
[2026-07-25 12:17:31.193] 总视频数: 199 | 不同标签数: 770
[2026-07-25 12:17:31.194] 算法: 标签权重 = 出现视频数 × 平均动量分
[2026-07-25 12:17:31.194] --------------------------------------------------------------------------------
[2026-07-25 12:17:31.194] 排名   标签                       出现次数      覆盖率      平均动量分       标签权重
[2026-07-25 12:17:31.195] --------------------------------------------------------------------------------
[2026-07-25 12:17:31.195] 1    熬夜                        107    53.8%      0.151     16.127
[2026-07-25 12:17:31.196] 2    搞笑                         64    32.2%      0.133      8.538
[2026-07-25 12:17:31.196] 3    健康                         50    25.1%      0.141      7.036
[2026-07-25 12:17:31.197] 4    睡眠                         29    14.6%      0.178      5.160
[2026-07-25 12:17:31.197] 5    科普                         31    15.6%      0.157      4.856
[2026-07-25 12:17:31.198] 6    沙雕                         29    14.6%      0.120      3.466
[2026-07-25 12:17:31.198] 7    生活                         19     9.5%      0.159      3.022
[2026-07-25 12:17:31.198] 8    万物研究所                      24    12.1%      0.124      2.966
[2026-07-25 12:17:31.198] 9    失眠                         17     8.5%      0.168      2.863
[2026-07-25 12:17:31.199] 10   医学                         22    11.1%      0.119      2.624
[2026-07-25 12:17:31.200] --------------------------------------------------------------------------------
[2026-07-25 12:17:31.200] 说明: 标签权重越高 = 该标签在高动量视频中出现越频繁，越值得关注
[2026-07-25 12:17:31.201] 
[导出] 标签分析已保存到 output\熬夜\tags_20260725_121731.txt
[2026-07-25 12:17:31.203] 
====================================================================================================
  价值分析 (独立评分)
====================================================================================================
[2026-07-25 12:17:31.205] 关键词: 熬夜
[2026-07-25 12:17:31.205] 评分维度: 深度互动比(35%) + 互动密度(25%) + 收藏率(20%) + 粉丝转化(10%) + 分享率(10%)
[2026-07-25 12:17:31.205] 说明: 价值评分衡量视频的长期内容质量，不受视频年龄/新鲜度影响

[2026-07-25 12:17:31.206] 
价值排行 Top 199（按价值综合评分排序）
[2026-07-25 12:17:31.206] ----------------------------------------------------------------------------------------------------------------------------------------------------------------------------------------------
[2026-07-25 12:17:31.206] 排名   标题                                  播放量 UP主              粉丝    深/浅比     互动密度     收藏率      转化     分享率    深互动分    互动分    收藏分    转化分    分享分     价值分
[2026-07-25 12:17:31.207] ----------------------------------------------------------------------------------------------------------------------------------------------------------------------------------------------
[2026-07-25 12:17:31.207] 1    你可以熬夜，但第二天必须去做这些恢复。           7,391,197 心理能量1101    442,864    1.29    0.212   0.107   16.7x   0.004   0.111  0.889  1.000  0.001  0.099   0.471
[2026-07-25 12:17:31.207] 2    求求你了！熬夜做了好几个晚上，让我通过吧！第70集P    2,907,440 哇宝宝独一无二      69,021   11.48    0.031   0.027   42.1x   0.000   1.000  0.122  0.254  0.002  0.000   0.431
[2026-07-25 12:17:31.207] 3    熬夜密码！                         3,926,306 樱桃小嘴巴114    137,061    1.28    0.186   0.087   28.6x   0.009   0.110  0.778  0.816  0.001  0.214   0.418
[2026-07-25 12:17:31.209] 4    在深渊里起舞，在崩溃中举杯                 2,189,145 尼采的胡子Nie   1,662,865    0.50    0.239   0.068    1.3x   0.006   0.041  1.000  0.629  0.000  0.127   0.403
[2026-07-25 12:17:31.210] 5    现代人精神内耗的解药                    2,127,940 尼采的胡子Nie   1,662,865    0.50    0.222   0.059    1.3x   0.007   0.041  0.930  0.548  0.000  0.168   0.373
[2026-07-25 12:17:31.210] 6    【医学博士】熬夜到几点会猝死？I 请为自己看完这个视    8,696,507 兔叭咯        8,100,559    1.03    0.182   0.036    1.1x   0.032   0.088  0.761  0.333  0.000  0.749   0.363
[2026-07-25 12:17:31.210] 7    【医学博士】危急情况如何自救？I 这条视频关键时刻能    2,205,967 兔叭咯        8,100,559    1.11    0.227   0.041    0.3x   0.006   0.095  0.952  0.382  0.000  0.140   0.362
[2026-07-25 12:17:31.211] 8    我最喜欢熬夜啦！                      3,886,461 尤超白         929,782    0.87    0.221   0.039    4.2x   0.013   0.074  0.925  0.361  0.000  0.308   0.360
[2026-07-25 12:17:31.211] 9    熬夜后该如何补救？熬夜方式不同，事后补救的方法也应该    2,110,373 冷却报告        841,555    1.35    0.157   0.054    2.5x   0.024   0.116  0.655  0.501  0.000  0.543   0.359
[2026-07-25 12:17:31.211] 10   【睡眠科学】哪有什么熬夜不老？都是大脑透支在负重前行    3,031,099 王阿华的解忧平行宇   867,206    1.29    0.163   0.055    3.5x   0.020   0.111  0.683  0.516  0.000  0.461   0.359
[2026-07-25 12:17:31.212] 11   【医学博士】死亡前的征兆是什么？I 猝死前如何正确自    5,829,030 兔叭咯        8,100,559    0.91    0.188   0.032    0.7x   0.022   0.078  0.787  0.299  0.000  0.513   0.335
[2026-07-25 12:17:31.212] 12   放弃熬夜，做清晨的霸主（人生效率的巨变）          2,342,216 硬核的HeyMat   916,903    1.50    0.142   0.060    2.6x   0.012   0.129  0.591  0.563  0.000  0.286   0.334
[2026-07-25 12:17:31.212] 13   熬夜之后如何科学恢复                    3,983,894 哈百里         368,043    1.22    0.136   0.059   10.8x   0.010   0.104  0.567  0.549  0.001  0.232   0.311
[2026-07-25 12:17:31.212] 14   从此告别熬夜，爱上清晨12min冥想+拉伸，一次高效    3,720,716 范李猿        2,790,572    1.85    0.122   0.058    1.3x   0.007   0.160  0.508  0.538  0.000  0.171   0.308
[2026-07-25 12:17:31.214] 15   【你为什么总是很累?】如何高效休息!            4,785,945 帅soseriou  4,283,401    1.28    0.133   0.047    1.1x   0.016   0.110  0.556  0.438  0.000  0.371   0.302
[2026-07-25 12:17:31.214] 16   你因为熬夜玩假山海经，第二天竟重生成了一条黄鳝       4,637,259 不虾说          20,078    8.24    0.018   0.015  231.0x   0.000   0.718  0.069  0.142  0.012  0.000   0.298
[2026-07-25 12:17:31.214] 17   正在熬夜的你刷到真是太幸福了                4,715,016 大明白李淑芬      532,231    5.81    0.045   0.037    8.9x   0.000   0.505  0.181  0.340  0.000  0.001   0.290
[2026-07-25 12:17:31.215] 18   【歌白】人是怎样通过熬夜把自己作死的？熬夜无法补救！    5,204,005 歌白说Gesloo  1,656,719    1.23    0.118   0.038    3.1x   0.024   0.105  0.490  0.350  0.000  0.557   0.285
[2026-07-25 12:17:31.215] 19   【医学博士】你一边熬夜一边担心猝死的样子真朋克啊！I    2,200,616 兔叭咯        8,100,559    0.87    0.159   0.024    0.3x   0.020   0.074  0.666  0.218  0.000  0.472   0.283
[2026-07-25 12:17:31.216] 20   大型纪录片《熬夜传奇》精彩奉献！              3,166,097 账号已注销         6,863    4.38    0.054   0.042  461.3x   0.001   0.380  0.222  0.392  0.024  0.019   0.271
[2026-07-25 12:17:31.216] 21   为什么学霸永远不会困？？如何上课不困、下课不累、做题    2,804,010 在下小苏       1,410,404    1.01    0.138   0.046    2.0x   0.005   0.086  0.574  0.425  0.000  0.124   0.271
[2026-07-25 12:17:31.216] 22   【科普】熬夜如何改变你的脸？                4,909,303 做视频的洛唐      237,343    1.13    0.113   0.038   20.7x   0.017   0.097  0.468  0.356  0.001  0.392   0.261
[2026-07-25 12:17:31.216] 23   熬夜好，熬夜是通往二次元的大门               2,217,917 兔柔Tutu_     430,504    0.25    0.172   0.029    5.2x   0.008   0.020  0.720  0.265  0.000  0.192   0.259
[2026-07-25 12:17:31.216] 24   【医学博士】“感冒”一个月没治，最后截肢了... |    2,456,334 兔叭咯        8,100,559    0.71    0.137   0.044    0.3x   0.006   0.060  0.569  0.407  0.000  0.134   0.258
[2026-07-25 12:17:31.217] 25   让你不敢再熬夜的睡眠真相：用5种伤害把自己作死，无法    2,594,419 心河摆渡       1,365,412    1.34    0.097   0.034    1.9x   0.023   0.115  0.403  0.317  0.000  0.527   0.257
[2026-07-25 12:17:31.217] 26   哪些症状是真正的猝死信号？不同程度的症状如何区别补救    3,531,981 冷却报告        841,555    1.03    0.107   0.033    4.2x   0.022   0.088  0.446  0.303  0.000  0.502   0.253
[2026-07-25 12:17:31.218] 27   熬夜的好处，你知道的太晚了                 5,557,882 自在中医说        11,818    0.39    0.109   0.016  470.3x   0.040   0.032  0.452  0.149  0.024  0.915   0.248
[2026-07-25 12:17:31.218] 28   睡眠真相：抱歉，我们无法补救熬夜【人体简史】第八集     4,245,614 医学科普联盟     3,129,159    1.05    0.108   0.030    1.4x   0.020   0.089  0.450  0.280  0.000  0.450   0.245
[2026-07-25 12:17:31.218] 29   外甥熬夜玩游戏，故意让他用包包接听电话，结果吓出一身    2,962,087 醋妮儿          61,393    7.52    0.004   0.004   48.2x   0.000   0.655  0.010  0.031  0.002  0.000   0.238
[2026-07-25 12:17:31.219] 30   熬夜的延迟反应                       3,544,643 古泽源        2,460,150    0.07    0.194   0.012    1.4x   0.004   0.004  0.811  0.106  0.000  0.094   0.235
[2026-07-25 12:17:31.219] 31   关心朋友                          2,450,023 学个小知识-       73,272    0.32    0.088   0.019   33.4x   0.043   0.026  0.362  0.175  0.002  1.000   0.235
[2026-07-25 12:17:31.220] 32   为什么当代年轻人戒不掉熬夜？                3,099,257 星有野        6,152,518    0.43    0.157   0.026    0.5x   0.004   0.036  0.657  0.237  0.000  0.094   0.234
[2026-07-25 12:17:31.220] 33   老人熬夜直播到手仅百元？up主实锤幕后团队造假！【下    2,469,987 康哟喂        1,648,176    0.80    0.167   0.013    1.5x   0.005   0.068  0.696  0.118  0.000  0.118   0.233
[2026-07-25 12:17:31.221] 34   年轻人！熬夜真的会要你的命！                3,038,427 张尔达         998,029    0.83    0.102   0.020    3.0x   0.028   0.070  0.423  0.189  0.000  0.645   0.233
[2026-07-25 12:17:31.221] 35   熬夜又不伤身的办法来了！大数据请把这条推给夜猫子们！    3,530,053 蛋解杂谈        450,818    3.68    0.049   0.037    7.8x   0.000   0.320  0.200  0.342  0.000  0.007   0.231
[2026-07-25 12:17:31.221] 36   【医学博士】晚睡晚起算不算熬夜？I 如何科学熬夜？     2,609,257 兔叭咯        8,100,559    0.56    0.137   0.021    0.3x   0.014   0.047  0.569  0.198  0.000  0.316   0.230
[2026-07-25 12:17:31.222] 37   【医学博士】18岁以后还能长高吗？I 熬夜会影响身高    5,732,944 兔叭咯        8,100,559    0.80    0.137   0.024    0.7x   0.008   0.068  0.570  0.225  0.000  0.177   0.229
[2026-07-25 12:17:31.222] 38   在阎王面前做假账                      2,719,531 查理蹦蹦       1,026,132    0.07    0.164   0.010    2.7x   0.016   0.005  0.683  0.091  0.000  0.370   0.228
[2026-07-25 12:17:31.222] 39   熬夜出油，痘痘闭口不停歇？泊本姜黄素水乳8小时长效控    2,087,618 三月兔的兔       450,755    5.88    0.019   0.016    4.6x   0.000   0.512  0.073  0.143  0.000  0.000   0.226
[2026-07-25 12:17:31.223] 40   【科学熬夜】8分钟搞定超高效睡眠法则            2,306,115 树熊时间         63,987    1.34    0.103   0.036   36.0x   0.004   0.115  0.426  0.334  0.002  0.100   0.224
[2026-07-25 12:17:31.224] 41   【医学博士】脖子酸痛？测测你是否有颈椎病 I 颈椎病    1,964,025 兔叭咯        8,100,559    0.67    0.133   0.023    0.2x   0.010   0.057  0.555  0.211  0.000  0.228   0.223
[2026-07-25 12:17:31.224] 42   没有让熬夜支持我的家人们失望                4,056,392 小孩曾卓君       754,541    0.80    0.151   0.009    5.4x   0.005   0.068  0.632  0.080  0.000  0.110   0.209
[2026-07-25 12:17:31.224] 43   【干货】如何在8小时内睡够3小时              2,306,757 闪电侠-flash  2,066,094    0.11    0.154   0.012    1.1x   0.006   0.007  0.645  0.111  0.000  0.149   0.201
[2026-07-25 12:17:31.225] 44   【医学博士】你每天这样吃饭，简直是在慢性自杀！I 胃    6,996,540 兔叭咯        8,100,559    0.59    0.107   0.021    0.9x   0.012   0.050  0.444  0.196  0.000  0.285   0.196
[2026-07-25 12:17:31.225] 45   "熬叶"                          2,200,664 洪某人i        880,526    0.27    0.119   0.017    2.5x   0.015   0.022  0.496  0.152  0.000  0.340   0.196
[2026-07-25 12:17:31.226] 46   熬夜时，最怕听到的声音                   2,287,203 cheems小电影  1,197,270    0.10    0.142   0.011    1.9x   0.010   0.007  0.594  0.099  0.000  0.220   0.193
[2026-07-25 12:17:31.226] 47   熬夜传奇，明天ICU我和你                 3,239,631 显卡大调查       400,586    0.86    0.087   0.037    8.1x   0.003   0.073  0.359  0.345  0.000  0.063   0.191
[2026-07-25 12:17:31.226] 48   亲身实测！熬夜48小时，我的身体出现了变化……       9,107,466 亿点点不一样     6,407,429    0.71    0.109   0.016    1.4x   0.011   0.060  0.451  0.150  0.000  0.253   0.189
[2026-07-25 12:17:31.227] 49   爸爸既然喜欢熬夜，那就让他熬到底吧~            4,139,183 硬核妈妈丽洁      480,656    6.02    0.003   0.002    8.6x   0.000   0.523  0.005  0.020  0.000  0.000   0.188
[2026-07-25 12:17:31.227] 50   以我为戒，警惕熬夜。。。                  4,166,333 _YMJ_       298,174    0.18    0.106   0.011   14.0x   0.023   0.014  0.440  0.097  0.001  0.541   0.188
[2026-07-25 12:17:31.227] 51   通宵熬夜后生物钟乱了可以这样调整              3,336,420 猎奇冷知识        90,110    0.39    0.109   0.027   37.0x   0.005   0.032  0.452  0.254  0.002  0.116   0.187
[2026-07-25 12:17:31.227] 52   为什么有时候明明很累，躺床上却还要报复性熬夜？       2,235,407 粉毛科普         76,549    0.45    0.111   0.026   29.2x   0.005   0.037  0.460  0.238  0.001  0.107   0.187
[2026-07-25 12:17:31.227] 53   【医学博士】每天3点睡，多少天会死？｜晚睡晚起，算熬    2,257,077 兔叭咯        8,100,559    0.70    0.105   0.019    0.3x   0.009   0.059  0.436  0.171  0.000  0.203   0.184
[2026-07-25 12:17:31.229] 54   原来熬夜带来的伤害是可以被抵消的？             8,448,275 小聪明张建国      357,717    2.28    0.050   0.033   23.6x   0.000   0.197  0.205  0.311  0.001  0.002   0.183
[2026-07-25 12:17:31.229] 55   你完全不了解梦有多重要！记忆力、创造力、伤痛疗愈，深    1,982,817 心河摆渡       1,365,412    0.90    0.085   0.031    1.5x   0.005   0.077  0.352  0.284  0.000  0.105   0.182
[2026-07-25 12:17:31.230] 56   连续熬夜了十年，现在开始早睡早起，还来得及吗？       2,762,666 notyour_k  1,129,933    0.79    0.099   0.019    2.4x   0.009   0.067  0.411  0.173  0.000  0.211   0.182
[2026-07-25 12:17:31.230] 57   【医学博士】熬夜后这四个迹象！说明你的身体已经到极限    5,947,383 兔叭咯        8,100,559    0.72    0.091   0.024    0.7x   0.009   0.061  0.376  0.221  0.000  0.212   0.181
[2026-07-25 12:17:31.230] 58   【医学博士】荨麻疹是如何杀人的？| 荨麻疹会跟一辈子    2,031,551 兔叭咯        8,100,559    0.78    0.096   0.020    0.3x   0.007   0.066  0.397  0.180  0.000  0.169   0.175
[2026-07-25 12:17:31.231] 59   转发给你天天熬夜的朋友                   1,972,543 解忧小韩        405,888    0.13    0.129   0.014    4.9x   0.004   0.009  0.538  0.128  0.000  0.090   0.172
[2026-07-25 12:17:31.231] 60   【医学博士】越想睡 越失眠？看完这个视频就能入睡！I    2,633,081 兔叭咯        8,100,559    0.63    0.091   0.016    0.3x   0.013   0.053  0.376  0.143  0.000  0.304   0.172
[2026-07-25 12:17:31.231] 61   熬夜！！差点要了我的命！！                 2,567,598 大西米君        182,552    0.49    0.079   0.009   14.1x   0.026   0.041  0.324  0.081  0.001  0.600   0.171
[2026-07-25 12:17:31.232] 62   原来熬夜带来的伤害很容易就能被抵消！            4,264,416 大明白李淑芬      532,231    3.48    0.027   0.020    8.0x   0.000   0.302  0.107  0.187  0.000  0.000   0.170
[2026-07-25 12:17:31.232] 63   【连续熬夜365天】我的身体发生了什么变化!       10,101,963 帅soseriou  4,283,401    0.89    0.086   0.018    2.4x   0.009   0.076  0.356  0.167  0.000  0.198   0.169
[2026-07-25 12:17:31.232] 64   离谱！假装陪女友熬夜熬出重病…女友看到偷换的假体检报    2,046,112 盖里老哥       2,019,915    0.59    0.116   0.007    1.0x   0.007   0.050  0.481  0.063  0.000  0.163   0.166
[2026-07-25 12:17:31.232] 65   【医学博士】如何快速瘦肚子？| 三个“好”习惯，“摧    6,077,918 兔叭咯        8,100,559    0.96    0.083   0.020    0.8x   0.006   0.082  0.341  0.186  0.000  0.143   0.165
[2026-07-25 12:17:31.233] 66   猝死前有哪些征兆？该如何进行自救？ 哪些习惯会增加猝    3,220,934 医学科普联盟     3,129,159    1.19    0.063   0.025    1.0x   0.008   0.102  0.257  0.234  0.000  0.177   0.164
[2026-07-25 12:17:31.233] 67   【医学博士】熬夜对脱发有多大伤害？｜ 秃发还能救回来    3,419,341 兔叭咯        8,100,559    0.62    0.093   0.013    0.4x   0.011   0.052  0.385  0.114  0.000  0.255   0.163
[2026-07-25 12:17:31.233] 68   连续熬夜一年，你的身体会发生什么变化？【第一集】      5,868,252 李白尼的猜想     3,626,643    0.77    0.075   0.017    1.6x   0.013   0.065  0.310  0.159  0.000  0.306   0.163
[2026-07-25 12:17:31.234] 69   【万能爷爷｜科普篇】荔枝的正确养生吃法，适合熬夜和常    7,423,948 猫meme团子     747,612    0.95    0.071   0.032    9.9x   0.001   0.081  0.290  0.294  0.000  0.022   0.162
[2026-07-25 12:17:31.234] 70   危！骗女友送她梦幻城堡…结果让她熬夜拼乐高！她暴怒！    2,907,874 盖里老哥       2,019,915    0.23    0.131   0.004    1.4x   0.002   0.018  0.547  0.030  0.000  0.057   0.155
[2026-07-25 12:17:31.234] 71   【医学博士】护肝片真的有用吗？| 出现这4种表现，说    2,246,453 兔叭咯        8,100,559    0.55    0.098   0.011    0.3x   0.007   0.046  0.408  0.097  0.000  0.168   0.154
[2026-07-25 12:17:31.235] 72   医学博士：晚睡晚起到底行不行？ I 晚睡晚起是熬夜吗    4,787,459 兔叭咯        8,100,559    0.55    0.090   0.010    0.6x   0.010   0.046  0.371  0.089  0.000  0.229   0.150
[2026-07-25 12:17:31.235] 73   危！同时送女友熬夜织的毛线包和万元LV包？让她选一个    2,377,359 盖里老哥       2,019,915    0.49    0.111   0.006    1.2x   0.003   0.041  0.461  0.051  0.000  0.073   0.147
[2026-07-25 12:17:31.235] 74   这也太踏实了。。。。                    5,436,771 阿瘫呀         698,912    0.11    0.117   0.010    7.8x   0.002   0.008  0.488  0.093  0.000  0.036   0.147
[2026-07-25 12:17:31.235] 75   当代熬夜人最怕听到的声音，清晨上早八            2,467,075 智先生电器           126    0.04    0.043   0.001 19580.0x   0.000   0.002  0.173  0.011  1.000  0.008   0.147
[2026-07-25 12:17:31.236] 76   【医学博士】遗传性脱发真的没救了？I 每天洗头会导致    6,315,021 兔叭咯        8,100,559    0.73    0.070   0.020    0.8x   0.006   0.062  0.290  0.182  0.000  0.143   0.145
[2026-07-25 12:17:31.236] 77   【焕白功课】长期熬夜？痘印暗沉？冬季如何快速焕亮的功    2,300,481 无名测评        533,222    0.50    0.081   0.024    4.3x   0.001   0.041  0.334  0.217  0.000  0.020   0.143
[2026-07-25 12:17:31.236] 78   天天熬夜都没黑眼圈，远离干纹细纹！告别无效眼霜！解锁    2,549,827 马彦锡Yancey   135,438    1.58    0.045   0.024   18.8x   0.002   0.136  0.182  0.222  0.001  0.044   0.142
[2026-07-25 12:17:31.237] 79   跟我一起念几遍，接着熬夜算你狠               2,335,178 中医骨伤张志晖      69,395    0.30    0.078   0.016   33.7x   0.010   0.024  0.322  0.146  0.002  0.227   0.141
[2026-07-25 12:17:31.237] 80   拒绝熬夜！                         2,183,596 葛叔不糊涂       179,754    0.05    0.106   0.005   12.1x   0.010   0.003  0.440  0.040  0.001  0.220   0.141
[2026-07-25 12:17:31.237] 81   【医学博士】每天凌晨3点睡，多少天会死？| 如何把熬   12,224,054 兔叭咯        8,100,559    0.76    0.064   0.019    1.5x   0.008   0.064  0.264  0.174  0.000  0.176   0.141
[2026-07-25 12:17:31.237] 82   人类无法共情熬夜时的自己！万字拉片式拆解《某种物质》    2,236,389 小鱼陪拉片      1,358,226    0.78    0.065   0.016    1.6x   0.007   0.066  0.269  0.148  0.000  0.165   0.137
[2026-07-25 12:17:31.237] 83   晚上睡不着，是该继续躺着还是起来玩手机？          2,205,738 急诊科魏兵       357,674    0.39    0.072   0.015    6.2x   0.009   0.032  0.295  0.138  0.000  0.200   0.133
[2026-07-25 12:17:31.239] 84   【医学博士】吃了100粒安眠药后，终于... | 误    2,826,283 兔叭咯        8,100,559    0.41    0.089   0.012    0.3x   0.002   0.034  0.366  0.113  0.000  0.053   0.132
[2026-07-25 12:17:31.239] 85   熬夜最恐怖的Buff叠满了                 2,827,006 无敌灏克       2,698,669    0.05    0.114   0.005    1.0x   0.001   0.003  0.475  0.045  0.000  0.026   0.131
[2026-07-25 12:17:31.240] 86   爷有熬夜的资本，你有吗                   2,234,827 冲浪达人阿怡     1,114,115    0.03    0.113   0.003    2.0x   0.001   0.001  0.471  0.027  0.000  0.020   0.125
[2026-07-25 12:17:31.240] 87   【科普】一天只睡四小时，多少天会死？？！！         4,795,874 潮杨汐客         11,432    0.51    0.051   0.009  419.5x   0.017   0.043  0.208  0.084  0.021  0.383   0.124
[2026-07-25 12:17:31.241] 88   【每天6杯咖啡】我的身体发生了什么变化?!         5,085,993 帅soseriou  4,283,401    0.69    0.062   0.011    1.2x   0.008   0.059  0.253  0.103  0.000  0.193   0.124
[2026-07-25 12:17:31.241] 89   “遗憾吗，那个陪你熬夜，和你说早安晚安，干什么都会告    2,048,255 罗老师哲学人生    5,442,735    0.92    0.051   0.018    0.4x   0.005   0.078  0.208  0.167  0.000  0.107   0.124
[2026-07-25 12:17:31.241] 90   市面上常见蛋白棒测评，熬夜测得，希望对各位小伙伴有帮    2,689,978 吴彦祖秃顶版     1,528,157    0.14    0.094   0.002    1.8x   0.008   0.011  0.390  0.020  0.000  0.184   0.124
[2026-07-25 12:17:31.242] 91   这届年轻人靠“熬夜水”续命？一瓶25元，究竟是不是智    2,269,740 穿毛裤的小拉泽    4,144,482    0.41    0.088   0.010    0.5x   0.000   0.034  0.364  0.092  0.000  0.009   0.122
[2026-07-25 12:17:31.242] 92   艺术家熬夜图鉴                       2,040,703 张煜东East     785,962    0.09    0.101   0.007    2.6x   0.001   0.006  0.421  0.059  0.000  0.023   0.121
[2026-07-25 12:17:31.242] 93   运动会死人吗？普通人如何避免心力衰竭悲剧｜运动学博士    2,205,711 北美运动学博士Br  1,189,776    0.87    0.058   0.014    1.9x   0.004   0.074  0.236  0.131  0.000  0.103   0.121
[2026-07-25 12:17:31.243] 94   假如世界禁止熬夜                      3,453,055 摆货小天才      1,187,522    0.08    0.100   0.006    2.9x   0.002   0.005  0.416  0.052  0.000  0.050   0.121
[2026-07-25 12:17:31.243] 95   我不能熬夜啦！！！                     3,410,227 爱妖术的侄女       95,943    0.39    0.079   0.013   35.5x   0.002   0.032  0.324  0.120  0.002  0.037   0.120
[2026-07-25 12:17:31.243] 96   如果你的朋友喜欢熬夜，记得这样关心他            3,496,714 小蓝和他的朋友日常  1,771,670    0.20    0.057   0.008    2.0x   0.018   0.016  0.234  0.076  0.000  0.409   0.120
[2026-07-25 12:17:31.244] 97   如何杀死一个脂肪细胞？                   6,880,560 李白尼的猜想     3,626,643    1.03    0.047   0.018    1.9x   0.003   0.088  0.192  0.167  0.000  0.063   0.119
[2026-07-25 12:17:31.244] 98   喜欢熬夜？把成年人哄睡是什么体验。。            3,422,157 力元君        4,295,955    0.38    0.086   0.009    0.8x   0.001   0.031  0.356  0.079  0.000  0.024   0.118
[2026-07-25 12:17:31.244] 99   【医学博士】总在一个地方长痘？说明你身体出了这样的问    2,964,997 兔叭咯        8,100,559    0.59    0.060   0.017    0.4x   0.003   0.049  0.246  0.155  0.000  0.069   0.117
[2026-07-25 12:17:31.245] 100  熬夜恐怖故事一则                      2,289,221 __毛毛毛__      87,534    0.06    0.101   0.005   26.2x   0.001   0.003  0.419  0.045  0.001  0.016   0.116
[2026-07-25 12:17:31.245] 101  【医学博士】为什么你总是这么累？｜男人花期短？如何将    2,141,044 兔叭咯        8,100,559    0.92    0.048   0.017    0.3x   0.003   0.079  0.196  0.159  0.000  0.065   0.115
[2026-07-25 12:17:31.245] 102  当我熬夜熬出了最佳作息                   2,317,951 凳子凳子_      1,304,603    0.06    0.092   0.005    1.8x   0.004   0.003  0.380  0.041  0.000  0.099   0.114
[2026-07-25 12:17:31.245] 103  身体：我命由天...不由我！                3,131,676 进击的金厂长     5,882,829    0.28    0.079   0.012    0.5x   0.001   0.023  0.325  0.106  0.000  0.028   0.113
[2026-07-25 12:17:31.245] 104  熬夜玩小手机差点被抓住了                  3,492,136 浪子mn        107,358    0.18    0.079   0.011   32.5x   0.002   0.013  0.328  0.097  0.002  0.038   0.110
[2026-07-25 12:17:31.247] 105  老熬夜对心脏不好，看完早点睡觉               4,260,066 爪子殿下        505,250    0.21    0.071   0.011    8.4x   0.005   0.017  0.291  0.097  0.000  0.110   0.109
[2026-07-25 12:17:31.247] 106  快转发给你爱熬夜的朋友                   3,713,207 赵挣钱           4,273    0.19    0.060   0.008  869.0x   0.010   0.015  0.245  0.068  0.044  0.240   0.108
[2026-07-25 12:17:31.247] 107  我一周只睡了十几个小时！达芬奇睡眠法真的有用么？      3,833,845 敬汉卿        9,157,378    0.28    0.085   0.005    0.4x   0.001   0.023  0.353  0.040  0.000  0.034   0.108
[2026-07-25 12:17:31.248] 108  【小魔】如何在3小时内睡够8小时？             8,691,598 -我是小魔-     1,924,877    1.74    0.026   0.016    4.5x   0.000   0.150  0.102  0.145  0.000  0.002   0.107
[2026-07-25 12:17:31.248] 109  熬 夜 波 比 【LOL小剧场】              1,999,606 迅捷画手Troll   340,058    0.42    0.069   0.009    5.9x   0.003   0.035  0.285  0.078  0.000  0.074   0.107
[2026-07-25 12:17:31.249] 110  边熬夜边健身，你的身体会发生哪些变化？           4,952,199 李白尼的猜想     3,626,643    0.55    0.052   0.012    1.4x   0.006   0.046  0.212  0.113  0.000  0.145   0.106
[2026-07-25 12:17:31.249] 111  熬夜背梗还是比不过先天抽象圣体               2,150,487 账号已注销           219    0.04    0.050   0.002 9819.6x   0.000   0.002  0.205  0.013  0.502  0.007   0.105
[2026-07-25 12:17:31.249] 112  【每天早晨5点起床】我的身体发生了什么变化?!       8,033,368 帅soseriou  4,283,401    0.71    0.054   0.012    1.9x   0.003   0.060  0.219  0.111  0.000  0.074   0.105
[2026-07-25 12:17:31.250] 113  严于律友，宽以待己！我熬夜行，你熬夜不行！         2,765,904 智鹏大聪明       149,494    0.04    0.086   0.003   18.5x   0.005   0.002  0.356  0.025  0.001  0.104   0.105
[2026-07-25 12:17:31.250] 114  30秒体验熬夜心脏暴毙                   2,086,590 觅2         1,441,166    0.10    0.080   0.005    1.4x   0.004   0.007  0.332  0.043  0.000  0.101   0.104
[2026-07-25 12:17:31.251] 115  因为长期熬夜，我被告知很难有小孩...           3,583,468 卑鄙的老曹      1,290,499    0.14    0.075   0.007    2.8x   0.004   0.010  0.311  0.058  0.000  0.099   0.103
[2026-07-25 12:17:31.251] 116  不会吧？不会现在还有人在熬夜吧？              9,862,483 阿星and阿奇    3,178,475    0.32    0.060   0.011    3.1x   0.005   0.026  0.247  0.096  0.000  0.125   0.102
[2026-07-25 12:17:31.251] 117  宿舍熬夜哥                         3,559,943 恶的Y不二       763,519    0.19    0.068   0.008    4.7x   0.005   0.015  0.280  0.072  0.000  0.106   0.100
[2026-07-25 12:17:31.251] 118  30岁也要熬夜打的游戏，专治电子ed的5款神作       2,734,076 易铭小疯子        64,101    0.59    0.054   0.013   42.7x   0.001   0.050  0.220  0.122  0.002  0.027   0.100
[2026-07-25 12:17:31.252] 119  24岁，熬夜，中风。                    5,872,013 深圳卫健委       897,772    0.27    0.031   0.004    6.5x   0.023   0.022  0.123  0.036  0.000  0.536   0.099
[2026-07-25 12:17:31.252] 120  【医学博士】为什么你越来越不行了？I 如何提高身体素    4,684,796 兔叭咯        8,100,559    0.40    0.058   0.009    0.6x   0.005   0.033  0.238  0.078  0.000  0.118   0.098
[2026-07-25 12:17:31.252] 121  【一次一勺】懒人必备|痛经告别无情热水！经期手脚冰凉    3,905,884 特务卷卷        706,333    0.98    0.033   0.013    5.5x   0.005   0.084  0.133  0.120  0.000  0.112   0.098
[2026-07-25 12:17:31.254] 122  肝火旺没精神？熬夜喝酒警惕肝脏亮红灯！护肝到底有多重    6,942,685 无名测评        533,222    0.66    0.044   0.015   13.0x   0.002   0.056  0.178  0.138  0.001  0.050   0.097
[2026-07-25 12:17:31.254] 123  为了不熬夜玩手机，我们做了这个...            9,004,794 老师好我叫何同学   12,839,482    0.41    0.059   0.011    0.7x   0.002   0.034  0.244  0.096  0.000  0.042   0.096
[2026-07-25 12:17:31.255] 124  不是所有的熬夜都叫熬夜！这几个熬夜补救大法赶紧收藏！    5,234,444 大瑞真机灵       755,249    1.23    0.029   0.016    6.9x   0.000   0.106  0.116  0.143  0.000  0.001   0.095
[2026-07-25 12:17:31.255] 125  我在首尔熬夜24小时，韩国人真把睡眠进化掉了！？      8,441,115 康哟喂        1,648,176    0.92    0.037   0.008    5.1x   0.007   0.079  0.147  0.073  0.000  0.159   0.095
[2026-07-25 12:17:31.255] 126  好险！！20岁小伙通宵玩游戏，“死亡”十分钟后又复活    2,040,978 河南民生频道大参考   203,989    0.12    0.053   0.003   10.0x   0.014   0.008  0.216  0.029  0.000  0.312   0.094
[2026-07-25 12:17:31.256] 127  生前何必久睡，死后必定长眠                 2,798,824 沙雕视频收集工具人    10,455    0.07    0.075   0.004  267.7x   0.002   0.004  0.309  0.038  0.014  0.055   0.093
[2026-07-25 12:17:31.256] 128  长期吃饭不规律，是怎么迫害你的？              6,770,841 李白尼的猜想     3,626,643    0.93    0.033   0.013    1.9x   0.003   0.079  0.133  0.118  0.000  0.074   0.092
[2026-07-25 12:17:31.256] 129  宿舍熬夜哥                        20,623,431 果冻卡哇        922,264    0.83    0.036   0.015   22.4x   0.001   0.070  0.145  0.138  0.001  0.019   0.090
[2026-07-25 12:17:31.256] 130  PDD熬夜看华语乐坛神仙过招  节目效果拉满（弹幕版    1,985,547 大路饼藏欧尼酱         678    0.70    0.032   0.006 2928.5x   0.004   0.059  0.129  0.052  0.150  0.098   0.088
[2026-07-25 12:17:31.257] 131  熬夜什么的，最喜欢了！｜ 原创动画 ｜ 我的爸爸是条    2,509,287 我的爸爸是条龙    1,538,591    0.09    0.069   0.005    1.6x   0.002   0.006  0.285  0.040  0.000  0.053   0.087
[2026-07-25 12:17:31.258] 132  用科学的方式起夜                      3,102,295 嘞是唐孃孃      2,093,417    0.04    0.076   0.002    1.5x   0.002   0.002  0.313  0.018  0.000  0.040   0.086
[2026-07-25 12:17:31.258] 133  【烟酰胺水乳】熬夜肌肤状态差？如何快速改善熬夜肌的方    3,865,667 无名测评        533,222    0.88    0.033   0.013    7.2x   0.001   0.075  0.130  0.116  0.000  0.031   0.085
[2026-07-25 12:17:31.258] 134  宝贝为啥不回话？                      5,713,562 阿星and阿奇    3,178,475    0.16    0.063   0.007    1.8x   0.001   0.012  0.258  0.066  0.000  0.031   0.085
[2026-07-25 12:17:31.259] 135  蛋仔派对：熬夜蛋和早起蛋？一个熬了一夜又一夜，一个好    3,904,123 魔鬼鱼秀儿      1,369,476    2.56    0.003   0.002    2.9x   0.000   0.222  0.006  0.018  0.000  0.000   0.083
[2026-07-25 12:17:31.259] 136  千万别给狗子买太大的零食，否则她会熬夜啃          2,113,305 月下鸣笛人       284,607    0.08    0.064   0.004    7.4x   0.003   0.005  0.265  0.035  0.000  0.070   0.082
[2026-07-25 12:17:31.260] 137  凭什么韩国人熬夜不脱发 英国满街是秃头？          4,164,557 知名相声演员BBB  3,106,996    0.16    0.063   0.005    1.3x   0.002   0.012  0.258  0.040  0.000  0.053   0.082
[2026-07-25 12:17:31.260] 138  熬夜暗沉？黄气色斑？如何改善，亲测有效！          4,987,819 一只钟知了       256,728    0.92    0.030   0.013   19.4x   0.001   0.079  0.117  0.116  0.001  0.016   0.082
[2026-07-25 12:17:31.260] 139  别再让你的手机熬夜了！                   4,293,660 钉钉DingTal  1,784,343    0.80    0.032   0.014    2.4x   0.000   0.068  0.129  0.124  0.000  0.005   0.081
[2026-07-25 12:17:31.261] 140  熬  夜  波  比                    2,722,812 鸽王阿鸟        176,475    0.34    0.052   0.006   15.4x   0.003   0.028  0.211  0.056  0.001  0.067   0.080
[2026-07-25 12:17:31.261] 141  【轰】医生！急诊室来了个这玩意儿啊啊！！          5,395,516 米尼麦泥轰      3,648,994    0.60    0.038   0.013    1.5x   0.000   0.051  0.154  0.116  0.000  0.003   0.080
[2026-07-25 12:17:31.261] 142  【半佛】疯狂熬夜，身体还能撑多久？             2,661,241 硬核的半佛仙人    7,718,038    0.68    0.024   0.009    0.3x   0.009   0.057  0.094  0.078  0.000  0.198   0.079
[2026-07-25 12:17:31.262] 143  暑假熬夜时的尴尬                      2,453,226 萧枭同学       3,216,817    0.08    0.067   0.004    0.8x   0.000   0.005  0.276  0.036  0.000  0.008   0.079
[2026-07-25 12:17:31.262] 144  熬夜熬成仙？各位肝士这期一定要看！半小时进入深度睡眠    3,427,637 无名测评        533,222    0.37    0.045   0.010    6.4x   0.001   0.031  0.183  0.094  0.000  0.031   0.078
[2026-07-25 12:17:31.262] 145  【爱情公寓超长爆笑合集】“没有什么烦恼是一小时的爱情    4,255,780 爱情公寓-张伟剪辑    56,401    0.62    0.039   0.009   75.5x   0.001   0.052  0.157  0.085  0.004  0.018   0.077
[2026-07-25 12:17:31.263] 146  主人强行拉着哈士奇一起熬夜，会发生什么？          2,355,106 哈仔十一       1,053,053    0.08    0.066   0.002    2.2x   0.002   0.005  0.271  0.014  0.000  0.042   0.077
[2026-07-25 12:17:31.263] 147  【花小烙】长期熬夜会让你的身体发生什么改变？        9,020,722 画渣花小烙      5,725,094    0.32    0.049   0.009    1.6x   0.001   0.026  0.199  0.077  0.000  0.022   0.076
[2026-07-25 12:17:31.263] 148  【脱发怎么办】熬夜脱发还能长出来吗？            3,189,875 毛发医生在线      301,243    0.65    0.027   0.008   10.6x   0.006   0.055  0.105  0.068  0.001  0.149   0.074
[2026-07-25 12:17:31.263] 149  【医学博士】都2025年了，防脱洗发水还在卖？｜洗头    1,966,040 兔叭咯        8,100,559    0.51    0.036   0.009    0.2x   0.002   0.043  0.146  0.079  0.000  0.053   0.073
[2026-07-25 12:17:31.264] 150  我终于不熬夜啦！！！                    2,735,165 爱妖术的侄女       95,943    0.76    0.029   0.011   28.5x   0.000   0.065  0.115  0.101  0.001  0.002   0.072
[2026-07-25 12:17:31.264] 151  史上最伟大的发明！人类是怎么拥有熬夜自由的？        5,762,759 小透明明TM     2,837,528    0.85    0.031   0.007    2.0x   0.001   0.072  0.125  0.066  0.000  0.014   0.071
[2026-07-25 12:17:31.265] 152  【梗百科】怀民亦未寝是啥梗？                2,473,250 梗百科        2,343,802    0.19    0.048   0.007    1.1x   0.002   0.015  0.195  0.059  0.000  0.047   0.070
[2026-07-25 12:17:31.265] 153  医生出120遇到的都是什么狗血剧情？打120怎么沟通    3,569,637 大物是也       2,355,313    0.39    0.048   0.003    1.5x   0.002   0.032  0.196  0.028  0.000  0.038   0.069
[2026-07-25 12:17:31.265] 154  当你只睡了4小时早起吃早餐belike           3,161,821 无聊的小韩_      497,922    0.06    0.058   0.003    6.4x   0.002   0.003  0.238  0.023  0.000  0.041   0.069
[2026-07-25 12:17:31.266] 155  刺激！女友突然逼我吃枸杞…我把她带香港熬夜一整晚…她    2,026,549 盖里老哥       2,019,915    0.27    0.048   0.004    1.0x   0.002   0.022  0.194  0.039  0.000  0.052   0.069
[2026-07-25 12:17:31.266] 156  脸蛋洗得干干净净的男孩子真的很加分！甩掉大油田全靠它    5,270,597 不吃香菜c减肥版      8,424    0.55    0.030   0.010  625.7x   0.000   0.046  0.119  0.091  0.032  0.010   0.068
[2026-07-25 12:17:31.266] 157  年轻人少熬夜，真的会越长越丑                5,311,501 这个B连名字都不会       491    0.12    0.008   0.001 10817.7x   0.001   0.009  0.028  0.004  0.552  0.017   0.068
[2026-07-25 12:17:31.267] 158  睡不着闭眼硬躺，算熬夜还是算休息？             2,278,639 大明白李淑芬      532,231    1.11    0.018   0.009    4.3x   0.000   0.095  0.067  0.078  0.000  0.002   0.066
[2026-07-25 12:17:31.268] 159  晚上闭眼躺着但一直睡不着，算熬夜吗？            2,584,893 科普小姐姐       357,116    0.49    0.031   0.008    7.2x   0.002   0.041  0.125  0.073  0.000  0.054   0.066
[2026-07-25 12:17:31.268] 160  蛋仔派对：晚上熬夜看爽文，谁知道……            2,910,025 奶蛋嘟嘟         48,573    1.13    0.017   0.008   59.9x   0.000   0.097  0.063  0.075  0.003  0.000   0.065
[2026-07-25 12:17:31.268] 161  整活！趁女友熟睡偷偷把她带到恐怖哀牢山熬夜…她整个人    4,194,781 盖里老哥       2,019,915    0.62    0.031   0.008    2.1x   0.001   0.052  0.125  0.067  0.000  0.020   0.065
[2026-07-25 12:17:31.269] 162  挑战明星作息，一周内每天只睡4小时，现在只剩后悔!     2,469,548 东尼ookii    5,280,451    0.19    0.051   0.003    0.5x   0.001   0.015  0.206  0.026  0.000  0.028   0.065
[2026-07-25 12:17:31.269] 163  连续72小时不睡觉，你的大脑会发生什么？          2,048,102 李白尼的猜想     3,626,643    0.43    0.034   0.007    0.6x   0.002   0.035  0.138  0.065  0.000  0.043   0.064
[2026-07-25 12:17:31.269] 164  熬夜吃辣还喝酒 为什么韩国人皮肤还那么好          2,429,414 知名相声演员BBB  3,106,996    0.26    0.043   0.004    0.8x   0.002   0.021  0.173  0.037  0.000  0.048   0.063
[2026-07-25 12:17:31.269] 165  韩国人不需要睡觉吗？为什么熬夜还那么有精神         4,760,513 知名相声演员BBB  3,106,996    0.25    0.031   0.003    1.5x   0.007   0.020  0.124  0.027  0.000  0.170   0.061
[2026-07-25 12:17:31.270] 166  蛋仔派对：熬夜的危害，南瓜最困的一集            3,038,509 97岁的懒羊羊     817,917    1.03    0.016   0.007    3.7x   0.000   0.088  0.060  0.067  0.000  0.000   0.059
[2026-07-25 12:17:31.270] 167  这些动作正在让你变丑！                   3,370,808 局部地区one      59,852    1.24    0.011   0.006   56.3x   0.000   0.107  0.038  0.051  0.003  0.000   0.057
[2026-07-25 12:17:31.271] 168  【小心肝～】加班996熬夜党必看！酒精人偷偷内卷背后    6,048,504 特务卷卷        706,333    0.41    0.030   0.007    8.6x   0.001   0.034  0.118  0.067  0.000  0.019   0.057
[2026-07-25 12:17:31.271] 169  晚上两点睡早上十点起算熬夜吗                2,565,103 i_纪录        427,844    0.07    0.042   0.002    6.0x   0.003   0.004  0.172  0.018  0.000  0.079   0.056
[2026-07-25 12:17:31.271] 170  坏了，让他演爽了                      3,015,139 马哥巨离谱      1,513,664    0.25    0.040   0.002    2.0x   0.002   0.020  0.161  0.015  0.000  0.048   0.055
[2026-07-25 12:17:31.271] 171  不同学生熬夜后上学                     3,126,184 万宁叔vv       548,254    0.06    0.049   0.003    5.7x   0.000   0.004  0.198  0.021  0.000  0.004   0.055
[2026-07-25 12:17:31.272] 172  最痛苦的一觉be like：                2,514,863 凳子凳子_      1,304,603    0.04    0.050   0.002    1.9x   0.000   0.002  0.205  0.013  0.000  0.006   0.055
[2026-07-25 12:17:31.272] 173  《 熬 夜 冠 军 自 救 指 南 》           2,353,971 阿巳与小铃铛     1,922,806    0.09    0.046   0.002    1.2x   0.001   0.006  0.187  0.014  0.000  0.029   0.055
[2026-07-25 12:17:31.273] 174  给我床上安摄像头了？？？？                 2,130,527 黄一刀        4,511,362    0.48    0.027   0.008    0.5x   0.000   0.040  0.106  0.067  0.000  0.006   0.054
[2026-07-25 12:17:31.274] 175  带猫熬夜不让它睡觉，结果。。。               3,377,733 布丁仔和泡芙妹的一   286,639    0.04    0.049   0.002   11.8x   0.001   0.002  0.199  0.014  0.001  0.012   0.054
[2026-07-25 12:17:31.274] 176  什么是顶级损友！上完厕所回来发现地形变弯了？熬夜熬出    2,698,164 Mge山山       382,338    1.10    0.011   0.005    7.1x   0.000   0.094  0.037  0.046  0.000  0.000   0.051
[2026-07-25 12:17:31.275] 177  谁说每天熬夜的不算英雄                   4,234,781 阿星and阿奇    3,178,475    0.33    0.028   0.006    1.3x   0.001   0.027  0.109  0.051  0.000  0.021   0.049
[2026-07-25 12:17:31.275] 178  熬夜会失去寿命，但熬夜时已经比别人多活了呀？        6,460,460 大明白李淑芬      532,231    1.09    0.008   0.004   12.1x   0.000   0.093  0.027  0.034  0.001  0.000   0.046
[2026-07-25 12:17:31.275] 179  退钱！喝它女朋友凌晨三点还不让我睡觉！！！        12,893,323 小狸教你薅羊毛       4,461    0.18    0.022   0.003 2890.2x   0.000   0.014  0.084  0.023  0.148  0.007   0.046
[2026-07-25 12:17:31.276] 180  熬夜变成黄脸婆？吃它抗衰回春！找回年轻好状态！       2,192,471 黄油家的曲奇      129,101    0.60    0.017   0.006   17.0x   0.001   0.050  0.064  0.051  0.001  0.015   0.046
[2026-07-25 12:17:31.276] 181  你的耳朵，设计得有多牛哔？                 4,402,584 李白尼的猜想     3,626,643    0.43    0.025   0.004    1.2x   0.001   0.035  0.100  0.035  0.000  0.012   0.045
[2026-07-25 12:17:31.277] 182  【脱口秀合集】30分钟爆笑脱口秀精选！不容错过的电子    2,728,652 账号已注销        30,622    0.72    0.012   0.004   89.1x   0.002   0.061  0.044  0.035  0.005  0.043   0.044
[2026-07-25 12:17:31.277] 183  蛋仔派对：熬夜到凌晨睡觉会梦游？身体不受控制，后果很    5,331,527 辉哥游戏解说     1,491,929    1.13    0.006   0.003    3.6x   0.000   0.097  0.017  0.024  0.000  0.000   0.043
[2026-07-25 12:17:31.277] 184  再也不敢熬夜了                       2,436,229 讲故事的杏仁酥      76,118    1.07    0.006   0.003   32.0x   0.000   0.092  0.016  0.023  0.002  0.000   0.041
[2026-07-25 12:17:31.278] 185  当你熬穿了企图骗过妈妈                   2,038,055 小熊的奇思妙想唯一   340,505    0.04    0.037   0.001    6.0x   0.000   0.002  0.149  0.008  0.000  0.005   0.040
[2026-07-25 12:17:31.278] 186  别让熬夜成为习惯，早点睡觉，好好生活！           3,122,858 三坚客          25,246    1.08    0.005   0.002  123.7x   0.000   0.092  0.012  0.018  0.006  0.000   0.040
[2026-07-25 12:17:31.278] 187  耐心看完，你就知道你的头发怎么救了             2,242,989 拿个蘑菇装雨伞       2,047    0.17    0.023   0.003 1095.7x   0.000   0.013  0.090  0.027  0.056  0.005   0.039
[2026-07-25 12:17:31.278] 188  熬夜看完全部场次的真球迷举个手               2,148,075 不凉少年派      1,073,204    0.07    0.030   0.002    2.0x   0.000   0.004  0.118  0.012  0.000  0.005   0.034
[2026-07-25 12:17:31.279] 189  可口可乐新品名字遭吐槽，“夏枯草”一出，劝退中国人     2,502,251 神鸟快评         39,667    0.09    0.025   0.002   63.1x   0.001   0.006  0.099  0.011  0.003  0.015   0.031
[2026-07-25 12:17:31.279] 190  明星的公主病：袁雨萱得知要熬夜崩溃大哭，导演怒批杨颖    2,205,743 猹娱饭后          4,474    0.34    0.014   0.003  493.0x   0.000   0.028  0.052  0.023  0.025  0.002   0.030
[2026-07-25 12:17:31.279] 191  原来熬夜还可以防小偷！                   8,815,634 笑点有点低哦      225,269    0.17    0.020   0.003   39.1x   0.000   0.013  0.078  0.024  0.002  0.005   0.030
[2026-07-25 12:17:31.279] 192  当你半夜消费不小心用到妈妈的亲情卡             2,626,554 小熊的奇思妙想唯一   340,505    0.02    0.027   0.000    7.7x   0.000   0.000  0.106  0.001  0.000  0.002   0.027
[2026-07-25 12:17:31.280] 193  卧谈第3期：熬夜大赏！各国夜生活大PK【非正式会谈第    2,814,905 非正式会谈      1,315,927    0.33    0.013   0.000    2.1x   0.000   0.027  0.049  0.000  0.000  0.006   0.022
[2026-07-25 12:17:31.280] 194  这么好的儿子我也是第一次养…… | 原创动画 | 我    5,474,682 我的爸爸是条龙    1,538,591    0.13    0.017   0.002    3.6x   0.000   0.010  0.064  0.012  0.000  0.003   0.022
[2026-07-25 12:17:31.281] 195  陈翔六点半:熬夜一时爽，上班就想躺             2,853,498 陈翔六点半      3,656,925    0.27    0.011   0.002    0.8x   0.000   0.022  0.041  0.013  0.000  0.003   0.021
[2026-07-25 12:17:31.281] 196  陈翔六点半：熬夜的危害竟然这么大              2,636,099 陈翔六点半      3,656,925    0.26    0.011   0.002    0.7x   0.000   0.021  0.040  0.014  0.000  0.004   0.021
[2026-07-25 12:17:31.281] 197  熬夜辅助床                         3,126,442 大酱有想法       114,656    0.08    0.016   0.001   27.3x   0.001   0.005  0.062  0.007  0.001  0.013   0.020
[2026-07-25 12:17:31.281] 198  人类失去睡眠能力，爱熬夜的人活的最久？大脑洞科幻电影    1,980,160 晓新说电影        16,223    0.59    0.002   0.001  122.1x   0.000   0.050  0.000  0.001  0.006  0.000   0.018
[2026-07-25 12:17:31.281] 199  本以为只有我熬夜修仙，结果妈妈才是隐藏的熬夜王者      2,299,824 晚安羚羊王子       40,421    0.09    0.014   0.001   56.9x   0.000   0.006  0.053  0.006  0.003  0.000   0.017
[2026-07-25 12:17:31.283] ----------------------------------------------------------------------------------------------------------------------------------------------------------------------------------------------
[2026-07-25 12:17:31.283] 
提示: 价值分 = 深度互动比(35%) + 互动密度(25%) + 收藏率(20%) + 粉丝转化(10%) + 分享率(10%)
[2026-07-25 12:17:31.284]       深度互动比 = (投币+收藏)/点赞，>1.0 表示用户愿意付出成本的认可超过浅层点赞
[2026-07-25 12:17:31.284]       与动量分析互补：动量看'速度'，价值看'质量'
[2026-07-25 12:17:31.285] 
================================================================================
[2026-07-25 12:17:31.285]   标签权重 Top 10 (关键词: 熬夜)
[2026-07-25 12:17:31.286] ================================================================================
[2026-07-25 12:17:31.286] 总视频数: 199 | 不同标签数: 770
[2026-07-25 12:17:31.286] 算法: 标签权重 = 出现视频数 × 平均价值分
[2026-07-25 12:17:31.286] --------------------------------------------------------------------------------
[2026-07-25 12:17:31.286] 排名   标签                       出现次数      覆盖率      平均价值分       标签权重
[2026-07-25 12:17:31.288] --------------------------------------------------------------------------------
[2026-07-25 12:17:31.288] 1    熬夜                        107    53.8%      0.161     17.218
[2026-07-25 12:17:31.289] 2    搞笑                         64    32.2%      0.140      8.952
[2026-07-25 12:17:31.289] 3    健康                         50    25.1%      0.155      7.737
[2026-07-25 12:17:31.290] 4    科普                         31    15.6%      0.174      5.394
[2026-07-25 12:17:31.290] 5    沙雕                         29    14.6%      0.174      5.034
[2026-07-25 12:17:31.291] 6    睡眠                         29    14.6%      0.165      4.789
[2026-07-25 12:17:31.291] 7    医学                         22    11.1%      0.193      4.246
[2026-07-25 12:17:31.291] 8    万物研究所                      24    12.1%      0.157      3.772
[2026-07-25 12:17:31.292] 9    生活                         19     9.5%      0.169      3.204
[2026-07-25 12:17:31.292] 10   猝死                         14     7.0%      0.215      3.016
[2026-07-25 12:17:31.292] --------------------------------------------------------------------------------
[2026-07-25 12:17:31.293] 说明: 标签权重越高 = 该标签在高质量视频中出现越频繁，越值得重点关注
[2026-07-25 12:17:31.293] 
[导出] 标签分析已保存到 output\熬夜\tags_20260725_121731.txt
[2026-07-25 12:17:31.297] 
[导出] 价值分析结果已保存到 output\熬夜\value_20260725_121731.csv
