[2026-07-25 13:01:07.789] 日志文件: output\美女\xhs_spider_20260725_130107.log
[2026-07-25 13:01:07.803] [任务] 创建任务#9: 关键词='美女', 页数=1, 排序=general
[2026-07-25 13:01:08.717] [浏览器] 已注入 16 个 cookie
[2026-07-25 13:01:08.959] [浏览器] Edge 浏览器已启动 (headless=False)
[2026-07-25 13:01:08.961] [搜索] 关键词='美女' 第1页 排序=general
[2026-07-25 13:01:18.025] [搜索] ✓ 返回 22 条笔记
[2026-07-25 13:01:18.026] [任务] 第1页搜索到 22 条，累计 21 条
[2026-07-25 13:01:18.027] [任务] 第1页：处理 21 条详情（1-21/21）...
[2026-07-25 13:01:22.174] [DOM调试] date命中=True date_text='05-28' tag数=3 share_text='None'
[2026-07-25 13:01:22.192] [详情] ✓ '你' 互动=58864 赞=53658 藏=4723 评=483
[2026-07-25 13:01:29.934] [DOM调试] date命中=True date_text='06-30 河北' tag数=10 share_text='None'
[2026-07-25 13:01:29.938] [详情] ✓ '' 互动=2091 赞=1498 藏=585 评=8
[2026-07-25 13:01:38.980] [DOM调试] date命中=True date_text='04-07' tag数=2 share_text='None'
[2026-07-25 13:01:38.981] [详情] ✓ '纯欲天花板' 互动=1934 赞=1342 藏=585 评=7
[2026-07-25 13:01:47.510] [DOM调试] date命中=True date_text='2025-12-31' tag数=4 share_text='None'
[2026-07-25 13:01:47.511] [详情] ✓ '𝟐𝟎𝟐𝟓我的年度18图' 互动=9119 赞=7611 藏=1425 评=83
[2026-07-25 13:01:55.434] [DOM调试] date命中=True date_text='05-28' tag数=3 share_text='None'
[2026-07-25 13:01:55.437] [详情] ✓ '芥末萌(｡ì _ í｡)' 互动=3471 赞=2782 藏=626 评=63
[2026-07-25 13:02:03.207] [DOM调试] date命中=True date_text='04-30' tag数=3 share_text='None'
[2026-07-25 13:02:03.209] [详情] ✓ '要和小爱一起去海边玩吗' 互动=1545 赞=1056 藏=486 评=3
[2026-07-25 13:02:17.326] [详情] ✗ 弹窗未出现
[2026-07-25 13:02:17.348] [详情] ✗ 第7条 '' 获取失败
[2026-07-25 13:02:26.198] [DOM调试] date命中=True date_text='03-10' tag数=11 share_text='None'
[2026-07-25 13:02:26.209] [详情] ✓ '左划看普通女大互勉拍照一年的变化～' 互动=14063 赞=11168 藏=2464 评=431
[2026-07-25 13:02:35.855] [DOM调试] date命中=True date_text='06-05' tag数=7 share_text='None'
[2026-07-25 13:02:35.857] [详情] ✓ '蕾蕾的' 互动=18145 赞=13639 藏=4285 评=221
[2026-07-25 13:02:45.116] [DOM调试] date命中=True date_text='2025-11-04' tag数=0 share_text='None'
[2026-07-25 13:02:45.118] [详情] ✓ 'ᨳ͛⁠⁃ ⩊ ⁃ ഒ' 互动=2162 赞=1690 藏=377 评=95
[2026-07-25 13:02:53.666] [DOM调试] date命中=True date_text='06-10' tag数=2 share_text='None'
[2026-07-25 13:02:53.666] [详情] ✓ '泰国普吉岛跟三亚海边一样…😭' 互动=7651 赞=5543 藏=1989 评=119
[2026-07-25 13:03:01.460] [DOM调试] date命中=True date_text='编辑于 03-09' tag数=2 share_text='None'
[2026-07-25 13:03:01.463] [详情] ✓ '温柔姐姐' 互动=6749 赞=5433 藏=1243 评=73
[2026-07-25 13:03:10.555] [DOM调试] date命中=True date_text='05-08' tag数=3 share_text='None'
[2026-07-25 13:03:10.559] [详情] ✓ '' 互动=22039 赞=19822 藏=1949 评=268
[2026-07-25 13:03:17.908] [DOM调试] date命中=True date_text='04-30' tag数=3 share_text='None'
[2026-07-25 13:03:17.909] [详情] ✓ '没活就酒杯腿挑战' 互动=23819 赞=17828 藏=5919 评=72
[2026-07-25 13:03:25.300] [DOM调试] date命中=True date_text='编辑于 04-24' tag数=5 share_text='None'
[2026-07-25 13:03:25.301] [详情] ✓ '宅家拍点照、就爱这种轻松感～' 互动=2083 赞=1539 藏=521 评=23
[2026-07-25 13:03:34.313] [DOM调试] date命中=True date_text='06-17' tag数=5 share_text='None'
[2026-07-25 13:03:34.315] [详情] ✓ '🐰 🐇🐱🐾🐈' 互动=16257 赞=12598 藏=3327 评=332
[2026-07-25 13:03:46.645] [详情] ✗ 弹窗未出现
[2026-07-25 13:03:46.656] [详情] ✗ 第17条 '静水成玉' 获取失败
[2026-07-25 13:03:56.705] [DOM调试] date命中=True date_text='06-26 上海' tag数=0 share_text='None'
[2026-07-25 13:03:56.707] [详情] ✓ '我买了件很漂亮的泳衣～' 互动=23652 赞=18653 藏=4897 评=102
[2026-07-25 13:04:03.576] [DOM调试] date命中=True date_text='06-11' tag数=2 share_text='None'
[2026-07-25 13:04:03.578] [详情] ✓ '来公园吸氧啦🍃' 互动=6124 赞=5126 藏=846 评=152
[2026-07-25 13:04:10.426] [DOM调试] date命中=True date_text='编辑于 03-30' tag数=8 share_text='None'
[2026-07-25 13:04:10.427] [详情] ✓ '' 互动=2139 赞=1363 藏=769 评=7
[2026-07-25 13:04:19.293] [DOM调试] date命中=True date_text='03-21' tag数=0 share_text='None'
[2026-07-25 13:04:19.293] [详情] ✓ '꒰🎀⊹ ࣪ ˖ 𝓟𝓲𝓷𝓴 𝓓𝓲𝓪𝓻𝔂 ໒꒱' 互动=1546 赞=1274 藏=257 评=15
[2026-07-25 13:04:22.969] [任务] 第1页完成，累计成功=19, 失败=2
[2026-07-25 13:04:22.971] [任务] 全部完成，共 21 条笔记，详情成功 19 条
[2026-07-25 13:04:23.511] 
[2026-07-25 13:04:23.514] ======================================================================
[2026-07-25 13:04:23.516]   自动分析与导出  模式: both
[2026-07-25 13:04:23.517] ======================================================================
[2026-07-25 13:04:23.519] 
[2026-07-25 13:04:23.522] [动量分析] 关键词='美女'
[2026-07-25 13:04:23.526] [动量分析] 共 19 条笔记
[2026-07-25 13:04:23.528] 
[2026-07-25 13:04:23.531] ------------------------------------------------------------------------------------------------------------------------
[2026-07-25 13:04:23.533] 排名   标题                                  互动量 作者               速率/h      密度    年龄(h)     综合分
[2026-07-25 13:04:23.536] ------------------------------------------------------------------------------------------------------------------------
[2026-07-25 13:04:23.538] 1    你                                58,864 anvil.             42   1.000   1405.0   0.833
[2026-07-25 13:04:23.538] 2    我买了件很漂亮的泳衣～                      23,652 仓大佬                 0   1.000      0.0   0.558
[2026-07-25 13:04:23.540] 3    🐰 🐇🐱🐾🐈                           16,257 小岚同学               18   1.000    925.1   0.519
[2026-07-25 13:04:23.541] 4    蕾蕾的                              18,145 小亿                 15   1.000   1213.0   0.502
[2026-07-25 13:04:23.541] 5                                      2,091 颜财神✨                0   1.000      0.0   0.501
[2026-07-25 13:04:23.542] 6    没活就酒杯腿挑战                         23,819 宫本绘                11   1.000   2077.1   0.487
[2026-07-25 13:04:23.543] 7                                     22,039 kilin_             12   1.000   1885.0   0.485
[2026-07-25 13:04:23.545] 8    泰国普吉岛跟三亚海边一样…😭                    7,651 诗颖                  7   1.000   1093.0   0.408
[2026-07-25 13:04:23.545] 9    来公园吸氧啦🍃                           6,124 你是彬彬吗               6   1.000   1069.1   0.393
[2026-07-25 13:04:23.546] 10   左划看普通女大互勉拍照一年的变化～                14,063 小斜                  4   1.000   3301.0   0.368
[2026-07-25 13:04:23.547] 11   芥末萌(｡ì _ í｡)                      3,471 seo子                2   1.000   1405.0   0.359
[2026-07-25 13:04:23.548] 12   要和小爱一起去海边玩吗                       1,545 干饭妹筱筱               1   1.000   2077.0   0.340
[2026-07-25 13:04:23.549] 13   𝟐𝟎𝟐𝟓我的年度18图                       9,119 鲨鱼小莹                2   1.000   4957.0   0.335
[2026-07-25 13:04:23.550] 14   温柔姐姐                              6,749 鱼鱼酒                 2   1.000   3325.1   0.331
[2026-07-25 13:04:23.550] 15   宅家拍点照、就爱这种轻松感～                    2,083 心静如水                1   1.000   2221.1   0.309
[2026-07-25 13:04:23.551] 16                                     2,139 曹贼                  1   1.000   2821.1   0.308
[2026-07-25 13:04:23.551] 17   纯欲天花板                             1,934 一只小羊                1   1.000   2629.0   0.307
[2026-07-25 13:04:23.553] 18   ᨳ͛⁠⁃ ⩊ ⁃ ഒ                        2,162 小山茶                 0   1.000   6325.1   0.304
[2026-07-25 13:04:23.555] 19   ꒰🎀⊹ ࣪ ˖ 𝓟𝓲𝓷𝓴 𝓓𝓲𝓪𝓻𝔂 ໒꒱             1,546 鱼鱼酒                 1   1.000   3037.1   0.304
[2026-07-25 13:04:23.555] ------------------------------------------------------------------------------------------------------------------------
[2026-07-25 13:04:23.555] 提示: 综合分 = 速率(35%) + 密度(30%) + 新鲜(20%) + 互动量(15%)
[2026-07-25 13:04:23.556]       动量看'速度'，价值看'质量'，两者互补
[2026-07-25 13:04:23.564] 
[2026-07-25 13:04:23.564] [价值分析] 关键词='美女'
[2026-07-25 13:04:23.565] [价值分析] 共 19 条笔记
[2026-07-25 13:04:23.565] 
[2026-07-25 13:04:23.567] ----------------------------------------------------------------------------------------------------------------------------------
[2026-07-25 13:04:23.567] 排名   标题                                  互动量 作者               收藏率      密度     分享率     评论率     价值分
[2026-07-25 13:04:23.567] ----------------------------------------------------------------------------------------------------------------------------------
[2026-07-25 13:04:23.568] 1                                      2,139 曹贼             0.564   1.000   0.000   0.005   0.714
[2026-07-25 13:04:23.570] 2    要和小爱一起去海边玩吗                       1,545 干饭妹筱筱          0.460   1.000   0.000   0.003   0.634
[2026-07-25 13:04:23.571] 3    纯欲天花板                             1,934 一只小羊           0.436   1.000   0.000   0.005   0.623
[2026-07-25 13:04:23.571] 4    泰国普吉岛跟三亚海边一样…😭                    7,651 诗颖             0.359   1.000   0.000   0.021   0.612
[2026-07-25 13:04:23.572] 5    ᨳ͛⁠⁃ ⩊ ⁃ ഒ                        2,162 小山茶            0.223   1.000   0.000   0.056   0.608
[2026-07-25 13:04:23.572] 6                                      2,091 颜财神✨           0.391   1.000   0.000   0.005   0.591
[2026-07-25 13:04:23.573] 7    宅家拍点照、就爱这种轻松感～                    2,083 心静如水           0.339   1.000   0.000   0.015   0.580
[2026-07-25 13:04:23.573] 8    蕾蕾的                              18,145 小亿             0.314   1.000   0.000   0.016   0.566
[2026-07-25 13:04:23.573] 9    左划看普通女大互勉拍照一年的变化～                14,063 小斜             0.221   1.000   0.000   0.039   0.559
[2026-07-25 13:04:23.574] 10   🐰 🐇🐱🐾🐈                           16,257 小岚同学           0.264   1.000   0.000   0.026   0.558
[2026-07-25 13:04:23.574] 11   没活就酒杯腿挑战                         23,819 宫本绘            0.332   1.000   0.000   0.004   0.546
[2026-07-25 13:04:23.575] 12   芥末萌(｡ì _ í｡)                      3,471 seo子           0.225   1.000   0.000   0.023   0.520
[2026-07-25 13:04:23.576] 13   我买了件很漂亮的泳衣～                      23,652 仓大佬            0.263   1.000   0.000   0.005   0.501
[2026-07-25 13:04:23.577] 14   温柔姐姐                              6,749 鱼鱼酒            0.229   1.000   0.000   0.013   0.498
[2026-07-25 13:04:23.578] 15   来公园吸氧啦🍃                           6,124 你是彬彬吗          0.165   1.000   0.000   0.030   0.496
[2026-07-25 13:04:23.579] 16   ꒰🎀⊹ ࣪ ˖ 𝓟𝓲𝓷𝓴 𝓓𝓲𝓪𝓻𝔂 ໒꒱             1,546 鱼鱼酒            0.202   1.000   0.000   0.012   0.474
[2026-07-25 13:04:23.581] 17   𝟐𝟎𝟐𝟓我的年度18图                       9,119 鲨鱼小莹           0.187   1.000   0.000   0.011   0.462
[2026-07-25 13:04:23.582] 18                                    22,039 kilin_         0.098   1.000   0.000   0.013   0.406
[2026-07-25 13:04:23.582] 19   你                                58,864 anvil.         0.088   1.000   0.000   0.009   0.386
[2026-07-25 13:04:23.583] ----------------------------------------------------------------------------------------------------------------------------------
[2026-07-25 13:04:23.584] 提示: 价值分 = 收藏率(40%) + 互动密度(30%) + 分享率(15%) + 评论率(15%)
[2026-07-25 13:04:23.584]       收藏率 = 收藏/点赞，代表内容被'保存'的深度价值
[2026-07-25 13:04:23.586] 
[2026-07-25 13:04:23.587] [完成] 全部结果已输出到: output\美女
[2026-07-25 13:04:23.589]   - 日志: xhs_spider_20260725_130107.log
[2026-07-25 13:04:23.589]   - 动量分析: momentum_20260725_130423.csv (19 条)
[2026-07-25 13:04:23.590]   - 价值分析: value_20260725_130423.csv (19 条)
[2026-07-25 13:04:24.565] [浏览器] Edge 已关闭
