[2026-07-25 13:13:27.800] 日志文件: output\美女\xhs_spider_20260725_131327.log
[2026-07-25 13:13:27.812] [任务] 创建任务#10: 关键词='美女', 页数=1, 排序=general
[2026-07-25 13:13:28.887] [浏览器] 已注入 16 个 cookie
[2026-07-25 13:13:29.112] [浏览器] Edge 浏览器已启动 (headless=False)
[2026-07-25 13:13:29.113] [搜索] 关键词='美女' 第1页 排序=general
[2026-07-25 13:13:38.324] [搜索] ✓ 返回 22 条笔记
[2026-07-25 13:13:38.325] [任务] 第1页搜索到 22 条，累计 21 条
[2026-07-25 13:13:38.326] [任务] 第1页：处理 21 条详情（1-21/21）...
[2026-07-25 13:13:43.023] [DOM调试] date命中=True date_text='06-30 河北' tag数=10 share_text='None'
[2026-07-25 13:13:43.036] [详情] ✓ '' 互动=2091 赞=1498 藏=585 评=8
[2026-07-25 13:13:50.245] [DOM调试] date命中=True date_text='04-07' tag数=2 share_text='None'
[2026-07-25 13:13:50.246] [详情] ✓ '纯欲天花板' 互动=1937 赞=1345 藏=585 评=7
[2026-07-25 13:13:59.261] [DOM调试] date命中=True date_text='05-28' tag数=3 share_text='None'
[2026-07-25 13:13:59.263] [详情] ✓ '芥末萌(｡ì _ í｡)' 互动=3471 赞=2782 藏=626 评=63
[2026-07-25 13:14:06.371] [DOM调试] date命中=True date_text='2025-12-31' tag数=4 share_text='None'
[2026-07-25 13:14:06.371] [详情] ✓ '𝟐𝟎𝟐𝟓我的年度18图' 互动=9119 赞=7611 藏=1425 评=83
[2026-07-25 13:14:15.447] [DOM调试] date命中=True date_text='04-30' tag数=3 share_text='None'
[2026-07-25 13:14:15.448] [详情] ✓ '要和小爱一起去海边玩吗' 互动=1545 赞=1056 藏=486 评=3
[2026-07-25 13:14:22.490] [DOM调试] date命中=True date_text='03-10' tag数=11 share_text='None'
[2026-07-25 13:14:22.491] [详情] ✓ '蕾蕾的' 互动=18145 赞=13639 藏=4285 评=221
[2026-07-25 13:14:35.855] [详情] ✗ 弹窗未出现
[2026-07-25 13:14:35.867] [详情] ✗ 第7条 '' 获取失败
[2026-07-25 13:14:43.031] [DOM调试] date命中=True date_text='06-05' tag数=7 share_text='None'
[2026-07-25 13:14:43.033] [详情] ✓ 'ᨳ͛⁠⁃ ⩊ ⁃ ഒ' 互动=2162 赞=1690 藏=377 评=95
[2026-07-25 13:14:51.428] [DOM调试] date命中=True date_text='04-30' tag数=3 share_text='None'
[2026-07-25 13:14:51.431] [详情] ✓ '静水成玉' 互动=5783 赞=4364 藏=1386 评=33
[2026-07-25 13:14:58.059] [DOM调试] date命中=True date_text='编辑于 03-09' tag数=2 share_text='None'
[2026-07-25 13:14:58.061] [详情] ✓ '可是 水里好冷' 互动=8223 赞=5637 藏=2504 评=82
[2026-07-25 13:15:05.677] [DOM调试] date命中=True date_text='编辑于 02-13' tag数=11 share_text='None'
[2026-07-25 13:15:05.680] [详情] ✓ '.' 互动=22178 赞=18189 藏=3755 评=234
[2026-07-25 13:15:12.799] [DOM调试] date命中=True date_text='05-08' tag数=3 share_text='None'
[2026-07-25 13:15:12.801] [详情] ✓ '🐰 🐇🐱🐾🐈' 互动=16257 赞=12598 藏=3327 评=332
[2026-07-25 13:15:20.389] [DOM调试] date命中=True date_text='06-10' tag数=2 share_text='None'
[2026-07-25 13:15:20.393] [详情] ✓ '泰国普吉岛跟三亚海边一样…😭' 互动=7652 赞=5544 藏=1989 评=119
[2026-07-25 13:15:29.277] [DOM调试] date命中=True date_text='06-17' tag数=5 share_text='None'
[2026-07-25 13:15:29.280] [详情] ✓ '' 互动=22039 赞=19822 藏=1949 评=268
[2026-07-25 13:15:37.264] [DOM调试] date命中=True date_text='编辑于 04-24' tag数=5 share_text='None'
[2026-07-25 13:15:37.266] [详情] ✓ '谁懂啊！一次cos出了两种完全不同的风格！' 互动=739 赞=527 藏=182 评=30
[2026-07-25 13:15:45.396] [DOM调试] date命中=True date_text='06-11' tag数=2 share_text='None'
[2026-07-25 13:15:45.398] [详情] ✓ '宅家拍点照、就爱这种轻松感～' 互动=2083 赞=1539 藏=521 评=23
[2026-07-25 13:15:58.912] [详情] ✗ 弹窗未出现
[2026-07-25 13:15:58.923] [详情] ✗ 第17条 '谁进球支持谁！' 获取失败
[2026-07-25 13:16:08.280] [DOM调试] date命中=True date_text='06-10' tag数=3 share_text='None'
[2026-07-25 13:16:08.281] [详情] ✓ '今天有亿点点辣' 互动=15504 赞=11326 藏=4047 评=131
[2026-07-25 13:16:17.251] [DOM调试] date命中=True date_text='2025-11-04' tag数=0 share_text='None'
[2026-07-25 13:16:17.253] [详情] ✓ '' 互动=2139 赞=1363 藏=769 评=7
[2026-07-25 13:16:25.142] [DOM调试] date命中=True date_text='04-12' tag数=2 share_text='None'
[2026-07-25 13:16:25.144] [详情] ✓ '诶…你身上有股…萌萌味՞˶･𖥦･˶՞' 互动=4080 赞=2833 藏=1209 评=38
[2026-07-25 13:16:32.911] [DOM调试] date命中=True date_text='编辑于 03-30' tag数=8 share_text='None'
[2026-07-25 13:16:32.914] [详情] ✓ '温柔姐姐' 互动=6749 赞=5433 藏=1243 评=73
[2026-07-25 13:16:38.705] [任务] 第1页完成，累计成功=19, 失败=2
[2026-07-25 13:16:38.706] [任务] 全部完成，共 21 条笔记，详情成功 19 条
[2026-07-25 13:16:38.713] 
[2026-07-25 13:16:38.716] ======================================================================
[2026-07-25 13:16:38.718]   自动分析与导出  模式: both
[2026-07-25 13:16:38.720] ======================================================================
[2026-07-25 13:16:38.722] 
[2026-07-25 13:16:38.723] [动量分析] 关键词='美女'
[2026-07-25 13:16:38.726] [动量分析] 共 25 条笔记
[2026-07-25 13:16:38.727] 
[2026-07-25 13:16:38.728] ------------------------------------------------------------------------------------------------------------------------
[2026-07-25 13:16:38.730] 排名   标题                                  互动量 作者               速率/h      密度    年龄(h)     综合分
[2026-07-25 13:16:38.732] ------------------------------------------------------------------------------------------------------------------------
[2026-07-25 13:16:38.732] 1    你                                58,864 anvil.             42   1.000   1405.0   0.833
[2026-07-25 13:16:38.733] 2                                     22,039 kilin_             24   1.000    925.3   0.587
[2026-07-25 13:16:38.734] 3    我买了件很漂亮的泳衣～                      23,652 仓大佬                 0   1.000      0.0   0.559
[2026-07-25 13:16:38.735] 4                                      2,091 颜财神✨                0   1.000      0.0   0.503
[2026-07-25 13:16:38.735] 5    今天有亿点点辣                          15,504 Gk-mmm.            14   1.000   1093.3   0.490
[2026-07-25 13:16:38.736] 6    没活就酒杯腿挑战                         23,819 宫本绘                11   1.000   2077.1   0.489
[2026-07-25 13:16:38.737] 7    🐰 🐇🐱🐾🐈                           16,257 小岚同学                9   1.000   1885.2   0.445
[2026-07-25 13:16:38.738] 8    泰国普吉岛跟三亚海边一样…😭                    7,652 诗颖                  7   1.000   1093.3   0.410
[2026-07-25 13:16:38.739] 9    .                                22,178 狸.                  6   1.000   3901.2   0.403
[2026-07-25 13:16:38.741] 10   来公园吸氧啦🍃                           6,124 你是彬彬吗               6   1.000   1069.1   0.395
[2026-07-25 13:16:38.741] 11   蕾蕾的                              18,145 小亿                  6   1.000   3301.2   0.391
[2026-07-25 13:16:38.743] 12   左划看普通女大互勉拍照一年的变化～                14,063 小斜                  4   1.000   3301.0   0.370
[2026-07-25 13:16:38.743] 13   静水成玉                              5,783 水仙                  3   1.000   2077.2   0.370
[2026-07-25 13:16:38.743] 14   芥末萌(｡ì _ í｡)                      3,471 seo子                2   1.000   1405.2   0.361
[2026-07-25 13:16:38.744] 15   宅家拍点照、就爱这种轻松感～                    2,083 心静如水                2   1.000   1069.3   0.353
[2026-07-25 13:16:38.744] 16   ᨳ͛⁠⁃ ⩊ ⁃ ഒ                        2,162 小山茶                 2   1.000   1213.2   0.352
[2026-07-25 13:16:38.745] 17   要和小爱一起去海边玩吗                       1,545 干饭妹筱筱               1   1.000   2077.2   0.342
[2026-07-25 13:16:38.746] 18   可是 水里好冷                           8,223 不二丸叽                2   1.000   3325.2   0.340
[2026-07-25 13:16:38.746] 19   𝟐𝟎𝟐𝟓我的年度18图                       9,119 鲨鱼小莹                2   1.000   4957.2   0.337
[2026-07-25 13:16:38.747] 20   温柔姐姐                              6,749 鱼鱼酒                 2   1.000   2821.3   0.336
[2026-07-25 13:16:38.747]   ... 还有 5 条，完整结果请查看 CSV
[2026-07-25 13:16:38.748] ------------------------------------------------------------------------------------------------------------------------
[2026-07-25 13:16:38.748] 提示: 综合分 = 速率(35%) + 密度(30%) + 新鲜(20%) + 互动量(15%)
[2026-07-25 13:16:38.748]       动量看'速度'，价值看'质量'，两者互补
[2026-07-25 13:16:38.753] 
[2026-07-25 13:16:38.753] [价值分析] 关键词='美女'
[2026-07-25 13:16:38.754] [价值分析] 共 25 条笔记
[2026-07-25 13:16:38.754] 
[2026-07-25 13:16:38.755] ----------------------------------------------------------------------------------------------------------------------------------
[2026-07-25 13:16:38.755] 排名   标题                                  互动量 作者               收藏率      密度     分享率     评论率     价值分
[2026-07-25 13:16:38.756] ----------------------------------------------------------------------------------------------------------------------------------
[2026-07-25 13:16:38.756] 1                                      2,139 曹贼             0.564   0.359   0.000   0.005   0.714
[2026-07-25 13:16:38.757] 2    可是 水里好冷                           8,223 不二丸叽           0.444   0.304   0.000   0.015   0.607
[2026-07-25 13:16:38.758] 3    谁懂啊！一次cos出了两种完全不同的风格！               739 TT             0.345   0.246   0.000   0.057   0.600
[2026-07-25 13:16:38.758] 4    要和小爱一起去海边玩吗                       1,545 干饭妹筱筱          0.460   0.315   0.000   0.003   0.596
[2026-07-25 13:16:38.759] 5    诶…你身上有股…萌萌味՞˶･𖥦･˶՞                4,080 晕水             0.427   0.296   0.000   0.013   0.585
[2026-07-25 13:16:38.760] 6    纯欲天花板                             1,937 一只小羊           0.435   0.302   0.000   0.005   0.574
[2026-07-25 13:16:38.760] 7    泰国普吉岛跟三亚海边一样…😭                    7,652 诗颖             0.359   0.260   0.000   0.021   0.528
[2026-07-25 13:16:38.761] 8                                      2,091 颜财神✨           0.391   0.280   0.000   0.005   0.524
[2026-07-25 13:16:38.762] 9    今天有亿点点辣                          15,504 Gk-mmm.        0.357   0.261   0.000   0.012   0.502
[2026-07-25 13:16:38.762] 10   宅家拍点照、就爱这种轻松感～                    2,083 心静如水           0.339   0.250   0.000   0.015   0.488
[2026-07-25 13:16:38.763] 11   蕾蕾的                              18,145 小亿             0.314   0.236   0.000   0.016   0.463
[2026-07-25 13:16:38.763] 12   没活就酒杯腿挑战                         23,819 宫本绘            0.332   0.248   0.000   0.004   0.453
[2026-07-25 13:16:38.764] 13   ᨳ͛⁠⁃ ⩊ ⁃ ഒ                        2,162 小山茶            0.223   0.174   0.000   0.056   0.452
[2026-07-25 13:16:38.764] 14   静水成玉                              5,783 水仙             0.318   0.240   0.000   0.008   0.445
[2026-07-25 13:16:38.765] 15   🐰 🐇🐱🐾🐈                           16,257 小岚同学           0.264   0.205   0.000   0.026   0.427
[2026-07-25 13:16:38.765] 16   左划看普通女大互勉拍照一年的变化～                14,063 小斜             0.221   0.175   0.000   0.039   0.404
[2026-07-25 13:16:38.766] 17   我买了件很漂亮的泳衣～                      23,652 仓大佬            0.263   0.207   0.000   0.005   0.373
[2026-07-25 13:16:38.767] 18   芥末萌(｡ì _ í｡)                      3,471 seo子           0.225   0.180   0.000   0.023   0.370
[2026-07-25 13:16:38.767] 19   温柔姐姐                              6,749 鱼鱼酒            0.229   0.184   0.000   0.013   0.351
[2026-07-25 13:16:38.768] 20   .                                22,178 狸.             0.206   0.169   0.000   0.013   0.322
[2026-07-25 13:16:38.768]   ... 还有 5 条，完整结果请查看 CSV
[2026-07-25 13:16:38.769] ----------------------------------------------------------------------------------------------------------------------------------
[2026-07-25 13:16:38.769] 提示: 价值分 = 收藏率(40%) + 互动密度(30%) + 分享率(15%) + 评论率(15%)
[2026-07-25 13:16:38.770]       收藏率 = 收藏/点赞，互动密度 = 收藏/互动总量（越高=越多人深度保存）
[2026-07-25 13:16:38.771] 
[2026-07-25 13:16:38.771] [完成] 全部结果已输出到: output\美女
[2026-07-25 13:16:38.772]   - 日志: xhs_spider_20260725_131327.log
[2026-07-25 13:16:38.772]   - 动量分析: momentum_20260725_131638.csv (25 条)
[2026-07-25 13:16:38.773]   - 价值分析: value_20260725_131638.csv (25 条)
[2026-07-25 13:16:39.313] [浏览器] Edge 已关闭
