[2026-07-25 14:08:43.241] 日志文件: output\抑郁\xhs_spider_20260725_140843.log
[2026-07-25 14:08:43.252] [任务] 创建任务#11: 关键词='抑郁', 页数=1, 排序=general
[2026-07-25 14:08:45.005] [浏览器] 已注入 16 个 cookie
[2026-07-25 14:08:45.305] [浏览器] Edge 浏览器已启动 (headless=True)
[2026-07-25 14:08:45.306] [搜索] 关键词='抑郁' 第1页 排序=general
[2026-07-25 14:08:55.645] [搜索] ✓ 返回 22 条笔记
[2026-07-25 14:08:55.647] [任务] 第1页搜索到 22 条，累计 21 条
[2026-07-25 14:08:55.648] [任务] 第1页：处理 21 条详情（1-21/21）...
[2026-07-25 14:09:01.997] [DOM调试] date命中=True date_text='编辑于 05-06' tag数=4 share_text='None' author_uid='5f3e949d00000000010019f3'
[2026-07-25 14:09:02.858] [详情] ✓ '抑郁的大脑到底发生了什么？' 互动=476901 赞=312727 藏=153596 评=10578 粉丝=0
[2026-07-25 14:09:12.149] [DOM调试] date命中=True date_text='06-13' tag数=10 share_text='None' author_uid='64311a960000000029010f26'
[2026-07-25 14:09:12.861] [详情] ✓ '评论区里走出抑郁泥潭的孩子，路径基本一致' 互动=10423 赞=7136 藏=2807 评=480 粉丝=0
[2026-07-25 14:09:21.014] [DOM调试] date命中=True date_text='2025-09-26' tag数=11 share_text='None' author_uid='688972780000000028032a5b'
[2026-07-25 14:09:22.014] [详情] ✓ '抑郁的人装正常人久了，慢慢地也会变得正常' 互动=56416 赞=40040 藏=14845 评=1531 粉丝=0
[2026-07-25 14:09:30.357] [DOM调试] date命中=True date_text='06-12' tag数=2 share_text='None' author_uid='55fc13de3397db20f34659cf'
[2026-07-25 14:09:31.207] [详情] ✓ '长期抑郁患者如何保持semi-functional' 互动=4690 赞=2996 藏=1526 评=168 粉丝=0
[2026-07-25 14:09:39.858] [DOM调试] date命中=True date_text='2025-12-12' tag数=11 share_text='None' author_uid='6775082e00000000150066a0'
[2026-07-25 14:09:40.034] [详情] ✓ '主包从抑郁九年到万粉博主经历了什么：' 互动=1548 赞=1210 藏=289 评=49 粉丝=0
[2026-07-25 14:09:49.757] [DOM调试] date命中=True date_text='4天前 四川' tag数=0 share_text='None' author_uid='63f9d4a800000000100257dd'
[2026-07-25 14:09:49.948] [详情] ✓ '很绝望也很抑郁' 互动=743 赞=295 藏=74 评=374 粉丝=0
[2026-07-25 14:10:04.905] [详情] ✗ 弹窗未出现
[2026-07-25 14:10:04.932] [详情] ✗ 第7条 '' 获取失败
[2026-07-25 14:10:14.975] [DOM调试] date命中=True date_text='编辑于 6天前 湖南' tag数=9 share_text='None' author_uid='5f76d8a500000000010033ba'
[2026-07-25 14:10:15.154] [详情] ✓ '打扮是对抗抑郁的良药' 互动=117027 赞=101158 藏=14030 评=1839 粉丝=0
[2026-07-25 14:10:25.707] [DOM调试] date命中=True date_text='编辑于 04-16' tag数=1 share_text='None' author_uid='5f0dd42d0000000001003fb9'
[2026-07-25 14:10:25.879] [详情] ✓ '' 互动=26995 赞=21295 藏=4609 评=1091 粉丝=0
[2026-07-25 14:10:35.394] [DOM调试] date命中=True date_text='2025-12-12' tag数=11 share_text='None' author_uid='6775082e00000000150066a0'
[2026-07-25 14:10:35.554] [详情] ✓ '抑郁的本质其实是大脑状态转换能力下降' 互动=2866 赞=2063 藏=740 评=63 粉丝=0
[2026-07-25 14:10:43.656] [DOM调试] date命中=True date_text='03-14' tag数=5 share_text='None' author_uid='5c501d8a000000001103bae6'
[2026-07-25 14:10:43.956] [详情] ✓ '真正抑郁症的9个样子！' 互动=9717 赞=5898 藏=2973 评=846 粉丝=0
[2026-07-25 14:10:52.856] [DOM调试] date命中=True date_text='编辑于 07-14 上海' tag数=10 share_text='None' author_uid='668e517c000000000d027e10'
[2026-07-25 14:10:53.023] [详情] ✓ '其实暑假待在家，很容易致郁' 互动=4782 赞=3603 藏=839 评=340 粉丝=0
[2026-07-25 14:11:01.314] [DOM调试] date命中=True date_text='07-03 北京' tag数=7 share_text='None' author_uid='64311a960000000029010f26'
[2026-07-25 14:11:01.486] [详情] ✓ '在香港住很难不抑郁' 互动=1335 赞=687 藏=114 评=534 粉丝=0
[2026-07-25 14:11:09.196] [DOM调试] date命中=True date_text='编辑于 2025-10-27' tag数=1 share_text='None' author_uid='5aa477c511be107c38269a81'
[2026-07-25 14:11:09.366] [详情] ✓ '24岁，人生停滞了' 互动=7591 赞=5991 藏=941 评=659 粉丝=0
[2026-07-25 14:11:16.863] [DOM调试] date命中=True date_text='06-11' tag数=9 share_text='None' author_uid='68f608bb0000000037009f2a'
[2026-07-25 14:11:17.031] [详情] ✓ '4.16—这才是抑郁症的真相' 互动=23746 赞=14519 藏=8452 评=775 粉丝=0
[2026-07-25 14:11:27.485] [DOM调试] date命中=True date_text='07-01 北京' tag数=5 share_text='None' author_uid='5ee8e0b5000000000101c7ab'
[2026-07-25 14:11:27.656] [详情] ✓ '长期抑郁+慢性病后，发现自己无法适应社会' 互动=6489 赞=3566 藏=2493 评=430 粉丝=0
[2026-07-25 14:11:39.697] [详情] ✗ 弹窗未出现
[2026-07-25 14:11:39.752] [详情] ✗ 第17条 '有没有一种可能，你根本不是抑郁' 获取失败
[2026-07-25 14:11:48.465] [DOM调试] date命中=True date_text='06-19' tag数=1 share_text='None' author_uid='5f406bcb0000000001007773'
[2026-07-25 14:11:48.636] [详情] ✓ '我是原作者，抑郁自救，豆瓣八组万赞贴' 互动=4617 赞=2494 藏=2040 评=83 粉丝=0
[2026-07-25 14:11:57.262] [DOM调试] date命中=True date_text='07-01 北京' tag数=5 share_text='None' author_uid='5ee8e0b5000000000101c7ab'
[2026-07-25 14:11:57.446] [详情] ✓ '抑郁失业两年，其实一直不知道抑郁的原因' 互动=492 赞=248 藏=85 评=159 粉丝=0
[2026-07-25 14:12:07.109] [DOM调试] date命中=True date_text='2025-08-13' tag数=7 share_text='None' author_uid='63aac57e0000000026013460'
[2026-07-25 14:12:07.279] [详情] ✓ '' 互动=600 赞=501 藏=81 评=18 粉丝=0
[2026-07-25 14:12:17.382] [DOM调试] date命中=True date_text='07-02 四川' tag数=6 share_text='None' author_uid='691c6d6d00000000370309e1'
[2026-07-25 14:12:17.559] [详情] ✓ '成年人最大的崩溃，不是压力大，而是没人懂' 互动=2696 赞=1406 藏=1244 评=46 粉丝=0
[2026-07-25 14:12:20.911] [任务] 第1页完成，累计成功=19, 失败=2
[2026-07-25 14:12:20.913] [任务] 全部完成，共 21 条笔记，详情成功 19 条
[2026-07-25 14:12:20.945] 
[2026-07-25 14:12:20.946] ======================================================================
[2026-07-25 14:12:20.947]   自动分析与导出  模式: both
[2026-07-25 14:12:20.950] ======================================================================
[2026-07-25 14:12:20.950] 
[2026-07-25 14:12:20.952] [动量分析] 关键词='抑郁'
[2026-07-25 14:12:20.956] [动量分析] 共 19 条笔记
[2026-07-25 14:12:20.957] 
[2026-07-25 14:12:20.958] ------------------------------------------------------------------------------------------------------------------------
[2026-07-25 14:12:20.959] 排名   标题                                  互动量 作者               速率/h      密度    年龄(h)     综合分
[2026-07-25 14:12:20.960] ------------------------------------------------------------------------------------------------------------------------
[2026-07-25 14:12:20.961] 1    抑郁的大脑到底发生了什么？                   476,901 疯狂的西蒙斯            247   0.022   1934.2   0.547
[2026-07-25 14:12:20.962] 2    很绝望也很抑郁                             743 无法自救                0   0.503      0.0   0.500
[2026-07-25 14:12:20.962] 3    在香港住很难不抑郁                         1,335 摆烂小福                0   0.400      0.0   0.439
[2026-07-25 14:12:20.963] 4    抑郁失业两年，其实一直不知道抑郁的原因                 492 六岳                  0   0.323      0.0   0.393
[2026-07-25 14:12:20.964] 5    打扮是对抗抑郁的良药                      117,027 拔草委员会清洁工            0   0.016      0.0   0.246
[2026-07-25 14:12:20.964] 6    其实暑假待在家，很容易致郁                     4,782 小威向上生长              0   0.071      0.0   0.244
[2026-07-25 14:12:20.965] 7    长期抑郁+慢性病后，发现自己无法适应社会              6,489 becutie             0   0.066      0.0   0.241
[2026-07-25 14:12:20.966] 8    成年人最大的崩溃，不是压力大，而是没人懂              2,696 KelseySay11         0   0.017      0.0   0.211
[2026-07-25 14:12:20.966] 9    4.16—这才是抑郁症的真相                   23,746 明天会更好              22   0.033   1070.2   0.092
[2026-07-25 14:12:20.968] 10   评论区里走出抑郁泥潭的孩子，路径基本一致             10,423 修一颗清净心             10   0.046   1022.1   0.078
[2026-07-25 14:12:20.970] 11   长期抑郁患者如何保持semi-functional         4,690 要不你自己写吧             4   0.036   1046.2   0.062
[2026-07-25 14:12:20.970] 12   真正抑郁症的9个样子！                       9,717 神志病科周圆主任            3   0.087   3206.2   0.059
[2026-07-25 14:12:20.971] 13   24岁，人生停滞了                         7,591 拉屎通畅大王              1   0.087   6518.2   0.056
[2026-07-25 14:12:20.972] 14   我是原作者，抑郁自救，豆瓣八组万赞贴                4,617 朱木兰                 5   0.018    878.2   0.053
[2026-07-25 14:12:20.973] 15                                    26,995 Stans5s            11   0.040   2414.2   0.048
[2026-07-25 14:12:20.974] 16   抑郁的人装正常人久了，慢慢地也会变得正常             56,416 君莫笑                 8   0.027   7262.2   0.045
[2026-07-25 14:12:20.975] 17   主包从抑郁九年到万粉博主经历了什么：                1,548 查理白花猫               0   0.032   5414.2   0.020
[2026-07-25 14:12:20.976] 18                                       600 沈阳精神科杜红兴            0   0.030   8318.2   0.018
[2026-07-25 14:12:20.976] 19   抑郁的本质其实是大脑状态转换能力下降                2,866 Tyler的哲学            1   0.022   5414.2   0.015
[2026-07-25 14:12:20.977] ------------------------------------------------------------------------------------------------------------------------
[2026-07-25 14:12:20.978] 提示: 综合分 = 速率(35%) + 密度(30%) + 新鲜(20%) + 互动量(15%)
[2026-07-25 14:12:20.978]       动量看'速度'，价值看'质量'，两者互补
[2026-07-25 14:12:20.989] 
[2026-07-25 14:12:20.989] [价值分析] 关键词='抑郁'
[2026-07-25 14:12:20.991] [价值分析] 共 19 条笔记
[2026-07-25 14:12:20.992] 
[2026-07-25 14:12:20.994] ------------------------------------------------------------------------------------------------------------------------
[2026-07-25 14:12:20.994] 排名   标题                                  互动量 作者               收藏率      密度     评论率     价值分
[2026-07-25 14:12:20.995] ------------------------------------------------------------------------------------------------------------------------
[2026-07-25 14:12:20.996] 1    成年人最大的崩溃，不是压力大，而是没人懂              2,696 KelseySay11    0.885   0.461   0.033   0.708
[2026-07-25 14:12:20.997] 2    我是原作者，抑郁自救，豆瓣八组万赞贴                4,617 朱木兰            0.818   0.442   0.033   0.665
[2026-07-25 14:12:20.997] 3    长期抑郁+慢性病后，发现自己无法适应社会              6,489 becutie        0.699   0.384   0.121   0.594
[2026-07-25 14:12:20.999] 4    4.16—这才是抑郁症的真相                   23,746 明天会更好          0.582   0.356   0.053   0.507
[2026-07-25 14:12:21.003] 5    很绝望也很抑郁                             743 无法自救           0.251   0.100   1.268   0.478
[2026-07-25 14:12:21.004] 6    真正抑郁症的9个样子！                       9,717 神志病科周圆主任       0.504   0.306   0.143   0.461
[2026-07-25 14:12:21.004] 7    长期抑郁患者如何保持semi-functional         4,690 要不你自己写吧        0.509   0.325   0.056   0.455
[2026-07-25 14:12:21.006] 8    抑郁的大脑到底发生了什么？                   476,901 疯狂的西蒙斯         0.491   0.322   0.034   0.439
[2026-07-25 14:12:21.006] 9    抑郁失业两年，其实一直不知道抑郁的原因                 492 六岳             0.343   0.173   0.641   0.419
[2026-07-25 14:12:21.007] 10   评论区里走出抑郁泥潭的孩子，路径基本一致             10,423 修一颗清净心         0.393   0.269   0.067   0.369
[2026-07-25 14:12:21.008] 11   抑郁的人装正常人久了，慢慢地也会变得正常             56,416 君莫笑            0.371   0.263   0.038   0.348
[2026-07-25 14:12:21.009] 12   抑郁的本质其实是大脑状态转换能力下降                2,866 Tyler的哲学       0.359   0.258   0.030   0.337
[2026-07-25 14:12:21.010] 13   在香港住很难不抑郁                         1,335 摆烂小福           0.166   0.085   0.777   0.315
[2026-07-25 14:12:21.011] 14   其实暑假待在家，很容易致郁                     4,782 小威向上生长         0.233   0.175   0.094   0.242
[2026-07-25 14:12:21.012] 15   主包从抑郁九年到万粉博主经历了什么：                1,548 查理白花猫          0.239   0.187   0.041   0.239
[2026-07-25 14:12:21.013] 16                                    26,995 Stans5s        0.216   0.171   0.051   0.221
[2026-07-25 14:12:21.013] 17   24岁，人生停滞了                         7,591 拉屎通畅大王         0.157   0.124   0.110   0.178
[2026-07-25 14:12:21.014] 18                                       600 沈阳精神科杜红兴       0.162   0.135   0.036   0.169
[2026-07-25 14:12:21.017] 19   打扮是对抗抑郁的良药                      117,027 拔草委员会清洁工       0.139   0.120   0.018   0.145
[2026-07-25 14:12:21.019] ------------------------------------------------------------------------------------------------------------------------
[2026-07-25 14:12:21.020] 提示: 价值分 = 收藏率(40%) + 互动密度(30%) + 评论率(30%)
[2026-07-25 14:12:21.021]       收藏率 = 收藏/点赞，互动密度 = 收藏/互动总量（越高=越多人深度保存）
[2026-07-25 14:12:21.022] 
[2026-07-25 14:12:21.023] [完成] 全部结果已输出到: output\抑郁
[2026-07-25 14:12:21.024]   - 日志: xhs_spider_20260725_140843.log
[2026-07-25 14:12:21.024]   - 动量分析: momentum_20260725_141220.csv (19 条)
[2026-07-25 14:12:21.025]   - 价值分析: value_20260725_141220.csv (19 条)
[2026-07-25 14:12:22.119] [浏览器] Edge 已关闭
