[2026-07-25 12:33:40.881] 日志文件: output\美食\xhs_spider_20260725_123340.log
[2026-07-25 12:33:40.892] [任务] 创建任务#8: 关键词='美食', 页数=1, 排序=general
[2026-07-25 12:33:41.904] [浏览器] 已注入 16 个 cookie
[2026-07-25 12:33:42.178] [浏览器] Edge 浏览器已启动 (headless=False)
[2026-07-25 12:33:42.179] [搜索] 关键词='美食' 第1页 排序=general
[2026-07-25 12:33:51.360] [搜索] ✓ 返回 22 条笔记
[2026-07-25 12:33:51.361] [任务] 第1页搜索到 22 条，累计 21 条
[2026-07-25 12:33:51.362] [任务] 第1页：处理 21 条详情（1-21/21）...
[2026-07-25 12:33:59.182] [DOM调试] date命中=True date_text='07-11 浙江' tag数=7 share_text='None'
[2026-07-25 12:33:59.192] [详情] ✓ '有幸在亲戚家吃到一次、惊艳到我了！！' 互动=45846 赞=26591 藏=18892 评=363
[2026-07-25 12:34:12.249] [DOM调试] date命中=True date_text='05-28' tag数=10 share_text='None'
[2026-07-25 12:34:12.253] [详情] ✓ '🔥万能炒菜公式，炒菜不翻车！' 互动=13392 赞=6711 藏=6667 评=14
[2026-07-25 12:34:23.069] [DOM调试] date命中=True date_text='编辑于 2025-05-28' tag数=3 share_text='None'
[2026-07-25 12:34:23.071] [详情] ✓ '深圳这个叫啥？？真好吃死了。。。😭😭' 互动=5267 赞=3029 藏=1548 评=690
[2026-07-25 12:34:36.199] [DOM调试] date命中=True date_text='昨天 17:17 山东' tag数=4 share_text='None'
[2026-07-25 12:34:36.201] [详情] ✓ '为什么你腌的鸡蛋不出油？' 互动=129 赞=54 藏=75 评=0
[2026-07-25 12:34:47.324] [DOM调试] date命中=True date_text='06-12' tag数=1 share_text='None'
[2026-07-25 12:34:47.329] [详情] ✓ '深圳适合一人食的！！（12家合集' 互动=2012 赞=918 藏=1035 评=59
[2026-07-25 12:34:57.380] [DOM调试] date命中=True date_text='编辑于 05-01' tag数=9 share_text='None'
[2026-07-25 12:34:57.383] [详情] ✓ '靠做鸡一个月涨粉30w+' 互动=301773 赞=235582 藏=64415 评=1776
[2026-07-25 12:35:14.425] [详情] ✗ 弹窗未出现
[2026-07-25 12:35:14.444] [详情] ✗ 第7条 '' 获取失败
[2026-07-25 12:35:25.422] [DOM调试] date命中=True date_text='昨天 17:17 山东' tag数=4 share_text='None'
[2026-07-25 12:35:25.425] [详情] ✓ '哇～真的好吃耶' 互动=32795 赞=25098 藏=5447 评=2250
[2026-07-25 12:35:37.760] [DOM调试] date命中=True date_text='编辑于 6天前 广东' tag数=8 share_text='None'
[2026-07-25 12:35:37.761] [详情] ✓ '深圳是全国最好吃的城市' 互动=52607 赞=23932 藏=27678 评=997
[2026-07-25 12:35:47.576] [DOM调试] date命中=True date_text='06-13' tag数=10 share_text='None'
[2026-07-25 12:35:47.578] [详情] ✓ '深圳福田美食推荐' 互动=5155 赞=2099 藏=2723 评=333
[2026-07-25 12:35:58.812] [DOM调试] date命中=True date_text='2025-04-24' tag数=11 share_text='None'
[2026-07-25 12:35:58.814] [详情] ✓ '深圳个人觉得无法超越的店（附地址' 互动=1542 赞=720 藏=817 评=5
[2026-07-25 12:36:10.741] [DOM调试] date命中=True date_text='06-12' tag数=1 share_text='None'
[2026-07-25 12:36:10.741] [详情] ✓ '这玩意谁发明的啊……真的巨好吃！！' 互动=11497 赞=6469 藏=4806 评=222
[2026-07-25 12:36:20.838] [DOM调试] date命中=True date_text='2025-12-07' tag数=11 share_text='None'
[2026-07-25 12:36:20.839] [详情] ✓ '适合6月份吃的时令菜🥬简单、好做、好吃😋' 互动=15300 赞=8794 藏=6469 评=37
[2026-07-25 12:36:32.959] [DOM调试] date命中=True date_text='编辑于 4天前 湖南' tag数=9 share_text='None'
[2026-07-25 12:36:32.960] [详情] ✓ '授人以渔：旅游时如何寻找local美食' 互动=37615 赞=18359 藏=17955 评=1301
[2026-07-25 12:36:42.917] [DOM调试] date命中=True date_text='06-29 福建' tag数=9 share_text='None'
[2026-07-25 12:36:42.918] [详情] ✓ '近期做饭合集｜12道好吃不重样🍚' 互动=7564 赞=4145 藏=3300 评=119
[2026-07-25 12:36:55.984] [DOM调试] date命中=True date_text='06-18' tag数=10 share_text='None'
[2026-07-25 12:36:55.986] [详情] ✓ '深圳真的不缺好吃的小店' 互动=1630 赞=828 藏=731 评=71
[2026-07-25 12:37:11.099] [详情] ✗ 弹窗未出现
[2026-07-25 12:37:11.110] [详情] ✗ 第17条 '来海底捞我劝你千万别学我这么吃‼️' 获取失败
[2026-07-25 12:37:23.910] [DOM调试] date命中=True date_text='编辑于 2025-04-18' tag数=2 share_text='None'
[2026-07-25 12:37:23.911] [详情] ✓ '感觉是深圳目前top1好吃的。。。。。。' 互动=1708 赞=855 藏=767 评=86
[2026-07-25 12:37:35.225] [DOM调试] date命中=True date_text='01-10' tag数=2 share_text='None'
[2026-07-25 12:37:35.227] [详情] ✓ '感觉是目前深圳top好吃的！！！！' 互动=966 赞=418 藏=451 评=97
[2026-07-25 12:37:46.239] [DOM调试] date命中=True date_text='01-28' tag数=5 share_text='None'
[2026-07-25 12:37:46.240] [详情] ✓ '感觉是目前深圳top好吃的！！！！' 互动=4604 赞=2456 藏=2006 评=142
[2026-07-25 12:37:58.125] [DOM调试] date命中=True date_text='编辑于 6天前 广东' tag数=10 share_text='None'
[2026-07-25 12:37:58.126] [详情] ✓ '会一直去深圳的。。。（15r！！！）' 互动=2029 赞=959 藏=949 评=121
[2026-07-25 12:38:02.072] [任务] 第1页完成，累计成功=19, 失败=2
[2026-07-25 12:38:02.074] [任务] 全部完成，共 21 条笔记，详情成功 19 条
[2026-07-25 12:38:02.089] 
[2026-07-25 12:38:02.092] ======================================================================
[2026-07-25 12:38:02.093]   自动分析与导出  模式: both
[2026-07-25 12:38:02.096] ======================================================================
[2026-07-25 12:38:02.097] 
[2026-07-25 12:38:02.100] [动量分析] 关键词='美食'
[2026-07-25 12:38:02.106] [动量分析] 共 25 条笔记
[2026-07-25 12:38:02.107] 
[2026-07-25 12:38:02.110] ------------------------------------------------------------------------------------------------------------------------
[2026-07-25 12:38:02.112] 排名   标题                                  互动量 作者               速率/h      密度    年龄(h)     综合分
[2026-07-25 12:38:02.114] ------------------------------------------------------------------------------------------------------------------------
[2026-07-25 12:38:02.115] 1    哇～真的好吃耶                          32,795 雲中大佬             1366   1.000     24.0   0.833
[2026-07-25 12:38:02.115] 2    靠做鸡一个月涨粉30w+                    301,773 炎之鸡神                0   1.000      0.0   0.650
[2026-07-25 12:38:02.116] 3    深圳是全国最好吃的城市                      52,607 suji                0   1.000      0.0   0.526
[2026-07-25 12:38:02.116] 4    有幸在亲戚家吃到一次、惊艳到我了！！               45,846 小新爱吃面条🍜             0   1.000      0.0   0.523
[2026-07-25 12:38:02.119] 5    授人以渔：旅游时如何寻找local美食              37,615 越吃越瘦                0   1.000      0.0   0.519
[2026-07-25 12:38:02.120] 6    来海底捞我劝你千万别学我这么吃‼️                32,168 Jessico在大湾区         0   1.000      0.0   0.516
[2026-07-25 12:38:02.123] 7    适合6月份吃的时令菜🥬简单、好做、好吃😋             15,300 饼饼仙贝                0   1.000      0.0   0.507
[2026-07-25 12:38:02.124] 8    🔥万能炒菜公式，炒菜不翻车！                   13,392 小陈美食日记              0   1.000      0.0   0.507
[2026-07-25 12:38:02.124] 9    这玩意谁发明的啊……真的巨好吃！！                11,497 小柚柚美食               0   1.000      0.0   0.506
[2026-07-25 12:38:02.125] 10   求推荐！！两只大肥猪马上抵达深圳                  9,339 Laurusldy           0   1.000      0.0   0.505
[2026-07-25 12:38:02.127] 11   近期做饭合集｜12道好吃不重样🍚                  7,564 蜗蜗家🏠                0   1.000      0.0   0.504
[2026-07-25 12:38:02.129] 12   深圳这个叫啥？？真好吃死了。。。😭😭                5,267 很会吃就是了              0   1.000      0.0   0.503
[2026-07-25 12:38:02.130] 13   深圳福田美食推荐                          5,155 跳跳，呀！               0   1.000      0.0   0.502
[2026-07-25 12:38:02.132] 14   深圳最牛逼好吃的17家小店！（附店名合集）             4,605 desson              0   1.000      0.0   0.502
[2026-07-25 12:38:02.133] 15   感觉是目前深圳top好吃的！！！！                 4,604 很会吃就是了              0   1.000      0.0   0.502
[2026-07-25 12:38:02.133] 16   会一直去深圳的。。。（15r！！！）                2,029 练练该减肥噜              0   1.000      0.0   0.501
[2026-07-25 12:38:02.134] 17   深圳适合一人食的！！（12家合集                  2,012 每天都想吃               0   1.000      0.0   0.501
[2026-07-25 12:38:02.134] 18   感觉是深圳目前top1好吃的。。。。。。              1,708 吃蛋不吃蛋黄              0   1.000      0.0   0.501
[2026-07-25 12:38:02.136] 19   深圳真的不缺好吃的小店                       1,630 肉肉吃不胖               0   1.000      0.0   0.501
[2026-07-25 12:38:02.137] 20   深圳个人觉得无法超越的店（附地址                  1,542 姐姐                  0   1.000      0.0   0.501
[2026-07-25 12:38:02.138]   ... 还有 5 条，完整结果请查看 CSV
[2026-07-25 12:38:02.138] ------------------------------------------------------------------------------------------------------------------------
[2026-07-25 12:38:02.140] 提示: 综合分 = 速率(35%) + 密度(30%) + 新鲜(20%) + 互动量(15%)
[2026-07-25 12:38:02.140]       动量看'速度'，价值看'质量'，两者互补
[2026-07-25 12:38:02.144] 
[2026-07-25 12:38:02.145] [价值分析] 关键词='美食'
[2026-07-25 12:38:02.146] [价值分析] 共 25 条笔记
[2026-07-25 12:38:02.146] 
[2026-07-25 12:38:02.148] ----------------------------------------------------------------------------------------------------------------------------------
[2026-07-25 12:38:02.149] 排名   标题                                  互动量 作者               收藏率      密度     分享率     评论率     价值分
[2026-07-25 12:38:02.150] ----------------------------------------------------------------------------------------------------------------------------------
[2026-07-25 12:38:02.152] 1    求推荐！！两只大肥猪马上抵达深圳                  9,339 Laurusldy      1.062   1.000   0.000   0.772   0.718
[2026-07-25 12:38:02.153] 2    来海底捞我劝你千万别学我这么吃‼️                32,168 Jessico在大湾区    1.588   1.000   0.000   0.004   0.701
[2026-07-25 12:38:02.153] 3    深圳福田美食推荐                          5,155 跳跳，呀！          1.297   1.000   0.000   0.159   0.658
[2026-07-25 12:38:02.154] 4    为什么你腌的鸡蛋不出油？                        129 小龙百科           1.389   1.000   0.000   0.000   0.650
[2026-07-25 12:38:02.155] 5    感觉是目前深圳top好吃的！！！！                   966 小俊Ljj99        1.079   1.000   0.000   0.232   0.617
[2026-07-25 12:38:02.156] 6    深圳是全国最好吃的城市                      52,607 suji           1.157   1.000   0.000   0.042   0.599
[2026-07-25 12:38:02.156] 7    深圳适合一人食的！！（12家合集                  2,012 每天都想吃          1.127   1.000   0.000   0.064   0.596
[2026-07-25 12:38:02.157] 8    深圳最牛逼好吃的17家小店！（附店名合集）             4,605 desson         1.120   1.000   0.000   0.040   0.590
[2026-07-25 12:38:02.158] 9    深圳个人觉得无法超越的店（附地址                  1,542 姐姐             1.135   1.000   0.000   0.007   0.587
[2026-07-25 12:38:02.158] 10   会一直去深圳的。。。（15r！！！）                2,029 练练该减肥噜         0.990   1.000   0.000   0.126   0.574
[2026-07-25 12:38:02.159] 11   授人以渔：旅游时如何寻找local美食              37,615 越吃越瘦           0.978   1.000   0.000   0.071   0.560
[2026-07-25 12:38:02.160] 12   🔥万能炒菜公式，炒菜不翻车！                   13,392 小陈美食日记         0.993   1.000   0.000   0.002   0.551
[2026-07-25 12:38:02.162] 13   感觉是深圳目前top1好吃的。。。。。。              1,708 吃蛋不吃蛋黄         0.897   1.000   0.000   0.101   0.545
[2026-07-25 12:38:02.163] 14   前海科兴科学园对面的这个店子夯爆了                   824 Minar Koton    0.858   1.000   0.000   0.123   0.540
[2026-07-25 12:38:02.164] 15   深圳真的不缺好吃的小店                       1,630 肉肉吃不胖          0.883   1.000   0.000   0.086   0.539
[2026-07-25 12:38:02.165] 16   上川地铁附近美食                            494 是语非雨           0.798   1.000   0.000   0.116   0.524
[2026-07-25 12:38:02.165] 17   感觉是目前深圳top好吃的！！！！                 4,604 很会吃就是了         0.817   1.000   0.000   0.058   0.517
[2026-07-25 12:38:02.166] 18   近期做饭合集｜12道好吃不重样🍚                  7,564 蜗蜗家🏠           0.796   1.000   0.000   0.029   0.506
[2026-07-25 12:38:02.166] 19   这玩意谁发明的啊……真的巨好吃！！                11,497 小柚柚美食          0.743   1.000   0.000   0.034   0.494
[2026-07-25 12:38:02.166] 20   （慕名而来）确实是中山民间米其林。。。                 373 圆脸小陈           0.712   1.000   0.000   0.047   0.489
[2026-07-25 12:38:02.167]   ... 还有 5 条，完整结果请查看 CSV
[2026-07-25 12:38:02.168] ----------------------------------------------------------------------------------------------------------------------------------
[2026-07-25 12:38:02.168] 提示: 价值分 = 收藏率(40%) + 互动密度(30%) + 分享率(15%) + 评论率(15%)
[2026-07-25 12:38:02.170]       收藏率 = 收藏/点赞，代表内容被'保存'的深度价值
[2026-07-25 12:38:02.171] 
[2026-07-25 12:38:02.173] [完成] 全部结果已输出到: output\美食
[2026-07-25 12:38:02.173]   - 日志: xhs_spider_20260725_123340.log
[2026-07-25 12:38:02.173]   - 动量分析: momentum_20260725_123802.csv (25 条)
[2026-07-25 12:38:02.174]   - 价值分析: value_20260725_123802.csv (25 条)
[2026-07-25 12:38:02.956] [浏览器] Edge 已关闭
