[2026-07-25 11:45:30.106] 日志文件: output\美食\xhs_spider_20260725_114530.log
[2026-07-25 11:45:30.146] [任务] 创建任务#7: 关键词='美食', 页数=1, 排序=general
[2026-07-25 11:45:31.743] [浏览器] 已注入 16 个 cookie
[2026-07-25 11:45:32.191] [浏览器] Edge 浏览器已启动 (headless=False)
[2026-07-25 11:45:32.194] [搜索] 关键词='美食' 第1页 排序=general
[2026-07-25 11:45:41.510] [搜索] ✓ 返回 22 条笔记
[2026-07-25 11:45:41.514] [任务] 第1页搜索到 22 条，累计 21 条
[2026-07-25 11:45:41.514] [任务] 第1页：处理 21 条详情（1-21/21）...
[2026-07-25 11:45:46.803] [详情] ✓ '深圳适合一人食的！！（12家合集' 互动=2012 赞=918 藏=1035 评=59
[2026-07-25 11:45:56.632] [详情] ✓ '深圳这个叫啥？？真好吃死了。。。😭😭' 互动=5267 赞=3029 藏=1548 评=690
[2026-07-25 11:46:05.947] [详情] ✓ '深圳个人觉得无法超越的店（附地址' 互动=1540 赞=719 藏=816 评=5
[2026-07-25 11:46:14.763] [详情] ✓ '深圳是全国最好吃的城市' 互动=52604 赞=23931 藏=27676 评=997
[2026-07-25 11:46:22.217] [详情] ✓ '哇～真的好吃耶' 互动=32795 赞=25098 藏=5447 评=2250
[2026-07-25 11:46:32.146] [详情] ✓ '感觉是深圳目前top1好吃的。。。。。。' 互动=1708 赞=855 藏=767 评=86
[2026-07-25 11:46:44.836] [详情] ✗ 弹窗未出现
[2026-07-25 11:46:45.063] [详情] ✗ 第7条 '' 获取失败
[2026-07-25 11:46:54.021] [详情] ✓ '🔥万能炒菜公式，炒菜不翻车！' 互动=13347 赞=6686 藏=6647 评=14
[2026-07-25 11:47:01.878] [详情] ✓ '深圳最牛逼好吃的17家小店！（附店名合集）' 互动=4605 赞=2132 藏=2388 评=85
[2026-07-25 11:47:10.359] [详情] ✓ '感觉是目前深圳top好吃的！！！！' 互动=965 赞=418 藏=450 评=97
[2026-07-25 11:47:17.658] [详情] ✓ '求推荐！！两只大肥猪马上抵达深圳' 互动=9339 赞=3295 藏=3500 评=2544
[2026-07-25 11:47:27.437] [详情] ✓ '为什么你腌的鸡蛋不出油？' 互动=127 赞=53 藏=74 评=0
[2026-07-25 11:47:37.829] [详情] ✓ '深圳福田美食推荐' 互动=5152 赞=2097 藏=2722 评=333
[2026-07-25 11:47:46.195] [详情] ✓ '适合6月份吃的时令菜🥬简单、好做、好吃😋' 互动=15204 赞=8747 藏=6420 评=37
[2026-07-25 11:47:56.557] [详情] ✓ '深圳真的不缺好吃的小店' 互动=1630 赞=828 藏=731 评=71
[2026-07-25 11:48:05.510] [详情] ✓ '授人以渔：旅游时如何寻找local美食' 互动=37616 赞=18359 藏=17956 评=1301
[2026-07-25 11:48:18.666] [详情] ✗ 弹窗未出现
[2026-07-25 11:48:18.682] [详情] ✗ 第17条 '近期做饭合集｜12道好吃不重样🍚' 获取失败
[2026-07-25 11:48:27.201] [详情] ✓ '上川地铁附近美食' 互动=494 赞=258 藏=206 评=30
[2026-07-25 11:48:36.361] [详情] ✓ '（慕名而来）确实是中山民间米其林。。。' 互动=373 赞=212 藏=151 评=10
[2026-07-25 11:48:45.790] [详情] ✓ '前海科兴科学园对面的这个店子夯爆了' 互动=824 赞=416 藏=357 评=51
[2026-07-25 11:48:54.123] [详情] ✓ '来海底捞我劝你千万别学我这么吃‼️' 互动=32168 赞=12409 藏=19708 评=51
[2026-07-25 11:48:58.383] [任务] 第1页完成，累计成功=19, 失败=2
[2026-07-25 11:48:58.385] [任务] 全部完成，共 21 条笔记，详情成功 19 条
[2026-07-25 11:48:58.391] 
[2026-07-25 11:48:58.392] ======================================================================
[2026-07-25 11:48:58.393]   自动分析与导出  模式: both
[2026-07-25 11:48:58.393] ======================================================================
[2026-07-25 11:48:58.394] 
[2026-07-25 11:48:58.394] [动量分析] 关键词='美食'
[2026-07-25 11:48:58.397] [动量分析] 共 19 条笔记
[2026-07-25 11:48:58.398] 
[2026-07-25 11:48:58.399] ------------------------------------------------------------------------------------------------------------------------
[2026-07-25 11:48:58.399] 排名   标题                                  互动量 作者               速率/h      密度    年龄(h)     综合分
[2026-07-25 11:48:58.400] ------------------------------------------------------------------------------------------------------------------------
[2026-07-25 11:48:58.401] 1    深圳是全国最好吃的城市                      52,604 suji                0   1.000      0.0   0.650
[2026-07-25 11:48:58.403] 2    授人以渔：旅游时如何寻找local美食              37,616 越吃越瘦                0   1.000      0.0   0.607
[2026-07-25 11:48:58.404] 3    哇～真的好吃耶                          32,795 雲中大佬                0   1.000      0.0   0.593
[2026-07-25 11:48:58.405] 4    来海底捞我劝你千万别学我这么吃‼️                32,168 Jessico在大湾区         0   1.000      0.0   0.592
[2026-07-25 11:48:58.406] 5    适合6月份吃的时令菜🥬简单、好做、好吃😋             15,204 饼饼仙贝                0   1.000      0.0   0.543
[2026-07-25 11:48:58.408] 6    🔥万能炒菜公式，炒菜不翻车！                   13,347 小陈美食日记              0   1.000      0.0   0.538
[2026-07-25 11:48:58.409] 7    求推荐！！两只大肥猪马上抵达深圳                  9,339 Laurusldy           0   1.000      0.0   0.526
[2026-07-25 11:48:58.410] 8    深圳这个叫啥？？真好吃死了。。。😭😭                5,267 很会吃就是了              0   1.000      0.0   0.515
[2026-07-25 11:48:58.411] 9    深圳福田美食推荐                          5,152 跳跳，呀！               0   1.000      0.0   0.514
[2026-07-25 11:48:58.411] 10   深圳最牛逼好吃的17家小店！（附店名合集）             4,605 desson              0   1.000      0.0   0.513
[2026-07-25 11:48:58.413] 11   深圳适合一人食的！！（12家合集                  2,012 每天都想吃               0   1.000      0.0   0.505
[2026-07-25 11:48:58.414] 12   感觉是深圳目前top1好吃的。。。。。。              1,708 吃蛋不吃蛋黄              0   1.000      0.0   0.504
[2026-07-25 11:48:58.414] 13   深圳真的不缺好吃的小店                       1,630 肉肉吃不胖               0   1.000      0.0   0.504
[2026-07-25 11:48:58.416] 14   深圳个人觉得无法超越的店（附地址                  1,540 姐姐                  0   1.000      0.0   0.504
[2026-07-25 11:48:58.416] 15   感觉是目前深圳top好吃的！！！！                   965 小俊Ljj99             0   1.000      0.0   0.502
[2026-07-25 11:48:58.417] 16   前海科兴科学园对面的这个店子夯爆了                   824 Minar Koton         0   1.000      0.0   0.502
[2026-07-25 11:48:58.418] 17   上川地铁附近美食                            494 是语非雨                0   1.000      0.0   0.501
[2026-07-25 11:48:58.419] 18   （慕名而来）确实是中山民间米其林。。。                 373 圆脸小陈                0   1.000      0.0   0.501
[2026-07-25 11:48:58.420] 19   为什么你腌的鸡蛋不出油？                        127 小龙百科                0   1.000      0.0   0.500
[2026-07-25 11:48:58.420] ------------------------------------------------------------------------------------------------------------------------
[2026-07-25 11:48:58.421] 提示: 综合分 = 速率(35%) + 密度(30%) + 新鲜(20%) + 互动量(15%)
[2026-07-25 11:48:58.423]       动量看'速度'，价值看'质量'，两者互补
[2026-07-25 11:48:58.428] 
[2026-07-25 11:48:58.429] [价值分析] 关键词='美食'
[2026-07-25 11:48:58.431] [价值分析] 共 19 条笔记
[2026-07-25 11:48:58.432] 
[2026-07-25 11:48:58.433] ----------------------------------------------------------------------------------------------------------------------------------
[2026-07-25 11:48:58.434] 排名   标题                                  互动量 作者               收藏率      密度     分享率     评论率     价值分
[2026-07-25 11:48:58.435] ----------------------------------------------------------------------------------------------------------------------------------
[2026-07-25 11:48:58.436] 1    求推荐！！两只大肥猪马上抵达深圳                  9,339 Laurusldy      1.062   1.000   0.000   0.772   0.718
[2026-07-25 11:48:58.437] 2    来海底捞我劝你千万别学我这么吃‼️                32,168 Jessico在大湾区    1.588   1.000   0.000   0.004   0.701
[2026-07-25 11:48:58.439] 3    深圳福田美食推荐                          5,152 跳跳，呀！          1.298   1.000   0.000   0.159   0.658
[2026-07-25 11:48:58.440] 4    为什么你腌的鸡蛋不出油？                        127 小龙百科           1.396   1.000   0.000   0.000   0.652
[2026-07-25 11:48:58.440] 5    感觉是目前深圳top好吃的！！！！                   965 小俊Ljj99        1.077   1.000   0.000   0.232   0.616
[2026-07-25 11:48:58.441] 6    深圳是全国最好吃的城市                      52,604 suji           1.157   1.000   0.000   0.042   0.599
[2026-07-25 11:48:58.441] 7    深圳适合一人食的！！（12家合集                  2,012 每天都想吃          1.127   1.000   0.000   0.064   0.596
[2026-07-25 11:48:58.443] 8    深圳最牛逼好吃的17家小店！（附店名合集）             4,605 desson         1.120   1.000   0.000   0.040   0.590
[2026-07-25 11:48:58.443] 9    深圳个人觉得无法超越的店（附地址                  1,540 姐姐             1.135   1.000   0.000   0.007   0.587
[2026-07-25 11:48:58.444] 10   授人以渔：旅游时如何寻找local美食              37,616 越吃越瘦           0.978   1.000   0.000   0.071   0.560
[2026-07-25 11:48:58.445] 11   🔥万能炒菜公式，炒菜不翻车！                   13,347 小陈美食日记         0.994   1.000   0.000   0.002   0.551
[2026-07-25 11:48:58.446] 12   感觉是深圳目前top1好吃的。。。。。。              1,708 吃蛋不吃蛋黄         0.897   1.000   0.000   0.101   0.545
[2026-07-25 11:48:58.447] 13   前海科兴科学园对面的这个店子夯爆了                   824 Minar Koton    0.858   1.000   0.000   0.123   0.540
[2026-07-25 11:48:58.448] 14   深圳真的不缺好吃的小店                       1,630 肉肉吃不胖          0.883   1.000   0.000   0.086   0.539
[2026-07-25 11:48:58.449] 15   上川地铁附近美食                            494 是语非雨           0.798   1.000   0.000   0.116   0.524
[2026-07-25 11:48:58.449] 16   （慕名而来）确实是中山民间米其林。。。                 373 圆脸小陈           0.712   1.000   0.000   0.047   0.489
[2026-07-25 11:48:58.451] 17   适合6月份吃的时令菜🥬简单、好做、好吃😋             15,204 饼饼仙贝           0.734   1.000   0.000   0.004   0.486
[2026-07-25 11:48:58.452] 18   深圳这个叫啥？？真好吃死了。。。😭😭                5,267 很会吃就是了         0.511   1.000   0.000   0.228   0.473
[2026-07-25 11:48:58.453] 19   哇～真的好吃耶                          32,795 雲中大佬           0.217   1.000   0.000   0.090   0.372
[2026-07-25 11:48:58.453] ----------------------------------------------------------------------------------------------------------------------------------
[2026-07-25 11:48:58.455] 提示: 价值分 = 收藏率(40%) + 互动密度(30%) + 分享率(15%) + 评论率(15%)
[2026-07-25 11:48:58.456]       收藏率 = 收藏/点赞，代表内容被'保存'的深度价值
[2026-07-25 11:48:58.458] 
[2026-07-25 11:48:58.459] [完成] 全部结果已输出到: output\美食
[2026-07-25 11:48:58.460]   - 日志: xhs_spider_20260725_114530.log
[2026-07-25 11:48:58.461]   - 动量分析: momentum_20260725_114858.csv (19 条)
[2026-07-25 11:48:58.463]   - 价值分析: value_20260725_114858.csv (19 条)
[2026-07-25 11:48:59.529] [浏览器] Edge 已关闭
