[2026-07-25 14:08:24.398] 日志文件: logs\bili_spider_20260725_140824.log
[2026-07-25 14:08:24.401] ============================================================
  B站视频爬虫 (增强版)
============================================================
[2026-07-25 14:08:24.403] 关键词: 抑郁
页数: 3
排序: click
线程数: 5
延迟: 1.0s

[2026-07-25 14:08:24.416] [任务] 任务ID: 59
[2026-07-25 14:08:24.419] [搜索] 第 1/3 页...
[2026-07-25 14:08:24.940]   找到 20 个，新增 20 个
[2026-07-25 14:08:26.826] [搜索] 第 2/3 页...
[2026-07-25 14:08:27.323]   找到 20 个，新增 20 个
[2026-07-25 14:08:28.991] [搜索] 第 3/3 页...
[2026-07-25 14:08:29.458]   找到 20 个，新增 20 个
[2026-07-25 14:08:30.495] 
[搜索完成] 共 60 个视频，今日已爬 1 个，新增 59 个
[2026-07-25 14:08:30.497] [搜索统计] 搜索失败页数: 0
[2026-07-25 14:08:30.499] 
[详情获取] 使用 5 个线程获取视频详情...
[2026-07-25 14:08:32.710]   [1/59] av215090025 ✓
[2026-07-25 14:08:32.821]   [2/59] av515146765 ✓
[2026-07-25 14:08:32.888]   [3/59] av840696147 ✓
[2026-07-25 14:08:32.918]   [4/59] av849831691 ✓
[2026-07-25 14:08:32.933]   [5/59] av115916721364401 ✓
[2026-07-25 14:08:34.757]   [6/59] av80899952 ✓
[2026-07-25 14:08:34.762]   [7/59] av1701516191 ✓
[2026-07-25 14:08:34.883]   [8/59] av516597250 ✓
[2026-07-25 14:08:34.927]   [9/59] av872045351 ✓
[2026-07-25 14:08:35.147]   [10/59] av67639553 ✓
[2026-07-25 14:08:36.659]   [11/59] av1253135531 ✓
[2026-07-25 14:08:36.820]   [12/59] av74046013 ✓
[2026-07-25 14:08:36.826]   [13/59] av116216429545249 ✓
[2026-07-25 14:08:37.225]   [14/59] av116475654308901 ✓
[2026-07-25 14:08:37.572]   [15/59] av392185105 ✓
[2026-07-25 14:08:38.581]   [16/59] av548662492 ✓
[2026-07-25 14:08:38.939]   [17/59] av883792457 ✓
[2026-07-25 14:08:39.282]   [18/59] av901276341 ✓
[2026-07-25 14:08:39.294]   [19/59] av383415084 ✓
[2026-07-25 14:08:39.649]   [20/59] av566822445 ✓
[2026-07-25 14:08:40.497]   [21/59] av529712223 ✓
[2026-07-25 14:08:41.165]   [22/59] av755135737 ✓
[2026-07-25 14:08:41.181]   [23/59] av234337583 ✓
[2026-07-25 14:08:41.344]   [24/59] av670606201 ✓
[2026-07-25 14:08:42.000]   [25/59] av545301740 ✓
[2026-07-25 14:08:42.007]   [26/59] av113525481538140 ✓
[2026-07-25 14:08:43.011]   [27/59] av880129996 ✓
[2026-07-25 14:08:43.366]   [28/59] av610538682 ✓
[2026-07-25 14:08:43.544]   [29/59] av849617198 ✓
[2026-07-25 14:08:43.618]   [30/59] av884249624 ✓
[2026-07-25 14:08:43.948]   [31/59] av76088106 ✓
[2026-07-25 14:08:46.204]   [32/59] av95386309 ✓
[2026-07-25 14:08:46.955]   [33/59] av657184857 ✓
[2026-07-25 14:08:46.972]   [34/59] av657918205 ✓
[2026-07-25 14:08:47.136]   [35/59] av49966600 ✓
[2026-07-25 14:08:47.187]   [36/59] av537651995 ✓
[2026-07-25 14:08:49.258]   [37/59] av77872559 ✓
[2026-07-25 14:08:49.462]   [38/59] av114667909287591 ✓
[2026-07-25 14:08:49.530]   [39/59] av844278550 ✓
[2026-07-25 14:08:50.137]   [40/59] av64509279 ✓
[2026-07-25 14:08:50.325]   [41/59] av97153371 ✓
[2026-07-25 14:08:51.423]   [42/59] av358434691 ✓
[2026-07-25 14:08:51.529]   [43/59] av393409864 ✓
[2026-07-25 14:08:51.730]   [44/59] av972172099 ✓
[2026-07-25 14:08:52.303]   [45/59] av795724388 ✓
[2026-07-25 14:08:52.325]   [46/59] av116046006583346 ✓
[2026-07-25 14:08:52.980]   [47/59] av115395671364874 ✓
[2026-07-25 14:08:53.383]   [48/59] av114635848032178 ✓
[2026-07-25 14:08:53.827]   [49/59] av629235961 ✓
[2026-07-25 14:08:54.350]   [50/59] av115891924632305 ✓
[2026-07-25 14:08:54.415]   [51/59] av761699552 ✓
[2026-07-25 14:08:54.696]   [52/59] av1556605396 ✓
[2026-07-25 14:08:55.213]   [53/59] av444983346 ✓
[2026-07-25 14:08:55.295]   [54/59] av433672369 ✓
[2026-07-25 14:08:56.516]   [55/59] av26537255 ✓
[2026-07-25 14:08:56.592]   [56/59] av470174318 ✓
[2026-07-25 14:08:56.610]   [57/59] av57140713 ✓
[2026-07-25 14:08:57.059]   [58/59] av51473940 ✓
[2026-07-25 14:08:57.611]   [59/59] av605811740 ✓
[2026-07-25 14:08:57.616] 
[搜索完成] 成功: 59, 失败: 0
[2026-07-25 14:08:57.628] [修复] 已修正 210 条视频的评论数 (comment_count <- review)
[2026-07-25 14:08:57.630] 
============================================================
  自动检测并补充粉丝数
============================================================
[2026-07-25 14:08:57.631] 待补充UP主数: 0
[2026-07-25 14:08:57.632] [完成] 所有UP主已有粉丝数据
[2026-07-25 14:08:57.634] 
============================================================
  自动检测并补充视频标签
============================================================
[2026-07-25 14:08:57.635] 待补充标签视频数: 0
[2026-07-25 14:08:57.636] [完成] 所有视频已有标签数据
[2026-07-25 14:08:57.637] 
==========================================================================================
  动量分析 (单次快照模式)
==========================================================================================
[2026-07-25 14:08:57.638] 关键词: 抑郁
显示数量: 999999
[2026-07-25 14:08:57.638] 评分维度: 播放速率(30%) + 粉丝转化(25%) + 互动密度(20%) + 新鲜度(15%) + 播放量(10%)

[2026-07-25 14:08:57.644] 
动量排行 Top 999999（按综合评分排序）
[2026-07-25 14:08:57.648] ------------------------------------------------------------------------------------------------------------------------------------------------------------------------------------
[2026-07-25 14:08:57.650] 排名   标题                                  播放量 UP主              粉丝      转化      速率/h     互动密度     视频年龄     历史增长     综合分
[2026-07-25 14:08:57.651] ------------------------------------------------------------------------------------------------------------------------------------------------------------------------------------
[2026-07-25 14:08:57.652] 1    情绪价值拉满                       10,098,883 354660791   193,237   52.3x      3124    0.020     135天      N/A   0.567
[2026-07-25 14:08:57.654] 2    【sora整活】国足抽象战术集锦，抑郁症治疗秘方     10,087,343 363230850     5,650 1785.4x      1503    0.100     280天      N/A   0.504
[2026-07-25 14:08:57.656] 3    “每天一遍，防止抑郁率达99.999%！”        14,098,623 43887712    707,881   19.9x       424    0.115    1387天      N/A   0.469
[2026-07-25 14:08:57.659] 4    来看看世界上不一样的独特存在吧。              6,200,779 519914035    52,488  118.1x       152    0.228    1697天      N/A   0.466
[2026-07-25 14:08:57.661] 5    我男朋友死在了我床上，而如今我也随他而去，魂归黄泉     7,897,902 349311772  2,263,896    3.5x      3771    0.022      87天      N/A   0.460
[2026-07-25 14:08:57.663] 6    生命教育：活下去，活下去，活下去              7,275,748 21036078    798,208    9.1x       138    0.242    2203天      N/A   0.459
[2026-07-25 14:08:57.664] 7    孩子重度抑郁，成绩下滑，妈妈：都是手机惹的祸！       9,459,660 111193718   143,869   65.8x       264    0.158    1493天      N/A   0.448
[2026-07-25 14:08:57.666] 8    第一次挽救生命，是什么体验                 4,690,074 456954      150,872   31.1x       148    0.220    1321天      N/A   0.445
[2026-07-25 14:08:57.667] 9    华晨宇写给抑郁症的歌《好想爱这个世界啊》官方视频出炉   15,187,919 137696698     4,768 3185.4x       259    0.075    2441天      N/A   0.433
[2026-07-25 14:08:57.667] 10   世界公认最佳放松雨声，432HZ的雨声是能让人体达到   14,765,451 697612310    22,094  668.3x       652    0.030     944天      N/A   0.423
[2026-07-25 14:08:57.669] 11   父母离婚对孩子的伤害有多大？看了这个视频你就知道了。   14,269,397 163856641   335,846   42.5x       630    0.037     944天      N/A   0.422
[2026-07-25 14:08:57.670] 12   好好的寒假放了个寂寞:学校要求在家朝五晚十，大年夜还    4,747,882 169229040   383,928   12.4x       100    0.169    1978天      N/A   0.400
[2026-07-25 14:08:57.672] 13   【武林外传】武林骚话！每天一遍，防止抑郁！         6,591,614 38347595    485,707   13.6x       114    0.127    2402天      N/A   0.383
[2026-07-25 14:08:57.674] 14   抑郁听两遍-《孤儿乐园》                 12,205,465 84121473      4,733 2578.8x       193    0.053    2639天      N/A   0.381
[2026-07-25 14:08:57.679] 15   误闯天家了 ！！！！                    5,703,837 354656944   270,616   21.1x      1238    0.019     192天      N/A   0.376
[2026-07-25 14:08:57.682] 16   【每天一遍\走出抑郁】魔性舞蹈，停不下来，今天你治愈    8,162,394 384962325    10,946  745.7x       146    0.094    2326天      N/A   0.373
[2026-07-25 14:08:57.683] 17   压力大，容易emo，做什么事都没有兴趣，强烈建议看看    6,195,722 188807182   229,915   26.9x       182    0.111    1420天      N/A   0.372
[2026-07-25 14:08:57.685] 18   谁说弹钢琴可以变优雅，钢琴在他这会抑郁的          7,430,095 331897263    40,574  183.1x       225    0.090    1379天      N/A   0.369
[2026-07-25 14:08:57.687] 19   走进黑色博物馆，扮演一名精神病人，体验他们的真实感受   11,234,033 143168771   281,450   39.9x       413    0.025    1134天      N/A   0.367
[2026-07-25 14:08:57.689] 20   世界公认最佳解压、432Hz疗愈雨声：身体秒放松、大    4,554,274 349310485    46,707   97.5x      1011    0.041     188天      N/A   0.364
[2026-07-25 14:08:57.692] 21   憋笑大挑战看你能坚持几秒                  9,763,896 354657849  1,033,847    9.4x       582    0.044     699天      N/A   0.362
[2026-07-25 14:08:57.695] 22   学习英语一半是爱好一半是因为她               5,598,825 107083708   453,782   12.3x       176    0.105    1329天      N/A   0.361
[2026-07-25 14:08:57.697] 23   每 天 亿 遍 超 抑 郁                 8,130,288 476343250   100,764   80.7x       140    0.074    2427天      N/A   0.356
[2026-07-25 14:08:57.697] 24   童年不幸，晚景悲凉，被抑郁症折磨17年，金凯瑞为什么    6,381,357 133189968    85,328   74.8x       205    0.083    1300天      N/A   0.352
[2026-07-25 14:08:57.698] 25   精神病院的真实生活，最奇妙的人类聚集地，病人千奇百怪    9,391,759 492586856    26,221  358.2x       225    0.040    1738天      N/A   0.346
[2026-07-25 14:08:57.699] 26   每天一次，防止抑郁！                    5,501,773 14356194     51,307  107.2x        91    0.094    2507天      N/A   0.344
[2026-07-25 14:08:57.700] 27   【互动视频】贝克抑郁自评量表（BDI）           5,540,853 20751018    648,009    8.6x       100    0.142    2320天      N/A   0.343
[2026-07-25 14:08:57.700] 28   终究还是一个人扛下了所有                  5,092,030 224539237    42,021  121.2x        94    0.088    2256天      N/A   0.336
[2026-07-25 14:08:57.702] 29   “所以生命啊，它苦涩如歌”                 4,849,108 265997439   136,515   35.5x       161    0.079    1257天      N/A   0.331
[2026-07-25 14:08:57.702] 30   你们毕业后手机里都是什么#老实人社恐内向文明温柔小姑    4,756,473 178394461   362,124   13.1x       239    0.070     831天      N/A   0.329
[2026-07-25 14:08:57.703] 31   一首忧伤至极的神曲《Past Lives》，开口沦陷    6,336,506 513487743   204,028   31.1x       170    0.059    1554天      N/A   0.329
[2026-07-25 14:08:57.706] 32   【灵魂跳水】每天一遍，防止抑郁               5,721,789 188748955     5,960  960.0x        92    0.068    2584天      N/A   0.325
[2026-07-25 14:08:57.708] 33   我在宿舍唱《海底》把整层楼唱哭了！！！           6,242,157 4687593     136,209   45.8x       125    0.058    2073天      N/A   0.324
[2026-07-25 14:08:57.709] 34   今天帮助一位抑郁症患者做公益清洁，希望能尽我们的微薄    7,173,967 163856641   335,846   21.4x       263    0.034    1138天      N/A   0.323
[2026-07-25 14:08:57.710] 35   每天一遍，防止抑郁。走出阴霾，走出自卑...       11,718,812 384298638  1,588,560    7.4x       184    0.072    2653天      N/A   0.321
[2026-07-25 14:08:57.711] 36   为什么我的朋友很少，这是我的一段经历            6,819,489 349328836    85,423   79.8x       328    0.028     867天      N/A   0.321
[2026-07-25 14:08:57.711] 37   拍完这剧，女主入戏太深自杀了，可惜了！           8,537,608 293243325    39,514  216.1x       186    0.021    1917天      N/A   0.320
[2026-07-25 14:08:57.712] 38   【泠鸢rap】每天一遍，防止抑郁！             5,904,515 8580108     625,115    9.4x        97    0.076    2531天      N/A   0.313
[2026-07-25 14:08:57.713] 39   【正念入门】十分钟冥想系列 · 第 1 天：坐下来，    4,705,142 492369962   282,342   16.7x        90    0.060    2178天      N/A   0.308
[2026-07-25 14:08:57.715] 40   看完千万别抑郁（慎重观看！！！）              6,149,141 52111876      4,606 1335.0x        87    0.039    2937天      N/A   0.304
[2026-07-25 14:08:57.716] 41   父亲两次把儿子送进豫章书院，儿子终于得了重度抑郁症，    5,306,875 7039420       4,117 1289.0x        90    0.045    2459天      N/A   0.301
[2026-07-25 14:08:57.718] 42   如果你被关进精神病院，只能跟院长说一句话证明你不是精    5,050,398 354637983   214,616   23.5x       508    0.007     414天      N/A   0.301
[2026-07-25 14:08:57.719] 43   成年人的崩溃，只要4块钱                  6,454,984 33934423      2,370 2723.6x       119    0.025    2264天      N/A   0.298
[2026-07-25 14:08:57.723] 44   【真牛人物008】儿子喝药结束一命，我挣这么多钱花不    6,217,615 94508565    850,476    7.3x       154    0.110    1684天      N/A   0.297
[2026-07-25 14:08:57.724] 45   男子上完夜班后提着四份早餐回家，发现妻子儿女自杀。     6,035,494 362689334    11,329  532.8x       129    0.023    1953天      N/A   0.293
[2026-07-25 14:08:57.726] 46   抑郁症眼神前后变化                     6,279,074 394905913     1,820 3450.0x       132    0.018    1984天      N/A   0.292
[2026-07-25 14:08:57.727] 47   “没人觉得我病了，他们觉得我错了”             5,299,915 588672566    44,354  119.5x       120    0.025    1837天      N/A   0.287
[2026-07-25 14:08:57.728] 48   每日一遍，抑郁不见！                    5,047,038 217995825       580 8701.8x       188    0.012    1118天      N/A   0.279
[2026-07-25 14:08:57.730] 49   国内综艺天花板？从网红交警到抑郁症患者，谭警官经历了    8,660,303 525382468  1,318,718    6.6x       326    0.063    1106天      N/A   0.277
[2026-07-25 14:08:57.731] 50   贪婪消耗着身边的一切                    5,461,634 198602192     3,113 1754.5x       200    0.001    1138天      N/A   0.276
[2026-07-25 14:08:57.732] 51   抑郁症发病录像                       4,856,901 20015237      2,671 1818.4x       163    0.010    1238天      N/A   0.275
[2026-07-25 14:08:57.733] 52   “谁跟你在一起都会抑郁的”：这或许就是某些家庭教育的    4,535,338 495979927   790,733    5.7x      1147    0.052     165天      N/A   0.274
[2026-07-25 14:08:57.735] 53   每日一遍，防止抑郁。 #治愈                4,667,420 142006691    15,550  300.2x       153    0.007    1274天      N/A   0.270
[2026-07-25 14:08:57.736] 54   【轰】“我知道，你不是矫情”                7,645,876 349308997  3,648,994    2.1x       295    0.138    1079天      N/A   0.218
[2026-07-25 14:08:57.739] 55   史诗级抗抑郁！一口气看完【丁真爆笑名场面】         7,820,211 20457232   2,785,983    2.8x       798    0.062     408天      N/A   0.214
[2026-07-25 14:08:57.740] 56   身体：“我也曾想过一了百了”                4,568,170 321422126  5,882,829    0.8x       312    0.099     610天      N/A   0.126
[2026-07-25 14:08:57.743] 57   抑郁症，是怎么改变你大脑的？                5,134,856 119528423  3,626,643    1.4x       143    0.081    1497天      N/A   0.119
[2026-07-25 14:08:57.745] 58   孩子那么小，能不抑郁吗？                  6,696,332 1605721    3,437,444    1.9x       136    0.034    2055天      N/A   0.106
[2026-07-25 14:08:57.747] 59   再乐观的人看了也会抑郁，因为我们生活在天使都拯救不了    5,497,823 604710494  2,729,349    2.0x       224    0.032    1023天      N/A   0.102
[2026-07-25 14:08:57.752] ------------------------------------------------------------------------------------------------------------------------------------------------------------------------------------
[2026-07-25 14:08:57.755] 
提示: 综合分 = 播放速率(30%) + 粉丝转化(25%) + 互动密度(20%) + 新鲜度(15%) + 播放量(10%)
[2026-07-25 14:08:57.756]       历史增长列显示多次爬取后的真实增长率，首次爬取为 N/A
[2026-07-25 14:08:57.762] 
[导出] 动量分析结果已保存到 output\抑郁\momentum_20260725_140857.csv
[2026-07-25 14:08:57.766] 
================================================================================
[2026-07-25 14:08:57.768]   标签权重 Top 10 (关键词: 抑郁)
[2026-07-25 14:08:57.770] ================================================================================
[2026-07-25 14:08:57.772] 总视频数: 59 | 不同标签数: 286
[2026-07-25 14:08:57.773] 算法: 标签权重 = 出现视频数 × 平均动量分
[2026-07-25 14:08:57.774] --------------------------------------------------------------------------------
[2026-07-25 14:08:57.777] 排名   标签                       出现次数      覆盖率      平均动量分       标签权重
[2026-07-25 14:08:57.777] --------------------------------------------------------------------------------
[2026-07-25 14:08:57.779] 1    抑郁症                        22    37.3%      0.358      7.877
[2026-07-25 14:08:57.780] 2    抑郁                         22    37.3%      0.339      7.450
[2026-07-25 14:08:57.782] 3    人生                          8    13.6%      0.363      2.903
[2026-07-25 14:08:57.783] 4    生活记录                        8    13.6%      0.349      2.796
[2026-07-25 14:08:57.785] 5    搞笑                          6    10.2%      0.363      2.178
[2026-07-25 14:08:57.786] 6    爱情                          5     8.5%      0.392      1.959
[2026-07-25 14:08:57.788] 7    记录                          5     8.5%      0.367      1.835
[2026-07-25 14:08:57.789] 8    教育                          5     8.5%      0.351      1.755
[2026-07-25 14:08:57.790] 9    情感                          6    10.2%      0.281      1.688
[2026-07-25 14:08:57.792] 10   生活                          5     8.5%      0.316      1.580
[2026-07-25 14:08:57.793] --------------------------------------------------------------------------------
[2026-07-25 14:08:57.794] 说明: 标签权重越高 = 该标签在高动量视频中出现越频繁，越值得关注
[2026-07-25 14:08:57.799] 
[导出] 标签分析已保存到 output\抑郁\tags_20260725_140857.txt
[2026-07-25 14:08:57.801] 
====================================================================================================
  价值分析 (独立评分)
====================================================================================================
[2026-07-25 14:08:57.804] 关键词: 抑郁
[2026-07-25 14:08:57.806] 评分维度: 深度互动比(35%) + 互动密度(25%) + 收藏率(20%) + 粉丝转化(10%) + 分享率(10%)
[2026-07-25 14:08:57.807] 说明: 价值评分衡量视频的长期内容质量，不受视频年龄/新鲜度影响

[2026-07-25 14:08:57.809] 
价值排行 Top 59（按价值综合评分排序）
[2026-07-25 14:08:57.810] ----------------------------------------------------------------------------------------------------------------------------------------------------------------------------------------------
[2026-07-25 14:08:57.811] 排名   标题                                  播放量 UP主              粉丝    深/浅比     互动密度     收藏率      转化     分享率    深互动分    互动分    收藏分    转化分    分享分     价值分
[2026-07-25 14:08:57.812] ----------------------------------------------------------------------------------------------------------------------------------------------------------------------------------------------
[2026-07-25 14:08:57.813] 1    生命教育：活下去，活下去，活下去              7,275,748 大啊毛君        798,208    1.15    0.242   0.047    9.1x   0.015   0.412  1.000  1.000  0.001  0.447   0.639
[2026-07-25 14:08:57.815] 2    【正念入门】十分钟冥想系列 · 第 1 天：坐下来，    4,705,142 冥想猴上树辣      282,342    2.23    0.060   0.031   16.7x   0.017   0.823  0.242  0.654  0.002  0.502   0.530
[2026-07-25 14:08:57.816] 3    第一次挽救生命，是什么体验                 4,690,074 北少喵         150,872    1.01    0.220   0.034   31.1x   0.002   0.358  0.909  0.721  0.003  0.074   0.504
[2026-07-25 14:08:57.818] 4    每日一遍，抑郁不见！                    5,047,038 去冰咖啡加布丁         580    2.69    0.012   0.008 8701.8x   0.000   1.000  0.042  0.154  1.000  0.002   0.492
[2026-07-25 14:08:57.819] 5    来看看世界上不一样的独特存在吧。              6,200,779 浅草也不能没马蹄     52,488    1.22    0.228   0.016  118.1x   0.005   0.440  0.941  0.337  0.013  0.150   0.473
[2026-07-25 14:08:57.820] 6    【每天一遍\走出抑郁】魔性舞蹈，停不下来，今天你治愈    8,162,394 奇迹星-火        10,946    0.90    0.094   0.031  745.7x   0.027   0.317  0.384  0.645  0.086  0.811   0.426
[2026-07-25 14:08:57.820] 7    【武林外传】武林骚话！每天一遍，防止抑郁！         6,591,614 风云熊         485,707    1.16    0.127   0.024   13.6x   0.012   0.416  0.520  0.504  0.001  0.360   0.412
[2026-07-25 14:08:57.822] 8    世界公认最佳解压、432Hz疗愈雨声：身体秒放松、大    4,554,274 985睡务局       46,707    2.11    0.041   0.021   97.5x   0.003   0.779  0.165  0.429  0.011  0.076   0.408
[2026-07-25 14:08:57.823] 9    一首忧伤至极的神曲《Past Lives》，开口沦陷    6,336,506 童童音乐        204,028    1.65    0.059   0.030   31.1x   0.002   0.602  0.238  0.629  0.003  0.047   0.401
[2026-07-25 14:08:57.824] 10   好好的寒假放了个寂寞:学校要求在家朝五晚十，大年夜还    4,747,882 宋翔宇和江户川雨    383,928    0.79    0.169   0.022   12.4x   0.009   0.272  0.697  0.458  0.001  0.261   0.387
[2026-07-25 14:08:57.825] 11   “每天一遍，防止抑郁率达99.999%！”        14,098,623 爱睡觉的_Koal   707,881    0.82    0.115   0.033   19.9x   0.009   0.287  0.472  0.681  0.002  0.269   0.382
[2026-07-25 14:08:57.826] 12   每天一遍，防止抑郁。走出阴霾，走出自卑...       11,718,812 浙江共青团      1,588,560    0.92    0.072   0.023    7.4x   0.034   0.324  0.293  0.466  0.001  1.000   0.380
[2026-07-25 14:08:57.827] 13   世界公认最佳放松雨声，432HZ的雨声是能让人体达到   14,765,451 账号已注销        22,094    2.07    0.030   0.015  668.3x   0.002   0.763  0.121  0.307  0.077  0.071   0.373
[2026-07-25 14:08:57.828] 14   华晨宇写给抑郁症的歌《好想爱这个世界啊》官方视频出炉   15,187,919 蟹姐哇           4,768    0.95    0.075   0.023 3185.4x   0.010   0.335  0.306  0.475  0.366  0.289   0.354
[2026-07-25 14:08:57.830] 15   每日一遍，防止抑郁。 #治愈                4,667,420 账号已注销        15,550    2.50    0.007   0.005  300.2x   0.000   0.929  0.025  0.095  0.034  0.000   0.354
[2026-07-25 14:08:57.831] 16   压力大，容易emo，做什么事都没有兴趣，强烈建议看看    6,195,722 吾聊电影        229,915    0.87    0.111   0.024   26.9x   0.011   0.303  0.454  0.503  0.003  0.327   0.353
[2026-07-25 14:08:57.832] 17   谁说弹钢琴可以变优雅，钢琴在他这会抑郁的          7,430,095 娱圈班主任        40,574    0.73    0.090   0.031  183.1x   0.010   0.252  0.367  0.656  0.021  0.297   0.343
[2026-07-25 14:08:57.833] 18   【轰】“我知道，你不是矫情”                7,645,876 米尼麦泥轰      3,648,994    0.57    0.138   0.031    2.1x   0.001   0.189  0.569  0.640  0.000  0.043   0.341
[2026-07-25 14:08:57.834] 19   每天一次，防止抑郁！                    5,501,773 狼乔遗梦         51,307    0.80    0.094   0.029  107.2x   0.007   0.278  0.384  0.614  0.012  0.222   0.340
[2026-07-25 14:08:57.835] 20   身体：“我也曾想过一了百了”                4,568,170 进击的金厂长     5,882,829    0.80    0.099   0.032    0.8x   0.001   0.277  0.404  0.671  0.000  0.022   0.334
[2026-07-25 14:08:57.836] 21   每 天 亿 遍 超 抑 郁                 8,130,288 开原著名恶仗主打人   100,764    1.21    0.074   0.021   80.7x   0.003   0.435  0.302  0.442  0.009  0.087   0.326
[2026-07-25 14:08:57.836] 22   终究还是一个人扛下了所有                  5,092,030 因妳而在的故亊      42,021    1.09    0.088   0.018  121.2x   0.004   0.390  0.361  0.370  0.014  0.134   0.316
[2026-07-25 14:08:57.837] 23   抑郁症，是怎么改变你大脑的？                5,134,856 李白尼的猜想     3,626,643    0.78    0.081   0.021    1.4x   0.011   0.270  0.333  0.439  0.000  0.340   0.300
[2026-07-25 14:08:57.838] 24   看完千万别抑郁（慎重观看！！！）              6,149,141 鲁拉拉的库卡卡       4,606    1.29    0.039   0.017 1335.0x   0.003   0.464  0.156  0.339  0.153  0.102   0.295
[2026-07-25 14:08:57.839] 25   “所以生命啊，它苦涩如歌”                 4,849,108 朋友你这是搞事情啊   136,515    0.90    0.079   0.019   35.5x   0.005   0.315  0.322  0.399  0.004  0.137   0.285
[2026-07-25 14:08:57.840] 26   【泠鸢rap】每天一遍，防止抑郁！             5,904,515 圣剑少女の爱      625,115    0.98    0.076   0.019    9.4x   0.002   0.346  0.308  0.390  0.001  0.050   0.281
[2026-07-25 14:08:57.841] 27   孩子重度抑郁，成绩下滑，妈妈：都是手机惹的祸！       9,459,660 精神科熊生杰      143,869    0.25    0.158   0.019   65.8x   0.004   0.068  0.651  0.393  0.007  0.120   0.278
[2026-07-25 14:08:57.842] 28   【灵魂跳水】每天一遍，防止抑郁               5,721,789 卷心菜rzZ        5,960    0.86    0.068   0.015  960.0x   0.005   0.300  0.276  0.308  0.110  0.150   0.261
[2026-07-25 14:08:57.843] 29   【互动视频】贝克抑郁自评量表（BDI）           5,540,853 阿渣大王        648,009    0.35    0.142   0.013    8.6x   0.006   0.104  0.586  0.267  0.001  0.177   0.254
[2026-07-25 14:08:57.844] 30   抑郁听两遍-《孤儿乐园》                 12,205,465 Ottimisti     4,733    0.68    0.053   0.013 2578.8x   0.010   0.232  0.216  0.266  0.296  0.287   0.247
[2026-07-25 14:08:57.845] 31   为什么我的朋友很少，这是我的一段经历            6,819,489 梦想的30号       85,423    1.28    0.028   0.013   79.8x   0.000   0.462  0.110  0.253  0.009  0.006   0.241
[2026-07-25 14:08:57.847] 32   【sora整活】国足抽象战术集锦，抑郁症治疗秘方     10,087,343 账号已注销         5,650    0.22    0.100   0.011 1785.4x   0.016   0.054  0.411  0.215  0.205  0.482   0.233
[2026-07-25 14:08:57.848] 33   【真牛人物008】儿子喝药结束一命，我挣这么多钱花不    6,217,615 牛事          850,476    0.56    0.110   0.010    7.3x   0.002   0.187  0.453  0.209  0.001  0.061   0.227
[2026-07-25 14:08:57.849] 34   国内综艺天花板？从网红交警到抑郁症患者，谭警官经历了    8,660,303 人间放映厅      1,318,718    0.69    0.063   0.017    6.6x   0.001   0.238  0.255  0.338  0.001  0.034   0.218
[2026-07-25 14:08:57.849] 35   “谁跟你在一起都会抑郁的”：这或许就是某些家庭教育的    4,535,338 半耳聆         790,733    0.63    0.052   0.017    5.7x   0.001   0.211  0.209  0.342  0.001  0.042   0.199
[2026-07-25 14:08:57.850] 36   误闯天家了 ！！！！                    5,703,837 摩徒机车        270,616    1.05    0.019   0.010   21.1x   0.000   0.373  0.075  0.193  0.002  0.001   0.188
[2026-07-25 14:08:57.851] 37   憋笑大挑战看你能坚持几秒                  9,763,896 大森子哈哈哈     1,033,847    0.61    0.044   0.013    9.4x   0.005   0.206  0.178  0.263  0.001  0.145   0.184
[2026-07-25 14:08:57.852] 38   今天帮助一位抑郁症患者做公益清洁，希望能尽我们的微薄    7,173,967 家简生活        335,846    0.92    0.033   0.009   21.4x   0.001   0.325  0.133  0.167  0.002  0.019   0.183
[2026-07-25 14:08:57.852] 39   走进黑色博物馆，扮演一名精神病人，体验他们的真实感受   11,234,033 水星逛博物馆      281,450    0.78    0.025   0.010   39.9x   0.000   0.269  0.099  0.208  0.004  0.007   0.162
[2026-07-25 14:08:57.853] 40   我在宿舍唱《海底》把整层楼唱哭了！！！           6,242,157 可爱的土狗哥      136,209    0.53    0.058   0.009   45.8x   0.001   0.177  0.233  0.184  0.005  0.016   0.159
[2026-07-25 14:08:57.854] 41   贪婪消耗着身边的一切                    5,461,634 Hi一天          3,113    1.02    0.001   0.001 1754.5x   0.000   0.364  0.000  0.000  0.202  0.000   0.147
[2026-07-25 14:08:57.856] 42   如果你被关进精神病院，只能跟院长说一句话证明你不是精    5,050,398 梗姐姐_        214,616    1.04    0.007   0.003   23.5x   0.000   0.369  0.023  0.058  0.003  0.000   0.147
[2026-07-25 14:08:57.857] 43   再乐观的人看了也会抑郁，因为我们生活在天使都拯救不了    5,497,823 长片短解       2,729,349    0.61    0.032   0.010    2.0x   0.000   0.207  0.128  0.200  0.000  0.010   0.145
[2026-07-25 14:08:57.857] 44   父母离婚对孩子的伤害有多大？看了这个视频你就知道了。   14,269,397 家简生活        335,846    0.66    0.037   0.006   42.5x   0.000   0.226  0.150  0.122  0.005  0.008   0.142
[2026-07-25 14:08:57.858] 45   史诗级抗抑郁！一口气看完【丁真爆笑名场面】         7,820,211 一只吐槽圆      2,785,983    0.25    0.062   0.008    2.8x   0.008   0.066  0.252  0.147  0.000  0.249   0.140
[2026-07-25 14:08:57.860] 46   学习英语一半是爱好一半是因为她               5,598,825 刘涛teacher   453,782    0.09    0.105   0.006   12.3x   0.001   0.008  0.431  0.121  0.001  0.044   0.139
[2026-07-25 14:08:57.860] 47   我男朋友死在了我床上，而如今我也随他而去，魂归黄泉     7,897,902 摩的司机徐师傅    2,263,896    0.61    0.022   0.006    3.5x   0.005   0.204  0.087  0.117  0.000  0.138   0.130
[2026-07-25 14:08:57.861] 48   童年不幸，晚景悲凉，被抑郁症折磨17年，金凯瑞为什么    6,381,357 幕春秋          85,328    0.15    0.083   0.008   74.8x   0.001   0.028  0.340  0.146  0.009  0.016   0.126
[2026-07-25 14:08:57.862] 49   精神病院的真实生活，最奇妙的人类聚集地，病人千奇百怪    9,391,759 風哥电影         26,221    0.37    0.040   0.008  358.2x   0.002   0.115  0.159  0.152  0.041  0.055   0.120
[2026-07-25 14:08:57.863] 50   孩子那么小，能不抑郁吗？                  6,696,332 允星河Yoseya  3,437,444    0.49    0.034   0.006    1.9x   0.001   0.158  0.135  0.117  0.000  0.029   0.115
[2026-07-25 14:08:57.864] 51   你们毕业后手机里都是什么#老实人社恐内向文明温柔小姑    4,756,473 程程Cccan     362,124    0.13    0.070   0.007   13.1x   0.001   0.023  0.287  0.145  0.001  0.021   0.111
[2026-07-25 14:08:57.864] 52   “没人觉得我病了，他们觉得我错了”             5,299,915 ying桃小丸      44,354    0.47    0.025   0.006  119.5x   0.001   0.150  0.098  0.121  0.014  0.018   0.104
[2026-07-25 14:08:57.865] 53   父亲两次把儿子送进豫章书院，儿子终于得了重度抑郁症，    5,306,875 呓城2014        4,117    0.19    0.045   0.004 1289.0x   0.001   0.047  0.181  0.061  0.148  0.035   0.092
[2026-07-25 14:08:57.866] 54   抑郁症眼神前后变化                     6,279,074 立花泷cry        1,820    0.23    0.018   0.003 3450.0x   0.000   0.059  0.069  0.045  0.396  0.012   0.088
[2026-07-25 14:08:57.866] 55   成年人的崩溃，只要4块钱                  6,454,984 舒克没有飞机啊       2,370    0.16    0.025   0.003 2723.6x   0.001   0.032  0.099  0.046  0.313  0.032   0.080
[2026-07-25 14:08:57.868] 56   拍完这剧，女主入戏太深自杀了，可惜了！           8,537,608 柒_小诗         39,514    0.33    0.021   0.005  216.1x   0.000   0.098  0.082  0.085  0.025  0.006   0.075
[2026-07-25 14:08:57.869] 57   抑郁症发病录像                       4,856,901 空气是我          2,671    0.30    0.010   0.001 1818.4x   0.000   0.086  0.036  0.014  0.209  0.010   0.064
[2026-07-25 14:08:57.870] 58   男子上完夜班后提着四份早餐回家，发现妻子儿女自杀。     6,035,494 菊头望明月        11,329    0.14    0.023   0.003  532.7x   0.001   0.027  0.090  0.039  0.061  0.025   0.048
[2026-07-25 14:08:57.870] 59   情绪价值拉满                       10,098,883 牟牟刘啊-       193,237    0.07    0.020   0.001   52.3x   0.000   0.000  0.075  0.007  0.006  0.011   0.022
[2026-07-25 14:08:57.871] ----------------------------------------------------------------------------------------------------------------------------------------------------------------------------------------------
[2026-07-25 14:08:57.872] 
提示: 价值分 = 深度互动比(35%) + 互动密度(25%) + 收藏率(20%) + 粉丝转化(10%) + 分享率(10%)
[2026-07-25 14:08:57.873]       深度互动比 = (投币+收藏)/点赞，>1.0 表示用户愿意付出成本的认可超过浅层点赞
[2026-07-25 14:08:57.875]       与动量分析互补：动量看'速度'，价值看'质量'
[2026-07-25 14:08:57.878] 
================================================================================
[2026-07-25 14:08:57.879]   标签权重 Top 10 (关键词: 抑郁)
[2026-07-25 14:08:57.879] ================================================================================
[2026-07-25 14:08:57.880] 总视频数: 59 | 不同标签数: 286
[2026-07-25 14:08:57.881] 算法: 标签权重 = 出现视频数 × 平均价值分
[2026-07-25 14:08:57.882] --------------------------------------------------------------------------------
[2026-07-25 14:08:57.882] 排名   标签                       出现次数      覆盖率      平均价值分       标签权重
[2026-07-25 14:08:57.884] --------------------------------------------------------------------------------
[2026-07-25 14:08:57.885] 1    抑郁                         22    37.3%      0.246      5.419
[2026-07-25 14:08:57.885] 2    抑郁症                        22    37.3%      0.232      5.093
[2026-07-25 14:08:57.886] 3    人生                          8    13.6%      0.250      1.997
[2026-07-25 14:08:57.888] 4    生活记录                        8    13.6%      0.245      1.960
[2026-07-25 14:08:57.889] 5    搞笑                          6    10.2%      0.296      1.774
[2026-07-25 14:08:57.890] 6    教育                          5     8.5%      0.316      1.582
[2026-07-25 14:08:57.891] 7    情感                          6    10.2%      0.254      1.525
[2026-07-25 14:08:57.893] 8    生活                          5     8.5%      0.299      1.493
[2026-07-25 14:08:57.894] 9    搞笑视频                        4     6.8%      0.370      1.480
[2026-07-25 14:08:57.895] 10   科普                          4     6.8%      0.358      1.433
[2026-07-25 14:08:57.895] --------------------------------------------------------------------------------
[2026-07-25 14:08:57.896] 说明: 标签权重越高 = 该标签在高质量视频中出现越频繁，越值得重点关注
[2026-07-25 14:08:57.898] 
[导出] 标签分析已保存到 output\抑郁\tags_20260725_140857.txt
[2026-07-25 14:08:57.901] 
[导出] 价值分析结果已保存到 output\抑郁\value_20260725_140857.csv
