[2026-07-24 19:29:19.653] 日志文件: logs\spider_20260724_192919.log
[2026-07-24 19:29:19.654] ============================================================
[2026-07-24 19:29:19.656]   B站视频爬虫 (增强版)
[2026-07-24 19:29:19.657] ============================================================
[2026-07-24 19:29:19.657] 关键词: 服饰
[2026-07-24 19:29:19.658] 页数: 5
[2026-07-24 19:29:19.658] 排序: click
[2026-07-24 19:29:19.659] 线程数: 3
[2026-07-24 19:29:19.659] 延迟: 1.0s
[2026-07-24 19:29:19.661] 
[2026-07-24 19:29:19.698] [任务] 任务ID: 15
[2026-07-24 19:29:19.700] [搜索] 第 1/5 页...
[2026-07-24 19:29:20.014]   [限流] 第1页 等待 5 秒后重试 (1/3)...
[2026-07-24 19:29:25.291]   [限流] 第1页 等待 10 秒后重试 (2/3)...
[2026-07-24 19:29:35.555]   [限流] 第1页 等待 15 秒后重试 (3/3)...
[2026-07-24 19:29:50.557]   [失败] 第1页 超过最大重试次数
[2026-07-24 19:29:50.560]   失败，跳过
[2026-07-24 19:29:53.165] [搜索] 第 2/5 页...
[2026-07-24 19:29:53.634]   找到 20 个，新增 20 个
[2026-07-24 19:29:54.807] [搜索] 第 3/5 页...
[2026-07-24 19:29:55.176]   找到 20 个，新增 20 个
[2026-07-24 19:29:57.171] [搜索] 第 4/5 页...
[2026-07-24 19:29:57.549]   找到 20 个，新增 20 个
[2026-07-24 19:29:59.513] [搜索] 第 5/5 页...
[2026-07-24 19:29:59.875]   找到 20 个，新增 20 个
[2026-07-24 19:30:01.532] 
[搜索完成] 共 80 个视频，今日已爬 80 个，新增 0 个
[2026-07-24 19:30:01.533] [搜索统计] 搜索失败页数: 1
[2026-07-24 19:30:01.534] [完成] 没有新视频需要爬取
[2026-07-24 19:30:01.539] 
================================================================================
[2026-07-24 19:30:01.539]   动量分析 (增强版)
[2026-07-24 19:30:01.541] ================================================================================
[2026-07-24 19:30:01.541] 关键词: 服饰
[2026-07-24 19:30:01.542] 指标: play_nums
[2026-07-24 19:30:01.542] 显示数量: 10
[2026-07-24 19:30:01.542] 
[2026-07-24 19:30:01.549] 
动量排行 Top 10（按综合评分排序）
[2026-07-24 19:30:01.550] --------------------------------------------------------------------------------------------------------------------------------------------
[2026-07-24 19:30:01.551] 排名   标题                                         当前播放量 UP主                    粉丝数        转化率       总增长%        日均%    数据点 状态          
[2026-07-24 19:30:01.551] --------------------------------------------------------------------------------------------------------------------------------------------
[2026-07-24 19:30:01.552] 1    摆脱春夏内衣“闷热”！与内衣和解，小胸显大不空杯！             22,790,190 457226461                -          -        N/A        N/A      0 无历史数据       
[2026-07-24 19:30:01.553] 2    『从头看她』1920-2020，中国女性发型的百年变迁           15,085,101 297344797        1,950,000       7.7x        N/A        N/A      0 无历史数据       
[2026-07-24 19:30:01.554] 3    幸福了…幸福疯了！                              6,573,147 180926019            4,620    1422.8x        N/A        N/A      0 无历史数据       
[2026-07-24 19:30:01.555] 4    1920-2020 百年变迁，我眼中的中国女性真实之美。          14,190,477 297344797        1,950,000       7.3x        N/A        N/A      0 无历史数据       
[2026-07-24 19:30:01.555] 5    穿搭测评交友                                14,074,553 480963436                -          -        N/A        N/A      0 无历史数据       
[2026-07-24 19:30:01.556] 6    “他们不像是走秀，倒像是来赴宴的......”| 前方高能·国风大     13,524,237 11860785                 -          -        N/A        N/A      0 无历史数据       
[2026-07-24 19:30:01.557] 7    耗时半年复刻电影里灰姑娘公主裙！每个女孩的公主梦都应该被实现呀       12,147,649 350975070                -          -        N/A        N/A      0 无历史数据       
[2026-07-24 19:30:01.558] 8    永远都不知道对手是什么“糕手”                       11,756,506 3546591034083            -          -        N/A        N/A      0 无历史数据       
[2026-07-24 19:30:01.559] 9    Zara今年的衣服绝了，这种请问谁能穿！                  11,238,112 303713614                -          -        N/A        N/A      0 无历史数据       
[2026-07-24 19:30:01.561] 10   海澜之家空中变装                              11,007,022 166326710                -          -        N/A        N/A      0 无历史数据       
[2026-07-24 19:30:01.561] --------------------------------------------------------------------------------------------------------------------------------------------
[2026-07-24 19:30:01.565] 
[导出] 动量分析结果已保存到 output\服饰\momentum_20260724_193001.csv
