[2026-07-24 20:44:23.907] 日志文件: logs\spider_20260724_204423.log
[2026-07-24 20:44:23.908] ============================================================
[2026-07-24 20:44:23.910]   B站视频爬虫 (增强版)
[2026-07-24 20:44:23.911] ============================================================
[2026-07-24 20:44:23.913] 关键词: 穷人
[2026-07-24 20:44:23.913] 页数: 10
[2026-07-24 20:44:23.914] 排序: click
[2026-07-24 20:44:23.916] 线程数: 3
[2026-07-24 20:44:23.917] 延迟: 1.0s
[2026-07-24 20:44:23.919] 
[2026-07-24 20:44:23.931] [任务] 任务ID: 24
[2026-07-24 20:44:23.932] [搜索] 第 1/10 页...
[2026-07-24 20:44:24.645]   找到 20 个，新增 20 个
[2026-07-24 20:44:26.346] [搜索] 第 2/10 页...
[2026-07-24 20:44:26.756]   找到 20 个，新增 20 个
[2026-07-24 20:44:27.931] [搜索] 第 3/10 页...
[2026-07-24 20:44:28.459]   找到 20 个，新增 20 个
[2026-07-24 20:44:29.587] [搜索] 第 4/10 页...
[2026-07-24 20:44:30.297]   找到 20 个，新增 20 个
[2026-07-24 20:44:32.081] [搜索] 第 5/10 页...
[2026-07-24 20:44:32.615]   找到 20 个，新增 20 个
[2026-07-24 20:44:33.803] [搜索] 第 6/10 页...
[2026-07-24 20:44:34.382]   找到 20 个，新增 20 个
[2026-07-24 20:44:35.995] [搜索] 第 7/10 页...
[2026-07-24 20:44:36.557]   找到 20 个，新增 20 个
[2026-07-24 20:44:37.859] [搜索] 第 8/10 页...
[2026-07-24 20:44:38.377]   找到 20 个，新增 20 个
[2026-07-24 20:44:39.385] [搜索] 第 9/10 页...
[2026-07-24 20:44:40.013]   找到 20 个，新增 20 个
[2026-07-24 20:44:41.647] [搜索] 第 10/10 页...
[2026-07-24 20:44:42.139]   找到 20 个，新增 20 个
[2026-07-24 20:44:43.283] 
[搜索完成] 共 200 个视频，今日已爬 0 个，新增 200 个
[2026-07-24 20:44:43.284] [搜索统计] 搜索失败页数: 0
[2026-07-24 20:44:43.284] 
[详情获取] 使用 3 个线程获取视频详情...
[2026-07-24 20:44:45.193]   [1/200] av511099604 ✓
[2026-07-24 20:44:45.279]   [2/200] av610980873 ✓
[2026-07-24 20:44:45.474]   [3/200] av115570741610236 ✓
[2026-07-24 20:44:46.964]   [4/200] av1955986251 ✓
[2026-07-24 20:44:47.343]   [5/200] av113525112511611 ✓
[2026-07-24 20:44:47.434]   [6/200] av458855068 ✓
[2026-07-24 20:44:48.659]   [7/200] av115248619199208 ✓
[2026-07-24 20:44:49.046]   [8/200] av213738856 ✓
[2026-07-24 20:44:49.090]   [9/200] av116205440469865 ✓
[2026-07-24 20:44:50.609]   [10/200] av116809739082454 ✓
[2026-07-24 20:44:51.081]   [11/200] av313297447 ✓
[2026-07-24 20:44:51.129]   [12/200] av218415990 ✓
[2026-07-24 20:44:52.138]   [13/200] av959897408 ✓
[2026-07-24 20:44:52.865]   [14/200] av353619084 ✓
[2026-07-24 20:44:52.874]   [15/200] av1054769374 ✓
[2026-07-24 20:44:53.687]   [16/200] av412618844 ✓
[2026-07-24 20:44:54.696]   [17/200] av1853471159 ✓
[2026-07-24 20:44:54.717]   [18/200] av683581117 ✓
[2026-07-24 20:44:55.697]   [19/200] av114238915876466 ✓
[2026-07-24 20:44:56.246]   [20/200] av475028030 ✓
[2026-07-24 20:44:56.586]   [21/200] av413700116 ✓
[2026-07-24 20:44:57.325]   [22/200] av939187178 ✓
[2026-07-24 20:44:57.685]   [23/200] av113838829607494 ✓
[2026-07-24 20:44:58.439]   [24/200] av378353428 ✓
[2026-07-24 20:44:59.209]   [25/200] av458691885 ✓
[2026-07-24 20:44:59.214]   [26/200] av1756261242 ✓
[2026-07-24 20:45:00.468]   [27/200] av115778057667802 ✓
[2026-07-24 20:45:00.877]   [28/200] av596410129 ✓
[2026-07-24 20:45:00.976]   [29/200] av463531861 ✓
[2026-07-24 20:45:02.388]   [30/200] av115863638249269 ✓
[2026-07-24 20:45:02.431]   [31/200] av901055069 ✓
[2026-07-24 20:45:02.553]   [32/200] av114024284953319 ✓
[2026-07-24 20:45:03.588]   [33/200] av116317243841424 ✓
[2026-07-24 20:45:04.039]   [34/200] av115852749838849 ✓
[2026-07-24 20:45:04.299]   [35/200] av114640747169890 ✓
[2026-07-24 20:45:05.358]   [36/200] av721091558 ✓
[2026-07-24 20:45:05.855]   [37/200] av115519051008950 ✓
[2026-07-24 20:45:06.153]   [38/200] av587520919 ✓
[2026-07-24 20:45:07.251]   [39/200] av115387450596117 ✓
[2026-07-24 20:45:07.325]   [40/200] av116389167760921 ✓
[2026-07-24 20:45:07.596]   [41/200] av627522410 ✓
[2026-07-24 20:45:08.968]   [42/200] av302127309 ✓
[2026-07-24 20:45:09.005]   [43/200] av116458138898893 ✓
[2026-07-24 20:45:09.040]   [44/200] av243552404 ✓
[2026-07-24 20:45:10.644]   [45/200] av113406749446200 ✓
[2026-07-24 20:45:10.669]   [46/200] av70423603 ✓
[2026-07-24 20:45:10.907]   [47/200] av114396739145849 ✓
[2026-07-24 20:45:12.535]   [48/200] av478190104 ✓
[2026-07-24 20:45:12.540]   [49/200] av1604531814 ✓
[2026-07-24 20:45:12.563]   [50/200] av421477346 ✓
[2026-07-24 20:45:14.135]   [51/200] av332896466 ✓
[2026-07-24 20:45:14.222]   [52/200] av931372150 ✓
[2026-07-24 20:45:14.303]   [53/200] av46272912 ✓
[2026-07-24 20:45:15.875]   [54/200] av116011277751643 ✓
[2026-07-24 20:45:15.921]   [55/200] av724721199 ✓
[2026-07-24 20:45:15.929]   [56/200] av754458272 ✓
[2026-07-24 20:45:17.649]   [57/200] av944905819 ✓
[2026-07-24 20:45:17.659]   [58/200] av116787442223218 ✓
[2026-07-24 20:45:17.669]   [59/200] av115118226545601 ✓
[2026-07-24 20:45:19.046]   [60/200] av893253986 ✓
[2026-07-24 20:45:19.201]   [61/200] av366842658 ✓
[2026-07-24 20:45:19.235]   [62/200] av459383467 ✓
[2026-07-24 20:45:20.777]   [63/200] av1406163607 ✓
[2026-07-24 20:45:20.932]   [64/200] av999093334 ✓
[2026-07-24 20:45:20.939]   [65/200] av905180961 ✓
[2026-07-24 20:45:22.418]   [66/200] av114555854261416 ✓
[2026-07-24 20:45:22.479]   [67/200] av252121530 ✓
[2026-07-24 20:45:22.727]   [68/200] av475944568 ✓
[2026-07-24 20:45:24.440]   [69/200] av436269879 ✓
[2026-07-24 20:45:24.445]   [70/200] av528596767 ✓
[2026-07-24 20:45:24.564]   [71/200] av561073115 ✓
[2026-07-24 20:45:25.982]   [72/200] av209115570 ✓
[2026-07-24 20:45:26.266]   [73/200] av116310398801419 ✓
[2026-07-24 20:45:26.291]   [74/200] av683905446 ✓
[2026-07-24 20:45:27.839]   [75/200] av991998593 ✓
[2026-07-24 20:45:27.926]   [76/200] av851555198 ✓
[2026-07-24 20:45:28.105]   [77/200] av1955780240 ✓
[2026-07-24 20:45:29.836]   [78/200] av51625299 ✓
[2026-07-24 20:45:29.933]   [79/200] av115931888099192 ✓
[2026-07-24 20:45:30.011]   [80/200] av116753266907936 ✓
[2026-07-24 20:45:31.514]   [81/200] av1806736005 ✓
[2026-07-24 20:45:31.525]   [82/200] av114901817299881 ✓
[2026-07-24 20:45:31.614]   [83/200] av115189747816489 ✓
[2026-07-24 20:45:32.992]   [84/200] av115983796738154 ✓
[2026-07-24 20:45:33.280]   [85/200] av956374788 ✓
[2026-07-24 20:45:33.476]   [86/200] av74644387 ✓
[2026-07-24 20:45:35.093]   [87/200] av71989023 ✓
[2026-07-24 20:45:35.097]   [88/200] av587540627 ✓
[2026-07-24 20:45:35.280]   [89/200] av500044642 ✓
[2026-07-24 20:45:36.705]   [90/200] av383949125 ✓
[2026-07-24 20:45:37.067]   [91/200] av879062695 ✓
[2026-07-24 20:45:37.119]   [92/200] av889721427 ✓
[2026-07-24 20:45:38.436]   [93/200] av334756660 ✓
[2026-07-24 20:45:38.881]   [94/200] av363119487 ✓
[2026-07-24 20:45:38.941]   [95/200] av1903482283 ✓
[2026-07-24 20:45:40.218]   [96/200] av928284189 ✓
[2026-07-24 20:45:40.890]   [97/200] av843345817 ✓
[2026-07-24 20:45:40.950]   [98/200] av1401350132 ✓
[2026-07-24 20:45:42.122]   [99/200] av116345630884389 ✓
[2026-07-24 20:45:42.706]   [100/200] av623760109 ✓
[2026-07-24 20:45:42.734]   [101/200] av1104018971 ✓
[2026-07-24 20:45:43.789]   [102/200] av518657340 ✓
[2026-07-24 20:45:44.228]   [103/200] av290451402 ✓
[2026-07-24 20:45:44.312]   [104/200] av690557767 ✓
[2026-07-24 20:45:45.684]   [105/200] av114290774246764 ✓
[2026-07-24 20:45:46.125]   [106/200] av115738077566777 ✓
[2026-07-24 20:45:46.498]   [107/200] av1904874507 ✓
[2026-07-24 20:45:47.132]   [108/200] av673306499 ✓
[2026-07-24 20:45:47.713]   [109/200] av200426612 ✓
[2026-07-24 20:45:48.163]   [110/200] av952802188 ✓
[2026-07-24 20:45:48.796]   [111/200] av636414418 ✓
[2026-07-24 20:45:49.477]   [112/200] av365726329 ✓
[2026-07-24 20:45:49.926]   [113/200] av116907348853497 ✓
[2026-07-24 20:45:50.394]   [114/200] av516620641 ✓
[2026-07-24 20:45:51.183]   [115/200] av114396554597031 ✓
[2026-07-24 20:45:51.519]   [116/200] av522529818 ✓
[2026-07-24 20:45:52.292]   [117/200] av22926210 ✓
[2026-07-24 20:45:52.675]   [评论限流] av551606271 等待 3 秒后重试 (1/3)...
[2026-07-24 20:45:53.086]   [118/200] av114499331823042 ✓
[2026-07-24 20:45:53.633]   [评论限流] av342161169 等待 3 秒后重试 (1/3)...
[2026-07-24 20:45:55.037]   [119/200] av114484249101571 ✓
[2026-07-24 20:45:56.097]   [120/200] av551606271 ✓
[2026-07-24 20:45:56.549]   [评论限流] av674072299 等待 3 秒后重试 (1/3)...
[2026-07-24 20:45:56.977]   [评论限流] av342161169 等待 6 秒后重试 (2/3)...
[2026-07-24 20:45:57.554]   [评论限流] av114380985340501 等待 3 秒后重试 (1/3)...
[2026-07-24 20:46:00.118]   [121/200] av674072299 ✓
[2026-07-24 20:46:00.853]   [评论限流] av114380985340501 等待 6 秒后重试 (2/3)...
[2026-07-24 20:46:01.691]   [评论限流] av643654118 等待 3 秒后重试 (1/3)...
[2026-07-24 20:46:03.350]   [122/200] av342161169 ✓
[2026-07-24 20:46:04.974]   [评论限流] av643654118 等待 6 秒后重试 (2/3)...
[2026-07-24 20:46:05.159]   [评论限流] av818678371 等待 3 秒后重试 (1/3)...
[2026-07-24 20:46:07.173]   [123/200] av114380985340501 ✓
[2026-07-24 20:46:08.510]   [评论限流] av818678371 等待 6 秒后重试 (2/3)...
[2026-07-24 20:46:08.847]   [评论限流] av114085454680260 等待 3 秒后重试 (1/3)...
[2026-07-24 20:46:11.296]   [124/200] av643654118 ✓
[2026-07-24 20:46:12.214]   [评论限流] av114085454680260 等待 6 秒后重试 (2/3)...
[2026-07-24 20:46:12.880]   [评论限流] av206900274 等待 3 秒后重试 (1/3)...
[2026-07-24 20:46:14.845]   [125/200] av818678371 ✓
[2026-07-24 20:46:16.479]   [评论限流] av206900274 等待 6 秒后重试 (2/3)...
[2026-07-24 20:46:16.653]   [评论限流] av229505175 等待 3 秒后重试 (1/3)...
[2026-07-24 20:46:18.587]   [126/200] av114085454680260 ✓
[2026-07-24 20:46:20.144]   [评论限流] av229505175 等待 6 秒后重试 (2/3)...
[2026-07-24 20:46:20.614]   [评论限流] av116851531056746 等待 3 秒后重试 (1/3)...
[2026-07-24 20:46:23.285]   [127/200] av206900274 ✓
[2026-07-24 20:46:23.896]   [评论限流] av116851531056746 等待 6 秒后重试 (2/3)...
[2026-07-24 20:46:24.785]   [评论限流] av116283756584256 等待 3 秒后重试 (1/3)...
[2026-07-24 20:46:26.545]   [128/200] av229505175 ✓
[2026-07-24 20:46:28.402]   [评论限流] av116283756584256 等待 6 秒后重试 (2/3)...
[2026-07-24 20:46:28.435]   [评论限流] av983703523 等待 3 秒后重试 (1/3)...
[2026-07-24 20:46:30.248]   [129/200] av116851531056746 ✓
[2026-07-24 20:46:31.782]   [评论限流] av115965962492483 等待 3 秒后重试 (1/3)...
[2026-07-24 20:46:31.863]   [评论限流] av983703523 等待 6 秒后重试 (2/3)...
[2026-07-24 20:46:34.766]   [130/200] av116283756584256 ✓
[2026-07-24 20:46:35.092]   [评论限流] av115965962492483 等待 6 秒后重试 (2/3)...
[2026-07-24 20:46:36.730]   [评论限流] av113858089916384 等待 3 秒后重试 (1/3)...
[2026-07-24 20:46:38.255]   [131/200] av983703523 ✓
[2026-07-24 20:46:40.050]   [评论限流] av113858089916384 等待 6 秒后重试 (2/3)...
[2026-07-24 20:46:40.059]   [评论限流] av889965800 等待 3 秒后重试 (1/3)...
[2026-07-24 20:46:41.523]   [132/200] av115965962492483 ✓
[2026-07-24 20:46:43.372]   [评论限流] av241206324 等待 3 秒后重试 (1/3)...
[2026-07-24 20:46:43.391]   [评论限流] av889965800 等待 6 秒后重试 (2/3)...
[2026-07-24 20:46:46.373]   [133/200] av113858089916384 ✓
[2026-07-24 20:46:46.675]   [评论限流] av241206324 等待 6 秒后重试 (2/3)...
[2026-07-24 20:46:47.852]   [评论限流] av85921660 等待 3 秒后重试 (1/3)...
[2026-07-24 20:46:49.814]   [134/200] av889965800 ✓
[2026-07-24 20:46:51.129]   [评论限流] av85921660 等待 6 秒后重试 (2/3)...
[2026-07-24 20:46:51.219]   [评论限流] av1551281286 等待 3 秒后重试 (1/3)...
[2026-07-24 20:46:52.988]   [135/200] av241206324 ✓
[2026-07-24 20:46:54.413]   [评论限流] av538881817 等待 3 秒后重试 (1/3)...
[2026-07-24 20:46:54.518]   [评论限流] av1551281286 等待 6 秒后重试 (2/3)...
[2026-07-24 20:46:57.698]   [136/200] av85921660 ✓
[2026-07-24 20:46:57.815]   [评论限流] av538881817 等待 6 秒后重试 (2/3)...
[2026-07-24 20:46:59.127]   [评论限流] av951527998 等待 3 秒后重试 (1/3)...
[2026-07-24 20:47:00.864]   [137/200] av1551281286 ✓
[2026-07-24 20:47:02.489]   [评论限流] av951527998 等待 6 秒后重试 (2/3)...
[2026-07-24 20:47:02.864]   [评论限流] av76579032 等待 3 秒后重试 (1/3)...
[2026-07-24 20:47:04.122]   [138/200] av538881817 ✓
[2026-07-24 20:47:06.018]   [139/200] av116236679711545 ✓
[2026-07-24 20:47:06.209]   [评论限流] av76579032 等待 6 秒后重试 (2/3)...
[2026-07-24 20:47:07.432]   [评论限流] av115881237550542 等待 3 秒后重试 (1/3)...
[2026-07-24 20:47:08.839]   [140/200] av951527998 ✓
[2026-07-24 20:47:10.669]   [评论限流] av114222574869294 等待 3 秒后重试 (1/3)...
[2026-07-24 20:47:10.827]   [评论限流] av115881237550542 等待 6 秒后重试 (2/3)...
[2026-07-24 20:47:12.628]   [141/200] av76579032 ✓
[2026-07-24 20:47:14.052]   [评论限流] av114222574869294 等待 6 秒后重试 (2/3)...
[2026-07-24 20:47:14.142]   [评论限流] av1306727445 等待 3 秒后重试 (1/3)...
[2026-07-24 20:47:17.160]   [142/200] av115881237550542 ✓
[2026-07-24 20:47:17.476]   [评论限流] av1306727445 等待 6 秒后重试 (2/3)...
[2026-07-24 20:47:19.164]   [评论限流] av114351272891900 等待 3 秒后重试 (1/3)...
[2026-07-24 20:47:20.437]   [143/200] av114222574869294 ✓
[2026-07-24 20:47:21.939]   [评论限流] av649100142 等待 3 秒后重试 (1/3)...
[2026-07-24 20:47:22.557]   [评论限流] av114351272891900 等待 6 秒后重试 (2/3)...
[2026-07-24 20:47:23.829]   [144/200] av1306727445 ✓
[2026-07-24 20:47:25.308]   [评论限流] av649100142 等待 6 秒后重试 (2/3)...
[2026-07-24 20:47:25.507]   [评论限流] av113576870150455 等待 3 秒后重试 (1/3)...
[2026-07-24 20:47:28.947]   [评论限流] av113576870150455 等待 6 秒后重试 (2/3)...
[2026-07-24 20:47:29.026]   [145/200] av114351272891900 ✓
[2026-07-24 20:47:30.577]   [评论限流] av1754634297 等待 3 秒后重试 (1/3)...
[2026-07-24 20:47:31.833]   [146/200] av649100142 ✓
[2026-07-24 20:47:33.657]   [评论限流] av336268219 等待 3 秒后重试 (1/3)...
[2026-07-24 20:47:33.879]   [评论限流] av1754634297 等待 6 秒后重试 (2/3)...
[2026-07-24 20:47:35.297]   [147/200] av113576870150455 ✓
[2026-07-24 20:47:36.641]   [评论限流] av349834089 等待 3 秒后重试 (1/3)...
[2026-07-24 20:47:36.995]   [评论限流] av336268219 等待 6 秒后重试 (2/3)...
[2026-07-24 20:47:40.058]   [评论限流] av349834089 等待 6 秒后重试 (2/3)...
[2026-07-24 20:47:40.290]   [148/200] av1754634297 ✓
[2026-07-24 20:47:41.818]   [评论限流] av304501207 等待 3 秒后重试 (1/3)...
[2026-07-24 20:47:43.359]   [149/200] av336268219 ✓
[2026-07-24 20:47:44.895]   [评论限流] av114653564769078 等待 3 秒后重试 (1/3)...
[2026-07-24 20:47:45.203]   [评论限流] av304501207 等待 6 秒后重试 (2/3)...
[2026-07-24 20:47:46.528]   [150/200] av349834089 ✓
[2026-07-24 20:47:47.870]   [评论限流] av1356366381 等待 3 秒后重试 (1/3)...
[2026-07-24 20:47:48.221]   [评论限流] av114653564769078 等待 6 秒后重试 (2/3)...
[2026-07-24 20:47:51.260]   [评论限流] av1356366381 等待 6 秒后重试 (2/3)...
[2026-07-24 20:47:51.786]   [151/200] av304501207 ✓
[2026-07-24 20:47:53.396]   [评论限流] av115954537205889 等待 3 秒后重试 (1/3)...
[2026-07-24 20:47:54.574]   [152/200] av114653564769078 ✓
[2026-07-24 20:47:56.043]   [评论限流] av115740258665488 等待 3 秒后重试 (1/3)...
[2026-07-24 20:47:56.685]   [评论限流] av115954537205889 等待 6 秒后重试 (2/3)...
[2026-07-24 20:47:57.596]   [153/200] av1356366381 ✓
[2026-07-24 20:47:59.349]   [评论限流] av115740258665488 等待 6 秒后重试 (2/3)...
[2026-07-24 20:47:59.373]   [评论限流] av113921507791587 等待 3 秒后重试 (1/3)...
[2026-07-24 20:48:02.707]   [评论限流] av113921507791587 等待 6 秒后重试 (2/3)...
[2026-07-24 20:48:03.046]   [154/200] av115954537205889 ✓
[2026-07-24 20:48:04.594]   [评论限流] av116503085258555 等待 3 秒后重试 (1/3)...
[2026-07-24 20:48:05.792]   [155/200] av115740258665488 ✓
[2026-07-24 20:48:07.450]   [评论限流] av114969563696203 等待 3 秒后重试 (1/3)...
[2026-07-24 20:48:07.901]   [评论限流] av116503085258555 等待 6 秒后重试 (2/3)...
[2026-07-24 20:48:09.132]   [156/200] av113921507791587 ✓
[2026-07-24 20:48:10.845]   [评论限流] av671553907 等待 3 秒后重试 (1/3)...
[2026-07-24 20:48:10.904]   [评论限流] av114969563696203 等待 6 秒后重试 (2/3)...
[2026-07-24 20:48:14.183]   [评论限流] av671553907 等待 6 秒后重试 (2/3)...
[2026-07-24 20:48:14.230]   [157/200] av116503085258555 ✓
[2026-07-24 20:48:15.556]   [评论限流] av592373222 等待 3 秒后重试 (1/3)...
[2026-07-24 20:48:17.240]   [158/200] av114969563696203 ✓
[2026-07-24 20:48:18.811]   [评论限流] av931702179 等待 3 秒后重试 (1/3)...
[2026-07-24 20:48:18.932]   [评论限流] av592373222 等待 6 秒后重试 (2/3)...
[2026-07-24 20:48:20.517]   [159/200] av671553907 ✓
[2026-07-24 20:48:22.142]   [评论限流] av844224212 等待 3 秒后重试 (1/3)...
[2026-07-24 20:48:22.159]   [评论限流] av931702179 等待 6 秒后重试 (2/3)...
[2026-07-24 20:48:25.280]   [160/200] av592373222 ✓
[2026-07-24 20:48:25.473]   [评论限流] av844224212 等待 6 秒后重试 (2/3)...
[2026-07-24 20:48:26.508]   [评论限流] av115682813483660 等待 3 秒后重试 (1/3)...
[2026-07-24 20:48:28.607]   [161/200] av931702179 ✓
[2026-07-24 20:48:29.858]   [评论限流] av115682813483660 等待 6 秒后重试 (2/3)...
[2026-07-24 20:48:30.206]   [评论限流] av985741248 等待 3 秒后重试 (1/3)...
[2026-07-24 20:48:31.924]   [162/200] av844224212 ✓
[2026-07-24 20:48:33.536]   [评论限流] av985741248 等待 6 秒后重试 (2/3)...
[2026-07-24 20:48:33.581]   [评论限流] av656716089 等待 3 秒后重试 (1/3)...
[2026-07-24 20:48:36.298]   [163/200] av115682813483660 ✓
[2026-07-24 20:48:36.915]   [评论限流] av656716089 等待 6 秒后重试 (2/3)...
[2026-07-24 20:48:37.792]   [评论限流] av1903653030 等待 3 秒后重试 (1/3)...
[2026-07-24 20:48:39.871]   [164/200] av985741248 ✓
[2026-07-24 20:48:41.151]   [评论限流] av1903653030 等待 6 秒后重试 (2/3)...
[2026-07-24 20:48:41.678]   [评论限流] av981617209 等待 3 秒后重试 (1/3)...
[2026-07-24 20:48:43.275]   [165/200] av656716089 ✓
[2026-07-24 20:48:44.633]   [评论限流] av549623072 等待 3 秒后重试 (1/3)...
[2026-07-24 20:48:45.024]   [评论限流] av981617209 等待 6 秒后重试 (2/3)...
[2026-07-24 20:48:47.529]   [166/200] av1903653030 ✓
[2026-07-24 20:48:47.925]   [评论限流] av549623072 等待 6 秒后重试 (2/3)...
[2026-07-24 20:48:49.122]   [评论限流] av756045450 等待 3 秒后重试 (1/3)...
[2026-07-24 20:48:51.366]   [167/200] av981617209 ✓
[2026-07-24 20:48:52.522]   [评论限流] av756045450 等待 6 秒后重试 (2/3)...
[2026-07-24 20:48:53.507]   [评论限流] av113791131978625 等待 3 秒后重试 (1/3)...
[2026-07-24 20:48:54.384]   [168/200] av549623072 ✓
[2026-07-24 20:48:55.823]   [评论限流] av1750208116 等待 3 秒后重试 (1/3)...
[2026-07-24 20:48:56.825]   [评论限流] av113791131978625 等待 6 秒后重试 (2/3)...
[2026-07-24 20:48:58.887]   [169/200] av756045450 ✓
[2026-07-24 20:48:59.160]   [评论限流] av1750208116 等待 6 秒后重试 (2/3)...
[2026-07-24 20:49:00.561]   [评论限流] av116085298826322 等待 3 秒后重试 (1/3)...
[2026-07-24 20:49:03.350]   [170/200] av113791131978625 ✓
[2026-07-24 20:49:03.934]   [评论限流] av116085298826322 等待 6 秒后重试 (2/3)...
[2026-07-24 20:49:05.034]   [评论限流] av100375904 等待 3 秒后重试 (1/3)...
[2026-07-24 20:49:05.603]   [171/200] av1750208116 ✓
[2026-07-24 20:49:07.444]   [评论限流] av116896477219134 等待 3 秒后重试 (1/3)...
[2026-07-24 20:49:08.326]   [评论限流] av100375904 等待 6 秒后重试 (2/3)...
[2026-07-24 20:49:10.462]   [172/200] av116085298826322 ✓
[2026-07-24 20:49:10.843]   [评论限流] av116896477219134 等待 6 秒后重试 (2/3)...
[2026-07-24 20:49:12.591]   [评论限流] av923468600 等待 3 秒后重试 (1/3)...
[2026-07-24 20:49:14.876]   [173/200] av100375904 ✓
[2026-07-24 20:49:16.083]   [评论限流] av923468600 等待 6 秒后重试 (2/3)...
[2026-07-24 20:49:16.737]   [评论限流] av521896411 等待 3 秒后重试 (1/3)...
[2026-07-24 20:49:17.165]   [174/200] av116896477219134 ✓
[2026-07-24 20:49:18.834]   [评论限流] av734758016 等待 3 秒后重试 (1/3)...
[2026-07-24 20:49:20.027]   [评论限流] av521896411 等待 6 秒后重试 (2/3)...
[2026-07-24 20:49:22.217]   [评论限流] av734758016 等待 6 秒后重试 (2/3)...
[2026-07-24 20:49:22.576]   [175/200] av923468600 ✓
[2026-07-24 20:49:24.323]   [评论限流] av725707742 等待 3 秒后重试 (1/3)...
[2026-07-24 20:49:26.344]   [176/200] av521896411 ✓
[2026-07-24 20:49:27.792]   [评论限流] av725707742 等待 6 秒后重试 (2/3)...
[2026-07-24 20:49:28.061]   [评论限流] av925430943 等待 3 秒后重试 (1/3)...
[2026-07-24 20:49:28.574]   [177/200] av734758016 ✓
[2026-07-24 20:49:30.294]   [评论限流] av413257432 等待 3 秒后重试 (1/3)...
[2026-07-24 20:49:31.393]   [评论限流] av925430943 等待 6 秒后重试 (2/3)...
[2026-07-24 20:49:33.621]   [评论限流] av413257432 等待 6 秒后重试 (2/3)...
[2026-07-24 20:49:34.094]   [178/200] av725707742 ✓
[2026-07-24 20:49:35.533]   [评论限流] av114822528112404 等待 3 秒后重试 (1/3)...
[2026-07-24 20:49:37.678]   [179/200] av925430943 ✓
[2026-07-24 20:49:38.941]   [评论限流] av114822528112404 等待 6 秒后重试 (2/3)...
[2026-07-24 20:49:39.252]   [评论限流] av114414388774388 等待 3 秒后重试 (1/3)...
[2026-07-24 20:49:39.947]   [180/200] av413257432 ✓
[2026-07-24 20:49:41.401]   [评论限流] av1006442544 等待 3 秒后重试 (1/3)...
[2026-07-24 20:49:42.612]   [评论限流] av114414388774388 等待 6 秒后重试 (2/3)...
[2026-07-24 20:49:44.737]   [评论限流] av1006442544 等待 6 秒后重试 (2/3)...
[2026-07-24 20:49:45.307]   [181/200] av114822528112404 ✓
[2026-07-24 20:49:46.736]   [评论限流] av865393797 等待 3 秒后重试 (1/3)...
[2026-07-24 20:49:48.958]   [182/200] av114414388774388 ✓
[2026-07-24 20:49:50.077]   [评论限流] av865393797 等待 6 秒后重试 (2/3)...
[2026-07-24 20:49:50.638]   [评论限流] av83908288 等待 3 秒后重试 (1/3)...
[2026-07-24 20:49:51.108]   [183/200] av1006442544 ✓
[2026-07-24 20:49:52.455]   [评论限流] av116142827898430 等待 3 秒后重试 (1/3)...
[2026-07-24 20:49:53.883]   [评论限流] av83908288 等待 6 秒后重试 (2/3)...
[2026-07-24 20:49:55.754]   [评论限流] av116142827898430 等待 6 秒后重试 (2/3)...
[2026-07-24 20:49:56.404]   [184/200] av865393797 ✓
[2026-07-24 20:49:57.964]   [评论限流] av115230298348114 等待 3 秒后重试 (1/3)...
[2026-07-24 20:50:00.305]   [185/200] av83908288 ✓
[2026-07-24 20:50:01.312]   [评论限流] av115230298348114 等待 6 秒后重试 (2/3)...
[2026-07-24 20:50:01.960]   [评论限流] av973775716 等待 3 秒后重试 (1/3)...
[2026-07-24 20:50:02.157]   [186/200] av116142827898430 ✓
[2026-07-24 20:50:03.622]   [评论限流] av431112076 等待 3 秒后重试 (1/3)...
[2026-07-24 20:50:05.291]   [评论限流] av973775716 等待 6 秒后重试 (2/3)...
[2026-07-24 20:50:06.919]   [评论限流] av431112076 等待 6 秒后重试 (2/3)...
[2026-07-24 20:50:07.654]   [187/200] av115230298348114 ✓
[2026-07-24 20:50:09.364]   [评论限流] av207113586 等待 3 秒后重试 (1/3)...
[2026-07-24 20:50:11.680]   [188/200] av973775716 ✓
[2026-07-24 20:50:12.723]   [评论限流] av207113586 等待 6 秒后重试 (2/3)...
[2026-07-24 20:50:13.224]   [189/200] av431112076 ✓
[2026-07-24 20:50:13.534]   [评论限流] av722311656 等待 3 秒后重试 (1/3)...
[2026-07-24 20:50:14.669]   [评论限流] av116610274759756 等待 3 秒后重试 (1/3)...
[2026-07-24 20:50:16.874]   [评论限流] av722311656 等待 6 秒后重试 (2/3)...
[2026-07-24 20:50:18.019]   [评论限流] av116610274759756 等待 6 秒后重试 (2/3)...
[2026-07-24 20:50:19.098]   [190/200] av207113586 ✓
[2026-07-24 20:50:21.113]   [评论限流] av116181264505579 等待 3 秒后重试 (1/3)...
[2026-07-24 20:50:23.275]   [191/200] av722311656 ✓
[2026-07-24 20:50:24.405]   [192/200] av116610274759756 ✓
[2026-07-24 20:50:24.457]   [评论限流] av116181264505579 等待 6 秒后重试 (2/3)...
[2026-07-24 20:50:25.032]   [评论限流] av208838752 等待 3 秒后重试 (1/3)...
[2026-07-24 20:50:26.474]   [评论限流] av432344786 等待 3 秒后重试 (1/3)...
[2026-07-24 20:50:28.347]   [评论限流] av208838752 等待 6 秒后重试 (2/3)...
[2026-07-24 20:50:29.788]   [评论限流] av432344786 等待 6 秒后重试 (2/3)...
[2026-07-24 20:50:31.150]   [193/200] av116181264505579 ✓
[2026-07-24 20:50:32.249]   [评论限流] av1305080952 等待 3 秒后重试 (1/3)...
[2026-07-24 20:50:34.912]   [194/200] av208838752 ✓
[2026-07-24 20:50:35.603]   [评论限流] av1305080952 等待 6 秒后重试 (2/3)...
[2026-07-24 20:50:36.214]   [195/200] av432344786 ✓
[2026-07-24 20:50:36.666]   [评论限流] av756371914 等待 3 秒后重试 (1/3)...
[2026-07-24 20:50:37.716]   [评论限流] av227913652 等待 3 秒后重试 (1/3)...
[2026-07-24 20:50:40.009]   [评论限流] av756371914 等待 6 秒后重试 (2/3)...
[2026-07-24 20:50:41.072]   [评论限流] av227913652 等待 6 秒后重试 (2/3)...
[2026-07-24 20:50:41.957]   [196/200] av1305080952 ✓
[2026-07-24 20:50:43.319]   [评论限流] av113480216613494 等待 3 秒后重试 (1/3)...
[2026-07-24 20:50:46.407]   [197/200] av756371914 ✓
[2026-07-24 20:50:46.731]   [评论限流] av113480216613494 等待 6 秒后重试 (2/3)...
[2026-07-24 20:50:47.670]   [198/200] av227913652 ✓
[2026-07-24 20:50:47.987]   [评论限流] av771114727 等待 3 秒后重试 (1/3)...
[2026-07-24 20:50:51.357]   [评论限流] av771114727 等待 6 秒后重试 (2/3)...
[2026-07-24 20:50:53.027]   [199/200] av113480216613494 ✓
[2026-07-24 20:50:57.679]   [200/200] av771114727 ✓
[2026-07-24 20:50:57.686] 
[完成] 成功: 200, 失败: 0
[2026-07-24 20:50:57.689] 
============================================================
[2026-07-24 20:50:57.691]   Top 10 热门视频
[2026-07-24 20:50:57.695] ============================================================
[2026-07-24 20:50:57.699] 
1. 为什么要远离地雷女？日本精神小妹有多可怕。。【世界女子图鉴 #地雷妹】
[2026-07-24 20:50:57.701]    播放: 19,429,319 | 弹幕: 20,953 | 收藏: 339,906 | 评论: 10,556
[2026-07-24 20:50:57.701] 
2. “1.7元红烧肉盒饭”被挂上热搜，暴露出“穷人梗”背后的真相
[2026-07-24 20:50:57.704]    播放: 16,877,618 | 弹幕: 912 | 收藏: 83,326 | 评论: 3,378
[2026-07-24 20:50:57.706] 
3. 小某书上被群嘲的“穷人吃甜品”事件，炸出多少讨厌的“人上人”
[2026-07-24 20:50:57.707]    播放: 16,246,100 | 弹幕: 15,056 | 收藏: 99,076 | 评论: 13,366
[2026-07-24 20:50:57.710] 
4. 避开“穷人肥”，欧美“富人瘦”的秘密竟然是这个，无痛瘦身我get了！
[2026-07-24 20:50:57.712]    播放: 15,347,787 | 弹幕: 289 | 收藏: 69,166 | 评论: 345
[2026-07-24 20:50:57.713] 
5. 富少出生时被抱错到穷人家，逆天改命，一双铁拳横扫黑帮！
[2026-07-24 20:50:57.714]    播放: 13,140,238 | 弹幕: 735 | 收藏: 67,763 | 评论: 180
[2026-07-24 20:50:57.715] 
6. 【半佛】买不起奢侈品就是穷人吗？不，是聪明人
[2026-07-24 20:50:57.717]    播放: 10,356,778 | 弹幕: 56,177 | 收藏: 377,660 | 评论: 25,516
[2026-07-24 20:50:57.719] 
7. 逆天！美国人推出杀人合法日？为控制人口不惜自相残杀，穷人成为了富人的猎物！悬疑惊悚电影《人类清除计划
[2026-07-24 20:50:57.721]    播放: 9,944,498 | 弹幕: 10,750 | 收藏: 91,586 | 评论: 2,841
[2026-07-24 20:50:57.722] 
8. 在日本，吃牛肉饭代表你很穷？实际探店带你看日本的穷人餐厅都是什么？
[2026-07-24 20:50:57.722]    播放: 9,878,175 | 弹幕: 18,178 | 收藏: 41,021 | 评论: 10,308
[2026-07-24 20:50:57.724] 
9. 到底怎么看出我是穷人的啊
[2026-07-24 20:50:57.725]    播放: 9,398,712 | 弹幕: 799 | 收藏: 17,917 | 评论: 7,547
[2026-07-24 20:50:57.728] 
10. 有什么以前是穷人吃的食物，现在却变贵了？
[2026-07-24 20:50:57.730]    播放: 8,587,999 | 弹幕: 1,556 | 收藏: 13,212 | 评论: 1,798
[2026-07-24 20:50:57.734] 
==========================================================================================
[2026-07-24 20:50:57.735]   动量分析 (单次快照模式)
[2026-07-24 20:50:57.737] ==========================================================================================
[2026-07-24 20:50:57.738] 关键词: 穷人
[2026-07-24 20:50:57.739] 显示数量: 20
[2026-07-24 20:50:57.742] 评分维度: 播放速率(30%) + 粉丝转化(25%) + 互动密度(20%) + 新鲜度(15%) + 播放量(10%)
[2026-07-24 20:50:57.743] 
[2026-07-24 20:50:57.751] 
动量排行 Top 20（按综合评分排序）
[2026-07-24 20:50:57.753] ------------------------------------------------------------------------------------------------------------------------------------------------------------------------------------
[2026-07-24 20:50:57.754] 排名   标题                                  播放量 UP主              粉丝      转化      速率/h     互动密度     视频年龄     历史增长     综合分
[2026-07-24 20:50:57.755] ------------------------------------------------------------------------------------------------------------------------------------------------------------------------------------
[2026-07-24 20:50:57.756] 1    “穷人最大的托举，是不让苦难代代相传”           5,310,226 354666139         -       -     10276    0.008      22天      N/A   0.364
[2026-07-24 20:50:57.757] 2    穷人版五星级餐厅，这套餐有力气               2,255,525 158275764   599,329    3.8x      7867    0.095      12天      N/A   0.360
[2026-07-24 20:50:57.758] 3    【emo】“穷人最大的托举， 是不让苦难代代相传”【    2,834,414 103762531         -       -      9696    0.004      12天      N/A   0.342
[2026-07-24 20:50:57.759] 4    【Reaction】穷人永远接触不到的场景         4,607,950 300994119  4,535,128    1.0x      5796    0.064      33天      N/A   0.263
[2026-07-24 20:50:57.760] 5    为什么美国的穷人害怕汉堡，却不多吃健康食品？        2,911,137 21480761         80 36389.2x        72    0.004    1686天      N/A   0.261
[2026-07-24 20:50:57.763] 6    热搜上被群嘲的“穷人自助餐”事件，暴露出多少人可笑的    3,684,191 30947486   1,216,647    3.0x      5868    0.024      26天      N/A   0.239
[2026-07-24 20:50:57.763] 7    热搜上恶毒的“穷人碳水脸”事件，暴露了多少“精神有钱    7,644,402 30947486   1,216,647    6.3x      5208    0.016      61天      N/A   0.224
[2026-07-24 20:50:57.764] 8    “1.7元红烧肉盒饭”被挂上热搜，暴露出“穷人梗”背   16,877,618 30947486   1,216,647   13.9x      3947    0.017     178天      N/A   0.215
[2026-07-24 20:50:57.765] 9    在美国的穷人和富人，会被区别对待吗？我分别测试了一下    5,052,580 78021099    336,663   15.0x      5376    0.017      39天      N/A   0.215
[2026-07-24 20:50:57.766] 10   我因批评数十万自称老奴的人被骂，但被骂再狠，我也不会    3,347,311 680677803  3,835,003    0.9x       108    0.241    1290天      N/A   0.211
[2026-07-24 20:50:57.768] 11   【半佛】买不起奢侈品就是穷人吗？不，是聪明人       10,356,778 37663924          -       -       181    0.187    2379天      N/A   0.209
[2026-07-24 20:50:57.768] 12   小某书上被群嘲的“穷人吃甜品”事件，炸出多少讨厌的“   16,246,100 30947486   1,216,647   13.3x      3504    0.022     193天      N/A   0.203
[2026-07-24 20:50:57.770] 13   为什么要远离地雷女？日本精神小妹有多可怕。。【世界女   19,429,319 6574487    4,810,071    4.0x      1767    0.045     458天      N/A   0.189
[2026-07-24 20:50:57.771] 14   疫情，正逼死美国穷人 | 剖析美国医保顽疾 + 中国    3,497,588 478269351   687,320    5.1x        63    0.210    2304天      N/A   0.185
[2026-07-24 20:50:57.771] 15   穷人是假的？农村人不可能长这样？我要用100个农民实    3,147,865 680677803  3,835,003    0.8x        94    0.206    1398天      N/A   0.181
[2026-07-24 20:50:57.772] 16   数万人争着当奴才，疯狂给少爷送礼，这是时代的悲哀！【    5,054,618 680677803  3,835,003    1.3x       163    0.145    1295天      N/A   0.143
[2026-07-24 20:50:57.773] 17   【围炉夜话】为何我们如此贫穷？不只是缺钱那么简单。     3,815,117 79577853   4,221,146    0.9x        91    0.154    1747天      N/A   0.141
[2026-07-24 20:50:57.774] 18   介绍一条穷人跨越阶级的可行之路（保证干货，非鸡汤）     2,128,105 312098823   690,515    3.1x        57    0.163    1548天      N/A   0.138
[2026-07-24 20:50:57.776] 19   逆天！美国人推出杀人合法日？为控制人口不惜自相残杀，    9,944,498 395991094         -       -      2299    0.022     180天      N/A   0.132
[2026-07-24 20:50:57.776] 20   鼠鼠很后悔，碰了穷人不配学的专业              3,793,144 2877695     535,021    7.1x       123    0.135    1281天      N/A   0.127
[2026-07-24 20:50:57.777] ------------------------------------------------------------------------------------------------------------------------------------------------------------------------------------
[2026-07-24 20:50:57.778] 
提示: 综合分 = 播放速率(30%) + 粉丝转化(25%) + 互动密度(20%) + 新鲜度(15%) + 播放量(10%)
[2026-07-24 20:50:57.778]       历史增长列显示多次爬取后的真实增长率，首次爬取为 N/A
