[2026-07-25 03:06:11.888] 日志文件: logs\spider_20260725_030611.log
[2026-07-25 03:06:11.890] ============================================================
[2026-07-25 03:06:11.891]   B站视频爬虫 (增强版)
[2026-07-25 03:06:11.892] ============================================================
[2026-07-25 03:06:11.893] 关键词: 服饰
[2026-07-25 03:06:11.893] 页数: 3
[2026-07-25 03:06:11.894] 排序: click
[2026-07-25 03:06:11.894] 线程数: 3
[2026-07-25 03:06:11.896] 延迟: 1.0s
[2026-07-25 03:06:11.898] 
[2026-07-25 03:06:11.939] [任务] 任务ID: 47
[2026-07-25 03:06:11.940] [搜索] 第 1/3 页...
[2026-07-25 03:06:12.607]   找到 20 个，新增 20 个
[2026-07-25 03:06:14.284] [搜索] 第 2/3 页...
[2026-07-25 03:06:15.008]   找到 20 个，新增 20 个
[2026-07-25 03:06:16.944] [搜索] 第 3/3 页...
[2026-07-25 03:06:17.592]   找到 20 个，新增 20 个
[2026-07-25 03:06:19.483] 
[搜索完成] 共 60 个视频，今日已爬 60 个，新增 0 个
[2026-07-25 03:06:19.486] [搜索统计] 搜索失败页数: 0
[2026-07-25 03:06:19.487] [完成] 没有新视频需要爬取
[2026-07-25 03:06:19.509] 
============================================================
[2026-07-25 03:06:19.512]   自动检测并补充粉丝数
[2026-07-25 03:06:19.513] ============================================================
[2026-07-25 03:06:19.517] 待补充UP主数: 0
[2026-07-25 03:06:19.518] [完成] 所有UP主已有粉丝数据
[2026-07-25 03:06:19.521] 
============================================================
[2026-07-25 03:06:19.528]   自动检测并补充视频标签
[2026-07-25 03:06:19.532] ============================================================
[2026-07-25 03:06:19.536] 待补充标签视频数: 100
[2026-07-25 03:06:19.911]   [1/100] av841277313 -> 10个标签
[2026-07-25 03:06:20.857]   [2/100] av999195650 -> 8个标签
[2026-07-25 03:06:21.806]   [3/100] av113379301656070 -> 9个标签
[2026-07-25 03:06:22.717]   [4/100] av210044753 -> 5个标签
[2026-07-25 03:06:23.690]   [5/100] av1104059218 -> 9个标签
[2026-07-25 03:06:24.764]   [6/100] av115485144253586 -> 3个标签
[2026-07-25 03:06:25.517]   [7/100] av799784788 -> 10个标签
[2026-07-25 03:06:26.292]   [8/100] av116164034303766 -> 4个标签
[2026-07-25 03:06:27.366]   [9/100] av114584107093591 -> 10个标签
[2026-07-25 03:06:28.049]   进度: 10/100
[2026-07-25 03:06:28.517]   [10/100] av115093782202592 -> 4个标签
[2026-07-25 03:06:29.254]   [11/100] av50267424 -> 9个标签
[2026-07-25 03:06:30.114]   [12/100] av318297884 -> 10个标签
[2026-07-25 03:06:30.856]   [13/100] av115626660077156 -> 8个标签
[2026-07-25 03:06:32.022]   [14/100] av558642090 -> 10个标签
[2026-07-25 03:06:32.868]   [15/100] av582888868 -> 10个标签
[2026-07-25 03:06:33.761]   [16/100] av115400368986036 -> 7个标签
[2026-07-25 03:06:34.631]   [17/100] av114120586171570 -> 11个标签
[2026-07-25 03:06:35.682]   [18/100] av462989365 -> 9个标签
[2026-07-25 03:06:36.768]   [19/100] av114017272076341 -> 7个标签
[2026-07-25 03:06:37.555]   进度: 20/100
[2026-07-25 03:06:37.952]   [20/100] av816627834 -> 10个标签
[2026-07-25 03:06:39.046]   [21/100] av116566670708514 -> 4个标签
[2026-07-25 03:06:39.875]   [22/100] av848646785 -> 9个标签
[2026-07-25 03:06:41.036]   [23/100] av116701978955142 -> 3个标签
[2026-07-25 03:06:42.159]   [24/100] av586587684 -> 4个标签
[2026-07-25 03:06:43.173]   [25/100] av116486660161710 -> 3个标签
[2026-07-25 03:06:44.362]   [26/100] av1900185007 -> 11个标签
[2026-07-25 03:06:45.206]   [27/100] av1801723188 -> 6个标签
[2026-07-25 03:06:46.369]   [28/100] av583721525 -> 6个标签
[2026-07-25 03:06:47.356]   [29/100] av711873334 -> 6个标签
[2026-07-25 03:06:48.086]   进度: 30/100
[2026-07-25 03:06:48.578]   [30/100] av696760524 -> 6个标签
[2026-07-25 03:06:49.393]   [31/100] av115117454925391 -> 5个标签
[2026-07-25 03:06:50.327]   [32/100] av113684110119122 -> 11个标签
[2026-07-25 03:06:51.476]   [33/100] av517202645 -> 5个标签
[2026-07-25 03:06:52.609]   [34/100] av856918233 -> 11个标签
[2026-07-25 03:06:53.793]   [35/100] av201591643 -> 10个标签
[2026-07-25 03:06:54.682]   [36/100] av292410332 -> 8个标签
[2026-07-25 03:06:55.810]   [37/100] av596136940 -> 11个标签
[2026-07-25 03:06:56.942]   [38/100] av113741068768998 -> 7个标签
[2026-07-25 03:06:57.940]   [39/100] av656228849 -> 11个标签
[2026-07-25 03:06:58.596]   进度: 40/100
[2026-07-25 03:06:59.083]   [40/100] av201032947 -> 6个标签
[2026-07-25 03:07:00.138]   [41/100] av215376925 -> 10个标签
[2026-07-25 03:07:00.842]   [42/100] av116340983733006 -> 9个标签
[2026-07-25 03:07:01.974]   [43/100] av114046984524429 -> 5个标签
[2026-07-25 03:07:02.798]   [44/100] av904548876 -> 10个标签
[2026-07-25 03:07:03.788]   [45/100] av115293246522707 -> 4个标签
[2026-07-25 03:07:05.068]   [46/100] av273425877 -> 10个标签
[2026-07-25 03:07:06.157]   [47/100] av1304818047 -> 10个标签
[2026-07-25 03:07:07.023]   [48/100] av810524939 -> 3个标签
[2026-07-25 03:07:07.890]   [49/100] av215696148 -> 10个标签
[2026-07-25 03:07:08.553]   进度: 50/100
[2026-07-25 03:07:08.946]   [50/100] av116679782697050 -> 3个标签
[2026-07-25 03:07:10.145]   [51/100] av719266891 -> 10个标签
[2026-07-25 03:07:11.244]   [52/100] av384548393 -> 11个标签
[2026-07-25 03:07:12.159]   [53/100] av740750654 -> 7个标签
[2026-07-25 03:07:13.107]   [54/100] av751852569 -> 5个标签
[2026-07-25 03:07:13.906]   [55/100] av517675878 -> 6个标签
[2026-07-25 03:07:15.030]   [56/100] av113714174890165 -> 2个标签
[2026-07-25 03:07:16.271]   [57/100] av788457794 -> 10个标签
[2026-07-25 03:07:17.257]   [58/100] av115302037717325 -> 3个标签
[2026-07-25 03:07:18.457]   [59/100] av115428621882667 -> 9个标签
[2026-07-25 03:07:19.244]   进度: 60/100
[2026-07-25 03:07:19.660]   [60/100] av1555962819 -> 9个标签
[2026-07-25 03:07:20.444]   [61/100] av786818162 -> 7个标签
[2026-07-25 03:07:21.445]   [62/100] av544755544 -> 10个标签
[2026-07-25 03:07:22.615]   [63/100] av344550414 -> 6个标签
[2026-07-25 03:07:23.446]   [64/100] av609493369 -> 2个标签
[2026-07-25 03:07:24.218]   [65/100] av703138277 -> 10个标签
[2026-07-25 03:07:25.019]   [66/100] av460890334 -> 11个标签
[2026-07-25 03:07:26.242]   [67/100] av836805471 -> 3个标签
[2026-07-25 03:07:27.101]   [68/100] av116581887640996 -> 4个标签
[2026-07-25 03:07:27.888]   [69/100] av303712219 -> 7个标签
[2026-07-25 03:07:28.245]   进度: 70/100
[2026-07-25 03:07:28.683]   [70/100] av875000124 -> 7个标签
[2026-07-25 03:07:29.458]   [71/100] av236886298 -> 11个标签
[2026-07-25 03:07:30.590]   [72/100] av601377608 -> 9个标签
[2026-07-25 03:07:31.340]   [73/100] av114447808991422 -> 8个标签
[2026-07-25 03:07:32.548]   [74/100] av1100587435 -> 8个标签
[2026-07-25 03:07:33.398]   [75/100] av116000003459986 -> 10个标签
[2026-07-25 03:07:34.600]   [76/100] av462617062 -> 10个标签
[2026-07-25 03:07:35.406]   [77/100] av499680325 -> 7个标签
[2026-07-25 03:07:36.629]   [78/100] av116770346109104 -> 3个标签
[2026-07-25 03:07:37.726]   [79/100] av605251331 -> 10个标签
[2026-07-25 03:07:38.179]   进度: 80/100
[2026-07-25 03:07:38.532]   [80/100] av113242315690979 -> 7个标签
[2026-07-25 03:07:39.446]   [81/100] av504147754 -> 10个标签
[2026-07-25 03:07:40.389]   [82/100] av1406482147 -> 11个标签
[2026-07-25 03:07:41.438]   [83/100] av689766979 -> 4个标签
[2026-07-25 03:07:42.329]   [84/100] av115088849634677 -> 3个标签
[2026-07-25 03:07:43.577]   [85/100] av724173980 -> 8个标签
[2026-07-25 03:07:44.424]   [86/100] av116543685924393 -> 8个标签
[2026-07-25 03:07:45.558]   [87/100] av400461819 -> 7个标签
[2026-07-25 03:07:46.255]   [88/100] av236994638 -> 6个标签
[2026-07-25 03:07:47.240]   [89/100] av116717514656663 -> 10个标签
[2026-07-25 03:07:47.570]   进度: 90/100
[2026-07-25 03:07:48.003]   [90/100] av115101868821507 -> 3个标签
[2026-07-25 03:07:49.134]   [91/100] av414130078 -> 10个标签
[2026-07-25 03:07:50.216]   [92/100] av596958725 -> 10个标签
[2026-07-25 03:07:50.887]   [93/100] av116458256400991 -> 3个标签
[2026-07-25 03:07:52.004]   [94/100] av114409473119537 -> 2个标签
[2026-07-25 03:07:53.044]   [95/100] av643913473 -> 10个标签
[2026-07-25 03:07:53.930]   [96/100] av629536182 -> 11个标签
[2026-07-25 03:07:55.135]   [97/100] av115846139613655 -> 6个标签
[2026-07-25 03:07:56.116]   [98/100] av116244128861139 -> 8个标签
[2026-07-25 03:07:56.841]   [99/100] av1551351025 -> 8个标签
[2026-07-25 03:07:57.268]   进度: 100/100
[2026-07-25 03:07:57.595]   [100/100] av619358349 -> 10个标签
[2026-07-25 03:07:58.078] 
[完成] 标签补充: 成功 100, 失败 0
[2026-07-25 03:07:58.086] 
====================================================================================================
[2026-07-25 03:07:58.089]   价值分析 (独立评分)
[2026-07-25 03:07:58.093] ====================================================================================================
[2026-07-25 03:07:58.097] 关键词: 服饰
[2026-07-25 03:07:58.099] 评分维度: 深度互动比(35%) + 互动密度(25%) + 收藏率(20%) + 粉丝转化(10%) + 分享率(10%)
[2026-07-25 03:07:58.102] 说明: 价值评分衡量视频的长期内容质量，不受视频年龄/新鲜度影响
[2026-07-25 03:07:58.105] 
[2026-07-25 03:07:58.107] 
价值排行 Top 100（按价值综合评分排序）
[2026-07-25 03:07:58.109] ----------------------------------------------------------------------------------------------------------------------------------------------------------------------------------------------
[2026-07-25 03:07:58.112] 排名   标题                                  播放量 UP主              粉丝    深/浅比     互动密度     收藏率      转化     分享率    深互动分    互动分    收藏分    转化分    分享分     价值分
[2026-07-25 03:07:58.113] ----------------------------------------------------------------------------------------------------------------------------------------------------------------------------------------------
[2026-07-25 03:07:58.116] 1    【晓观】穿搭配色的秘密，我给每个人都找到了！        4,881,564 晓观队长        547,000    1.15    0.211   0.045    8.9x   0.006   0.086  1.000  1.000  0.001  0.317   0.512
[2026-07-25 03:07:58.119] 2    是泳装cos！                       5,574,172 清和Alicia   1,935,479    0.38    0.201   0.033    2.9x   0.010   0.027  0.951  0.735  0.000  0.565   0.451
[2026-07-25 03:07:58.121] 3    【中国千年之美】大唐女儿行｜妆｜发｜饰｜服｜演变史     4,360,656 o小庄o       1,552,800    1.09    0.151   0.041    2.8x   0.010   0.081  0.714  0.916  0.000  0.516   0.442
[2026-07-25 03:07:58.123] 4    那个备婚两年刷爆全网的汉服婚礼正片来啦！！！        5,079,516 静知时岁         74,643    0.99    0.165   0.028   68.1x   0.018   0.073  0.779  0.622  0.005  0.957   0.441
[2026-07-25 03:07:58.124] 5    『从头看她』1920-2020，中国女性发型的百年变   15,085,101 朵朵花林       1,950,000    0.83    0.201   0.030    7.7x   0.007   0.061  0.950  0.668  0.001  0.391   0.431
[2026-07-25 03:07:58.126] 6    “他们不像是走秀，倒像是来赴宴的......”| 前   13,524,237 w花酒不是花洒_     30,604    0.90    0.145   0.040  441.9x   0.009   0.067  0.682  0.882  0.034  0.473   0.421
[2026-07-25 03:07:58.128] 7    盘点全网六大潮流男神，你认为哪个帅？            5,610,787 账号已注销         2,991   13.07    0.011   0.010 1875.9x   0.000   1.000  0.046  0.217  0.144  0.000   0.419
[2026-07-25 03:07:58.129] 8    1920-2020 百年变迁，我眼中的中国女性真实之   14,190,477 朵朵花林       1,950,000    0.85    0.181   0.032    7.3x   0.006   0.063  0.857  0.707  0.001  0.344   0.412
[2026-07-25 03:07:58.130] 9    是的姐妹！你凭本事刷到了这个视频～             8,601,055 霜叶题诗         41,730    0.84    0.127   0.040  206.1x   0.008   0.062  0.601  0.881  0.016  0.449   0.395
[2026-07-25 03:07:58.132] 10   在？看看你的钱｜钱来！藏在人民币里的中式美学        7,074,378 o小庄o       1,552,800    0.40    0.202   0.026    4.6x   0.003   0.028  0.957  0.576  0.000  0.178   0.382
[2026-07-25 03:07:58.133] 11   宵 宫 衣 橱 大 公 开                 6,151,910 vamoko     1,079,000    0.39    0.143   0.030    5.7x   0.003   0.027  0.673  0.671  0.000  0.154   0.327
[2026-07-25 03:07:58.134] 12   1920-2020 百年变迁，中国女性职业服装的变化    5,247,320 朵朵花林       1,950,000    0.29    0.195   0.017    2.7x   0.002   0.020  0.923  0.360  0.000  0.102   0.320
[2026-07-25 03:07:58.137] 13   《鸣潮》服饰PV | 今汐·桃夭灼灼            4,415,526 鸣潮         5,323,752    0.89    0.091   0.012    0.8x   0.019   0.066  0.426  0.260  0.000  1.000   0.282
[2026-07-25 03:07:58.139] 14   这是最后一次了，且珍惜！                  6,298,541 东尼ookii    5,280,451    0.42    0.173   0.014    1.2x   0.001   0.030  0.817  0.297  0.000  0.057   0.280
[2026-07-25 03:07:58.140] 15   高清变装合集丨四种不同风格变妆               4,406,058 陶阿狗君       1,684,928    0.15    0.164   0.017    2.6x   0.002   0.009  0.774  0.361  0.000  0.102   0.279
[2026-07-25 03:07:58.142] 16   法国人 也难逃人渣爆改                   4,504,508 思远glenind  1,062,832    0.18    0.137   0.017    4.2x   0.005   0.012  0.648  0.378  0.000  0.282   0.270
[2026-07-25 03:07:58.143] 17   在中缅边境，我亲身经历了一场魔幻旅途            4,680,313 平圆方中Leban  1,167,809    1.14    0.140   0.014    4.0x   0.002   0.085  0.662  0.309  0.000  0.092   0.266
[2026-07-25 03:07:58.145] 18   商家应该允许退货退款的人发买家秀....          6,645,833 小桑菜奈        853,000    2.64    0.047   0.031    7.8x   0.000   0.200  0.218  0.693  0.001  0.009   0.264
[2026-07-25 03:07:58.146] 19   我偷偷摸摸去逛了漫展                    6,118,822 卡琳娜和揉西     1,966,000    0.08    0.175   0.008    3.1x   0.002   0.004  0.826  0.165  0.000  0.124   0.253
[2026-07-25 03:07:58.148] 20   渐变色，但是很上头 ⚡️叮叮当当舞⚡️           7,803,735 Tocci椭奇    1,169,832    1.11    0.070   0.026    6.7x   0.004   0.083  0.328  0.582  0.000  0.217   0.249
[2026-07-25 03:07:58.149] 21   谁说我国没有奢侈品？个顶个的顶级              4,830,714 柚子娱乐家       177,771    1.13    0.065   0.032   27.2x   0.000   0.084  0.302  0.701  0.002  0.001   0.245
[2026-07-25 03:07:58.152] 22   网络乞丐：开局向路人索要服饰                4,430,340 逸白不黑        644,496    3.30    0.035   0.025    6.9x   0.000   0.251  0.159  0.543  0.000  0.001   0.236
[2026-07-25 03:07:58.153] 23   幸福了…幸福疯了！                     6,573,147 幻雪HX          4,620    0.14    0.124   0.012 1422.8x   0.005   0.008  0.585  0.257  0.109  0.249   0.236
[2026-07-25 03:07:58.155] 24   热死人，谁还穿搭啊！                    4,584,109 晓观队长        547,000    0.64    0.086   0.021    8.4x   0.004   0.047  0.404  0.470  0.001  0.219   0.233
[2026-07-25 03:07:58.156] 25   1910-2010 百年变迁，中国校服的青春之美。     7,031,600 朵朵花林       1,950,000    0.61    0.099   0.017    3.6x   0.004   0.045  0.463  0.371  0.000  0.216   0.227
[2026-07-25 03:07:58.158] 26   这个牌子是懂流苏裙该怎么做才好看的             5,622,741 萌德-         155,000    0.57    0.076   0.024   36.3x   0.003   0.041  0.356  0.524  0.003  0.162   0.225
[2026-07-25 03:07:58.160] 27   海澜之家空中变装                     11,007,022 张津铭         365,722    0.26    0.102   0.012   30.1x   0.009   0.017  0.477  0.245  0.002  0.466   0.221
[2026-07-25 03:07:58.163] 28   穿搭测评交友                       14,074,553 张宇斐         177,119    0.73    0.069   0.025   79.5x   0.002   0.053  0.319  0.551  0.006  0.098   0.219
[2026-07-25 03:07:58.164] 29   肉肉身材穿旗袍 到底可以多性感？？？            4,774,491 戒酒的99       278,031    0.88    0.072   0.021   17.2x   0.004   0.065  0.336  0.450  0.001  0.206   0.217
[2026-07-25 03:07:58.166] 30   清纯旗袍还是酷飒风衣，谁的颜值可以对冲她的“小缺点”    7,253,015 神奇片场          4,364    6.07    0.007   0.006 1662.0x   0.000   0.463  0.026  0.117  0.128  0.001   0.205
[2026-07-25 03:07:58.168] 31   2024—网络热点妆容图鉴                 7,755,340 朵朵花林       1,950,000    0.28    0.125   0.010    4.0x   0.001   0.019  0.591  0.202  0.000  0.065   0.201
[2026-07-25 03:07:58.169] 32   不实穿？拜托！这可是高缇耶的礼服，他家的设计不需要实    4,737,408 萌德-         155,000    0.90    0.055   0.023   30.6x   0.001   0.067  0.256  0.502  0.002  0.063   0.194
[2026-07-25 03:07:58.170] 33   【斋藤飞鸟】身高158，照样走T台的霓虹美少女       6,179,289 大吉岭茶茶        11,842    1.19    0.048   0.019  521.8x   0.003   0.089  0.223  0.418  0.040  0.184   0.193
[2026-07-25 03:07:58.172] 34   漫画胸能不能走出现实啊？？？？              10,711,015 鹦鹉梨        3,056,000    0.86    0.066   0.018    3.5x   0.002   0.064  0.308  0.398  0.000  0.123   0.191
[2026-07-25 03:07:58.174] 35   九家宝藏店铺分享！618直接进来抄作业           4,701,198 小桑菜奈        853,000    1.22    0.047   0.023    5.5x   0.000   0.091  0.215  0.511  0.000  0.021   0.190
[2026-07-25 03:07:58.174] 36   耗时半年复刻电影里灰姑娘公主裙！每个女孩的公主梦都应   12,147,649 小宇菇菇        820,708    0.77    0.055   0.021   14.8x   0.000   0.057  0.257  0.462  0.001  0.006   0.177
[2026-07-25 03:07:58.176] 37   确实未曾想到！                       4,551,880 搞笑滴小光           350    0.08    0.045   0.003 13005.4x   0.003   0.004  0.207  0.047  1.000  0.143   0.176
[2026-07-25 03:07:58.178] 38   我的设计我来疼                       7,862,320 随时anytime   152,265    0.18    0.095   0.013   51.6x   0.001   0.011  0.444  0.270  0.004  0.072   0.176
[2026-07-25 03:07:58.180] 39   【古人穿衣・宋】还原1000年前的平民生活         5,504,129 朵朵花林       1,950,000    0.45    0.083   0.012    2.8x   0.002   0.032  0.388  0.252  0.000  0.126   0.171
[2026-07-25 03:07:58.180] 40   挑战用睡衣把残疾女孩爆改成天使！美到落泪          7,978,964 小桑菜奈        853,000    4.17    0.014   0.010    9.4x   0.000   0.317  0.058  0.216  0.001  0.001   0.169
[2026-07-25 03:07:58.181] 41   OOTD：拍点你们喜欢看的                 7,276,162 康康和爷爷       712,310    0.11    0.102   0.008   10.2x   0.001   0.006  0.481  0.162  0.001  0.066   0.161
[2026-07-25 03:07:58.182] 42   贾法尔…你已经偷走了我的心                 4,519,038 蛇尾巴猪呀       736,099    0.29    0.072   0.015    6.1x   0.001   0.020  0.337  0.317  0.000  0.059   0.161
[2026-07-25 03:07:58.185] 43   “穿”衣服挑战！01                    8,962,256 东尼ookii    5,280,451    0.34    0.094   0.007    1.7x   0.002   0.024  0.443  0.153  0.000  0.094   0.159
[2026-07-25 03:07:58.185] 44   国庆出游就带2条丝巾就够了，相当于带了套古装衣服出门    5,342,083 百变花央本人      107,947    0.25    0.073   0.012   49.5x   0.002   0.017  0.343  0.267  0.004  0.130   0.159
[2026-07-25 03:07:58.186] 45   王祖贤，你TM到底怎么做到时尚超前20年的？        9,015,952 银桑欧巴呀        36,456    0.60    0.055   0.015  247.3x   0.002   0.044  0.257  0.334  0.019  0.091   0.158
[2026-07-25 03:07:58.187] 46   不要叫我蹦裙子啦！                     6,457,067 yoyo鹿鸣_Lu  1,693,000    0.71    0.069   0.009    3.8x   0.003   0.052  0.324  0.178  0.000  0.148   0.149
[2026-07-25 03:07:58.188] 47   原来幼稚的衣服设计师也是有用心啊              4,652,379 账号已注销           655    0.03    0.073   0.002 7102.9x   0.001   0.000  0.339  0.027  0.546  0.041   0.149
[2026-07-25 03:07:58.188] 48   黑人模特的比例有多逆天？                  6,998,482 萌德-         155,000    0.46    0.050   0.014   45.2x   0.003   0.033  0.232  0.294  0.003  0.160   0.145
[2026-07-25 03:07:58.189] 49   77岁爷爷穿汉服到故宫                   6,408,714 宸辰and爷爷      69,000    0.18    0.077   0.010   92.9x   0.001   0.011  0.358  0.220  0.007  0.051   0.143
[2026-07-25 03:07:58.191] 50   请选择你的海岛度假穿搭！                  5,771,545 -小胡同学呀      404,154    0.52    0.047   0.015   14.3x   0.001   0.037  0.219  0.327  0.001  0.040   0.137
[2026-07-25 03:07:58.194] 51   没有什么衣服是20岁能穿而50岁不能的！          5,219,463 塑料叉FOKU    3,101,752    0.33    0.076   0.006    1.7x   0.003   0.023  0.355  0.125  0.000  0.153   0.137
[2026-07-25 03:07:58.195] 52   如果我在不同年代做时装模特？你最喜欢哪一组？        7,003,385 李如儒也是李蠕蠕   3,331,000    0.15    0.088   0.007    2.1x   0.000   0.009  0.410  0.145  0.000  0.022   0.137
[2026-07-25 03:07:58.195] 53   外婆说得对：要让他知道你不需要新衣服也能赢全场。      5,918,103 哈利尼斯塔      9,679,000    0.10    0.086   0.007    0.6x   0.001   0.005  0.402  0.144  0.000  0.050   0.136
[2026-07-25 03:07:58.197] 54   剪个头发还被调戏了～                    5,694,430 山城小栗旬的理发日  3,790,689    0.11    0.078   0.006    1.5x   0.002   0.006  0.366  0.126  0.000  0.121   0.131
[2026-07-25 03:07:58.198] 55   No cap =)))                   9,679,011 哈利尼斯塔      9,679,000    0.13    0.071   0.007    1.0x   0.003   0.008  0.332  0.138  0.000  0.177   0.131
[2026-07-25 03:07:58.199] 56   一穿裙子一时爽 一直穿裙子一直…              5,198,061 402ephto_   212,576    0.19    0.066   0.010   24.5x   0.001   0.012  0.308  0.202  0.002  0.034   0.125
[2026-07-25 03:07:58.200] 57   真有up主敢穿荷叶去阿玛尼？？               5,398,954 小桑菜奈        853,000    1.15    0.028   0.014    6.3x   0.000   0.086  0.127  0.296  0.000  0.007   0.122
[2026-07-25 03:07:58.202] 58   旗 袍 皮 肤 典 藏 版                 5,636,259 一栗莎子       1,399,783    0.35    0.052   0.009    4.0x   0.003   0.025  0.242  0.187  0.000  0.135   0.120
[2026-07-25 03:07:58.203] 59   版型差就是版型差，天王老子来了都怪不到我身材上面去     4,673,237 葡萄大人耶       474,505    0.09    0.078   0.005    9.8x   0.001   0.005  0.365  0.103  0.001  0.051   0.119
[2026-07-25 03:07:58.204] 60   校内丑关我校外什么事啊                   5,037,008 逍飞free     1,355,457    0.08    0.073   0.005    3.7x   0.002   0.003  0.343  0.088  0.000  0.129   0.118
[2026-07-25 03:07:58.206] 61   人生就像钟表，可以回到起点，却已不是昨天          5,223,751 南京龙浩钟表维修中   139,639    0.25    0.067   0.006   37.4x   0.002   0.017  0.310  0.111  0.003  0.101   0.116
[2026-07-25 03:07:58.207] 62   18岁的大叔，谁不爱呢                   5,603,006 逍飞free     1,355,457    0.14    0.057   0.006    4.1x   0.004   0.009  0.264  0.118  0.000  0.202   0.113
[2026-07-25 03:07:58.208] 63   一个珍珠原料商在b站的54天                5,299,200 珠农老钱        175,398    0.22    0.055   0.009   30.2x   0.001   0.014  0.255  0.187  0.002  0.037   0.110
[2026-07-25 03:07:58.209] 64   快活王和路易十四谁的衣服比较多？【小约翰】         5,523,593 小约翰可汗      10,817,746    0.43    0.061   0.005    0.5x   0.002   0.031  0.284  0.090  0.000  0.083   0.108
[2026-07-25 03:07:58.210] 65   听说你们想看我穿红蓝洞洞裙？                5,715,040 氧化菊        1,659,293    0.05    0.078   0.003    3.4x   0.000   0.002  0.365  0.060  0.000  0.013   0.105
[2026-07-25 03:07:58.211] 66   穿搭测评交友                        5,339,982 张宇斐         177,119    0.73    0.029   0.011   30.1x   0.000   0.054  0.130  0.243  0.002  0.016   0.102
[2026-07-25 03:07:58.213] 67   永远都不知道对手是什么“糕手”              11,756,506 小藤777       345,779    0.09    0.068   0.005   34.0x   0.000   0.004  0.316  0.091  0.003  0.020   0.101
[2026-07-25 03:07:58.214] 68   男生网上买衣服，关键词怎样搜才不会踩雷！          9,319,845 哈喽先生的潮流社     44,787    0.29    0.045   0.009  208.1x   0.000   0.020  0.207  0.192  0.016  0.011   0.100
[2026-07-25 03:07:58.215] 69   平替不是抄袭遮羞布! 几千vs几十 真假网红裙PK｜    5,485,771 鹦鹉梨        3,056,000    0.50    0.040   0.007    1.8x   0.002   0.036  0.181  0.146  0.000  0.121   0.099
[2026-07-25 03:07:58.217] 70   赶快倒闭！现在的女装店铺都是什么畸形审美？真是不要太    5,233,893 靓仔董米粒       606,937    1.27    0.022   0.009    8.6x   0.000   0.095  0.095  0.197  0.001  0.007   0.097
[2026-07-25 03:07:58.218] 71   摆脱春夏内衣“闷热”！与内衣和解，小胸显大不空杯！    22,790,190 小格子n         70,635    0.61    0.029   0.010  322.6x   0.001   0.044  0.129  0.201  0.025  0.063   0.097
[2026-07-25 03:07:58.219] 72   宝，这就是宫里的体面工作1？                5,380,105 橘橘是钢铁直男      94,364    0.11    0.058   0.004   57.0x   0.001   0.006  0.269  0.083  0.004  0.079   0.094
[2026-07-25 03:07:58.219] 73   嫁到农村不用可怜我，我过的很快乐。             4,513,022 是宁心如        224,949    0.05    0.073   0.002   20.1x   0.000   0.002  0.342  0.038  0.002  0.007   0.094
[2026-07-25 03:07:58.220] 74   模 特 受 难 鞋                     4,412,153 萌德-         155,000    0.40    0.036   0.009   28.5x   0.001   0.028  0.164  0.195  0.002  0.034   0.094
[2026-07-25 03:07:58.221] 75   闪购外卖Lolita，让广告来得更猛一些...！      5,222,602 月亮猹-        439,269    0.73    0.028   0.009   11.9x   0.001   0.054  0.126  0.180  0.001  0.049   0.091
[2026-07-25 03:07:58.222] 76   娶川渝女人，享幸福人生。                  6,400,511 陈景烁Studio   150,000    0.23    0.037   0.005   42.7x   0.003   0.015  0.169  0.105  0.003  0.147   0.084
[2026-07-25 03:07:58.224] 77   随机生成穿搭挑战｜ 穿成这样去见男朋友的父母可以吗？    5,719,346 s大野丽莎       188,812    0.10    0.054   0.004   30.3x   0.001   0.005  0.252  0.072  0.002  0.036   0.083
[2026-07-25 03:07:58.225] 78   能让裙子一秒遇光变色？是什么神奇的染料？          5,858,257 胡米米的随手一做    628,952    0.99    0.017   0.008    9.3x   0.000   0.074  0.076  0.174  0.001  0.001   0.080
[2026-07-25 03:07:58.226] 79   当我花3000块买了四套真人芭比套装…           4,964,035 -小胡同学呀      404,154    0.67    0.023   0.009   12.3x   0.000   0.049  0.100  0.182  0.001  0.003   0.079
[2026-07-25 03:07:58.229] 80   黛玉骑鬼火，玉环醉卡座                   5,238,541 我是扒皮呀       323,530    0.13    0.044   0.004   16.2x   0.001   0.007  0.203  0.083  0.001  0.079   0.078
[2026-07-25 03:07:58.230] 81   明显右边更难做到                      7,441,865 昔特乐ヽ         21,590    0.34    0.024   0.006  344.7x   0.002   0.024  0.109  0.112  0.026  0.129   0.074
[2026-07-25 03:07:58.231] 82   跟着迪丽热巴学穿搭                     4,728,947 鞋Club       167,797    0.41    0.013   0.003   28.2x   0.007   0.029  0.053  0.061  0.002  0.366   0.073
[2026-07-25 03:07:58.231] 83   救命！！！Cos符玄大人去漫展 居然遇到这种事？？？    5,215,237 小小的小兔团儿    1,092,511    0.33    0.030   0.007    4.8x   0.000   0.023  0.136  0.143  0.000  0.012   0.072
[2026-07-25 03:07:58.233] 84   「水水」画卷里的人成精了？！                4,783,241 彼岸的水坑-     1,160,453    0.11    0.045   0.004    4.1x   0.000   0.006  0.205  0.076  0.000  0.008   0.070
[2026-07-25 03:07:58.234] 85   古代身高两米多的将军，八十斤的盔甲如何穿          4,353,604 武阵天王-杰哥     718,245    0.08    0.047   0.003    6.1x   0.000   0.004  0.219  0.055  0.000  0.022   0.069
[2026-07-25 03:07:58.236] 86   这些穿搭都救过男生的命吗？                 6,122,508 乱小世         451,000    0.24    0.032   0.006   13.6x   0.000   0.016  0.145  0.112  0.001  0.020   0.066
[2026-07-25 03:07:58.237] 87   现在准备卷死他们！情人节送鞋指南，直男看了都会喜欢的    8,250,151 鞋Club       167,797    0.23    0.020   0.003   49.2x   0.005   0.015  0.087  0.061  0.004  0.246   0.064
[2026-07-25 03:07:58.238] 88   身高175？不！其实你有190！！#190大帅哥 #    5,034,423 钙星球         232,444    2.33    0.002   0.001   21.7x   0.000   0.176  0.000  0.010  0.002  0.000   0.064
[2026-07-25 03:07:58.239] 89   传奇改造王珍妮佛梓，比良子逆天，比阿诺耐药         4,779,174 侦探许烦烦       337,731    0.15    0.031   0.004   14.2x   0.002   0.009  0.140  0.070  0.001  0.095   0.062
[2026-07-25 03:07:58.239] 90   30秒拿捏品牌精髓 垫底辣孩的时尚感有多强 |奢侈品    4,838,712 优奢二手奢侈品      32,148    1.36    0.008   0.004  150.5x   0.000   0.102  0.029  0.079  0.012  0.000   0.060
[2026-07-25 03:07:58.240] 91   当你在国外展会吃了一块三文鱼                5,496,953 一个木枝        126,613    0.05    0.043   0.002   43.4x   0.000   0.001  0.197  0.022  0.003  0.013   0.056
[2026-07-25 03:07:58.241] 92   这个洞洞，是干嘛的                     5,278,844 ADANNU520     1,822    0.28    0.009   0.002 2897.3x   0.002   0.019  0.033  0.022  0.223  0.133   0.055
[2026-07-25 03:07:58.243] 93   万万没想到…                        5,018,756 是小帅子呀        61,463    1.10    0.008   0.004   81.7x   0.000   0.082  0.029  0.071  0.006  0.000   0.051
[2026-07-25 03:07:58.243] 94   娶川渝女人，享先礼后兵。                  4,377,081 陈景烁Studio   150,000    0.16    0.026   0.003   29.2x   0.001   0.010  0.117  0.047  0.002  0.048   0.047
[2026-07-25 03:07:58.244] 95   当你精心穿搭后出门逛街（路人视角）             6,308,724 是穗穗念呀       114,853    0.11    0.029   0.002   54.9x   0.000   0.006  0.131  0.036  0.004  0.024   0.045
[2026-07-25 03:07:58.244] 96   当我家离学校只有2米                    5,010,480 张真严吖          7,217    1.09    0.003   0.002  694.3x   0.000   0.081  0.008  0.023  0.053  0.000   0.040
[2026-07-25 03:07:58.245] 97   当你以为自己是韩剧穿搭出门（路人视角）           4,764,630 是穗穗念呀       114,853    0.09    0.026   0.002   41.5x   0.000   0.005  0.116  0.027  0.003  0.017   0.038
[2026-07-25 03:07:58.245] 98   网恋需谨慎 #反差 #迪米迦 #生活伙伴服饰        4,513,727 抖鹰元歌          4,889    0.06    0.018   0.001  923.2x   0.000   0.002  0.076  0.000  0.071  0.013   0.028
[2026-07-25 03:07:58.246] 99   Zara今年的衣服绝了，这种请问谁能穿！         11,238,112 周嘎嘎儿         18,126    0.19    0.008   0.001  620.0x   0.001   0.012  0.029  0.008  0.048  0.044   0.022
[2026-07-25 03:07:58.247] 100  不是…这雕刻家ooc了吧                  6,155,993 云知笑         569,000    0.14    0.011   0.001   10.8x   0.000   0.008  0.043  0.010  0.001  0.010   0.017
[2026-07-25 03:07:58.248] ----------------------------------------------------------------------------------------------------------------------------------------------------------------------------------------------
[2026-07-25 03:07:58.249] 
提示: 价值分 = 深度互动比(35%) + 互动密度(25%) + 收藏率(20%) + 粉丝转化(10%) + 分享率(10%)
[2026-07-25 03:07:58.250]       深度互动比 = (投币+收藏)/点赞，>1.0 表示用户愿意付出成本的认可超过浅层点赞
[2026-07-25 03:07:58.250]       与动量分析互补：动量看'速度'，价值看'质量'
[2026-07-25 03:07:58.252] 
================================================================================
[2026-07-25 03:07:58.253]   标签权重 Top 10 (关键词: 服饰)
[2026-07-25 03:07:58.254] ================================================================================
[2026-07-25 03:07:58.254] 总视频数: 100 | 不同标签数: 369
[2026-07-25 03:07:58.255] 算法: 标签权重 = 出现视频数 × 平均价值分
[2026-07-25 03:07:58.255] --------------------------------------------------------------------------------
[2026-07-25 03:07:58.256] 排名   标签                       出现次数      覆盖率      平均价值分       标签权重
[2026-07-25 03:07:58.257] --------------------------------------------------------------------------------
[2026-07-25 03:07:58.258] 1    服饰                         96    96.0%      0.170     16.328
[2026-07-25 03:07:58.258] 2    穿搭                         54    54.0%      0.135      7.284
[2026-07-25 03:07:58.259] 3    时尚                         18    18.0%      0.197      3.543
[2026-07-25 03:07:58.260] 4    日常                         24    24.0%      0.144      3.453
[2026-07-25 03:07:58.260] 5    美妆                         12    12.0%      0.212      2.550
[2026-07-25 03:07:58.261] 6    中国风                         8     8.0%      0.278      2.222
[2026-07-25 03:07:58.261] 7    汉服                          7     7.0%      0.264      1.851
[2026-07-25 03:07:58.262] 8    女装                         10    10.0%      0.171      1.715
[2026-07-25 03:07:58.263] 9    中国                          4     4.0%      0.348      1.391
[2026-07-25 03:07:58.263] 10   发型                          5     5.0%      0.271      1.357
[2026-07-25 03:07:58.264] --------------------------------------------------------------------------------
[2026-07-25 03:07:58.265] 说明: 标签权重越高 = 该标签在高质量视频中出现越频繁，越值得重点关注
[2026-07-25 03:07:58.270] 
[导出] 价值分析结果已保存到 output\服饰\value_20260725_030758.csv
