[2026-07-25 03:08:34.441] 日志文件: logs\spider_20260725_030834.log
[2026-07-25 03:08:34.443] ============================================================
[2026-07-25 03:08:34.445]   B站视频爬虫 (增强版)
[2026-07-25 03:08:34.446] ============================================================
[2026-07-25 03:08:34.449] 关键词: 上海
[2026-07-25 03:08:34.451] 页数: 8
[2026-07-25 03:08:34.453] 排序: click
[2026-07-25 03:08:34.454] 线程数: 3
[2026-07-25 03:08:34.456] 延迟: 1.0s
[2026-07-25 03:08:34.457] 
[2026-07-25 03:08:34.498] [任务] 任务ID: 48
[2026-07-25 03:08:34.500] [搜索] 第 1/8 页...
[2026-07-25 03:08:35.272]   找到 20 个，新增 20 个
[2026-07-25 03:08:36.926] [搜索] 第 2/8 页...
[2026-07-25 03:08:37.489]   找到 20 个，新增 20 个
[2026-07-25 03:08:39.204] [搜索] 第 3/8 页...
[2026-07-25 03:08:39.829]   找到 20 个，新增 20 个
[2026-07-25 03:08:40.949] [搜索] 第 4/8 页...
[2026-07-25 03:08:41.648]   找到 20 个，新增 20 个
[2026-07-25 03:08:42.894] [搜索] 第 5/8 页...
[2026-07-25 03:08:43.490]   找到 20 个，新增 20 个
[2026-07-25 03:08:44.921] [搜索] 第 6/8 页...
[2026-07-25 03:08:45.520]   找到 20 个，新增 20 个
[2026-07-25 03:08:47.337] [搜索] 第 7/8 页...
[2026-07-25 03:08:48.074]   找到 20 个，新增 20 个
[2026-07-25 03:08:49.803] [搜索] 第 8/8 页...
[2026-07-25 03:08:50.554]   找到 20 个，新增 20 个
[2026-07-25 03:08:51.713] 
[搜索完成] 共 160 个视频，今日已爬 1 个，新增 159 个
[2026-07-25 03:08:51.716] [搜索统计] 搜索失败页数: 0
[2026-07-25 03:08:51.716] 
[详情获取] 使用 3 个线程获取视频详情...
[2026-07-25 03:08:53.758]   [1/159] av894851933 ✓
[2026-07-25 03:08:53.764]   [2/159] av852656120 ✓
[2026-07-25 03:08:54.118]   [3/159] av230101068 ✓
[2026-07-25 03:08:55.762]   [4/159] av1254505359 ✓
[2026-07-25 03:08:55.770]   [5/159] av926420044 ✓
[2026-07-25 03:08:55.778]   [6/159] av422118952 ✓
[2026-07-25 03:08:57.404]   [7/159] av66722048 ✓
[2026-07-25 03:08:57.652]   [8/159] av333011169 ✓
[2026-07-25 03:08:57.808]   [9/159] av115230801662615 ✓
[2026-07-25 03:08:59.032]   [10/159] av382297174 ✓
[2026-07-25 03:08:59.765]   [11/159] av115649594595893 ✓
[2026-07-25 03:08:59.817]   [12/159] av113643844803769 ✓
[2026-07-25 03:09:00.826]   [13/159] av63001396 ✓
[2026-07-25 03:09:02.159]   [14/159] av63244615 ✓
[2026-07-25 03:09:02.554]   [15/159] av113361350034363 ✓
[2026-07-25 03:09:02.758]   [16/159] av522097915 ✓
[2026-07-25 03:09:04.679]   [17/159] av114902203174041 ✓
[2026-07-25 03:09:04.686]   [18/159] av1056294103 ✓
[2026-07-25 03:09:04.871]   [19/159] av564710298 ✓
[2026-07-25 03:09:06.733]   [20/159] av114698343161650 ✓
[2026-07-25 03:09:06.927]   [21/159] av607031124 ✓
[2026-07-25 03:09:07.062]   [22/159] av116821298514243 ✓
[2026-07-25 03:09:08.949]   [23/159] av114832812608026 ✓
[2026-07-25 03:09:09.382]   [24/159] av244898188 ✓
[2026-07-25 03:09:09.387]   [25/159] av230038161 ✓
[2026-07-25 03:09:11.062]   [26/159] av115812820059252 ✓
[2026-07-25 03:09:11.099]   [27/159] av115755878257811 ✓
[2026-07-25 03:09:11.347]   [28/159] av1606445043 ✓
[2026-07-25 03:09:13.230]   [29/159] av116917431960437 ✓
[2026-07-25 03:09:13.440]   [30/159] av659316325 ✓
[2026-07-25 03:09:13.462]   [31/159] av114884771713733 ✓
[2026-07-25 03:09:15.223]   [32/159] av115269708029718 ✓
[2026-07-25 03:09:15.473]   [33/159] av115263584403670 ✓
[2026-07-25 03:09:15.527]   [34/159] av46927229 ✓
[2026-07-25 03:09:17.538]   [35/159] av1906380647 ✓
[2026-07-25 03:09:17.577]   [36/159] av116776134246683 ✓
[2026-07-25 03:09:17.680]   [37/159] av449330756 ✓
[2026-07-25 03:09:19.641]   [38/159] av114912638538769 ✓
[2026-07-25 03:09:19.647]   [39/159] av114908159085126 ✓
[2026-07-25 03:09:19.949]   [40/159] av115667344820203 ✓
[2026-07-25 03:09:21.552]   [41/159] av114737987720527 ✓
[2026-07-25 03:09:21.938]   [42/159] av585888362 ✓
[2026-07-25 03:09:21.945]   [43/159] av114278661165228 ✓
[2026-07-25 03:09:23.431]   [44/159] av680329809 ✓
[2026-07-25 03:09:23.743]   [45/159] av116600778787065 ✓
[2026-07-25 03:09:23.761]   [46/159] av114590213998203 ✓
[2026-07-25 03:09:25.621]   [47/159] av969467632 ✓
[2026-07-25 03:09:25.629]   [48/159] av1506060164 ✓
[2026-07-25 03:09:25.936]   [49/159] av490610917 ✓
[2026-07-25 03:09:27.688]   [50/159] av114318943195179 ✓
[2026-07-25 03:09:27.692]   [51/159] av470992121 ✓
[2026-07-25 03:09:27.952]   [52/159] av905010227 ✓
[2026-07-25 03:09:29.483]   [53/159] av114753137547624 ✓
[2026-07-25 03:09:29.612]   [54/159] av115671740455699 ✓
[2026-07-25 03:09:30.075]   [55/159] av1656434159 ✓
[2026-07-25 03:09:31.242]   [56/159] av708257215 ✓
[2026-07-25 03:09:31.310]   [57/159] av288306968 ✓
[2026-07-25 03:09:32.039]   [58/159] av116032635211927 ✓
[2026-07-25 03:09:32.837]   [59/159] av228027472 ✓
[2026-07-25 03:09:33.059]   [60/159] av115280546234431 ✓
[2026-07-25 03:09:34.135]   [61/159] av114268242511201 ✓
[2026-07-25 03:09:34.676]   [62/159] av717360564 ✓
[2026-07-25 03:09:34.739]   [63/159] av114436031388753 ✓
[2026-07-25 03:09:36.083]   [64/159] av116397053057629 ✓
[2026-07-25 03:09:36.378]   [65/159] av1104466437 ✓
[2026-07-25 03:09:36.720]   [66/159] av95762636 ✓
[2026-07-25 03:09:38.270]   [67/159] av114657155090088 ✓
[2026-07-25 03:09:38.277]   [68/159] av836381596 ✓
[2026-07-25 03:09:38.670]   [69/159] av1255821293 ✓
[2026-07-25 03:09:40.290]   [70/159] av813079750 ✓
[2026-07-25 03:09:40.773]   [71/159] av860680524 ✓
[2026-07-25 03:09:42.184]   [72/159] av61898054 ✓
[2026-07-25 03:09:42.921]   [73/159] av962522965 ✓
[2026-07-25 03:09:44.131]   [74/159] av114381891309777 ✓
[2026-07-25 03:09:44.915]   [75/159] av607862581 ✓
[2026-07-25 03:09:46.088]   [76/159] av66649415 ✓
[2026-07-25 03:09:46.252]   [77/159] av115496670273291 ✓
[2026-07-25 03:09:46.469]   [78/159] av969131160 ✓
[2026-07-25 03:09:47.903]   [79/159] av114306779713100 ✓
[2026-07-25 03:09:48.202]   [80/159] av115518866464069 ✓
[2026-07-25 03:09:48.208]   [81/159] av116623042217998 ✓
[2026-07-25 03:09:49.908]   [82/159] av754894378 ✓
[2026-07-25 03:09:50.198]   [83/159] av968173197 ✓
[2026-07-25 03:09:50.204]   [84/159] av114719197234421 ✓
[2026-07-25 03:09:51.823]   [85/159] av1703493629 ✓
[2026-07-25 03:09:52.454]   [86/159] av919433867 ✓
[2026-07-25 03:09:52.496]   [87/159] av543424708 ✓
[2026-07-25 03:09:53.645]   [88/159] av349932206 ✓
[2026-07-25 03:09:54.265]   [89/159] av610690474 ✓
[2026-07-25 03:09:54.564]   [90/159] av522050663 ✓
[2026-07-25 03:09:55.741]   [91/159] av241149198 ✓
[2026-07-25 03:09:56.238]   [92/159] av114883379137635 ✓
[2026-07-25 03:09:56.902]   [93/159] av114203448842548 ✓
[2026-07-25 03:09:57.690]   [94/159] av84599855 ✓
[2026-07-25 03:09:58.011]   [95/159] av115314939400022 ✓
[2026-07-25 03:09:58.880]   [96/159] av84887919 ✓
[2026-07-25 03:09:59.246]   [97/159] av755883454 ✓
[2026-07-25 03:09:59.680]   [98/159] av115030683031216 ✓
[2026-07-25 03:10:01.144]   [99/159] av227591764 ✓
[2026-07-25 03:10:01.577]   [100/159] av113457265380619 ✓
[2026-07-25 03:10:01.644]   [101/159] av114843751355186 ✓
[2026-07-25 03:10:03.193]   [102/159] av115745560204351 ✓
[2026-07-25 03:10:03.613]   [103/159] av923470897 ✓
[2026-07-25 03:10:03.986]   [104/159] av616707357 ✓
[2026-07-25 03:10:05.644]   [105/159] av115037326873393 ✓
[2026-07-25 03:10:05.651]   [106/159] av758824811 ✓
[2026-07-25 03:10:06.518]   [107/159] av114963574233189 ✓
[2026-07-25 03:10:07.413]   [108/159] av116684681647760 ✓
[2026-07-25 03:10:07.720]   [109/159] av1155004540 ✓
[2026-07-25 03:10:08.555]   [110/159] av114511495368264 ✓
[2026-07-25 03:10:09.547]   [111/159] av19027609 ✓
[2026-07-25 03:10:09.928]   [112/159] av116765547895414 ✓
[2026-07-25 03:10:10.476]   [113/159] av342847849 ✓
[2026-07-25 03:10:11.227]   [114/159] av373259244 ✓
[2026-07-25 03:10:12.020]   [115/159] av115021002579789 ✓
[2026-07-25 03:10:12.705]   [116/159] av805949798 ✓
[2026-07-25 03:10:13.205]   [117/159] av115077139144240 ✓
[2026-07-25 03:10:13.978]   [118/159] av115461404497167 ✓
[2026-07-25 03:10:14.617]   [119/159] av114500187461330 ✓
[2026-07-25 03:10:15.214]   [120/159] av77281651 ✓
[2026-07-25 03:10:15.882]   [121/159] av113408242490917 ✓
[2026-07-25 03:10:16.785]   [122/159] av994143765 ✓
[2026-07-25 03:10:16.892]   [123/159] av113582658359203 ✓
[2026-07-25 03:10:17.702]   [124/159] av1703721279 ✓
[2026-07-25 03:10:18.672]   [125/159] av115071837544021 ✓
[2026-07-25 03:10:18.838]   [126/159] av116220456146044 ✓
[2026-07-25 03:10:19.723]   [127/159] av623780721 ✓
[2026-07-25 03:10:20.496]   [128/159] av775629314 ✓
[2026-07-25 03:10:20.709]   [129/159] av222059144 ✓
[2026-07-25 03:10:21.753]   [130/159] av719773996 ✓
[2026-07-25 03:10:22.626]   [131/159] av640583536 ✓
[2026-07-25 03:10:23.123]   [132/159] av736368092 ✓
[2026-07-25 03:10:23.689]   [133/159] av41495631 ✓
[2026-07-25 03:10:25.066]   [134/159] av313274069 ✓
[2026-07-25 03:10:25.365]   [135/159] av999400893 ✓
[2026-07-25 03:10:25.867]   [136/159] av365639516 ✓
[2026-07-25 03:10:27.101]   [137/159] av116010942272689 ✓
[2026-07-25 03:10:27.447]   [138/159] av114323993134354 ✓
[2026-07-25 03:10:28.072]   [139/159] av690340739 ✓
[2026-07-25 03:10:28.925]   [140/159] av870197810 ✓
[2026-07-25 03:10:29.417]   [141/159] av703924989 ✓
[2026-07-25 03:10:30.351]   [142/159] av505469084 ✓
[2026-07-25 03:10:31.035]   [143/159] av48986008 ✓
[2026-07-25 03:10:31.081]   [144/159] av116441697359237 ✓
[2026-07-25 03:10:32.691]   [145/159] av113233776087069 ✓
[2026-07-25 03:10:33.164]   [146/159] av113241661441384 ✓
[2026-07-25 03:10:33.467]   [147/159] av1650001730 ✓
[2026-07-25 03:10:34.304]   [148/159] av114398030993097 ✓
[2026-07-25 03:10:35.447]   [149/159] av115141563652649 ✓
[2026-07-25 03:10:35.656]   [150/159] av885033057 ✓
[2026-07-25 03:10:36.160]   [151/159] av1756218380 ✓
[2026-07-25 03:10:37.390]   [152/159] av114992330317560 ✓
[2026-07-25 03:10:37.395]   [153/159] av337544179 ✓
[2026-07-25 03:10:38.286]   [154/159] av819557959 ✓
[2026-07-25 03:10:39.253]   [155/159] av115230080239092 ✓
[2026-07-25 03:10:39.768]   [156/159] av1756058262 ✓
[2026-07-25 03:10:40.434]   [157/159] av395275647 ✓
[2026-07-25 03:10:41.214]   [158/159] av114688192944566 ✓
[2026-07-25 03:10:41.636]   [159/159] av358864259 ✓
[2026-07-25 03:10:41.643] 
[完成] 成功: 159, 失败: 0
[2026-07-25 03:10:41.646] 
============================================================
[2026-07-25 03:10:41.648]   Top 10 热门视频
[2026-07-25 03:10:41.651] ============================================================
[2026-07-25 03:10:41.655] 
1. 最强自夸王！！！！！
[2026-07-25 03:10:41.657]    播放: 41,271,592 | 弹幕: 460,406 | 收藏: 910,628 | 评论: 61,212
[2026-07-25 03:10:41.660] 
2. 第一篇章|日落：高燃舞台打开2020最美的夜【2020 B站跨年晚会精彩全程】
[2026-07-25 03:10:41.663]    播放: 26,389,628 | 弹幕: 302,681 | 收藏: 11,556 | 评论: 8,080
[2026-07-25 03:10:41.666] 
3. 第一篇章：日落 精彩全程【2022 B站跨年晚会精彩全程】
[2026-07-25 03:10:41.669]    播放: 24,658,048 | 弹幕: 204,020 | 收藏: 37,214 | 评论: 4,010
[2026-07-25 03:10:41.673] 
4. 奖金10000元！上海巨型拉面挑战，迄今为止最高奖金，能成功吗？
[2026-07-25 03:10:41.674]    播放: 19,787,781 | 弹幕: 18,863 | 收藏: 57,477 | 评论: 12,096
[2026-07-25 03:10:41.677] 
5. 【4K精品】模拟电子技术基础 上交大 郑益慧主讲（精校版字幕，模拟电路/模电 讲课水平略胜华成英，视
[2026-07-25 03:10:41.680]    播放: 18,306,190 | 弹幕: 323,857 | 收藏: 562,548 | 评论: 12,760
[2026-07-25 03:10:41.681] 
6. 第二篇章|月升：致敬！神仙现场我们一起跨年！【2020 B站跨年晚会精彩全程】
[2026-07-25 03:10:41.683]    播放: 13,528,973 | 弹幕: 262,453 | 收藏: 2,909 | 评论: 3,253
[2026-07-25 03:10:41.685] 
7. 上海烛龙单机新作 |《古剑》首支预告片
[2026-07-25 03:10:41.688]    播放: 13,245,956 | 弹幕: 73,908 | 收藏: 113,235 | 评论: 50,536
[2026-07-25 03:10:41.689] 
8. 假如我也有一台F1赛车...
[2026-07-25 03:10:41.694]    播放: 12,845,516 | 弹幕: 2,689 | 收藏: 106,583 | 评论: 3,288
[2026-07-25 03:10:41.696] 
9. 【某幻】Back to dream.
[2026-07-25 03:10:41.698]    播放: 12,530,535 | 弹幕: 49,231 | 收藏: 410,423 | 评论: 20,816
[2026-07-25 03:10:41.700] 
10. 上海 “外籍护照姐” 全复盘：沾了洋味儿的傲慢，藏不住了
[2026-07-25 03:10:41.704]    播放: 12,163,757 | 弹幕: 13,761 | 收藏: 33,261 | 评论: 6,957
[2026-07-25 03:10:41.709] 
============================================================
[2026-07-25 03:10:41.710]   自动检测并补充粉丝数
[2026-07-25 03:10:41.710] ============================================================
[2026-07-25 03:10:41.715] 待补充UP主数: 0
[2026-07-25 03:10:41.717] [完成] 所有UP主已有粉丝数据
[2026-07-25 03:10:41.719] 
============================================================
[2026-07-25 03:10:41.720]   自动检测并补充视频标签
[2026-07-25 03:10:41.722] ============================================================
[2026-07-25 03:10:41.723] 待补充标签视频数: 0
[2026-07-25 03:10:41.724] [完成] 所有视频已有标签数据
[2026-07-25 03:10:41.728] 
====================================================================================================
[2026-07-25 03:10:41.731]   价值分析 (独立评分)
[2026-07-25 03:10:41.732] ====================================================================================================
[2026-07-25 03:10:41.733] 关键词: 上海
[2026-07-25 03:10:41.733] 评分维度: 深度互动比(35%) + 互动密度(25%) + 收藏率(20%) + 粉丝转化(10%) + 分享率(10%)
[2026-07-25 03:10:41.735] 说明: 价值评分衡量视频的长期内容质量，不受视频年龄/新鲜度影响
[2026-07-25 03:10:41.737] 
[2026-07-25 03:10:41.739] 
价值排行 Top 159（按价值综合评分排序）
[2026-07-25 03:10:41.741] ----------------------------------------------------------------------------------------------------------------------------------------------------------------------------------------------
[2026-07-25 03:10:41.743] 排名   标题                                  播放量 UP主              粉丝    深/浅比     互动密度     收藏率      转化     分享率    深互动分    互动分    收藏分    转化分    分享分     价值分
[2026-07-25 03:10:41.748] ----------------------------------------------------------------------------------------------------------------------------------------------------------------------------------------------
[2026-07-25 03:10:41.749] 1    江泽民同志在上海逝世 享年96岁              5,234,696 央视新闻       24,218,604       -    0.096   0.011    0.2x   0.009   1.000  0.224  0.208  0.000  0.320   0.479
[2026-07-25 03:10:41.749] 2    哇塞！【排骨年糕新吃法】年夜饭必吃！            5,329,632 龙帅食堂       2,490,223    0.44    0.196   0.053    2.1x   0.009   0.000  0.464  1.000  0.000  0.332   0.349
[2026-07-25 03:10:41.752] 3    关于我连夜去上海找甲方要92万片卫生巾这件事        8,462,941 侯翠翠        1,490,010    1.67    0.421   0.010    5.7x   0.002   0.000  1.000  0.184  0.000  0.073   0.294
[2026-07-25 03:10:41.753] 4    【某幻】Back to dream.           12,530,535 某幻君        7,088,000    1.46    0.157   0.033    1.8x   0.007   0.000  0.370  0.614  0.000  0.255   0.241
[2026-07-25 03:10:41.754] 5    【艾叔】上海陆家嘴，中国企业家的豪宅长什么样        9,086,817 小艾大叔       2,570,153    1.13    0.140   0.017    3.5x   0.018   0.000  0.329  0.314  0.000  0.681   0.213
[2026-07-25 03:10:41.757] 6    【罗翔】对上海名媛指责过后，我发现错误在我        11,655,003 罗翔说刑法      32,158,164    0.79    0.160   0.021    0.4x   0.009   0.000  0.378  0.396  0.000  0.351   0.209
[2026-07-25 03:10:41.763] 7    【高等数学】上海交通大学-乐经良              7,381,380 小考神丨不挂科     371,135    2.42    0.077   0.033   19.9x   0.010   0.000  0.180  0.619  0.002  0.381   0.207
[2026-07-25 03:10:41.766] 8    年度爽文！被打后手把手教你拿到人生第一桶金！【被打后    9,810,555 肖恩看         676,083    0.63    0.140   0.019   14.5x   0.013   0.000  0.330  0.346  0.001  0.492   0.201
[2026-07-25 03:10:41.769] 9    【艾叔】上海黄浦江畔，浦西第一高豪宅能看到怎样的风景    6,808,454 小艾大叔       2,570,153    1.00    0.110   0.013    2.6x   0.022   0.000  0.259  0.237  0.000  0.822   0.194
[2026-07-25 03:10:41.770] 10   上海规则怪谈不让你喝，你喝不喝？              5,473,808 快乐阿依        552,861    0.25    0.114   0.013    9.9x   0.020   0.000  0.267  0.251  0.001  0.754   0.193
[2026-07-25 03:10:41.771] 11   【4K精品】模拟电子技术基础 上交大 郑益慧主讲（精   18,306,190 谢谢谢同学鸭      512,658    2.58    0.076   0.031   35.7x   0.007   0.000  0.177  0.576  0.003  0.243   0.184
[2026-07-25 03:10:41.772] 12   最近的陆家嘴金融界大瓜，大家都吃了吗？？？         6,578,344 Max哈正经      623,666    0.51    0.065   0.012   10.5x   0.027   0.000  0.149  0.222  0.001  1.000   0.182
[2026-07-25 03:10:41.774] 13   最强自夸王！！！！！                   41,271,592 某幻君        7,088,000    1.38    0.126   0.022    5.8x   0.006   0.000  0.296  0.413  0.000  0.223   0.179
[2026-07-25 03:10:41.776] 14   谁的上海病娇男友来认领下                  6,583,670 册那队长        778,142    0.24    0.104   0.014    8.5x   0.016   0.000  0.244  0.264  0.001  0.591   0.173
[2026-07-25 03:10:41.778] 15   《上 海 奥 特 曼》                   6,775,331 册那队长        778,142    0.36    0.071   0.011    8.7x   0.022   0.000  0.166  0.201  0.001  0.810   0.163
[2026-07-25 03:10:41.780] 16   【超人杯】当5个C+面对四个顶级魔王，最后一舞！      5,863,825 一枪超人CSGO    562,922    1.11    0.115   0.020   10.4x   0.003   0.000  0.270  0.377  0.001  0.119   0.155
[2026-07-25 03:10:41.781] 17   我请了外国网红第一次中国游，刷新他的三观          7,640,176 不是柯桑德      2,425,061    1.01    0.144   0.018    3.2x   0.001   0.000  0.338  0.335  0.000  0.025   0.154
[2026-07-25 03:10:41.783] 18   高铁进站？？大黑茄子？？                  5,770,866 胖虎Daddy     276,207    0.11    0.156   0.012   20.9x   0.004   0.000  0.369  0.226  0.002  0.152   0.153
[2026-07-25 03:10:41.784] 19   大学寝室现状                        5,045,841 小飞小飞想入非非      5,881    0.25    0.113   0.013  858.0x   0.007   0.000  0.265  0.250  0.066  0.267   0.149
[2026-07-25 03:10:41.786] 20   上海社会鼠鼠，沪语且暴躁                  7,201,623 册那队长        778,142    0.20    0.103   0.012    9.3x   0.012   0.000  0.241  0.229  0.001  0.428   0.149
[2026-07-25 03:10:41.788] 21   “在上海随便喝蜜雪冰城，故乡会保护你。”          6,220,756 咆哮丶土拨鼠     1,036,902    0.36    0.098   0.014    6.0x   0.010   0.000  0.229  0.258  0.000  0.388   0.148
[2026-07-25 03:10:41.790] 22   册那队长保卫上海珍贵影像                  5,922,905 册那队长        778,142    0.52    0.053   0.009    7.6x   0.021   0.000  0.122  0.176  0.001  0.783   0.144
[2026-07-25 03:10:41.791] 23   疯狂吐槽上海堡垒！看完这个电影感觉智商被侮辱了！      8,341,557 LexBurner  6,063,370    0.80    0.126   0.012    1.4x   0.006   0.000  0.296  0.223  0.000  0.207   0.139
[2026-07-25 03:10:41.793] 24   中国排名第一女仆店？一小时260元！带70岁老爸体验    7,326,980 HOLA小测佬    5,560,251    0.93    0.066   0.024    1.3x   0.003   0.000  0.153  0.454  0.000  0.102   0.139
[2026-07-25 03:10:41.794] 25   中国航司商务舱！10小时飞南半球，到底吃什么？       7,412,279 Meetfood觅  5,498,067    1.22    0.071   0.026    1.3x   0.000   0.000  0.166  0.483  0.000  0.009   0.139
[2026-07-25 03:10:41.795] 26   上海第一网红自助餐一绪寿喜烧，人均200+的日料火锅    6,351,217 内幕纠察局       908,996    0.61    0.079   0.005    7.0x   0.020   0.000  0.184  0.095  0.001  0.733   0.138
[2026-07-25 03:10:41.796] 27   上海烛龙单机新作 |《古剑》首支预告片          13,245,956 古剑          213,905    0.73    0.074   0.009   61.9x   0.017   0.000  0.173  0.158  0.005  0.627   0.138
[2026-07-25 03:10:41.798] 28   我们终于搬去上海市中心了 杀价心得 干货满满        5,707,273 啊吗粽        4,924,518    0.69    0.145   0.010    1.2x   0.003   0.000  0.342  0.185  0.000  0.110   0.133
[2026-07-25 03:10:41.799] 29   上海有些出租车挑客拒载？吃相实属难看！作为自己的家乡    8,818,777 superB太    2,476,438    0.35    0.159   0.008    3.6x   0.002   0.000  0.376  0.143  0.000  0.084   0.131
[2026-07-25 03:10:41.800] 30   男朋友戏太多，婚纱照直接被拍成了露天舞台剧，没想到成    5,604,296 瞳创摄影の瞳老师    175,482    0.18    0.108   0.014   31.9x   0.003   0.000  0.253  0.262  0.002  0.128   0.129
[2026-07-25 03:10:41.800] 31   上 海 地 铁 换 乘 名 场 面             5,136,614 BDK03-FS0     3,419    0.27    0.050   0.009 1502.4x   0.015   0.000  0.115  0.161  0.115  0.549   0.128
[2026-07-25 03:10:41.804] 32   一群up主在欢乐谷玩共享位置捉迷藏！效果爆炸！【最终    7,579,614 中国BOY超级大猩  10,739,468    0.63    0.100   0.016    0.7x   0.002   0.000  0.234  0.294  0.000  0.091   0.126
[2026-07-25 03:10:41.806] 33   高低不能让这瑶骑我头上                   7,143,093 落九川        2,735,935    0.76    0.071   0.021    2.6x   0.001   0.000  0.164  0.401  0.000  0.031   0.124
[2026-07-25 03:10:41.806] 34   地球上最贵的电车来了！劳斯莱斯闪灵             5,565,705 Upspeed盛嘉  2,903,772    2.50    0.043   0.026    1.9x   0.001   0.000  0.097  0.479  0.000  0.038   0.124
[2026-07-25 03:10:41.807] 35   挑战「坐公交」从北京到上海，路费令人泪目！？       11,706,810 庄子HD        860,185    0.73    0.107   0.012   13.6x   0.004   0.000  0.251  0.225  0.001  0.149   0.123
[2026-07-25 03:10:41.807] 36   我的脑袋瓜，现在嗡嗡的                   5,054,534 鳮八岁了吖           388    0.04    0.032   0.001 13027.1x   0.000   0.000  0.071  0.015  1.000  0.008   0.122
[2026-07-25 03:10:41.808] 37   全球排名第一中餐厅！200元臭豆腐！400元蛋炒饭！   10,859,284 HOLA小测佬    5,560,251    0.81    0.066   0.021    2.0x   0.001   0.000  0.154  0.385  0.000  0.034   0.119
[2026-07-25 03:10:41.808] 38   【首映影评】上海堡垒——您配吗？求求流量小鲜肉请放过    7,332,555 轩邈Elias    1,590,790    0.73    0.106   0.009    4.6x   0.006   0.000  0.248  0.166  0.000  0.213   0.117
[2026-07-25 03:10:41.809] 39   动画梦工厂为什么停播？那些小时候看过却记不起名字的动    7,398,409 喜欢数码的陈同学    539,637    0.78    0.082   0.016   13.7x   0.002   0.000  0.191  0.297  0.001  0.071   0.114
[2026-07-25 03:10:41.811] 40   我花1万块重庆打车到上海，却被全国网友说成老赖？     11,667,549 康哟喂        1,648,176    0.57    0.094   0.012    7.1x   0.003   0.000  0.221  0.233  0.001  0.115   0.113
[2026-07-25 03:10:41.815] 41   它开播前被群嘲，却凭口碑逆袭成开年王炸！【中国奇谭】    5,281,059 三代鹿人       6,349,747    0.49    0.104   0.010    0.8x   0.004   0.000  0.243  0.179  0.000  0.150   0.112
[2026-07-25 03:10:41.816] 42   法修散打【7/20 2025上海嘉北山地车越野联赛】    5,135,248 绪山真寻-MTB      4,150    1.65    0.036   0.021 1237.4x   0.000   0.000  0.082  0.402  0.095  0.000   0.110
[2026-07-25 03:10:41.816] 43   我翻拍了《上海堡垒》，五毛钱特效能否挑战1.24亿票    5,696,956 画缺           26,549    0.34    0.103   0.010  214.6x   0.003   0.000  0.242  0.182  0.016  0.109   0.109
[2026-07-25 03:10:41.817] 44   大城市的密室都发展成这样了嘛？               8,625,196 linlin的奇妙   320,658    3.88    0.032   0.024   26.9x   0.000   0.000  0.071  0.452  0.002  0.001   0.108
[2026-07-25 03:10:41.818] 45   手锤上千次的牛肉丸，里面居然还包着...          7,328,363 绵羊料理       12,086,000    0.73    0.126   0.008    0.6x   0.001   0.000  0.297  0.139  0.000  0.040   0.106
[2026-07-25 03:10:41.819] 46   上海男生相亲百分百胜率rap                5,078,734 册那队长        778,142    0.30    0.061   0.009    6.5x   0.010   0.000  0.140  0.159  0.000  0.370   0.104
[2026-07-25 03:10:41.819] 47   花37天，破解上海最贵汉堡，成本只要。。。         5,845,206 绵羊料理       12,086,000    0.63    0.081   0.013    0.5x   0.001   0.000  0.189  0.247  0.000  0.054   0.102
[2026-07-25 03:10:41.821] 48   【4K修复中字】【国产动画】葫芦小金刚 上美        6,213,597 前尘UP        250,788    1.84    0.044   0.018   24.8x   0.002   0.000  0.099  0.341  0.002  0.074   0.101
[2026-07-25 03:10:41.821] 49   中国第一楼王！汤臣一品！住里面是种什么体验？        9,047,885 HOLA小测佬    5,560,251    0.82    0.064   0.015    1.6x   0.001   0.000  0.147  0.289  0.000  0.054   0.100
[2026-07-25 03:10:41.823] 50   【花少北】搬进上海市中心200平是一种什么样的体验     5,209,834 花少北丶       5,621,454    0.84    0.101   0.010    0.9x   0.001   0.000  0.238  0.182  0.000  0.036   0.099
[2026-07-25 03:10:41.823] 51   老外在上海花￥1000能过富豪游客的一天吗? 我体验    5,415,598 李格Greg     1,892,373    3.14    0.032   0.022    2.9x   0.000   0.000  0.073  0.405  0.000  0.001   0.099
[2026-07-25 03:10:41.824] 52   我被打后，究竟能拿到多少赔偿？【真实后续+金额】      5,323,921 肖恩看         676,083    0.32    0.093   0.008    7.9x   0.004   0.000  0.217  0.142  0.001  0.162   0.099
[2026-07-25 03:10:41.824] 53   中国国宾馆！接待英国女王！美国总统！住里面什么体验？    8,731,166 HOLA小测佬    5,560,251    0.87    0.054   0.017    1.6x   0.001   0.000  0.124  0.313  0.000  0.039   0.098
[2026-07-25 03:10:41.824] 54   道德绑架，恶意孤立，无良记者！这部国产儿童美食动画电    5,932,211 君夜离尘         32,008    0.55    0.074   0.013  185.3x   0.001   0.000  0.171  0.239  0.014  0.053   0.097
[2026-07-25 03:10:41.826] 55   【时代少年团】TNT《上海行VLOG（0816-08    5,443,234 TF家族       9,176,767    0.79    0.064   0.014    0.6x   0.001   0.000  0.148  0.267  0.000  0.055   0.096
[2026-07-25 03:10:41.826] 56   周深一人分饰多角演绎“四大名著”主题曲【2022 B    7,322,367 哔哩哔哩晚会     10,488,362    0.73    0.062   0.003    0.7x   0.013   0.000  0.144  0.053  0.000  0.483   0.095
[2026-07-25 03:10:41.826] 57   在上海花12块就能给一个男人带来快乐，打工人的快乐很    6,353,724 小岳来了24      974,256    0.61    0.096   0.009    6.5x   0.002   0.000  0.225  0.159  0.000  0.056   0.094
[2026-07-25 03:10:41.827] 58   上 海 卷 王                       5,296,996 Markun213     1,279    0.17    0.054   0.006 4141.5x   0.002   0.000  0.124  0.119  0.318  0.067   0.093
[2026-07-25 03:10:41.827] 59   北京上海couple街头采访belike          5,718,717 戏很多的金兑      405,404    0.13    0.076   0.005   14.1x   0.008   0.000  0.176  0.089  0.001  0.300   0.092
[2026-07-25 03:10:41.827] 60   你在漫展见过盲人coser吗？               8,581,314 诺子喵呜       2,042,845    0.44    0.067   0.014    4.2x   0.000   0.000  0.155  0.260  0.000  0.008   0.092
[2026-07-25 03:10:41.829] 61   最便宜超市 VS 最离谱超市！100元能买什么？有多   11,719,688 HOLA小测佬    5,560,251    1.00    0.041   0.017    2.1x   0.001   0.000  0.092  0.317  0.000  0.025   0.089
[2026-07-25 03:10:41.829] 62   全网在夸的“自助餐天花板”，我被现场CPU了！有些餐    5,325,394 米雪食记        488,606    0.15    0.103   0.005   10.9x   0.002   0.000  0.240  0.097  0.001  0.086   0.088
[2026-07-25 03:10:41.829] 63   上海某废弃大学惊现干尸，亲临案发现场，发现更多细节及    5,521,631 探险家阿吉瑞尔      80,661    0.75    0.045   0.014   68.5x   0.002   0.000  0.104  0.267  0.005  0.080   0.088
[2026-07-25 03:10:41.831] 64   我们尝试了上海最贵的披萨、汉堡、薄饼、冰淇淋、薯条、    8,567,561 李格Greg     1,892,373    2.33    0.030   0.018    4.5x   0.000   0.000  0.067  0.338  0.000  0.001   0.084
[2026-07-25 03:10:41.831] 65   当代年轻人还有血性吗？答案，我想由他们来回答！       6,400,742 熊某人z            662    2.23    0.004   0.002 9668.8x   0.000   0.000  0.004  0.040  0.742  0.000   0.083
[2026-07-25 03:10:41.832] 66   我拿到了中国绿卡!                     5,759,692 李格Greg     1,892,373    0.20    0.097   0.006    3.0x   0.001   0.000  0.227  0.110  0.000  0.019   0.081
[2026-07-25 03:10:41.832] 67   一秒都不舍得剪掉！一镜到底公主专列特别花车巡游！上海    7,030,938 上迪美好一刻       63,768    1.16    0.036   0.014  110.3x   0.002   0.000  0.082  0.263  0.008  0.066   0.080
[2026-07-25 03:10:41.832] 68   上海人价值观巨变                      5,344,298 G僧东东        776,742    0.08    0.071   0.004    6.9x   0.006   0.000  0.164  0.072  0.001  0.239   0.079
[2026-07-25 03:10:41.834] 69   《上 海 超 人》                     7,130,844 册那队长        778,142    0.33    0.046   0.008    9.2x   0.006   0.000  0.106  0.148  0.001  0.231   0.079
[2026-07-25 03:10:41.835] 70   一位自称能听见植物声音的小镇诗人和上海来的催稿编辑     7,787,728 煎饼果仔呀      2,319,321    0.26    0.075   0.007    3.4x   0.001   0.000  0.175  0.135  0.000  0.032   0.074
[2026-07-25 03:10:41.835] 71   上海海洋大学决赛圈回顾                   8,219,702 上海海洋大学       50,545    0.53    0.037   0.007  162.6x   0.007   0.000  0.085  0.123  0.012  0.269   0.074
[2026-07-25 03:10:41.836] 72   上海一日三餐！离谱 vs 便宜！价格相差100倍！什   10,371,298 HOLA小测佬    5,560,251    0.43    0.061   0.008    1.9x   0.002   0.000  0.140  0.154  0.000  0.074   0.073
[2026-07-25 03:10:41.837] 73   “上海网红巧克力”跟黄金一样按克卖？网红零食大摸底！    7,349,850 穿毛裤的小拉泽    4,144,482    0.80    0.053   0.011    1.8x   0.000   0.000  0.122  0.207  0.000  0.012   0.073
[2026-07-25 03:10:41.837] 74   《古剑》3分钟战斗实机 | 线下试玩招募开启        5,690,358 古剑          213,905    1.04    0.042   0.008   26.6x   0.005   0.000  0.095  0.152  0.002  0.173   0.072
[2026-07-25 03:10:41.838] 75   绝了！这又好笑又好哭的竟然是消防员宣传片？         5,995,017 中国青年报      2,050,445    0.17    0.091   0.003    2.9x   0.001   0.000  0.214  0.057  0.000  0.042   0.069
[2026-07-25 03:10:41.840] 76   100元能在上海最便宜超市买什么？到底有多便宜？      9,135,083 HOLA小测佬    5,560,251    0.95    0.033   0.013    1.6x   0.001   0.000  0.075  0.234  0.000  0.035   0.069
[2026-07-25 03:10:41.840] 77   上海竟有30一天的5平米出租屋？老田实测7天真实蜗居    5,434,137 干饭了田田圈      456,965    0.70    0.043   0.010   11.9x   0.002   0.000  0.097  0.189  0.001  0.057   0.068
[2026-07-25 03:10:41.841] 78   最便宜外卖 vs 最离谱外卖！1元 vs 1000元    9,119,564 HOLA小测佬    5,560,251    0.54    0.042   0.011    1.6x   0.001   0.000  0.096  0.197  0.000  0.035   0.067
[2026-07-25 03:10:41.841] 79   全球唯一可口可乐自助！128元不限时随便造         6,205,773 转生成为毛毛     1,231,997    0.33    0.028   0.005    5.0x   0.008   0.000  0.063  0.093  0.000  0.295   0.064
[2026-07-25 03:10:41.842] 80   上海某公司为何冬天开冷空调？                8,920,904 杜海皇        6,519,647    0.46    0.056   0.008    1.4x   0.001   0.000  0.130  0.140  0.000  0.027   0.063
[2026-07-25 03:10:41.843] 81   带着小蜜蜂从北京出发去上海旅行               7,821,704 柯铭和四只熊孩子   1,330,965    0.62    0.032   0.011    5.9x   0.000   0.000  0.071  0.213  0.000  0.012   0.062
[2026-07-25 03:10:41.843] 82   8块钱的东西88卖给上海人 来了一趟贵阳才知道自己平    5,889,876 一坨小草莓不霉     209,510    0.25    0.041   0.007   28.1x   0.003   0.000  0.094  0.128  0.002  0.123   0.062
[2026-07-25 03:10:41.844] 83   探秘上海废墟，堪比现实版恐怖密室！             5,863,798 杰克小兔       1,695,248    1.28    0.029   0.012    3.5x   0.000   0.000  0.066  0.215  0.000  0.004   0.060
[2026-07-25 03:10:41.845] 84   上海卷王omakase，698吃出2000的感觉      7,867,771 温油辣辣U      1,319,514    0.77    0.028   0.010    6.0x   0.002   0.000  0.062  0.179  0.000  0.081   0.059
[2026-07-25 03:10:41.847] 85   在魔都上海18块吃碳水大餐，当牛马一天唯有碳水才能让    7,378,508 小岳来了24      974,256    2.21    0.020   0.012    7.6x   0.000   0.000  0.043  0.227  0.001  0.006   0.057
[2026-07-25 03:10:41.848] 86   假如我也有一台F1赛车...               12,845,516 不自由摄影师win   941,213    0.53    0.037   0.008   13.6x   0.001   0.000  0.085  0.154  0.001  0.044   0.056
[2026-07-25 03:10:41.848] 87   今天来到了上海嘉定别墅区  老板家庭大聚餐烤上一只正    7,706,960 苏州刚子馕坑烤全羊    96,501    0.11    0.060   0.004   79.9x   0.001   0.000  0.139  0.074  0.006  0.045   0.055
[2026-07-25 03:10:41.850] 88   身上只有50元的“应届毕业生”在上海极限生存一周，睡    5,178,383 干饭了田田圈      456,965    1.47    0.023   0.010   11.3x   0.001   0.000  0.049  0.177  0.001  0.044   0.052
[2026-07-25 03:10:41.851] 89   【虞书欣】这TM才叫上海名媛！！！！            6,499,612 阿黛狸          14,598    0.22    0.048   0.005  445.2x   0.001   0.000  0.110  0.095  0.034  0.020   0.052
[2026-07-25 03:10:41.851] 90   没有玩家的MC游戏世界！庆怜《我的世界》舞台秀【20    5,006,688 哔哩哔哩晚会     10,488,362    0.43    0.041   0.002    0.5x   0.005   0.000  0.094  0.041  0.000  0.181   0.050
[2026-07-25 03:10:41.852] 91   央视吐槽《上海堡垒》，官方吐槽最为致命，央视教你如何    5,415,744 相传叫作百草园       1,859    0.19    0.023   0.002 2913.3x   0.002   0.000  0.050  0.044  0.224  0.058   0.049
[2026-07-25 03:10:41.854] 92   小麦一句话，赵鹏皓立马来上海了               5,583,514 赵鹏皓和姐姐      767,203    0.65    0.023   0.009    7.3x   0.000   0.000  0.051  0.166  0.001  0.004   0.046
[2026-07-25 03:10:41.856] 93   国庆去亲弟学校突击检查！弟弟：真别来了！被我同学看到    5,930,306 超Carry的柴西  2,457,419    0.44    0.048   0.004    2.4x   0.001   0.000  0.110  0.081  0.000  0.023   0.046
[2026-07-25 03:10:41.857] 94   尬！亲爹让熊孩子捡瓶子体验生活 被当成人贩子报了警     5,400,114 看看新闻Knews   400,570    0.08    0.050   0.003   13.5x   0.002   0.000  0.116  0.050  0.001  0.069   0.046
[2026-07-25 03:10:41.858] 95   在鲁班路感受上海老牌熟食铺的浓油赤酱！           6,243,241 达哥在上海      1,067,454    0.67    0.023   0.008    5.8x   0.001   0.000  0.050  0.157  0.000  0.019   0.046
[2026-07-25 03:10:41.859] 96   老外在上海玩一天只花￥100?! 是聪明还是小气?     7,266,614 李格Greg     1,892,373    1.70    0.017   0.009    3.8x   0.000   0.000  0.037  0.176  0.000  0.003   0.045
[2026-07-25 03:10:41.860] 97   刻进DNA的旋律！艾薇儿《Complicated》【    5,780,467 哔哩哔哩晚会     10,488,362    0.46    0.036   0.002    0.6x   0.005   0.000  0.082  0.026  0.000  0.184   0.044
[2026-07-25 03:10:41.861] 98   上海学生餐“虾仁事件”：没想到，西贝“躺赢”        6,703,238 半耳聆         790,733    0.37    0.032   0.005    8.5x   0.002   0.000  0.071  0.086  0.001  0.078   0.043
[2026-07-25 03:10:41.862] 99   中国最离谱外卖!人均4位数的外卖，都吃什么?        8,332,951 Meetfood觅  5,498,067    0.51    0.035   0.006    1.5x   0.000   0.000  0.078  0.106  0.000  0.018   0.043
[2026-07-25 03:10:41.863] 100  在上海和平饭店吃一顿看看要花多少钱？还解锁了2道隐藏   11,892,620 温油辣辣U      1,319,514    0.83    0.021   0.008    9.0x   0.000   0.000  0.045  0.149  0.001  0.011   0.042
[2026-07-25 03:10:41.863] 101  上海顶级夜店Taxx 全是好看的小姐姐           6,372,097 望诸事顺利         1,421    0.63    0.005   0.002 4484.2x   0.000   0.000  0.006  0.027  0.344  0.008   0.042
[2026-07-25 03:10:41.864] 102  《白荆回廊》终极测试 | Binary Star全新    7,587,180 白荆回廊        918,883    0.90    0.030   0.006    8.3x   0.001   0.000  0.067  0.114  0.001  0.022   0.042
[2026-07-25 03:10:41.865] 103  中国最小别墅！9个平方！里面什么样？到底有多小？      6,831,604 HOLA小测佬    5,560,251    0.54    0.028   0.006    1.2x   0.001   0.000  0.061  0.105  0.000  0.053   0.042
[2026-07-25 03:10:41.865] 104  第七集 上海租房平替，如何把摆摊车打造成大别墅#房车    7,026,100 码叔数码        394,435    0.76    0.020   0.008   17.8x   0.000   0.000  0.044  0.147  0.001  0.005   0.041
[2026-07-25 03:10:41.867] 105  下雨天一个人在上海出租屋花85块涮火锅，简简单单但超    7,280,895 小岳来了24      974,256    0.78    0.022   0.007    7.5x   0.001   0.000  0.048  0.133  0.001  0.022   0.041
[2026-07-25 03:10:41.868] 106  上海日式拉面挑战，超油腻！20分钟吃完奖金500元！    5,093,571 橙飞一下       2,489,226    0.24    0.035   0.003    2.0x   0.002   0.000  0.079  0.061  0.000  0.067   0.039
[2026-07-25 03:10:41.869] 107  【火线救援】看点4-6 消防员如何过春节          8,629,789 哔哩哔哩纪录片    9,246,825    0.10    0.055   0.002    0.9x   0.000   0.000  0.126  0.029  0.000  0.003   0.038
[2026-07-25 03:10:41.869] 108  《白荆回廊》上线OP - 「萤火照夜」           6,451,170 白荆回廊        918,883    0.60    0.029   0.005    7.0x   0.001   0.000  0.064  0.094  0.001  0.027   0.038
[2026-07-25 03:10:41.870] 109  上海市中心，一百万能买到一室一厅一卫？           5,079,510 硬派东辰         54,112    0.12    0.036   0.003   93.9x   0.002   0.000  0.082  0.051  0.007  0.061   0.038
[2026-07-25 03:10:41.871] 110  这条谣言我们必须澄清一下                 11,846,942 上海海洋大学       50,545    0.09    0.040   0.003  234.4x   0.001   0.000  0.092  0.050  0.018  0.019   0.037
[2026-07-25 03:10:41.872] 111  【中国奇谭】这是在演我的打工日常吧             8,926,309 国创时光机       185,183    0.07    0.046   0.003   48.2x   0.000   0.000  0.105  0.045  0.004  0.009   0.037
[2026-07-25 03:10:41.873] 112  国际羊肉日，来看一个羊肉店老板，上班后唯一的快乐～#    6,959,781 达哥在上海      1,067,454    0.83    0.017   0.007    6.5x   0.000   0.000  0.036  0.134  0.000  0.004   0.036
[2026-07-25 03:10:41.874] 113  来看一个羊肉店老板，上班后唯一的快乐～#国际羊肉日#   10,174,874 达哥在上海      1,067,454    0.62    0.019   0.007    9.5x   0.000   0.000  0.040  0.125  0.001  0.009   0.036
[2026-07-25 03:10:41.876] 114  国庆旅游上海迪士尼！蓝色零食购物大挑战！          5,076,616 尧宝欢乐多       249,223    1.12    0.014   0.007   20.4x   0.000   0.000  0.030  0.136  0.002  0.000   0.035
[2026-07-25 03:10:41.878] 115  第二篇章|月升：致敬！神仙现场我们一起跨年！【202   13,528,973 哔哩哔哩晚会     10,488,362    0.92    0.041   0.000    1.3x   0.003   0.000  0.093  0.002  0.000  0.112   0.035
[2026-07-25 03:10:41.879] 116  上海汉堡节挑战，75秒吃三层汉堡，奖金池600元起，    5,658,754 橙飞一下       2,489,226    0.24    0.030   0.002    2.3x   0.002   0.000  0.068  0.038  0.000  0.086   0.033
[2026-07-25 03:10:41.880] 117  在上海摆摊一周赚了4位数？！奖励自己人生第一次染头～    6,851,956 干饭了田田圈      456,965    2.12    0.012   0.007   15.0x   0.000   0.000  0.024  0.133  0.001  0.003   0.033
[2026-07-25 03:10:41.881] 118  如果有一天大洪水来临，该往哪里跑？             9,434,176 人与地球        512,149    0.23    0.027   0.004   18.4x   0.001   0.000  0.059  0.075  0.001  0.027   0.033
[2026-07-25 03:10:41.882] 119  上海豪华邮轮之旅，遇见了很多认识的up主，鲤鱼Ace    5,614,382 鲤鱼Ace      30,370,000    0.87    0.020   0.006    0.2x   0.000   0.000  0.042  0.108  0.000  0.006   0.033
[2026-07-25 03:10:41.882] 120  上海咖啡主理人真有网传的那么离谱吗？            6,194,460 汤姆的混乱空间    1,966,108    0.34    0.026   0.003    3.2x   0.001   0.000  0.058  0.062  0.000  0.051   0.032
[2026-07-25 03:10:41.883] 121  上海4平米的家，睡得就是踏实                6,935,951 沪漂小Q         83,623    0.10    0.032   0.002   82.9x   0.002   0.000  0.073  0.035  0.006  0.060   0.032
[2026-07-25 03:10:41.884] 122  陪宝宝体验热力追踪，新进警员小星星准备好出发，代入感    5,493,728 大包二妹的幸福生活   312,505    2.73    0.010   0.007   17.6x   0.000   0.000  0.019  0.126  0.001  0.000   0.030
[2026-07-25 03:10:41.887] 123  奖金10000元！上海巨型拉面挑战，迄今为止最高奖金   19,787,781 橙飞一下       2,489,226    0.55    0.025   0.003    7.9x   0.001   0.000  0.056  0.052  0.001  0.048   0.029
[2026-07-25 03:10:41.888] 124  在上海打工快乐有多容易，花24块就能体验          5,921,774 小岳来了24      974,256    0.74    0.016   0.005    6.1x   0.000   0.000  0.033  0.098  0.000  0.013   0.029
[2026-07-25 03:10:41.888] 125  "坏了，让他找到BUG了"                10,800,690 尽墨for车     1,910,864    0.43    0.018   0.005    5.7x   0.000   0.000  0.040  0.086  0.000  0.013   0.028
[2026-07-25 03:10:41.889] 126  老外挑战在中国只能用五星卡! 不用护照还能生存吗?!    5,692,840 李格Greg     1,892,373    0.68    0.015   0.005    3.0x   0.000   0.000  0.032  0.100  0.000  0.001   0.028
[2026-07-25 03:10:41.890] 127  第三篇章|星繁（上）：告别2020！回忆杀轮番来袭【    9,509,783 哔哩哔哩晚会     10,488,362    1.08    0.030   0.000    0.9x   0.003   0.000  0.067  0.001  0.000  0.109   0.028
[2026-07-25 03:10:41.891] 128  什么大专教高尔夫？跟这里的学生混一天刷新认知！       5,181,155 汤姆的混乱空间    1,966,108    0.46    0.017   0.004    2.6x   0.001   0.000  0.036  0.079  0.000  0.026   0.027
[2026-07-25 03:10:41.891] 129  第一篇章|日落：高燃舞台打开2020最美的夜【202   26,389,628 哔哩哔哩晚会     10,488,362    0.76    0.030   0.000    2.5x   0.002   0.000  0.067  0.006  0.000  0.084   0.026
[2026-07-25 03:10:41.894] 130  我想问下这还是上海的物价吗？比我头还大的炸猪排10块    6,338,226 达哥在上海      1,067,454    0.92    0.012   0.005    5.9x   0.000   0.000  0.023  0.093  0.000  0.015   0.026
[2026-07-25 03:10:41.895] 131  强推！这可能是B站最全的（Python＋机器学习＋深   10,472,330 AlfredTay     6,183    4.58    0.004   0.003 1693.7x   0.000   0.000  0.006  0.053  0.130  0.006   0.026
[2026-07-25 03:10:41.895] 132  【不沉浸式装盒】看图装盒！上海1000g巨无霸8宫格    5,089,093 ONEGELATO    91,119    1.00    0.010   0.005   55.9x   0.000   0.000  0.020  0.091  0.004  0.000   0.024
[2026-07-25 03:10:41.896] 133  在上海静安区蹲街头狂炫美式烟熏烤肉，满满的肉汁儿配上    9,154,060 达哥在上海      1,067,454    0.59    0.013   0.004    8.6x   0.000   0.000  0.025  0.078  0.001  0.011   0.023
[2026-07-25 03:10:41.897] 134  第三篇章|星繁（下）：迎接2021，最美的夜干杯！【    9,009,573 哔哩哔哩晚会     10,488,362    0.97    0.025   0.000    0.9x   0.002   0.000  0.055  0.000  0.000  0.087   0.022
[2026-07-25 03:10:41.899] 135  在浦东黄路镇吃街边宝藏面馆，8个大荤1碗面1碗骨头汤    5,103,690 达哥在上海      1,067,454    0.60    0.012   0.004    4.8x   0.000   0.000  0.025  0.077  0.000  0.006   0.022
[2026-07-25 03:10:41.901] 136  沉浸式上海飞广州公务舱吃免费“自助餐”，从地上一路免    8,391,207 达哥在上海      1,067,454    0.89    0.010   0.005    7.9x   0.000   0.000  0.020  0.083  0.001  0.001   0.022
[2026-07-25 03:10:41.904] 137  在上海5平米出租屋生存一周会不会抑郁？大结局揭秘！精    5,165,605 干饭了田田圈      456,965    0.89    0.013   0.004   11.3x   0.000   0.000  0.025  0.066  0.001  0.013   0.021
[2026-07-25 03:10:41.905] 138  第一篇章：日落 精彩全程【2022 B站跨年晚会精彩   24,658,048 哔哩哔哩晚会     10,488,362    0.87    0.023   0.002    2.4x   0.001   0.000  0.050  0.026  0.000  0.031   0.021
[2026-07-25 03:10:41.906] 139  一盘白切鸡480元，一颗生菜128元？上海，物价真相    7,708,265 财经不眠姐      1,687,698    0.55    0.013   0.003    4.6x   0.000   0.000  0.026  0.058  0.000  0.014   0.020
[2026-07-25 03:10:41.906] 140  在上海罗秀路路边吃新疆烤肉 小桌子一支马路边一坐 边    6,227,940 达哥在上海      1,067,454    0.61    0.011   0.004    5.8x   0.000   0.000  0.021  0.065  0.000  0.010   0.020
[2026-07-25 03:10:41.907] 141  上海 “外籍护照姐” 全复盘：沾了洋味儿的傲慢，藏不   12,163,757 半耳聆         790,733    0.29    0.015   0.003   15.4x   0.000   0.000  0.032  0.049  0.001  0.009   0.019
[2026-07-25 03:10:41.908] 142  来看一个羊肉店老板上班后唯一的快乐～来大口吃肉感受这    5,057,649 达哥在上海      1,067,454    0.43    0.012   0.003    4.7x   0.000   0.000  0.025  0.061  0.000  0.004   0.019
[2026-07-25 03:10:41.908] 143  在上海宝山区通河路发现了一家只做牛蛙的街边小店，椒盐    5,120,476 达哥在上海      1,067,454    0.23    0.015   0.002    4.8x   0.001   0.000  0.030  0.041  0.000  0.023   0.018
[2026-07-25 03:10:41.910] 144  第三篇章：星繁 精彩全程【2022 B站跨年晚会精彩   11,968,702 哔哩哔哩晚会     10,488,362    0.87    0.020   0.001    1.1x   0.001   0.000  0.043  0.016  0.000  0.029   0.017
[2026-07-25 03:10:41.911] 145  帅小伙逛精品超市！一个苹果就要卖30元！          5,796,351 贤宝宝Baby    5,971,180    0.51    0.012   0.003    1.0x   0.000   0.000  0.024  0.053  0.000  0.002   0.017
[2026-07-25 03:10:41.911] 146  上海没劝退打工人路边摊做到了！鸡一只405葡萄按粒算    5,222,576 科学大魔王       471,009    0.25    0.013   0.002   11.1x   0.001   0.000  0.027  0.034  0.001  0.019   0.016
[2026-07-25 03:10:41.912] 147  来看一个羊肉店老板，周日国际羊肉日的快乐～#国际羊肉    6,421,664 达哥在上海      1,067,454    0.55    0.009   0.003    6.0x   0.000   0.000  0.016  0.050  0.000  0.003   0.014
[2026-07-25 03:10:41.913] 148  上海物价有多贵？半只鸡480牛肉题字958，网友：一    5,157,810 科学大魔王       471,009    0.17    0.014   0.002   11.0x   0.000   0.000  0.028  0.029  0.001  0.007   0.014
[2026-07-25 03:10:41.913] 149  【4K】小笼包究极拷问，杭州上海无锡哪家强？！烟雨西    6,969,604 知吃师         353,923    0.10    0.013   0.001   19.7x   0.000   0.000  0.026  0.011  0.001  0.016   0.011
[2026-07-25 03:10:41.914] 150  上海大学城，学生们太热情，太猛了！             7,388,216 健身华哥        771,102    3.02    0.004   0.002    9.6x   0.000   0.000  0.004  0.043  0.001  0.004   0.010
[2026-07-25 03:10:41.914] 151  上海第一巨兽做肌肉松解到底有多痛              6,109,000 举铁小成成        12,400    0.16    0.005   0.001  492.7x   0.001   0.000  0.008  0.009  0.038  0.019   0.010
[2026-07-25 03:10:41.915] 152  第2期：王平仲惊喜回归！破局上海老洋房结构之困【梦想    6,240,712 综艺哔哔机       967,105    0.41    0.011   0.001    6.5x   0.000   0.000  0.022  0.019  0.000  0.001   0.009
[2026-07-25 03:10:41.915] 153  宝宝去m豆巧克力世界，小手轻轻一拉妈妈心都碎了：20    5,088,243 果妈的双倍幸福      27,986    1.71    0.003   0.002  181.8x   0.000   0.000  0.003  0.030  0.014  0.003   0.008
[2026-07-25 03:10:41.917] 154  上海场的演唱会你去了么？                  5,016,559 撸猫大叔19141    12,473    4.42    0.002   0.001  402.2x   0.000   0.000  0.000  0.025  0.031  0.000   0.008
[2026-07-25 03:10:41.919] 155  【独家】中国奇谭 第4集预告 乡村巴士带走了王孩儿和    8,706,245 哔哩哔哩国创     7,647,122    0.60    0.013   0.001    1.1x   0.000   0.000  0.025  0.008  0.000  0.001   0.008
[2026-07-25 03:10:41.919] 156  上海麦当劳1张偷拍照流出，戳穿残酷事实：醒醒，哪来的    8,250,547 小椰子专栏      1,216,647    0.30    0.007   0.001    6.8x   0.000   0.000  0.012  0.019  0.001  0.008   0.008
[2026-07-25 03:10:41.921] 157  【独家】中国奇谭 第5集预告 小满【1月国创】       5,520,875 哔哩哔哩国创     7,647,122    0.48    0.012   0.000    0.7x   0.000   0.000  0.025  0.006  0.000  0.001   0.008
[2026-07-25 03:10:41.923] 158  要1斤切糕，老板一刀切下4斤，男子转头就走。老板：你    5,469,499 新民晚报        176,247    0.09    0.009   0.001   31.0x   0.000   0.000  0.016  0.008  0.002  0.003   0.006
[2026-07-25 03:10:41.924] 159  复刻上海餐厅卖520元的一份番茄炒蛋，再对比普通版，    5,110,917 馋大鑫        1,441,330    0.28    0.007   0.001    3.5x   0.000   0.000  0.011  0.014  0.000  0.004   0.006
[2026-07-25 03:10:41.925] ----------------------------------------------------------------------------------------------------------------------------------------------------------------------------------------------
[2026-07-25 03:10:41.925] 
提示: 价值分 = 深度互动比(35%) + 互动密度(25%) + 收藏率(20%) + 粉丝转化(10%) + 分享率(10%)
[2026-07-25 03:10:41.926]       深度互动比 = (投币+收藏)/点赞，>1.0 表示用户愿意付出成本的认可超过浅层点赞
[2026-07-25 03:10:41.926]       与动量分析互补：动量看'速度'，价值看'质量'
[2026-07-25 03:10:41.929] 
================================================================================
[2026-07-25 03:10:41.930]   标签权重 Top 10 (关键词: 上海)
[2026-07-25 03:10:41.930] ================================================================================
[2026-07-25 03:10:41.931] 总视频数: 159 | 不同标签数: 842
[2026-07-25 03:10:41.932] 算法: 标签权重 = 出现视频数 × 平均价值分
[2026-07-25 03:10:41.933] --------------------------------------------------------------------------------
[2026-07-25 03:10:41.934] 排名   标签                       出现次数      覆盖率      平均价值分       标签权重
[2026-07-25 03:10:41.935] --------------------------------------------------------------------------------
[2026-07-25 03:10:41.936] 1    上海                         71    44.7%      0.075      5.293
[2026-07-25 03:10:41.937] 2    生活记录                       21    13.2%      0.086      1.808
[2026-07-25 03:10:41.938] 3    搞笑                         16    10.1%      0.108      1.728
[2026-07-25 03:10:41.939] 4    美食                         18    11.3%      0.084      1.510
[2026-07-25 03:10:41.940] 5    4K                         13     8.2%      0.105      1.368
[2026-07-25 03:10:41.940] 6    探店                         24    15.1%      0.053      1.263
[2026-07-25 03:10:41.942] 7    上海话                         7     4.4%      0.127      0.891
[2026-07-25 03:10:41.943] 8    中国                          3     1.9%      0.244      0.733
[2026-07-25 03:10:41.943] 9    生活                          8     5.0%      0.089      0.713
[2026-07-25 03:10:41.944] 10   高能                          5     3.1%      0.140      0.699
[2026-07-25 03:10:41.944] --------------------------------------------------------------------------------
[2026-07-25 03:10:41.945] 说明: 标签权重越高 = 该标签在高质量视频中出现越频繁，越值得重点关注
[2026-07-25 03:10:41.954] 
[导出] 价值分析结果已保存到 output\上海\value_20260725_031041.csv
