[2026-07-25 02:08:25.420] 日志文件: logs\spider_20260725_020825.log
[2026-07-25 02:08:25.421] ============================================================
[2026-07-25 02:08:25.422]   B站视频爬虫 (增强版)
[2026-07-25 02:08:25.422] ============================================================
[2026-07-25 02:08:25.424] 关键词: 涨价
[2026-07-25 02:08:25.425] 页数: 10
[2026-07-25 02:08:25.426] 排序: click
[2026-07-25 02:08:25.428] 线程数: 5
[2026-07-25 02:08:25.429] 延迟: 1.0s
[2026-07-25 02:08:25.429] 
[2026-07-25 02:08:25.461] [任务] 任务ID: 40
[2026-07-25 02:08:25.463] [搜索] 第 1/10 页...
[2026-07-25 02:08:26.253]   找到 20 个，新增 20 个
[2026-07-25 02:08:27.852] [搜索] 第 2/10 页...
[2026-07-25 02:08:28.418]   找到 20 个，新增 20 个
[2026-07-25 02:08:29.893] [搜索] 第 3/10 页...
[2026-07-25 02:08:30.597]   找到 20 个，新增 20 个
[2026-07-25 02:08:31.651] [搜索] 第 4/10 页...
[2026-07-25 02:08:32.250]   找到 20 个，新增 20 个
[2026-07-25 02:08:33.655] [搜索] 第 5/10 页...
[2026-07-25 02:08:34.109]   找到 20 个，新增 20 个
[2026-07-25 02:08:35.799] [搜索] 第 6/10 页...
[2026-07-25 02:08:36.339]   找到 20 个，新增 20 个
[2026-07-25 02:08:37.968] [搜索] 第 7/10 页...
[2026-07-25 02:08:38.552]   找到 20 个，新增 20 个
[2026-07-25 02:08:39.644] [搜索] 第 8/10 页...
[2026-07-25 02:08:40.217]   找到 20 个，新增 20 个
[2026-07-25 02:08:41.604] [搜索] 第 9/10 页...
[2026-07-25 02:08:42.167]   找到 20 个，新增 20 个
[2026-07-25 02:08:43.819] [搜索] 第 10/10 页...
[2026-07-25 02:08:44.345]   找到 20 个，新增 20 个
[2026-07-25 02:08:45.649] 
[搜索完成] 共 200 个视频，今日已爬 0 个，新增 200 个
[2026-07-25 02:08:45.653] [搜索统计] 搜索失败页数: 0
[2026-07-25 02:08:45.657] 
[详情获取] 使用 5 个线程获取视频详情...
[2026-07-25 02:08:47.327]   [1/200] av1850322314 ✓
[2026-07-25 02:08:47.355]   [2/200] av113208912315699 ✓
[2026-07-25 02:08:47.689]   [3/200] av305788526 ✓
[2026-07-25 02:08:47.707]   [4/200] av726656847 ✓
[2026-07-25 02:08:47.716]   [5/200] av1352100147 ✓
[2026-07-25 02:08:49.095]   [6/200] av447172862 ✓
[2026-07-25 02:08:49.336]   [7/200] av116316438598876 ✓
[2026-07-25 02:08:49.413]   [8/200] av650460356 ✓
[2026-07-25 02:08:49.823]   [9/200] av587914053 ✓
[2026-07-25 02:08:49.836]   [10/200] av115213554816301 ✓
[2026-07-25 02:08:50.982]   [11/200] av871149563 ✓
[2026-07-25 02:08:51.230]   [12/200] av435381429 ✓
[2026-07-25 02:08:51.330]   [13/200] av687533066 ✓
[2026-07-25 02:08:51.422]   [14/200] av114659604567786 ✓
[2026-07-25 02:08:51.734]   [15/200] av806743962 ✓
[2026-07-25 02:08:52.732]   [16/200] av116838964923772 ✓
[2026-07-25 02:08:53.100]   [17/200] av961651223 ✓
[2026-07-25 02:08:53.192]   [18/200] av116294527490939 ✓
[2026-07-25 02:08:53.463]   [19/200] av115945410396506 ✓
[2026-07-25 02:08:53.558]   [20/200] av114368150832883 ✓
[2026-07-25 02:08:54.826]   [21/200] av1201256344 ✓
[2026-07-25 02:08:55.063]   [22/200] av115564450153503 ✓
[2026-07-25 02:08:55.384]   [23/200] av935852576 ✓
[2026-07-25 02:08:55.477]   [24/200] av114875393117572 ✓
[2026-07-25 02:08:55.667]   [25/200] av375087512 ✓
[2026-07-25 02:08:56.596]   [26/200] av114199942398066 ✓
[2026-07-25 02:08:56.967]   [27/200] av116181516229621 ✓
[2026-07-25 02:08:57.066]   [28/200] av1905363562 ✓
[2026-07-25 02:08:57.648]   [29/200] av115303631625093 ✓
[2026-07-25 02:08:57.684]   [30/200] av114543824998313 ✓
[2026-07-25 02:08:58.256]   [31/200] av116328333574250 ✓
[2026-07-25 02:08:58.756]   [32/200] av818976526 ✓
[2026-07-25 02:08:58.923]   [33/200] av115581244145786 ✓
[2026-07-25 02:08:59.519]   [34/200] av115098681217682 ✓
[2026-07-25 02:08:59.823]   [35/200] av116532025759983 ✓
[2026-07-25 02:08:59.831]   [36/200] av382994145 ✓
[2026-07-25 02:09:00.247]   [37/200] av471228894 ✓
[2026-07-25 02:09:00.620]   [38/200] av502125145 ✓
[2026-07-25 02:09:01.077]   [39/200] av114789158229082 ✓
[2026-07-25 02:09:01.393]   [40/200] av790524672 ✓
[2026-07-25 02:09:01.825]   [41/200] av115569550434181 ✓
[2026-07-25 02:09:01.991]   [42/200] av116645842393781 ✓
[2026-07-25 02:09:02.412]   [43/200] av116256829083915 ✓
[2026-07-25 02:09:02.858]   [44/200] av744012811 ✓
[2026-07-25 02:09:03.000]   [45/200] av496663717 ✓
[2026-07-25 02:09:03.392]   [46/200] av115785036988669 ✓
[2026-07-25 02:09:03.707]   [47/200] av535431434 ✓
[2026-07-25 02:09:04.497]   [48/200] av965146363 ✓
[2026-07-25 02:09:04.543]   [49/200] av1200228171 ✓
[2026-07-25 02:09:04.665]   [50/200] av737972541 ✓
[2026-07-25 02:09:05.170]   [51/200] av969595886 ✓
[2026-07-25 02:09:05.465]   [52/200] av669406025 ✓
[2026-07-25 02:09:06.132]   [53/200] av116774355863746 ✓
[2026-07-25 02:09:06.161]   [54/200] av116034681967073 ✓
[2026-07-25 02:09:06.497]   [55/200] av67434554 ✓
[2026-07-25 02:09:06.979]   [56/200] av508522384 ✓
[2026-07-25 02:09:06.987]   [57/200] av115874996492816 ✓
[2026-07-25 02:09:07.623]   [58/200] av667666029 ✓
[2026-07-25 02:09:08.101]   [59/200] av594412010 ✓
[2026-07-25 02:09:08.106]   [60/200] av339131902 ✓
[2026-07-25 02:09:08.655]   [61/200] av339323420 ✓
[2026-07-25 02:09:08.662]   [62/200] av931868238 ✓
[2026-07-25 02:09:09.770]   [63/200] av678733600 ✓
[2026-07-25 02:09:09.792]   [64/200] av289021090 ✓
[2026-07-25 02:09:10.065]   [65/200] av63957101 ✓
[2026-07-25 02:09:10.103]   [66/200] av705219392 ✓
[2026-07-25 02:09:10.748]   [67/200] av424383566 ✓
[2026-07-25 02:09:11.659]   [68/200] av113117191213453 ✓
[2026-07-25 02:09:11.856]   [69/200] av857798712 ✓
[2026-07-25 02:09:12.123]   [70/200] av391539525 ✓
[2026-07-25 02:09:12.343]   [71/200] av649656022 ✓
[2026-07-25 02:09:12.414]   [72/200] av306492011 ✓
[2026-07-25 02:09:13.274]   [73/200] av115264909744141 ✓
[2026-07-25 02:09:13.673]   [74/200] av84808793 ✓
[2026-07-25 02:09:13.731]   [75/200] av875693196 ✓
[2026-07-25 02:09:14.086]   [76/200] av1405297578 ✓
[2026-07-25 02:09:14.303]   [77/200] av113259160015092 ✓
[2026-07-25 02:09:15.283]   [78/200] av1804799702 ✓
[2026-07-25 02:09:15.288]   [79/200] av1305949628 ✓
[2026-07-25 02:09:15.643]   [80/200] av768246607 ✓
[2026-07-25 02:09:15.814]   [81/200] av1556385127 ✓
[2026-07-25 02:09:15.915]   [82/200] av1000021274 ✓
[2026-07-25 02:09:16.653]   [83/200] av204779801 ✓
[2026-07-25 02:09:16.702]   [84/200] av115767387424498 ✓
[2026-07-25 02:09:17.480]   [85/200] av522764003 ✓
[2026-07-25 02:09:17.874]   [86/200] av900067121 ✓
[2026-07-25 02:09:18.121]   [87/200] av983081785 ✓
[2026-07-25 02:09:18.636]   [88/200] av113089928300023 ✓
[2026-07-25 02:09:18.644]   [89/200] av114301679436015 ✓
[2026-07-25 02:09:19.194]   [评论限流] av1856542278 等待 3 秒后重试 (1/3)...
[2026-07-25 02:09:20.188]   [90/200] av1005013736 ✓
[2026-07-25 02:09:20.397]   [91/200] av47198838 ✓
[2026-07-25 02:09:20.562]   [92/200] av576035284 ✓
[2026-07-25 02:09:20.668]   [93/200] av113842352816663 ✓
[2026-07-25 02:09:22.074]   [94/200] av114424421555614 ✓
[2026-07-25 02:09:22.425]   [95/200] av691609141 ✓
[2026-07-25 02:09:22.640]   [96/200] av965302744 ✓
[2026-07-25 02:09:22.645]   [97/200] av1856542278 ✓
[2026-07-25 02:09:22.721]   [98/200] av887521172 ✓
[2026-07-25 02:09:23.906]   [99/200] av115892864161554 ✓
[2026-07-25 02:09:24.133]   [评论限流] av889689307 等待 3 秒后重试 (1/3)...
[2026-07-25 02:09:24.278]   [100/200] av432536709 ✓
[2026-07-25 02:09:24.632]   [101/200] av115496250972286 ✓
[2026-07-25 02:09:24.638]   [102/200] av114970083789574 ✓
[2026-07-25 02:09:25.724]   [评论限流] av1203104333 等待 3 秒后重试 (1/3)...
[2026-07-25 02:09:25.776]   [103/200] av114166304087379 ✓
[2026-07-25 02:09:26.432]   [104/200] av968005507 ✓
[2026-07-25 02:09:26.552]   [105/200] av114738138842511 ✓
[2026-07-25 02:09:27.558]   [106/200] av889689307 ✓
[2026-07-25 02:09:27.901]   [107/200] av116423695276101 ✓
[2026-07-25 02:09:28.477]   [108/200] av116737479608304 ✓
[2026-07-25 02:09:28.658]   [109/200] av1905155953 ✓
[2026-07-25 02:09:29.171]   [110/200] av1203104333 ✓
[2026-07-25 02:09:29.228]   [111/200] av115501116168247 ✓
[2026-07-25 02:09:29.302]   [112/200] av116077849739691 ✓
[2026-07-25 02:09:30.275]   [113/200] av113530615503377 ✓
[2026-07-25 02:09:30.280]   [114/200] av450576435 ✓
[2026-07-25 02:09:30.628]   [115/200] av398877010 ✓
[2026-07-25 02:09:30.999]   [评论限流] av587616074 等待 3 秒后重试 (1/3)...
[2026-07-25 02:09:31.208]   [116/200] av1356474777 ✓
[2026-07-25 02:09:31.548]   [评论限流] av223521849 等待 3 秒后重试 (1/3)...
[2026-07-25 02:09:31.568]   [评论限流] av919396693 等待 3 秒后重试 (1/3)...
[2026-07-25 02:09:32.395]   [评论限流] av619150147 等待 3 秒后重试 (1/3)...
[2026-07-25 02:09:32.825]   [评论限流] av116124893054820 等待 3 秒后重试 (1/3)...
[2026-07-25 02:09:34.598]   [117/200] av587616074 ✓
[2026-07-25 02:09:35.066]   [118/200] av223521849 ✓
[2026-07-25 02:09:35.221]   [119/200] av919396693 ✓
[2026-07-25 02:09:35.780]   [评论限流] av619150147 等待 6 秒后重试 (2/3)...
[2026-07-25 02:09:36.266]   [评论限流] av116124893054820 等待 6 秒后重试 (2/3)...
[2026-07-25 02:09:36.342]   [评论限流] av115586780632772 等待 3 秒后重试 (1/3)...
[2026-07-25 02:09:36.813]   [评论限流] av356081518 等待 3 秒后重试 (1/3)...
[2026-07-25 02:09:36.846]   [120/200] av1555724648 ✓
[2026-07-25 02:09:38.588]   [评论限流] av230289800 等待 3 秒后重试 (1/3)...
[2026-07-25 02:09:39.619]   [评论限流] av115586780632772 等待 6 秒后重试 (2/3)...
[2026-07-25 02:09:40.135]   [评论限流] av356081518 等待 6 秒后重试 (2/3)...
[2026-07-25 02:09:41.966]   [评论限流] av230289800 等待 6 秒后重试 (2/3)...
[2026-07-25 02:09:42.163]   [121/200] av619150147 ✓
[2026-07-25 02:09:42.622]   [122/200] av116124893054820 ✓
[2026-07-25 02:09:43.845]   [评论限流] av115677579052358 等待 3 秒后重试 (1/3)...
[2026-07-25 02:09:44.448]   [评论限流] av37594268 等待 3 秒后重试 (1/3)...
[2026-07-25 02:09:45.920]   [123/200] av115586780632772 ✓
[2026-07-25 02:09:46.533]   [124/200] av356081518 ✓
[2026-07-25 02:09:47.192]   [评论限流] av115677579052358 等待 6 秒后重试 (2/3)...
[2026-07-25 02:09:47.506]   [评论限流] av1956148881 等待 3 秒后重试 (1/3)...
[2026-07-25 02:09:47.775]   [评论限流] av37594268 等待 6 秒后重试 (2/3)...
[2026-07-25 02:09:48.088]   [评论限流] av580254778 等待 3 秒后重试 (1/3)...
[2026-07-25 02:09:48.292]   [125/200] av230289800 ✓
[2026-07-25 02:09:49.632]   [评论限流] av1954287728 等待 3 秒后重试 (1/3)...
[2026-07-25 02:09:50.849]   [评论限流] av1956148881 等待 6 秒后重试 (2/3)...
[2026-07-25 02:09:51.395]   [评论限流] av580254778 等待 6 秒后重试 (2/3)...
[2026-07-25 02:09:52.926]   [评论限流] av1954287728 等待 6 秒后重试 (2/3)...
[2026-07-25 02:09:53.570]   [126/200] av115677579052358 ✓
[2026-07-25 02:09:54.117]   [127/200] av37594268 ✓
[2026-07-25 02:09:55.128]   [评论限流] av313314431 等待 3 秒后重试 (1/3)...
[2026-07-25 02:09:55.753]   [评论限流] av594340779 等待 3 秒后重试 (1/3)...
[2026-07-25 02:09:57.289]   [128/200] av1956148881 ✓
[2026-07-25 02:09:57.734]   [129/200] av580254778 ✓
[2026-07-25 02:09:58.487]   [评论限流] av313314431 等待 6 秒后重试 (2/3)...
[2026-07-25 02:09:58.685]   [评论限流] av116401851337341 等待 3 秒后重试 (1/3)...
[2026-07-25 02:09:59.118]   [评论限流] av594340779 等待 6 秒后重试 (2/3)...
[2026-07-25 02:09:59.301]   [130/200] av1954287728 ✓
[2026-07-25 02:09:59.611]   [评论限流] av860504571 等待 3 秒后重试 (1/3)...
[2026-07-25 02:10:01.250]   [评论限流] av832959744 等待 3 秒后重试 (1/3)...
[2026-07-25 02:10:02.063]   [评论限流] av116401851337341 等待 6 秒后重试 (2/3)...
[2026-07-25 02:10:02.956]   [评论限流] av860504571 等待 6 秒后重试 (2/3)...
[2026-07-25 02:10:04.578]   [评论限流] av832959744 等待 6 秒后重试 (2/3)...
[2026-07-25 02:10:04.843]   [131/200] av313314431 ✓
[2026-07-25 02:10:05.612]   [132/200] av594340779 ✓
[2026-07-25 02:10:06.266]   [评论限流] av114120351290458 等待 3 秒后重试 (1/3)...
[2026-07-25 02:10:06.855]   [评论限流] av115099100514462 等待 3 秒后重试 (1/3)...
[2026-07-25 02:10:08.450]   [133/200] av116401851337341 ✓
[2026-07-25 02:10:09.365]   [134/200] av860504571 ✓
[2026-07-25 02:10:09.606]   [评论限流] av114120351290458 等待 6 秒后重试 (2/3)...
[2026-07-25 02:10:10.094]   [评论限流] av116362844314284 等待 3 秒后重试 (1/3)...
[2026-07-25 02:10:10.197]   [评论限流] av115099100514462 等待 6 秒后重试 (2/3)...
[2026-07-25 02:10:10.900]   [粉丝-card] UID=1914027937 code=-352 msg=-352
[2026-07-25 02:10:10.903]   [粉丝] UID=1914027937 card API失败，尝试 relation API
[2026-07-25 02:10:10.984]   [135/200] av832959744 ✓
[2026-07-25 02:10:11.788]   [136/200] av290463235 ✓
[2026-07-25 02:10:12.162]   [粉丝-card] UID=10781453 code=-352 msg=-352
[2026-07-25 02:10:12.166]   [粉丝] UID=10781453 card API失败，尝试 relation API
[2026-07-25 02:10:12.981]   [粉丝-card] UID=23764704 code=-352 msg=-352
[2026-07-25 02:10:12.986]   [粉丝] UID=23764704 card API失败，尝试 relation API
[2026-07-25 02:10:13.169]   [评论限流] av16421995 等待 3 秒后重试 (1/3)...
[2026-07-25 02:10:13.488]   [评论限流] av116362844314284 等待 6 秒后重试 (2/3)...
[2026-07-25 02:10:14.047]   [评论限流] av113763835448105 等待 3 秒后重试 (1/3)...
[2026-07-25 02:10:15.901]   [137/200] av114120351290458 ✓
[2026-07-25 02:10:16.605]   [评论限流] av16421995 等待 6 秒后重试 (2/3)...
[2026-07-25 02:10:16.615]   [138/200] av115099100514462 ✓
[2026-07-25 02:10:17.112]   [粉丝-card] UID=1114758083 code=-352 msg=-352
[2026-07-25 02:10:17.114]   [粉丝] UID=1114758083 card API失败，尝试 relation API
[2026-07-25 02:10:17.337]   [评论限流] av113763835448105 等待 6 秒后重试 (2/3)...
[2026-07-25 02:10:18.018]   [粉丝-card] UID=337019942 code=-352 msg=-352
[2026-07-25 02:10:18.024]   [粉丝] UID=337019942 card API失败，尝试 relation API
[2026-07-25 02:10:18.115]   [评论限流] av1205183222 等待 3 秒后重试 (1/3)...
[2026-07-25 02:10:19.002]   [评论限流] av77542288 等待 3 秒后重试 (1/3)...
[2026-07-25 02:10:19.802]   [139/200] av116362844314284 ✓
[2026-07-25 02:10:21.087]   [粉丝-card] UID=676891190 code=-352 msg=-352
[2026-07-25 02:10:21.089]   [粉丝] UID=676891190 card API失败，尝试 relation API
[2026-07-25 02:10:21.421]   [评论限流] av1205183222 等待 6 秒后重试 (2/3)...
[2026-07-25 02:10:21.960]   [评论限流] av705531066 等待 3 秒后重试 (1/3)...
[2026-07-25 02:10:22.332]   [评论限流] av77542288 等待 6 秒后重试 (2/3)...
[2026-07-25 02:10:23.009]   [140/200] av16421995 ✓
[2026-07-25 02:10:23.697]   [141/200] av113763835448105 ✓
[2026-07-25 02:10:24.241]   [粉丝-card] UID=8112659 code=-352 msg=-352
[2026-07-25 02:10:24.314]   [粉丝] UID=8112659 card API失败，尝试 relation API
[2026-07-25 02:10:24.785]   [粉丝-card] UID=2124847114 code=-352 msg=-352
[2026-07-25 02:10:24.787]   [粉丝] UID=2124847114 card API失败，尝试 relation API
[2026-07-25 02:10:25.231]   [评论限流] av799688165 等待 3 秒后重试 (1/3)...
[2026-07-25 02:10:25.313]   [评论限流] av705531066 等待 6 秒后重试 (2/3)...
[2026-07-25 02:10:25.630]   [评论限流] av115030213267291 等待 3 秒后重试 (1/3)...
[2026-07-25 02:10:27.818]   [142/200] av1205183222 ✓
[2026-07-25 02:10:28.611]   [评论限流] av799688165 等待 6 秒后重试 (2/3)...
[2026-07-25 02:10:28.656]   [143/200] av77542288 ✓
[2026-07-25 02:10:29.015]   [评论限流] av115030213267291 等待 6 秒后重试 (2/3)...
[2026-07-25 02:10:29.059]   [粉丝-card] UID=1271909227 code=-352 msg=-352
[2026-07-25 02:10:29.064]   [粉丝] UID=1271909227 card API失败，尝试 relation API
[2026-07-25 02:10:30.107]   [评论限流] av114191973289981 等待 3 秒后重试 (1/3)...
[2026-07-25 02:10:30.191]   [粉丝-card] UID=287545202 code=-352 msg=-352
[2026-07-25 02:10:30.194]   [粉丝] UID=287545202 card API失败，尝试 relation API
[2026-07-25 02:10:31.244]   [评论限流] av235406985 等待 3 秒后重试 (1/3)...
[2026-07-25 02:10:31.704]   [144/200] av705531066 ✓
[2026-07-25 02:10:33.152]   [粉丝-card] UID=90108638 code=-352 msg=-352
[2026-07-25 02:10:33.154]   [粉丝] UID=90108638 card API失败，尝试 relation API
[2026-07-25 02:10:33.420]   [评论限流] av114191973289981 等待 6 秒后重试 (2/3)...
[2026-07-25 02:10:33.933]   [评论限流] av373767886 等待 3 秒后重试 (1/3)...
[2026-07-25 02:10:34.617]   [评论限流] av235406985 等待 6 秒后重试 (2/3)...
[2026-07-25 02:10:34.925]   [145/200] av799688165 ✓
[2026-07-25 02:10:35.398]   [146/200] av115030213267291 ✓
[2026-07-25 02:10:36.169]   [粉丝-card] UID=3546567474678421 code=-352 msg=-352
[2026-07-25 02:10:36.171]   [粉丝] UID=3546567474678421 card API失败，尝试 relation API
[2026-07-25 02:10:36.615]   [评论限流] av359812678 等待 3 秒后重试 (1/3)...
[2026-07-25 02:10:37.277]   [评论限流] av115982655817176 等待 3 秒后重试 (1/3)...
[2026-07-25 02:10:37.340]   [评论限流] av373767886 等待 6 秒后重试 (2/3)...
[2026-07-25 02:10:39.929]   [147/200] av114191973289981 ✓
[2026-07-25 02:10:39.958]   [评论限流] av359812678 等待 6 秒后重试 (2/3)...
[2026-07-25 02:10:40.630]   [评论限流] av115982655817176 等待 6 秒后重试 (2/3)...
[2026-07-25 02:10:41.043]   [148/200] av235406985 ✓
[2026-07-25 02:10:41.257]   [评论限流] av114351306442898 等待 3 秒后重试 (1/3)...
[2026-07-25 02:10:42.435]   [评论限流] av767793292 等待 3 秒后重试 (1/3)...
[2026-07-25 02:10:43.700]   [149/200] av373767886 ✓
[2026-07-25 02:10:44.606]   [评论限流] av114351306442898 等待 6 秒后重试 (2/3)...
[2026-07-25 02:10:44.915]   [评论限流] av972651559 等待 3 秒后重试 (1/3)...
[2026-07-25 02:10:45.767]   [评论限流] av767793292 等待 6 秒后重试 (2/3)...
[2026-07-25 02:10:46.342]   [150/200] av359812678 ✓
[2026-07-25 02:10:47.002]   [151/200] av115982655817176 ✓
[2026-07-25 02:10:47.989]   [评论限流] av283879460 等待 3 秒后重试 (1/3)...
[2026-07-25 02:10:48.284]   [评论限流] av972651559 等待 6 秒后重试 (2/3)...
[2026-07-25 02:10:48.534]   [粉丝-card] UID=3546380165450505 code=-352 msg=-352
[2026-07-25 02:10:48.539]   [粉丝] UID=3546380165450505 card API失败，尝试 relation API
[2026-07-25 02:10:49.607]   [评论限流] av1802281184 等待 3 秒后重试 (1/3)...
[2026-07-25 02:10:50.981]   [152/200] av114351306442898 ✓
[2026-07-25 02:10:51.313]   [评论限流] av283879460 等待 6 秒后重试 (2/3)...
[2026-07-25 02:10:52.142]   [153/200] av767793292 ✓
[2026-07-25 02:10:52.383]   [粉丝-card] UID=485704862 code=-352 msg=-352
[2026-07-25 02:10:52.387]   [粉丝] UID=485704862 card API失败，尝试 relation API
[2026-07-25 02:10:52.924]   [评论限流] av1802281184 等待 6 秒后重试 (2/3)...
[2026-07-25 02:10:53.314]   [评论限流] av1002881466 等待 3 秒后重试 (1/3)...
[2026-07-25 02:10:53.678]   [评论限流] av89460793 等待 3 秒后重试 (1/3)...
[2026-07-25 02:10:54.705]   [154/200] av972651559 ✓
[2026-07-25 02:10:56.240]   [评论限流] av447495290 等待 3 秒后重试 (1/3)...
[2026-07-25 02:10:56.646]   [评论限流] av1002881466 等待 6 秒后重试 (2/3)...
[2026-07-25 02:10:56.995]   [评论限流] av89460793 等待 6 秒后重试 (2/3)...
[2026-07-25 02:10:57.759]   [155/200] av283879460 ✓
[2026-07-25 02:10:58.926]   [评论限流] av947075125 等待 3 秒后重试 (1/3)...
[2026-07-25 02:10:59.354]   [156/200] av1802281184 ✓
[2026-07-25 02:10:59.565]   [评论限流] av447495290 等待 6 秒后重试 (2/3)...
[2026-07-25 02:11:00.458]   [粉丝-card] UID=54684514 code=-352 msg=-352
[2026-07-25 02:11:00.460]   [粉丝] UID=54684514 card API失败，尝试 relation API
[2026-07-25 02:11:01.266]   [评论限流] av116549490837551 等待 3 秒后重试 (1/3)...
[2026-07-25 02:11:02.299]   [评论限流] av947075125 等待 6 秒后重试 (2/3)...
[2026-07-25 02:11:03.175]   [157/200] av1002881466 ✓
[2026-07-25 02:11:03.435]   [158/200] av89460793 ✓
[2026-07-25 02:11:04.454]   [粉丝-card] UID=99336697 code=-352 msg=-352
[2026-07-25 02:11:04.458]   [粉丝] UID=99336697 card API失败，尝试 relation API
[2026-07-25 02:11:04.737]   [评论限流] av116549490837551 等待 6 秒后重试 (2/3)...
[2026-07-25 02:11:05.143]   [评论限流] av1805467462 等待 3 秒后重试 (1/3)...
[2026-07-25 02:11:05.374]   [评论限流] av551577226 等待 3 秒后重试 (1/3)...
[2026-07-25 02:11:05.918]   [159/200] av447495290 ✓
[2026-07-25 02:11:07.116]   [粉丝-card] UID=3493140174473954 code=-352 msg=-352
[2026-07-25 02:11:07.119]   [粉丝] UID=3493140174473954 card API失败，尝试 relation API
[2026-07-25 02:11:08.075]   [评论限流] av1305395247 等待 3 秒后重试 (1/3)...
[2026-07-25 02:11:08.483]   [评论限流] av1805467462 等待 6 秒后重试 (2/3)...
[2026-07-25 02:11:08.624]   [160/200] av947075125 ✓
[2026-07-25 02:11:08.671]   [评论限流] av551577226 等待 6 秒后重试 (2/3)...
[2026-07-25 02:11:09.903]   [粉丝-card] UID=96153951 code=-352 msg=-352
[2026-07-25 02:11:09.906]   [粉丝] UID=96153951 card API失败，尝试 relation API
[2026-07-25 02:11:11.069]   [评论限流] av1051857815 等待 3 秒后重试 (1/3)...
[2026-07-25 02:11:11.085]   [161/200] av116549490837551 ✓
[2026-07-25 02:11:11.493]   [评论限流] av1305395247 等待 6 秒后重试 (2/3)...
[2026-07-25 02:11:12.236]   [粉丝-card] UID=38157763 code=-352 msg=-352
[2026-07-25 02:11:12.238]   [粉丝] UID=38157763 card API失败，尝试 relation API
[2026-07-25 02:11:13.075]   [评论限流] av757736492 等待 3 秒后重试 (1/3)...
[2026-07-25 02:11:14.440]   [评论限流] av1051857815 等待 6 秒后重试 (2/3)...
[2026-07-25 02:11:14.847]   [162/200] av1805467462 ✓
[2026-07-25 02:11:15.231]   [163/200] av551577226 ✓
[2026-07-25 02:11:16.086]   [粉丝-card] UID=1075510044 code=-352 msg=-352
[2026-07-25 02:11:16.092]   [粉丝] UID=1075510044 card API失败，尝试 relation API
[2026-07-25 02:11:16.450]   [评论限流] av757736492 等待 6 秒后重试 (2/3)...
[2026-07-25 02:11:16.464]   [粉丝-card] UID=3546960499837426 code=-352 msg=-352
[2026-07-25 02:11:16.471]   [粉丝] UID=3546960499837426 card API失败，尝试 relation API
[2026-07-25 02:11:17.182]   [评论限流] av637783181 等待 3 秒后重试 (1/3)...
[2026-07-25 02:11:17.434]   [评论限流] av116842605579743 等待 3 秒后重试 (1/3)...
[2026-07-25 02:11:17.839]   [164/200] av1305395247 ✓
[2026-07-25 02:11:19.314]   [粉丝-card] UID=431031662 code=-352 msg=-352
[2026-07-25 02:11:19.321]   [粉丝] UID=431031662 card API失败，尝试 relation API
[2026-07-25 02:11:20.518]   [评论限流] av670286260 等待 3 秒后重试 (1/3)...
[2026-07-25 02:11:21.485]   [评论限流] av637783181 等待 6 秒后重试 (2/3)...
[2026-07-25 02:11:21.611]   [评论限流] av116842605579743 等待 6 秒后重试 (2/3)...
[2026-07-25 02:11:21.640]   [165/200] av1051857815 ✓
[2026-07-25 02:11:22.612]   [粉丝-card] UID=3546868021725506 code=-352 msg=-352
[2026-07-25 02:11:22.615]   [粉丝] UID=3546868021725506 card API失败，尝试 relation API
[2026-07-25 02:11:22.820]   [166/200] av757736492 ✓
[2026-07-25 02:11:23.593]   [评论限流] av114164089488661 等待 3 秒后重试 (1/3)...
[2026-07-25 02:11:23.830]   [评论限流] av670286260 等待 6 秒后重试 (2/3)...
[2026-07-25 02:11:23.921]   [粉丝-card] UID=3461573062429458 code=-352 msg=-352
[2026-07-25 02:11:23.923]   [粉丝] UID=3461573062429458 card API失败，尝试 relation API
[2026-07-25 02:11:24.814]   [评论限流] av231582202 等待 3 秒后重试 (1/3)...
[2026-07-25 02:11:26.891]   [评论限流] av114164089488661 等待 6 秒后重试 (2/3)...
[2026-07-25 02:11:28.286]   [167/200] av637783181 ✓
[2026-07-25 02:11:28.325]   [评论限流] av231582202 等待 6 秒后重试 (2/3)...
[2026-07-25 02:11:28.331]   [168/200] av116842605579743 ✓
[2026-07-25 02:11:29.303]   [粉丝-card] UID=630824493 code=-352 msg=-352
[2026-07-25 02:11:29.304]   [粉丝] UID=630824493 card API失败，尝试 relation API
[2026-07-25 02:11:29.430]   [粉丝-card] UID=46825573 code=-352 msg=-352
[2026-07-25 02:11:29.431]   [粉丝] UID=46825573 card API失败，尝试 relation API
[2026-07-25 02:11:30.093]   [169/200] av670286260 ✓
[2026-07-25 02:11:30.181]   [评论限流] av643327068 等待 3 秒后重试 (1/3)...
[2026-07-25 02:11:30.203]   [评论限流] av940728585 等待 3 秒后重试 (1/3)...
[2026-07-25 02:11:31.135]   [粉丝-card] UID=3493081143838890 code=-352 msg=-352
[2026-07-25 02:11:31.136]   [粉丝] UID=3493081143838890 card API失败，尝试 relation API
[2026-07-25 02:11:32.118]   [评论限流] av114925506662570 等待 3 秒后重试 (1/3)...
[2026-07-25 02:11:33.196]   [170/200] av114164089488661 ✓
[2026-07-25 02:11:33.467]   [评论限流] av643327068 等待 6 秒后重试 (2/3)...
[2026-07-25 02:11:33.525]   [评论限流] av940728585 等待 6 秒后重试 (2/3)...
[2026-07-25 02:11:34.661]   [评论限流] av116492733515750 等待 3 秒后重试 (1/3)...
[2026-07-25 02:11:34.691]   [171/200] av231582202 ✓
[2026-07-25 02:11:35.466]   [评论限流] av114925506662570 等待 6 秒后重试 (2/3)...
[2026-07-25 02:11:36.094]   [粉丝-card] UID=96575424 code=-352 msg=-352
[2026-07-25 02:11:36.096]   [粉丝] UID=96575424 card API失败，尝试 relation API
[2026-07-25 02:11:36.948]   [评论限流] av114742383349388 等待 3 秒后重试 (1/3)...
[2026-07-25 02:11:38.005]   [评论限流] av116492733515750 等待 6 秒后重试 (2/3)...
[2026-07-25 02:11:39.816]   [172/200] av643327068 ✓
[2026-07-25 02:11:39.920]   [173/200] av940728585 ✓
[2026-07-25 02:11:40.305]   [评论限流] av114742383349388 等待 6 秒后重试 (2/3)...
[2026-07-25 02:11:41.292]   [评论限流] av114273359563011 等待 3 秒后重试 (1/3)...
[2026-07-25 02:11:41.313]   [评论限流] av116357408491329 等待 3 秒后重试 (1/3)...
[2026-07-25 02:11:42.100]   [174/200] av114925506662570 ✓
[2026-07-25 02:11:43.634]   [粉丝-card] UID=495763617 code=-352 msg=-352
[2026-07-25 02:11:43.638]   [粉丝] UID=495763617 card API失败，尝试 relation API
[2026-07-25 02:11:44.425]   [175/200] av116492733515750 ✓
[2026-07-25 02:11:44.734]   [评论限流] av116357408491329 等待 6 秒后重试 (2/3)...
[2026-07-25 02:11:44.737]   [评论限流] av114273359563011 等待 6 秒后重试 (2/3)...
[2026-07-25 02:11:44.764]   [评论限流] av503245940 等待 3 秒后重试 (1/3)...
[2026-07-25 02:11:45.857]   [粉丝-card] UID=1375678265 code=-352 msg=-352
[2026-07-25 02:11:45.860]   [粉丝] UID=1375678265 card API失败，尝试 relation API
[2026-07-25 02:11:46.740]   [评论限流] av116928404460835 等待 3 秒后重试 (1/3)...
[2026-07-25 02:11:46.765]   [176/200] av114742383349388 ✓
[2026-07-25 02:11:48.205]   [评论限流] av503245940 等待 6 秒后重试 (2/3)...
[2026-07-25 02:11:48.245]   [粉丝-card] UID=3493295315487222 code=-352 msg=-352
[2026-07-25 02:11:48.250]   [粉丝] UID=3493295315487222 card API失败，尝试 relation API
[2026-07-25 02:11:49.315]   [评论限流] av115490362100552 等待 3 秒后重试 (1/3)...
[2026-07-25 02:11:50.093]   [评论限流] av116928404460835 等待 6 秒后重试 (2/3)...
[2026-07-25 02:11:51.140]   [177/200] av114273359563011 ✓
[2026-07-25 02:11:51.146]   [178/200] av116357408491329 ✓
[2026-07-25 02:11:52.530]   [粉丝-card] UID=1563385862 code=-352 msg=-352
[2026-07-25 02:11:52.533]   [粉丝] UID=1563385862 card API失败，尝试 relation API
[2026-07-25 02:11:52.712]   [评论限流] av115490362100552 等待 6 秒后重试 (2/3)...
[2026-07-25 02:11:52.770]   [评论限流] av350029625 等待 3 秒后重试 (1/3)...
[2026-07-25 02:11:53.488]   [评论限流] av114351843446851 等待 3 秒后重试 (1/3)...
[2026-07-25 02:11:54.672]   [179/200] av503245940 ✓
[2026-07-25 02:11:56.082]   [粉丝-card] UID=130103648 code=-352 msg=-352
[2026-07-25 02:11:56.086]   [粉丝] UID=130103648 card API失败，尝试 relation API
[2026-07-25 02:11:56.160]   [评论限流] av350029625 等待 6 秒后重试 (2/3)...
[2026-07-25 02:11:56.507]   [180/200] av116928404460835 ✓
[2026-07-25 02:11:56.945]   [评论限流] av114351843446851 等待 6 秒后重试 (2/3)...
[2026-07-25 02:11:57.083]   [评论限流] av644991605 等待 3 秒后重试 (1/3)...
[2026-07-25 02:11:57.974]   [粉丝-card] UID=86881329 code=-352 msg=-352
[2026-07-25 02:11:57.978]   [粉丝] UID=86881329 card API失败，尝试 relation API
[2026-07-25 02:11:59.104]   [评论限流] av1956694232 等待 3 秒后重试 (1/3)...
[2026-07-25 02:11:59.173]   [181/200] av115490362100552 ✓
[2026-07-25 02:12:00.405]   [粉丝-card] UID=90183256 code=-352 msg=-352
[2026-07-25 02:12:00.411]   [粉丝] UID=90183256 card API失败，尝试 relation API
[2026-07-25 02:12:00.434]   [评论限流] av644991605 等待 6 秒后重试 (2/3)...
[2026-07-25 02:12:01.423]   [评论限流] av114692706017173 等待 3 秒后重试 (1/3)...
[2026-07-25 02:12:02.473]   [评论限流] av1956694232 等待 6 秒后重试 (2/3)...
[2026-07-25 02:12:02.591]   [182/200] av350029625 ✓
[2026-07-25 02:12:03.290]   [183/200] av114351843446851 ✓
[2026-07-25 02:12:04.211]   [评论限流] av681171872 等待 3 秒后重试 (1/3)...
[2026-07-25 02:12:04.706]   [粉丝-card] UID=3493123841853732 code=-352 msg=-352
[2026-07-25 02:12:04.710]   [粉丝] UID=3493123841853732 card API失败，尝试 relation API
[2026-07-25 02:12:04.824]   [评论限流] av114692706017173 等待 6 秒后重试 (2/3)...
[2026-07-25 02:12:05.835]   [评论限流] av116205188811702 等待 3 秒后重试 (1/3)...
[2026-07-25 02:12:06.796]   [184/200] av644991605 ✓
[2026-07-25 02:12:07.584]   [评论限流] av681171872 等待 6 秒后重试 (2/3)...
[2026-07-25 02:12:08.295]   [粉丝-card] UID=1101057244 code=-352 msg=-352
[2026-07-25 02:12:08.299]   [粉丝] UID=1101057244 card API失败，尝试 relation API
[2026-07-25 02:12:08.923]   [185/200] av1956694232 ✓
[2026-07-25 02:12:09.174]   [评论限流] av116205188811702 等待 6 秒后重试 (2/3)...
[2026-07-25 02:12:09.333]   [评论限流] av934773660 等待 3 秒后重试 (1/3)...
[2026-07-25 02:12:10.445]   [评论限流] av431891576 等待 3 秒后重试 (1/3)...
[2026-07-25 02:12:11.236]   [186/200] av114692706017173 ✓
[2026-07-25 02:12:12.714]   [评论限流] av934773660 等待 6 秒后重试 (2/3)...
[2026-07-25 02:12:12.734]   [粉丝-card] UID=178690106 code=-352 msg=-352
[2026-07-25 02:12:12.736]   [粉丝] UID=178690106 card API失败，尝试 relation API
[2026-07-25 02:12:13.775]   [评论限流] av114940622932571 等待 3 秒后重试 (1/3)...
[2026-07-25 02:12:13.800]   [评论限流] av431891576 等待 6 秒后重试 (2/3)...
[2026-07-25 02:12:14.975]   [187/200] av681171872 ✓
[2026-07-25 02:12:15.606]   [188/200] av116205188811702 ✓
[2026-07-25 02:12:16.161]   [粉丝-card] UID=478691043 code=-352 msg=-352
[2026-07-25 02:12:16.164]   [粉丝] UID=478691043 card API失败，尝试 relation API
[2026-07-25 02:12:16.509]   [粉丝-card] UID=499001556 code=-352 msg=-352
[2026-07-25 02:12:16.514]   [粉丝] UID=499001556 card API失败，尝试 relation API
[2026-07-25 02:12:17.124]   [评论限流] av114940622932571 等待 6 秒后重试 (2/3)...
[2026-07-25 02:12:17.171]   [评论限流] av1105553061 等待 3 秒后重试 (1/3)...
[2026-07-25 02:12:17.515]   [评论限流] av1105379071 等待 3 秒后重试 (1/3)...
[2026-07-25 02:12:19.095]   [189/200] av934773660 ✓
[2026-07-25 02:12:20.202]   [190/200] av431891576 ✓
[2026-07-25 02:12:20.504]   [评论限流] av1105553061 等待 6 秒后重试 (2/3)...
[2026-07-25 02:12:20.512]   [评论限流] av470048792 等待 3 秒后重试 (1/3)...
[2026-07-25 02:12:20.896]   [评论限流] av1105379071 等待 6 秒后重试 (2/3)...
[2026-07-25 02:12:21.380]   [粉丝-card] UID=44128829 code=-352 msg=-352
[2026-07-25 02:12:21.384]   [粉丝] UID=44128829 card API失败，尝试 relation API
[2026-07-25 02:12:22.302]   [评论限流] av1406445219 等待 3 秒后重试 (1/3)...
[2026-07-25 02:12:23.532]   [191/200] av114940622932571 ✓
[2026-07-25 02:12:23.853]   [评论限流] av470048792 等待 6 秒后重试 (2/3)...
[2026-07-25 02:12:25.024]   [粉丝-card] UID=381610296 code=-352 msg=-352
[2026-07-25 02:12:25.027]   [粉丝] UID=381610296 card API失败，尝试 relation API
[2026-07-25 02:12:25.673]   [评论限流] av1406445219 等待 6 秒后重试 (2/3)...
[2026-07-25 02:12:26.063]   [评论限流] av1502983677 等待 3 秒后重试 (1/3)...
[2026-07-25 02:12:26.883]   [192/200] av1105553061 ✓
[2026-07-25 02:12:27.270]   [193/200] av1105379071 ✓
[2026-07-25 02:12:28.244]   [评论限流] av116667602441916 等待 3 秒后重试 (1/3)...
[2026-07-25 02:12:28.705]   [评论限流] av890202385 等待 3 秒后重试 (1/3)...
[2026-07-25 02:12:29.486]   [评论限流] av1502983677 等待 6 秒后重试 (2/3)...
[2026-07-25 02:12:30.194]   [194/200] av470048792 ✓
[2026-07-25 02:12:31.324]   [粉丝-card] UID=3493122168326421 code=-352 msg=-352
[2026-07-25 02:12:31.327]   [粉丝] UID=3493122168326421 card API失败，尝试 relation API
[2026-07-25 02:12:31.593]   [评论限流] av116667602441916 等待 6 秒后重试 (2/3)...
[2026-07-25 02:12:32.063]   [评论限流] av890202385 等待 6 秒后重试 (2/3)...
[2026-07-25 02:12:32.071]   [195/200] av1406445219 ✓
[2026-07-25 02:12:32.335]   [评论限流] av922675003 等待 3 秒后重试 (1/3)...
[2026-07-25 02:12:33.072]   [粉丝-card] UID=3462389 code=-352 msg=-352
[2026-07-25 02:12:33.077]   [粉丝] UID=3462389 card API失败，尝试 relation API
[2026-07-25 02:12:34.105]   [评论限流] av815028382 等待 3 秒后重试 (1/3)...
[2026-07-25 02:12:35.747]   [评论限流] av922675003 等待 6 秒后重试 (2/3)...
[2026-07-25 02:12:35.894]   [196/200] av1502983677 ✓
[2026-07-25 02:12:37.483]   [评论限流] av815028382 等待 6 秒后重试 (2/3)...
[2026-07-25 02:12:37.937]   [197/200] av116667602441916 ✓
[2026-07-25 02:12:38.431]   [198/200] av890202385 ✓
[2026-07-25 02:12:42.152]   [199/200] av922675003 ✓
[2026-07-25 02:12:43.833]   [200/200] av815028382 ✓
[2026-07-25 02:12:43.841] 
[完成] 成功: 200, 失败: 0
[2026-07-25 02:12:43.844] 
============================================================
[2026-07-25 02:12:43.847]   Top 10 热门视频
[2026-07-25 02:12:43.849] ============================================================
[2026-07-25 02:12:43.851] 
1. 4块钱的通缉犯，一涨价立马落网...
[2026-07-25 02:12:43.854]    播放: 8,852,906 | 弹幕: 819 | 收藏: 16,083 | 评论: 2,454
[2026-07-25 02:12:43.857] 
2. 雪莲也涨价了？！2024新品网红雪糕大摸底！！
[2026-07-25 02:12:43.859]    播放: 8,158,672 | 弹幕: 6,871 | 收藏: 103,205 | 评论: 1,537
[2026-07-25 02:12:43.860] 
3. 太原小伙卖打卤面，80个鸡蛋当水泼，12元一碗，四年不涨价
[2026-07-25 02:12:43.862]    播放: 6,706,944 | 弹幕: 4,003 | 收藏: 25,875 | 评论: 8,537
[2026-07-25 02:12:43.864] 
4. 多个奶茶品牌涨价，所以蜜雪冰城也做出了一个艰难的决定……
[2026-07-25 02:12:43.866]    播放: 6,317,035 | 弹幕: 3,753 | 收藏: 12,146 | 评论: 4,779
[2026-07-25 02:12:43.874] 
5. 涨价两元的盒饭风波
[2026-07-25 02:12:43.880]    播放: 6,111,191 | 弹幕: 2,269 | 收藏: 74,983 | 评论: 1,203
[2026-07-25 02:12:43.884] 
6. 我的盗版画居然涨价到2块钱了
[2026-07-25 02:12:43.886]    播放: 4,958,952 | 弹幕: 710 | 收藏: 92,933 | 评论: 2,105
[2026-07-25 02:12:43.888] 
7. 显卡涨价商家不发货只能认栽？小企鹅教你两句话让他乖乖发货！
[2026-07-25 02:12:43.891]    播放: 4,786,929 | 弹幕: 156 | 收藏: 54,138 | 评论: 851
[2026-07-25 02:12:43.893] 
8. 我们又做了一个决定！
[2026-07-25 02:12:43.895]    播放: 4,671,209 | 弹幕: 1,226 | 收藏: 10,019 | 评论: 5,937
[2026-07-25 02:12:43.896] 
9. 消费降级旋转小火锅反而涨价，现在的小火锅值不值？
[2026-07-25 02:12:43.898]    播放: 4,438,626 | 弹幕: 783 | 收藏: 8,511 | 评论: 1,062
[2026-07-25 02:12:43.900] 
10. 为了学生，八旬奶奶卖5角钱早餐，27年不涨价！
[2026-07-25 02:12:43.901]    播放: 4,270,682 | 弹幕: 11,354 | 收藏: 46,029 | 评论: 5,441
[2026-07-25 02:12:43.916] [修复] 已修正 318 条视频的评论数 (comment_count <- review)
[2026-07-25 02:12:43.918] 
============================================================
[2026-07-25 02:12:43.919]   自动检测并补充粉丝数
[2026-07-25 02:12:43.921] ============================================================
[2026-07-25 02:12:43.924] 待补充UP主数: 43
[2026-07-25 02:12:44.061]   [粉丝-card] UID=1914027937 code=-352 msg=-352
[2026-07-25 02:12:44.064]   [粉丝] UID=1914027937 card API失败，尝试 relation API
[2026-07-25 02:12:44.754]   [1/43] UID=1914027937 (了不起的国人) -> 185,720 (更新1条视频)
[2026-07-25 02:12:45.678]   [粉丝-card] UID=10781453 code=-352 msg=-352
[2026-07-25 02:12:45.681]   [粉丝] UID=10781453 card API失败，尝试 relation API
[2026-07-25 02:12:46.351]   [2/43] UID=10781453 (数码饱饱君) -> 80,631 (更新1条视频)
[2026-07-25 02:12:47.214]   [粉丝-card] UID=23764704 code=-352 msg=-352
[2026-07-25 02:12:47.218]   [粉丝] UID=23764704 card API失败，尝试 relation API
[2026-07-25 02:12:47.776]   [3/43] UID=23764704 (游戏玩家三井) -> 115,031 (更新1条视频)
[2026-07-25 02:12:48.431]   [粉丝-card] UID=1114758083 code=-352 msg=-352
[2026-07-25 02:12:48.433]   [粉丝] UID=1114758083 card API失败，尝试 relation API
[2026-07-25 02:12:49.141]   [4/43] UID=1114758083 (逆天汇总站) -> 257,240 (更新1条视频)
[2026-07-25 02:12:49.923]   [粉丝-card] UID=337019942 code=-352 msg=-352
[2026-07-25 02:12:49.926]   [粉丝] UID=337019942 card API失败，尝试 relation API
[2026-07-25 02:12:50.638]   [5/43] UID=337019942 (李大馋师) -> 51,975 (更新1条视频)
[2026-07-25 02:12:51.515]   [粉丝-card] UID=676891190 code=-352 msg=-352
[2026-07-25 02:12:51.518]   [粉丝] UID=676891190 card API失败，尝试 relation API
[2026-07-25 02:12:52.332]   [6/43] UID=676891190 (偏执的怪人s) -> 12,915 (更新1条视频)
[2026-07-25 02:12:52.845]   [粉丝-card] UID=8112659 code=-352 msg=-352
[2026-07-25 02:12:52.848]   [粉丝] UID=8112659 card API失败，尝试 relation API
[2026-07-25 02:12:53.372]   [7/43] UID=8112659 (胥渡吧) -> 1,064,061 (更新1条视频)
[2026-07-25 02:12:54.093]   [粉丝-card] UID=2124847114 code=-352 msg=-352
[2026-07-25 02:12:54.098]   [粉丝] UID=2124847114 card API失败，尝试 relation API
[2026-07-25 02:12:54.694]   [8/43] UID=2124847114 (内蒙古广播电视台) -> 20,122 (更新1条视频)
[2026-07-25 02:12:55.414]   [粉丝-card] UID=1271909227 code=-352 msg=-352
[2026-07-25 02:12:55.418]   [粉丝] UID=1271909227 card API失败，尝试 relation API
[2026-07-25 02:12:56.200]   [9/43] UID=1271909227 (耶子酥suger) -> 5,909 (更新1条视频)
[2026-07-25 02:12:56.536]   进度: 10/43
[2026-07-25 02:12:56.714]   [粉丝-card] UID=287545202 code=-352 msg=-352
[2026-07-25 02:12:56.717]   [粉丝] UID=287545202 card API失败，尝试 relation API
[2026-07-25 02:12:57.355]   [10/43] UID=287545202 (五六小小馆) -> 8,666 (更新1条视频)
[2026-07-25 02:12:58.202]   [粉丝-card] UID=90108638 code=-352 msg=-352
[2026-07-25 02:12:58.204]   [粉丝] UID=90108638 card API失败，尝试 relation API
[2026-07-25 02:12:58.821]   [11/43] UID=90108638 (账号已注销) -> 20,753 (更新1条视频)
[2026-07-25 02:12:59.364]   [粉丝-card] UID=3546567474678421 code=-352 msg=-352
[2026-07-25 02:12:59.368]   [粉丝] UID=3546567474678421 card API失败，尝试 relation API
[2026-07-25 02:12:59.888]   [12/43] UID=3546567474678421 (懿星鱼喵) -> 14,227 (更新1条视频)
[2026-07-25 02:13:00.628]   [粉丝-card] UID=3546380165450505 code=-352 msg=-352
[2026-07-25 02:13:00.630]   [粉丝] UID=3546380165450505 card API失败，尝试 relation API
[2026-07-25 02:13:01.373]   [13/43] UID=3546380165450505 (饭桶弟弟-) -> 258,909 (更新1条视频)
[2026-07-25 02:13:02.185]   [粉丝-card] UID=485704862 code=-352 msg=-352
[2026-07-25 02:13:02.189]   [粉丝] UID=485704862 card API失败，尝试 relation API
[2026-07-25 02:13:02.971]   [14/43] UID=485704862 (哇塞几张) -> 2,121,078 (更新1条视频)
[2026-07-25 02:13:03.633]   [粉丝-card] UID=54684514 code=-352 msg=-352
[2026-07-25 02:13:03.635]   [粉丝] UID=54684514 card API失败，尝试 relation API
[2026-07-25 02:13:04.289]   [15/43] UID=54684514 (一律懂法) -> 66,742 (更新1条视频)
[2026-07-25 02:13:04.783]   [粉丝-card] UID=99336697 code=-352 msg=-352
[2026-07-25 02:13:04.786]   [粉丝] UID=99336697 card API失败，尝试 relation API
[2026-07-25 02:13:05.390]   [16/43] UID=99336697 (树根龙门阵) -> 1,222,392 (更新1条视频)
[2026-07-25 02:13:06.133]   [粉丝-card] UID=3493140174473954 code=-352 msg=-352
[2026-07-25 02:13:06.135]   [粉丝] UID=3493140174473954 card API失败，尝试 relation API
[2026-07-25 02:13:06.691]   [17/43] UID=3493140174473954 (蛋解杂谈) -> 450,818 (更新1条视频)
[2026-07-25 02:13:07.211]   [粉丝-card] UID=96153951 code=-352 msg=-352
[2026-07-25 02:13:07.213]   [粉丝] UID=96153951 card API失败，尝试 relation API
[2026-07-25 02:13:07.875]   [18/43] UID=96153951 (BR店长) -> 361,392 (更新1条视频)
[2026-07-25 02:13:08.433]   [粉丝-card] UID=38157763 code=-352 msg=-352
[2026-07-25 02:13:08.436]   [粉丝] UID=38157763 card API失败，尝试 relation API
[2026-07-25 02:13:09.159]   [19/43] UID=38157763 (艺能人金广发) -> 1,936,942 (更新1条视频)
[2026-07-25 02:13:09.476]   进度: 20/43
[2026-07-25 02:13:09.663]   [粉丝-card] UID=1075510044 code=-352 msg=-352
[2026-07-25 02:13:09.665]   [粉丝] UID=1075510044 card API失败，尝试 relation API
[2026-07-25 02:13:10.289]   [20/43] UID=1075510044 (太近了老李) -> 2,162 (更新1条视频)
[2026-07-25 02:13:11.029]   [粉丝-card] UID=3546960499837426 code=-352 msg=-352
[2026-07-25 02:13:11.032]   [粉丝] UID=3546960499837426 card API失败，尝试 relation API
[2026-07-25 02:13:11.788]   [21/43] UID=3546960499837426 (数码骇浪) -> 176,560 (更新1条视频)
[2026-07-25 02:13:12.633]   [粉丝-card] UID=431031662 code=-352 msg=-352
[2026-07-25 02:13:12.638]   [粉丝] UID=431031662 card API失败，尝试 relation API
[2026-07-25 02:13:13.374]   [22/43] UID=431031662 (呼呼美食) -> 145,836 (更新1条视频)
[2026-07-25 02:13:14.164]   [粉丝-card] UID=3546868021725506 code=-352 msg=-352
[2026-07-25 02:13:14.166]   [粉丝] UID=3546868021725506 card API失败，尝试 relation API
[2026-07-25 02:13:14.671]   [23/43] UID=3546868021725506 (啦都踢) -> 70 (更新1条视频)
[2026-07-25 02:13:15.523]   [粉丝-card] UID=3461573062429458 code=-352 msg=-352
[2026-07-25 02:13:15.524]   [粉丝] UID=3461573062429458 card API失败，尝试 relation API
[2026-07-25 02:13:16.280]   [24/43] UID=3461573062429458 (尖叫科技) -> 2,840 (更新1条视频)
[2026-07-25 02:13:17.151]   [粉丝-card] UID=46825573 code=-352 msg=-352
[2026-07-25 02:13:17.153]   [粉丝] UID=46825573 card API失败，尝试 relation API
[2026-07-25 02:13:17.825]   [25/43] UID=46825573 (胖虎老刘) -> 550,964 (更新1条视频)
[2026-07-25 02:13:18.643]   [粉丝-card] UID=630824493 code=-352 msg=-352
[2026-07-25 02:13:18.646]   [粉丝] UID=630824493 card API失败，尝试 relation API
[2026-07-25 02:13:19.343]   [26/43] UID=630824493 (迷剧阿菁) -> 34,662 (更新1条视频)
[2026-07-25 02:13:20.224]   [粉丝-card] UID=3493081143838890 code=-352 msg=-352
[2026-07-25 02:13:20.227]   [粉丝] UID=3493081143838890 card API失败，尝试 relation API
[2026-07-25 02:13:20.777]   [27/43] UID=3493081143838890 (海言说案) -> 68,801 (更新1条视频)
[2026-07-25 02:13:21.480]   [粉丝-card] UID=96575424 code=-352 msg=-352
[2026-07-25 02:13:21.482]   [粉丝] UID=96575424 card API失败，尝试 relation API
[2026-07-25 02:13:22.107]   [28/43] UID=96575424 (BB姬Studio) -> 627,203 (更新1条视频)
[2026-07-25 02:13:23.012]   [粉丝-card] UID=495763617 code=-352 msg=-352
[2026-07-25 02:13:23.015]   [粉丝] UID=495763617 card API失败，尝试 relation API
[2026-07-25 02:13:23.663]   [29/43] UID=495763617 (美食栏目) -> 12,831 (更新1条视频)
[2026-07-25 02:13:24.317]   进度: 30/43
[2026-07-25 02:13:24.493]   [粉丝-card] UID=3493295315487222 code=-352 msg=-352
[2026-07-25 02:13:24.495]   [粉丝] UID=3493295315487222 card API失败，尝试 relation API
[2026-07-25 02:13:25.030]   [30/43] UID=3493295315487222 (是在人间的调查员) -> 95,197 (更新1条视频)
[2026-07-25 02:13:26.012]   [粉丝-card] UID=1563385862 code=-352 msg=-352
[2026-07-25 02:13:26.017]   [粉丝] UID=1563385862 card API失败，尝试 relation API
[2026-07-25 02:13:26.649]   [31/43] UID=1563385862 (转生成为毛毛) -> 1,231,997 (更新1条视频)
[2026-07-25 02:13:27.373]   [粉丝-card] UID=130103648 code=-352 msg=-352
[2026-07-25 02:13:27.375]   [粉丝] UID=130103648 card API失败，尝试 relation API
[2026-07-25 02:13:28.150]   [32/43] UID=130103648 (派大宝UI) -> 122,037 (更新1条视频)
[2026-07-25 02:13:28.762]   [粉丝-card] UID=86881329 code=-352 msg=-352
[2026-07-25 02:13:28.765]   [粉丝] UID=86881329 card API失败，尝试 relation API
[2026-07-25 02:13:29.438]   [33/43] UID=86881329 (梦求真暗区突围) -> 1,171,464 (更新1条视频)
[2026-07-25 02:13:30.343]   [粉丝-card] UID=90183256 code=-352 msg=-352
[2026-07-25 02:13:30.346]   [粉丝] UID=90183256 card API失败，尝试 relation API
[2026-07-25 02:13:31.092]   [34/43] UID=90183256 (36氪) -> 2,529,960 (更新1条视频)
[2026-07-25 02:13:32.084]   [粉丝-card] UID=3493123841853732 code=-352 msg=-352
[2026-07-25 02:13:32.090]   [粉丝] UID=3493123841853732 card API失败，尝试 relation API
[2026-07-25 02:13:32.632]   [35/43] UID=3493123841853732 (幻隐存储) -> 46,269 (更新1条视频)
[2026-07-25 02:13:33.453]   [粉丝-card] UID=1101057244 code=-352 msg=-352
[2026-07-25 02:13:33.458]   [粉丝] UID=1101057244 card API失败，尝试 relation API
[2026-07-25 02:13:34.253]   [36/43] UID=1101057244 (农村三人行) -> 320,623 (更新1条视频)
[2026-07-25 02:13:35.099]   [粉丝-card] UID=178690106 code=-352 msg=-352
[2026-07-25 02:13:35.101]   [粉丝] UID=178690106 card API失败，尝试 relation API
[2026-07-25 02:13:36.898]   [37/43] UID=178690106 (搞机所) -> 2,544,495 (更新1条视频)
[2026-07-25 02:13:38.932]   [粉丝-card] UID=478691043 code=-352 msg=-352
[2026-07-25 02:13:38.933]   [粉丝] UID=478691043 card API失败，尝试 relation API
[2026-07-25 02:13:39.561]   [38/43] UID=478691043 (穿毛裤的小拉泽) -> 4,144,482 (更新1条视频)
[2026-07-25 02:13:40.302]   [粉丝-card] UID=499001556 code=-352 msg=-352
[2026-07-25 02:13:40.303]   [粉丝] UID=499001556 card API失败，尝试 relation API
[2026-07-25 02:13:41.074]   [39/43] UID=499001556 (青菜萝卜01) -> 36,298 (更新1条视频)
[2026-07-25 02:13:41.704]   进度: 40/43
[2026-07-25 02:13:41.882]   [粉丝-card] UID=44128829 code=-352 msg=-352
[2026-07-25 02:13:41.885]   [粉丝] UID=44128829 card API失败，尝试 relation API
[2026-07-25 02:13:42.575]   [40/43] UID=44128829 (某天的游戏小屋) -> 737,135 (更新1条视频)
[2026-07-25 02:13:43.093]   [粉丝-card] UID=381610296 code=-352 msg=-352
[2026-07-25 02:13:43.096]   [粉丝] UID=381610296 card API失败，尝试 relation API
[2026-07-25 02:13:43.863]   [41/43] UID=381610296 (神仙弟弟阿鑫) -> 96,022 (更新1条视频)
[2026-07-25 02:13:44.502]   [粉丝-card] UID=3493122168326421 code=-352 msg=-352
[2026-07-25 02:13:44.505]   [粉丝] UID=3493122168326421 card API失败，尝试 relation API
[2026-07-25 02:13:45.217]   [42/43] UID=3493122168326421 (美丽浙江) -> 85,152 (更新1条视频)
[2026-07-25 02:13:45.863]   [粉丝-card] UID=3462389 code=-352 msg=-352
[2026-07-25 02:13:45.868]   [粉丝] UID=3462389 card API失败，尝试 relation API
[2026-07-25 02:13:46.626]   [43/43] UID=3462389 (川烈) -> 1,383,021 (更新1条视频)
[2026-07-25 02:13:46.967] 
[完成] 粉丝数补充: 成功 43, 失败 0
[2026-07-25 02:13:46.970] 
==========================================================================================
[2026-07-25 02:13:46.971]   动量分析 (单次快照模式)
[2026-07-25 02:13:46.971] ==========================================================================================
[2026-07-25 02:13:46.974] 关键词: 涨价
[2026-07-25 02:13:46.974] 显示数量: 999999
[2026-07-25 02:13:46.977] 评分维度: 播放速率(30%) + 粉丝转化(25%) + 互动密度(20%) + 新鲜度(15%) + 播放量(10%)
[2026-07-25 02:13:46.978] 
[2026-07-25 02:13:46.987] 
动量排行 Top 999999（按综合评分排序）
[2026-07-25 02:13:46.988] ------------------------------------------------------------------------------------------------------------------------------------------------------------------------------------
[2026-07-25 02:13:46.989] 排名   标题                                  播放量 UP主              粉丝      转化      速率/h     互动密度     视频年龄     历史增长     综合分
[2026-07-25 02:13:46.991] ------------------------------------------------------------------------------------------------------------------------------------------------------------------------------------
[2026-07-25 02:13:46.992] 1    涨价两元的盒饭风波                     6,111,191 222674840    39,316  155.4x     10500    0.042      24天      N/A   0.692
[2026-07-25 02:13:46.995] 2    一块钱能做什么？在这里，一块钱一杯茶可以坐一整天，坚    1,586,402 297936321    56,181   28.2x        50    0.218    1335天      N/A   0.460
[2026-07-25 02:13:46.997] 3    没涨价前速玩！！赛季初国补下30万就能满改的枪！三角    1,211,444 5995562     194,415    6.2x       206    0.205     245天      N/A   0.447
[2026-07-25 02:13:47.000] 4    显卡涨价商家不发货只能认栽？小企鹅教你两句话让他乖乖    4,786,929 54684514     66,742   71.7x      2646    0.027      75天      N/A   0.424
[2026-07-25 02:13:47.003] 5    童年不要钱的东西，换个名字涨价百倍？            1,171,072 137567826   532,228    2.2x      7694    0.007       6天      N/A   0.416
[2026-07-25 02:13:47.005] 6    无耻国货变相涨价，产品外壳单独售卖？            1,429,757 381610296    96,022   14.9x        71    0.162     839天      N/A   0.407
[2026-07-25 02:13:47.006] 7    国家育儿补贴刚落地，奶粉尿不湿迎来“技术性”涨价潮？    2,183,989 532778711   100,683   21.7x       257    0.144     354天      N/A   0.405
[2026-07-25 02:13:47.009] 8    【5毛的早餐你吃过吗？】85岁老奶奶早餐只卖5毛钱，    1,472,870 191402793   185,720    7.9x        32    0.160    1905天      N/A   0.405
[2026-07-25 02:13:47.011] 9    “10块钱4个，我嫌不够刺激不够爽！”郑州2元面包店    3,694,896 403207842   203,989   18.1x        90    0.123    1715天      N/A   0.400
[2026-07-25 02:13:47.012] 10   雪莲负责人：雪莲5毛一包13年未涨价，“赚不到很多钱    3,765,104 590804848   102,819   36.6x       106    0.114    1483天      N/A   0.394
[2026-07-25 02:13:47.013] 11   卖了27年5角钱早餐的“早餐奶奶”走了           1,128,054 349312216    85,152   13.2x        50    0.151     943天      N/A   0.393
[2026-07-25 02:13:47.015] 12   4块钱的通缉犯，一涨价立马落网...            8,852,906 3462389    1,383,021    6.4x       259    0.029    1423天      N/A   0.385
[2026-07-25 02:13:47.017] 13   太原小伙卖打卤面，80个鸡蛋当水泼，12元一碗，四年    6,706,944 470990524   186,369   36.0x       708    0.041     395天      N/A   0.380
[2026-07-25 02:13:47.020] 14   【出租屋改造】真·房东涨价系列，1500元改造12平    1,717,748 4916938     165,175   10.4x        30    0.122    2374天      N/A   0.373
[2026-07-25 02:13:47.022] 15   这一戳，直接给北极星又干涨价了               1,050,454 354656747    14,227   73.8x       249    0.118     175天      N/A   0.367
[2026-07-25 02:13:47.023] 16   江西70岁老奶奶摆摊卖小吃，一毛一个30年没涨价，全    1,738,043 337019942    51,975   33.4x        30    0.111    2428天      N/A   0.363
[2026-07-25 02:13:47.024] 17   iPhone18大涨价？苹果手机快撑不住了！        1,166,736 354696049   176,560    6.6x      2059    0.007      24天      N/A   0.355
[2026-07-25 02:13:47.025] 18   当包子铺老板只给你涨价                   1,012,456 370698861     6,765  149.7x      1183    0.034      36天      N/A   0.341
[2026-07-25 02:13:47.026] 19   178元必胜客自助 2000多战绩1人 你涨价我就不    1,477,403 354638016   258,909    5.7x        72    0.086     850天      N/A   0.338
[2026-07-25 02:13:47.028] 20   屌丝饮料：好好好！嫌弃我是吧？我明天就涨价！！！！     1,656,625 480892741   306,036    5.4x        64    0.082    1076天      N/A   0.336
[2026-07-25 02:13:47.029] 21   韩国玩家质疑原石涨价，竟要抵制纳西妲卡池。         2,461,777 207058844    42,774   57.5x        77    0.070    1331天      N/A   0.336
[2026-07-25 02:13:47.031] 22   5毛“早餐奶奶”离世，坚持20多年没涨价，附近村民都    1,439,115 206037358     9,582  150.2x        64    0.081     942天      N/A   0.332
[2026-07-25 02:13:47.033] 23   合肥大姐卖10元盒饭，四十多个菜随便吃，坚持十年不涨    1,206,697 660013124    54,492   22.1x       109    0.079     461天      N/A   0.329
[2026-07-25 02:13:47.035] 24   消费降级旋转小火锅反而涨价，现在的小火锅值不值？      4,438,626 1659154     326,853   13.6x       971    0.006     190天      N/A   0.327
[2026-07-25 02:13:47.037] 25   商家怎样涨价才能不被消费者发觉？              1,068,018 10099322    227,321    4.7x        25    0.096    1812天      N/A   0.327
[2026-07-25 02:13:47.038] 26   一瓶涨价五毛钱总体少卖7个亿 康师傅500ml冰红茶    3,007,613 212484711    20,122  149.5x       365    0.044     344天      N/A   0.327
[2026-07-25 02:13:47.039] 27   假如鸡肉涨价了，比矿还值钱！                1,328,905 107551004     2,162  614.7x        35    0.077    1575天      N/A   0.327
[2026-07-25 02:13:47.040] 28   为了学生，八旬奶奶卖5角钱早餐，27年不涨价！       4,270,682 404194769  1,628,670    2.6x       111    0.156    1606天      N/A   0.320
[2026-07-25 02:13:47.041] 29   终于有人骂它了，智能电视是怎么让网友们破防的？       1,364,976 65194045      2,507  544.5x        44    0.067    1285天      N/A   0.319
[2026-07-25 02:13:47.042] 30   27年不涨价！用退休金贴补卖5角钱早餐的奶奶，去世了    1,079,144 214446448    75,015   14.4x        48    0.070     943天      N/A   0.318
[2026-07-25 02:13:47.042] 31   户子：节假日高速千万不能免费，不但不能免费还得涨价！      973,818 113146188    22,461   43.4x       137    0.068     295天      N/A   0.317
[2026-07-25 02:13:47.043] 32   陕西小伙自创10元小吃，6年不涨价，日卖8000元，    2,260,686 470990524   186,369   12.1x        73    0.050    1286天      N/A   0.315
[2026-07-25 02:13:47.045] 33   大型纪录片《屌丝饮料涨价》                 2,269,771 354638575    44,154   51.4x        95    0.046     995天      N/A   0.312
[2026-07-25 02:13:47.046] 34   西安大叔做小吃，一锅300斤3小时卖完，8年不涨价，    1,880,738 431031662   145,836   12.9x        38    0.053    2076天      N/A   0.311
[2026-07-25 02:13:47.047] 35   《马尿饮料传奇》奉上！康师傅涨价，小瓶冰红茶3块到3    1,404,335 287545202     8,666  162.1x        59    0.059     995天      N/A   0.311
[2026-07-25 02:13:47.048] 36   【第一视角体验】女大进城，涨价前夕，拿下512g＋1    1,650,737 455317299   111,027   14.9x       571    0.037     120天      N/A   0.309
[2026-07-25 02:13:47.049] 37   冰红茶涨一块就老实了，初看是段子，再看已成现实，好吧    1,648,030 393469799    54,824   30.1x        87    0.051     786天      N/A   0.308
[2026-07-25 02:13:47.051] 38   《小坤国货》1-3合集 我卖电子垃圾狂赚十个亿，买家    3,034,967 392302824    94,885   32.0x       341    0.023     371天      N/A   0.307
[2026-07-25 02:13:47.052] 39   买到嘎嘎乐！3块一根的“神仙”雪糕，千万别涨价！        945,342 187467585   152,953    6.2x        44    0.060     901天      N/A   0.306
[2026-07-25 02:13:47.053] 40   食堂偷偷涨价，一份宫爆鸡丁竟然卖2毛！工人们不干了！    1,120,710 630824493    34,662   32.3x        32    0.057    1477天      N/A   0.305
[2026-07-25 02:13:47.054] 41   只因涨价一元，面馆老板遭斩首，扔垃圾桶，武汉面馆砍头    3,260,909 349308114    68,801   47.4x       376    0.013     361天      N/A   0.302
[2026-07-25 02:13:47.055] 42   萝卜快跑武汉涨价！已与网约车价格持平！几毛一公里再也    1,000,167 352105231    14,005   71.4x        57    0.052     729天      N/A   0.300
[2026-07-25 02:13:47.056] 43   日常｜学校里有款早餐，二十年了从未涨价，只有六毛钱.    2,483,663 48726171    231,475   10.7x        54    0.031    1928天      N/A   0.299
[2026-07-25 02:13:47.058] 44   资本贪婪成性，腾讯视频会员又涨价，为什么要我们买单？    1,166,646 521952252    36,762   31.7x        25    0.049    1909天      N/A   0.299
[2026-07-25 02:13:47.058] 45   国窖涨价                          1,002,736 354686802        70 14324.8x        84    0.049     497天      N/A   0.298
[2026-07-25 02:13:47.059] 46   可口可乐为什么又涨价了？【十里堡嗅财】           3,940,128 296399504   348,328   11.3x       115    0.007    1424天      N/A   0.297
[2026-07-25 02:13:47.060] 47   西格玛羽球人                        1,032,932 354638756    39,716   26.0x        58    0.047     742天      N/A   0.296
[2026-07-25 02:13:47.062] 48   央视报道 央视关注显卡涨价，记者调查，显卡都卖给了矿    2,217,129 203394621     1,792 1237.2x        47    0.031    1954天      N/A   0.296
[2026-07-25 02:13:47.064] 49   萤火突击的物价是怎么涨价的                 1,077,581 387228906    13,419   80.3x        81    0.045     553天      N/A   0.295
[2026-07-25 02:13:47.064] 50   希望显卡涨价，让卖电脑卖魔怔的人继续意气风发        1,798,264 326371554   475,102    3.8x        46    0.100    1644天      N/A   0.295
[2026-07-25 02:13:47.064] 51   当你经常吃的店突然涨价时                  1,247,132 354665954    28,553   43.7x       328    0.035     159天      N/A   0.295
[2026-07-25 02:13:47.066] 52   这真的是我第一次在会员购里买到的涨价手办！         1,050,483 499001556    36,298   28.9x        56    0.045     784天      N/A   0.294
[2026-07-25 02:13:47.067] 53   揭秘！共享充电宝“涨价”背后的套路！              997,083 274310388   213,490    4.7x        22    0.062    1930天      N/A   0.294
[2026-07-25 02:13:47.069] 54   3090涨价了！那就自己挫一个！              2,809,991 10781453     80,631   34.9x        37    0.017    3170天      N/A   0.291
[2026-07-25 02:13:47.070] 55   饮料且喝且珍惜！原油涨价推高饮料瓶成本 国内多数饮料    1,192,806 701504969   116,598   10.2x       509    0.025      98天      N/A   0.290
[2026-07-25 02:13:47.071] 56   女子吐槽所有东西都在悄悄涨价，“以前充电宝一个小时1      983,682 190520681   118,437    8.3x       164    0.038     249天      N/A   0.290
[2026-07-25 02:13:47.071] 57   方便面涨价是自杀还是自救？谁在抛弃康师傅？         2,586,404 521952252    36,762   70.4x        67    0.017    1612天      N/A   0.289
[2026-07-25 02:13:47.072] 58   麦当劳，我买不起你了                    2,620,295 1659154     326,853    8.0x        83    0.015    1316天      N/A   0.288
[2026-07-25 02:13:47.072] 59   100元买童年零食！5毛钱的零食都涨价了，价格翻好几    2,596,159 57729150    304,112    8.5x        96    0.012    1123天      N/A   0.285
[2026-07-25 02:13:47.073] 60   多个奶茶品牌涨价，所以蜜雪冰城也做出了一个艰难的决定    6,317,035 48084221   2,008,174    3.1x       115    0.059    2297天      N/A   0.284
[2026-07-25 02:13:47.073] 61   透析患者的续命药膏如何成了皮肤科的网红爆品？          953,531 26158131    147,425    6.5x        60    0.034     665天      N/A   0.283
[2026-07-25 02:13:47.075] 62   艾米花70买材料自制雪媚娘，妈妈想吃要5元买，还说做    2,529,074 160766368   127,337   19.9x       209    0.005     504天      N/A   0.281
[2026-07-25 02:13:47.075] 63   女子在张家界旅游时在夜市买烧烤  5串烤菜32元 付      939,977 486484354    46,894   20.0x        87    0.031     451天      N/A   0.281
[2026-07-25 02:13:47.076] 64   日本懵了，美国没办法，十年不涨价的1元打火机如何垄断    1,261,260 105219266     1,915  658.6x        40    0.028    1300天      N/A   0.281
[2026-07-25 02:13:47.076] 65   2025年最Der饮品店，买的越多价格越贵，当场涨价    2,024,948 1659154     326,853    6.2x       323    0.005     261天      N/A   0.278
[2026-07-25 02:13:47.077] 66   蜜雪冰城居然偷偷涨价了                   2,660,607 646025844    30,983   85.9x       108    0.003    1027天      N/A   0.278
[2026-07-25 02:13:47.079] 67   我提着100万现金进山里收购蜂蜜，可在准备装车时遭蜂    1,069,342 669768897    11,015   97.1x       412    0.015     108天      N/A   0.277
[2026-07-25 02:13:47.079] 68   （关于学校自助餐试图涨价遭大学生集体抵制这件事）      1,418,123 618665778     2,677  529.7x        57    0.021    1043天      N/A   0.277
[2026-07-25 02:13:47.079] 69   你知道挪威一瓶可乐多少钱吗？23块！为什么我们3元一    1,733,988 11030184    358,217    4.8x        47    0.023    1526天      N/A   0.277
[2026-07-25 02:13:47.080] 70   老干妈也涨价了，互联网竞争激烈营销哑火，内忧外患能否    2,662,238 521952252    36,762   72.4x        70    0.003    1574天      N/A   0.276
[2026-07-25 02:13:47.081] 71   整个饮料界难道就我一个想涨价吗！              1,332,519 473925437    63,935   20.8x       225    0.016     246天      N/A   0.276
[2026-07-25 02:13:47.081] 72   Steam一游戏国区涨价至4444444.44元！恶    1,280,963 10999014    123,753   10.3x        42    0.021    1272天      N/A   0.275
[2026-07-25 02:13:47.082] 73   大弹匣集体涨价居然因为哈德森的免费暗星？【三角洲行动      936,037 29226636    213,590    4.4x       259    0.048     150天      N/A   0.273
[2026-07-25 02:13:47.082] 74   因为转让费要10万，大姐便在草丛蹲了三天数据，没想到    1,021,154 349329531    95,197   10.7x       162    0.019     262天      N/A   0.273
[2026-07-25 02:13:47.084] 75   明明就是个韭菜盒子，结果被大娘简单操作，硬是搞涨价了    2,248,738 495763617    12,831  175.3x        50    0.005    1891天      N/A   0.273
[2026-07-25 02:13:47.085] 76   发改委针对内存涨价进行预测分析，内存涨价的根本原因揭    1,001,690 349312384    46,269   21.6x       306    0.014     136天      N/A   0.273
[2026-07-25 02:13:47.086] 77   红米K50即便涨价也要停产，是为了防止出现大批第三代    1,275,274 130103648   122,037   10.4x        37    0.019    1426天      N/A   0.272
[2026-07-25 02:13:47.087] 78   《茶影重重1》冰红茶涨价危机！               1,468,415 676891190    12,915  113.7x        62    0.015     991天      N/A   0.272
[2026-07-25 02:13:47.087] 79   共享充电宝、共享单车都成了“刺客”？为啥一边涨价还能    2,361,282 212562907    10,255  230.3x        75    0.002    1312天      N/A   0.272
[2026-07-25 02:13:47.088] 80   河北邯郸老奶奶炸串，1元4串，十几年不涨价         1,195,787 196857914    23,546   50.8x        73    0.017     686天      N/A   0.271
[2026-07-25 02:13:47.089] 81   你相信一见钟情么？别说话.吐车上500.爱情涨价了     1,001,787 675719246       205 4886.8x        19    0.020    2146天      N/A   0.270
[2026-07-25 02:13:47.089] 82   三人行小火锅涨价18元，水果香蕉、橘子随便吃，大家感    1,569,751 110105724   320,623    4.9x        39    0.014    1682天      N/A   0.269
[2026-07-25 02:13:47.090] 83   明星卖的零食，“含泪”涨价38%，给我整笑了！       1,556,064 187467585   152,953   10.2x       107    0.009     609天      N/A   0.269
[2026-07-25 02:13:47.091] 84   作为FMCG老营销人分析：康师傅涨价另有玄机        1,905,274 98676136     39,308   48.5x        80    0.005     992天      N/A   0.269
[2026-07-25 02:13:47.091] 85   等等党大失败！小红车永久涨价！壁纸引擎Wallpap    1,071,805 23764704    115,031    9.3x        79    0.016     567天      N/A   0.269
[2026-07-25 02:13:47.092] 86   奶茶的泡沫，终于要破了                   2,848,346 534964283   645,462    4.4x        74    0.021    1610天      N/A   0.268
[2026-07-25 02:13:47.093] 87   活久见！Steam上一垃圾游戏突然涨价至100万人民    1,026,315 10999014    123,753    8.3x        27    0.016    1604天      N/A   0.267
[2026-07-25 02:13:47.093] 88   一瓶3块，年入30亿！中国最“土”饮料，靠拿捏男人逆    1,789,230 346157306     2,840  630.0x        68    0.004    1091天      N/A   0.266
[2026-07-25 02:13:47.094] 89   虚假的奸商涨价百倍，真实的奸商涨5毛！TGC卡牌店模    1,250,169 300563393    89,733   13.9x        77    0.010     678天      N/A   0.265
[2026-07-25 02:13:47.094] 90   “没有一袋砂糖橘能过夜”冲上热搜！跌价十年的它会涨价    2,257,979 647940953   471,009    4.8x        57    0.005    1639天      N/A   0.265
[2026-07-25 02:13:47.095] 91   可乐冰红茶排队涨价，我们距离失去饮料自由还有多远？     2,312,942 168574628   488,288    4.7x       105    0.005     917天      N/A   0.264
[2026-07-25 02:13:47.095] 92   【24年3月】配件涨价 无奈啊 | 装机配置推荐 |    1,018,043 67944065     70,290   14.5x        49    0.012     870天      N/A   0.264
[2026-07-25 02:13:47.096] 93   女网红8块钱吃海底捞，迷惑行为引热议：怪不得最近小料    1,013,469 90108638     20,753   48.8x        21    0.013    2006天      N/A   0.263
[2026-07-25 02:13:47.096] 94   你前夫挺厉害给你干涨价了                  1,017,801 127190922     5,909  172.2x        86    0.010     492天      N/A   0.263
[2026-07-25 02:13:47.098] 95   我的盗版画居然涨价到2块钱了                4,958,952 652096797  1,952,682    2.5x       505    0.074     409天      N/A   0.261
[2026-07-25 02:13:47.099] 96   塔斯汀汉堡，前段时间你是买了多少推广啊？          1,514,613 1659154     326,853    4.6x        49    0.019    1291天      N/A   0.261
[2026-07-25 02:13:47.100] 97   广东糖果师听劝，加500块抹茶粉，涨价20元，顾客多    1,352,982 408389806     2,721  497.2x        35    0.002    1617天      N/A   0.258
[2026-07-25 02:13:47.101] 98   怪不得榨菜涨价                       1,104,138 389285883        24 46005.8x        17    0.006    2787天      N/A   0.258
[2026-07-25 02:13:47.101] 99   月薪两万，打不起羽毛球                   1,060,082 95717110        916 1157.3x        94    0.004     472天      N/A   0.258
[2026-07-25 02:13:47.101] 100  冰露为什么不涨价？只卖一块钱的良心矿泉水，真的不会亏      947,273 121663669    33,587   28.2x        30    0.007    1313天      N/A   0.257
[2026-07-25 02:13:47.102] 101  4元是国窖，5元是马尿                   1,017,390 519163710       130 7826.1x        54    0.002     785天      N/A   0.254
[2026-07-25 02:13:47.103] 102  问你玩什么游戏，你说你玩Steam？直播切片第一期     1,729,544 26100279    445,130    3.9x       290    0.042     248天      N/A   0.253
[2026-07-25 02:13:47.105] 103  周杰伦办演唱会，福州酒店涨价500元？           1,042,708 111475808   257,240    4.0x        55    0.041     789天      N/A   0.245
[2026-07-25 02:13:47.105] 104  中国最硬核央企，竟被吃瓜群众狂喷技术垃圾，就凭几十年    1,405,847 149309196   494,125    2.9x        30    0.101    1927天      N/A   0.243
[2026-07-25 02:13:47.106] 105  我们又做了一个决定！                    4,671,209 48084221   2,008,174    2.3x       125    0.078    1563天      N/A   0.240
[2026-07-25 02:13:47.107] 106  开战涨价五十倍？国家不买给对面？军神撇手雷扔出150    2,299,045 650899373   875,558    2.6x       289    0.085     331天      N/A   0.236
[2026-07-25 02:13:47.107] 107  雪莲也涨价了？！2024新品网红雪糕大摸底！！       8,158,672 478691043  4,144,482    2.0x       442    0.025     769天      N/A   0.227
[2026-07-25 02:13:47.108] 108  涨价后的咖喱鸡套餐，性价比依旧拉满这一块          1,341,275 158275764   599,329    2.2x      1325    0.048      42天      N/A   0.225
[2026-07-25 02:13:47.109] 109  【申公豹】我们从大基建时代，进入了大维修时代        1,288,811 107911190   570,699    2.3x        67    0.109     805天      N/A   0.220
[2026-07-25 02:13:47.110] 110  医者正心酸梅汤2.0版，请允许我涨价1块钱         2,346,813 214239453  1,665,970    1.4x       125    0.123     781天      N/A   0.206
[2026-07-25 02:13:47.110] 111  某显卡公司：“顾客愿意接受涨价”？揭露2021显卡价    2,574,764 35359510   3,609,211    0.7x        66    0.157    1635天      N/A   0.202
[2026-07-25 02:13:47.111] 112  柠檬变贵族果，曾经一斤1块1现在200一箱没货提！荔    1,685,638 647940953   471,009    3.6x       182    0.006     386天      N/A   0.201
[2026-07-25 02:13:47.112] 113  怀念！27年不涨价，用退休金贴补卖5角钱的早餐奶奶去    1,145,536 487614876  1,072,555    1.1x        51    0.155     943天      N/A   0.200
[2026-07-25 02:13:47.112] 114  【飘飘】杨迪甘愿7年不涨价，这高分穷综千万别停       2,239,906 646456240   907,241    2.5x        66    0.053    1422天      N/A   0.192
[2026-07-25 02:13:47.113] 115  伊朗封锁海峡，美国很可能也“获利”             1,877,541 490265189   721,137    2.6x       618    0.031     127天      N/A   0.190
[2026-07-25 02:13:47.114] 116  【申公豹】穷人三件套涨价，普通人的生活何去何从？      1,125,054 107911190   570,699    2.0x        60    0.089     784天      N/A   0.185
[2026-07-25 02:13:47.115] 117  黄牛跑路，股价暴跌，市值一天蒸发630亿！茅台开始吹    3,899,737 531131239  1,687,698    2.3x       213    0.025     762天      N/A   0.183
[2026-07-25 02:13:47.115] 118  【半佛】不涨价的小米，没有未来               3,345,789 37663924   7,718,038    0.4x        59    0.133    2350天      N/A   0.176
[2026-07-25 02:13:47.116] 119  腐朽涨价，电力死局！缺电正在绞杀美国的未来？        1,891,916 212345699  1,561,336    1.2x       562    0.092     140天      N/A   0.174
[2026-07-25 02:13:47.117] 120  机票多搜几次，真的会涨价吗？                1,361,604 40471088    509,700    2.7x        79    0.029     716天      N/A   0.170
[2026-07-25 02:13:47.118] 121  2026年618笔记本电脑选购指南，涨疯了！        1,820,814 367877     2,736,910    0.7x      1300    0.063      58天      N/A   0.164
[2026-07-25 02:13:47.118] 122  生活在通货膨胀的国家是一种什么样的体验？          1,558,984 490494088  1,609,326    1.0x        33    0.116    1995天      N/A   0.164
[2026-07-25 02:13:47.119] 123  揭露欧洲炸鸡快餐，后厨脏乱差、套餐涨价黑暗内幕       1,497,298 58226849    541,208    2.8x        80    0.011     775天      N/A   0.159
[2026-07-25 02:13:47.120] 124  星巴克事件出现反转？中国人又要反思？            1,338,235 99336697   1,222,392    1.1x        34    0.105    1618天      N/A   0.157
[2026-07-25 02:13:47.120] 125  【3月显卡推荐02】紧急更新！这些跟风涨价的显卡型号    1,000,218 96153951    361,392    2.8x        48    0.016     860天      N/A   0.157
[2026-07-25 02:13:47.121] 126  康师傅开启涨价第一枪？桶装方便面进入5元时代！       1,337,897 168574628   488,288    2.7x        70    0.008     793天      N/A   0.153
[2026-07-25 02:13:47.122] 127  可乐这么赚钱，为啥一直不涨价？               1,982,903 28760071    755,249    2.6x        65    0.004    1275天      N/A   0.151
[2026-07-25 02:13:47.123] 128  原材料涨价，工业国大量逆差，全球经济恶化到什么程度了    2,187,828 397490386  1,711,948    1.3x        62    0.071    1462天      N/A   0.148
[2026-07-25 02:13:47.124] 129  一斤烧麦120块？内蒙老板：“小本生意，不敢涨价。”    4,238,296 99157282   8,413,366    0.5x       162    0.082    1091天      N/A   0.147
[2026-07-25 02:13:47.124] 130  假如pvz全世界报纸都涨价                 1,776,619 183427184   914,015    1.9x        72    0.036    1027天      N/A   0.144
[2026-07-25 02:13:47.125] 131  冰红茶我们永别了，4块钱你是琼脂玉露，5块钱你啥也不    1,048,832 349314017   450,818    2.3x        56    0.025     781天      N/A   0.144
[2026-07-25 02:13:47.126] 132  从30吃饱50吃好，到人均上百元！吃火锅为什么越来越    3,075,320 531131239  1,687,698    1.8x       261    0.015     490天      N/A   0.140
[2026-07-25 02:13:47.126] 133  我胜利了你的胜利，万税爷宣布封锁霍尔木兹海峡        2,261,382 703186600  3,404,903    0.7x       930    0.067     101天      N/A   0.138
[2026-07-25 02:13:47.127] 134  上海炸串阿姨：谁敢涨价我就不干了！赚个屁钱！！【深夜    3,555,495 99157282   8,413,366    0.4x        58    0.089    2534天      N/A   0.138
[2026-07-25 02:13:47.127] 135  懂王震怒，坠机涨价，美国神器F35零件图纸为啥发给了    1,982,109 212345699  1,561,336    1.3x       126    0.061     656天      N/A   0.137
[2026-07-25 02:13:47.129] 136  韩国女校食堂6000元自助午饭长啥样？（食堂涨价了~    1,379,508 101682188  1,577,886    0.9x       190    0.088     302天      N/A   0.136
[2026-07-25 02:13:47.130] 137  电影票能不能别涨价了？观众都跑完了！            1,172,967 534964283   645,462    1.8x        30    0.043    1632天      N/A   0.135
[2026-07-25 02:13:47.131] 138  最高涨价2000元！国产手机，为什么越来越贵？         960,862 531131239  1,687,698    0.6x       505    0.070      79天      N/A   0.133
[2026-07-25 02:13:47.131] 139  时隔整整6年！这款永久涨价2次的神作居然能再次新史低    1,882,101 4186021    1,438,250    1.3x        60    0.057    1310天      N/A   0.132
[2026-07-25 02:13:47.133] 140  公共桩充电费暴涨87%！开电车省钱的时代结束了？      2,175,836 151482404  1,830,878    1.2x        85    0.058    1072天      N/A   0.131
[2026-07-25 02:13:47.133] 141  刚被捧红就涨价，冰红茶是不是太急了？            2,819,632 14781644   2,276,520    1.2x       119    0.040     987天      N/A   0.127
[2026-07-25 02:13:47.133] 142  房租涨价了 刚交了85000！房东都没想到我们能干这    1,172,231 44128829    737,135    1.6x        68    0.044     721天      N/A   0.126
[2026-07-25 02:13:47.134] 143  北京昌平北京一111平方米次新二手房488万成交，3    1,775,568 522653994  1,800,197    1.0x       943    0.013      78天      N/A   0.124
[2026-07-25 02:13:47.135] 144  只要一毛钱一串的串串店，老板居然二十年不涨价！       2,466,426 414641554  1,800,229    1.4x        56    0.036    1826天      N/A   0.123
[2026-07-25 02:13:47.135] 145  第五次涨价，平价饮料会消失吗？【雪鸡观察局246】     2,116,729 490494088  1,609,326    1.3x        97    0.042     913天      N/A   0.123
[2026-07-25 02:13:47.136] 146  显卡涨价、降价的背后，英伟达到底是家什么公司？？      1,560,190 35359510   3,609,211    0.4x        55    0.098    1174天      N/A   0.121
[2026-07-25 02:13:47.136] 147  1050日元一碗生鱼盖饭，开店38年都没涨价？男子吃    2,472,976 4474705    3,467,967    0.7x        38    0.069    2679天      N/A   0.120
[2026-07-25 02:13:47.137] 148  当泡泡玛特疯狂涨价时，上一个潮玩顶流已经价格崩盘、无    1,057,862 96575424    627,203    1.7x       112    0.030     394天      N/A   0.117
[2026-07-25 02:13:47.138] 149  柠檬水大涨价背后，印度人直呼“栓Q”            1,282,803 151482404  1,830,878    0.7x        38    0.083    1413天      N/A   0.117
[2026-07-25 02:13:47.138] 150  涨价救不了中国的视频网站，只有放弃独播才行【雪鸡研究    1,234,567 490494088  1,609,326    0.8x        33    0.075    1570天      N/A   0.112
[2026-07-25 02:13:47.139] 151  260斤壮汉，吃自助盒饭第13天，老板通知我说过两天    1,132,947 46825573    550,964    2.1x        32    0.004    1472天      N/A   0.111
[2026-07-25 02:13:47.140] 152  1年吃掉300亿只，3年涨价2倍！鸡爪为啥越来越贵了    2,364,712 531131239  1,687,698    1.4x       206    0.016     477天      N/A   0.109
[2026-07-25 02:13:47.140] 153  提振经济，要靠水电燃气涨价？                  941,810 570064     2,053,652    0.5x       236    0.084     166天      N/A   0.107
[2026-07-25 02:13:47.141] 154  存储越来越贵？一场被精心设计的涨价游戏           1,403,073 23326926   1,561,682    0.9x       511    0.045     114天      N/A   0.107
[2026-07-25 02:13:47.142] 155  肉都涨价，大sao去自助吃过瘾，海鲜配五花肉，媳妇拿    2,833,421 390461123  3,314,237    0.8x        47    0.042    2507天      N/A   0.107
[2026-07-25 02:13:47.142] 156  谁给了迪士尼涨价的勇气？谁叫有人越贵越想去         1,657,593 298753342  1,384,905    1.2x        88    0.038     781天      N/A   0.107
[2026-07-25 02:13:47.143] 157  最离谱折扣！这游戏永久涨价后还能新史低？！【Stea    1,384,368 4186021    1,438,250    1.0x        42    0.056    1368天      N/A   0.107
[2026-07-25 02:13:47.144] 158  抽好烟的越来越少，是什么改变了3亿烟民的习惯？       1,056,585 432597324   915,974    1.1x        40    0.050    1100天      N/A   0.106
[2026-07-25 02:13:47.146] 159  178元必胜客自助，一个人吃了1246.6元，今年又    2,229,472 8263502    2,489,226    0.9x       109    0.045     851天      N/A   0.106
[2026-07-25 02:13:47.147] 160  涨价5毛钱，少卖7个亿！康师傅冰红茶，正在抛弃“穷鬼    1,869,445 531131239  1,687,698    1.1x       365    0.030     213天      N/A   0.106
[2026-07-25 02:13:47.148] 161  拆开一块钱的打火机，我们发现了它20年不涨价的秘密     1,012,968 113145702  18,628,951    0.1x        51    0.108     831天      N/A   0.104
[2026-07-25 02:13:47.149] 162  偷看剧本：美国铅中毒疗法已涨价九倍，专家夸涨得好      1,254,484 346563107  5,555,090    0.2x        54    0.093     960天      N/A   0.103
[2026-07-25 02:13:47.150] 163  朱之文回应10万3首歌坚持不涨价：该挣的挣 不该挣的    1,045,367 522653994  1,800,197    0.6x       799    0.026      55天      N/A   0.102
[2026-07-25 02:13:47.151] 164  中国，现在非常缺驴                     2,027,832 26108626   3,486,200    0.6x       255    0.056     332天      N/A   0.102
[2026-07-25 02:13:47.152] 165  【JUMP】只要蜜雪冰城不涨价，我们永远都是好朋友     1,132,182 651039864  2,256,376    0.5x        44    0.070    1074天      N/A   0.093
[2026-07-25 02:13:47.153] 166  植物大战僵尸：紫卡植物大涨价，机枪需要9999阳光       935,824 472287931   561,465    1.7x        29    0.006    1348天      N/A   0.090
[2026-07-25 02:13:47.154] 167  大秦帝王对话（3）：秦始皇暴毙买咸鱼掩盖尸臭，导致咸    1,047,425 8112659    1,064,061    1.0x        22    0.040    1953天      N/A   0.088
[2026-07-25 02:13:47.155] 168  广州“最便宜的糖水”，全部只要3元，18块钱点了一桌    1,233,030 207346018  2,826,600    0.4x        29    0.066    1789天      N/A   0.087
[2026-07-25 02:13:47.155] 169  0元的假币如何对抗涨价170倍的卫生纸？          1,012,630 346563107  5,555,090    0.2x        28    0.083    1500天      N/A   0.087
[2026-07-25 02:13:47.156] 170  「干掉了」钟薛高，冰淇淋行业迎来了大涨价，魔幻不？     1,487,074 298753342  1,384,905    1.1x        62    0.024    1001天      N/A   0.085
[2026-07-25 02:13:47.157] 171  【断网补全计划128】张雪峰离世，没白活，周婕纶，奥      935,821 646732586  2,120,376    0.4x       335    0.058     116天      N/A   0.085
[2026-07-25 02:13:47.159] 172  价格暴涨10多倍还没货！尿素是如何影响世界的？       1,163,878 26108626   3,486,200    0.3x        54    0.069     901天      N/A   0.085
[2026-07-25 02:13:47.160] 173  霸者重装还是太超标了，直接大涨价，以前卖便宜了       1,636,698 268941858  3,185,640    0.5x       137    0.049     496天      N/A   0.084
[2026-07-25 02:13:47.160] 174  涨价过后，把2024年的麦当劳都点一遍，有啥不一样？    1,143,436 485704862  2,121,078    0.5x        57    0.057     838天      N/A   0.084
[2026-07-25 02:13:47.161] 175  【半佛】冰红茶茉莉蜜茶涨价，青春完蛋辣           1,388,764 37663924   7,718,038    0.2x        58    0.071     993天      N/A   0.082
[2026-07-25 02:13:47.162] 176  赛博金条？内存涨价后的游戏玩家该如何选择显卡？       1,028,713 91542133   2,406,989    0.4x       236    0.056     182天      N/A   0.081
[2026-07-25 02:13:47.163] 177  涨价16次，4年少卖2万吨！榨菜为什么越来越贵？      1,313,214 531131239  1,687,698    0.8x       260    0.030     210天      N/A   0.079
[2026-07-25 02:13:47.164] 178  “黑人抬棺”老哥：疫情结束后我们会涨价哦！         1,877,917 10330740   7,285,891    0.3x        34    0.057    2273天      N/A   0.078
[2026-07-25 02:13:47.165] 179  全沈阳最贵老式麻辣烫，一直在疯狂涨价            1,222,912 156338586  1,231,997    1.0x       110    0.022     463天      N/A   0.077
[2026-07-25 02:13:47.167] 180  【私家观察】可口可乐涨价你怎么看？             1,018,683 38157763   1,936,942    0.5x        22    0.053    1921天      N/A   0.077
[2026-07-25 02:13:47.168] 181  可口可乐涨价背后，爷的青春结束了？【快评】         1,311,758 490494088  1,609,326    0.8x        29    0.033    1917天      N/A   0.077
[2026-07-25 02:13:47.169] 182  可口可乐再次涨价，这次告别3.5元时代【雪鸡观察局1    1,069,856 490494088  1,609,326    0.7x        39    0.043    1157天      N/A   0.076
[2026-07-25 02:13:47.170] 183  麦当劳穷鬼套餐随心配1+1即将涨价，趁着没涨价，再吃    1,489,716 8263502    2,489,226    0.6x        48    0.040    1300天      N/A   0.075
[2026-07-25 02:13:47.172] 184  麦当劳汉堡一边缩水一边涨价？网友吐槽汉堡和马卡龙差不    1,222,480 522653994  1,800,197    0.7x       262    0.032     194天      N/A   0.075
[2026-07-25 02:13:47.173] 185  鸭子涨价，鸭店暴跌？绝味周黑鸭生死时刻，中国卤味大乱    1,490,717 486287787  2,746,982    0.5x        50    0.041    1239天      N/A   0.073
[2026-07-25 02:13:47.173] 186  【建议收藏】手机涨价后该怎么选？2025年8月暑期手      961,971 178690106  2,544,495    0.4x       112    0.054     359天      N/A   0.072
[2026-07-25 02:13:47.175] 187  刚吃完就涨价！天津新开业铜锅涮肉自助，鲜切牛羊肉、大      939,618 8263502    2,489,226    0.4x        43    0.056     901天      N/A   0.071
[2026-07-25 02:13:47.176] 188  广东1元早茶店，开店20多年仅涨价3毛到1块，5岁街    1,071,523 207346018  2,826,600    0.4x        21    0.051    2155天      N/A   0.068
[2026-07-25 02:13:47.176] 189  2025内存价格暴涨，史上排第几？何时降价？        1,187,953 35359510   3,609,211    0.3x       216    0.045     229天      N/A   0.068
[2026-07-25 02:13:47.177] 190  热成像涨价是机遇还是                    1,028,879 86881329   1,171,464    0.9x        61    0.022     700天      N/A   0.068
[2026-07-25 02:13:47.178] 191  重庆“规矩最多”的牛肉，1个人不喝3瓶酒水就不卖，十    1,755,446 207346018  2,826,600    0.6x        38    0.027    1944天      N/A   0.067
[2026-07-25 02:13:47.179] 192  天津378元蒸汽海鲜自助，升级涨价200元，完全不值    1,041,014 8263502    2,489,226    0.4x       397    0.034     109天      N/A   0.065
[2026-07-25 02:13:47.180] 193  联想拯救者R9000P 2024翻新评测：换屏，涨价    1,353,686 367877     2,736,910    0.5x        81    0.034     700天      N/A   0.064
[2026-07-25 02:13:47.181] 194  一年少卖4万吨！曾经风靡全国的卫龙辣条，为什么吃的人      993,890 531131239  1,687,698    0.6x        42    0.034     991天      N/A   0.063
[2026-07-25 02:13:47.182] 195  市场僵尸来了，植物通通涨价！                1,486,954 97213827   5,097,169    0.3x       134    0.040     464天      N/A   0.062
[2026-07-25 02:13:47.182] 196  胖龙今天很高兴，买的金条涨价了，做一锅筋头巴脑，美美    1,319,990 649661652  2,325,381    0.6x       177    0.021     311天      N/A   0.058
[2026-07-25 02:13:47.183] 197  卡片涨价的魔力！                        963,313 97213827   5,097,169    0.2x        93    0.049     430天      N/A   0.057
[2026-07-25 02:13:47.185] 198  快乐水可能涨价？来看看这和苏丹内乱有什么关系          985,477 14583962   8,296,126    0.1x        35    0.051    1168天      N/A   0.054
[2026-07-25 02:13:47.185] 199  “固体杨枝甘露”走红，外卖平台上到手价25-40元不      962,029 522653994  1,800,197    0.5x       154    0.022     261天      N/A   0.052
[2026-07-25 02:13:47.186] 200  【36氪】停产的撕拉片，涨价的拍立得，我们为何开始集      991,617 90183256   2,529,960    0.4x       102    0.006     403天      N/A   0.029
[2026-07-25 02:13:47.187] ------------------------------------------------------------------------------------------------------------------------------------------------------------------------------------
[2026-07-25 02:13:47.189] 
提示: 综合分 = 播放速率(30%) + 粉丝转化(25%) + 互动密度(20%) + 新鲜度(15%) + 播放量(10%)
[2026-07-25 02:13:47.190]       历史增长列显示多次爬取后的真实增长率，首次爬取为 N/A
[2026-07-25 02:13:47.195] 
[导出] 动量分析结果已保存到 output\涨价\momentum_20260725_021347.csv
