[2026-07-24 19:23:15.278] 日志文件: logs\spider_20260724_192315.log
[2026-07-24 19:23:15.279] ============================================================
[2026-07-24 19:23:15.279]   B站视频爬虫 (增强版)
[2026-07-24 19:23:15.280] ============================================================
[2026-07-24 19:23:15.280] 关键词: 服饰
[2026-07-24 19:23:15.281] 页数: 5
[2026-07-24 19:23:15.282] 排序: click
[2026-07-24 19:23:15.282] 线程数: 3
[2026-07-24 19:23:15.283] 延迟: 1.0s
[2026-07-24 19:23:15.284] 
[2026-07-24 19:23:15.296] [任务] 任务ID: 14
[2026-07-24 19:23:15.297] [搜索] 第 1/5 页...
[2026-07-24 19:23:15.760]   [限流] 第1页 等待 5 秒后重试 (1/3)...
[2026-07-24 19:23:21.110]   找到 20 个，新增 20 个
[2026-07-24 19:23:22.796] [搜索] 第 2/5 页...
[2026-07-24 19:23:23.128]   找到 20 个，新增 20 个
[2026-07-24 19:23:24.468] [搜索] 第 3/5 页...
[2026-07-24 19:23:24.945]   找到 20 个，新增 20 个
[2026-07-24 19:23:26.803] [搜索] 第 4/5 页...
[2026-07-24 19:23:27.241]   找到 20 个，新增 20 个
[2026-07-24 19:23:29.167] [搜索] 第 5/5 页...
[2026-07-24 19:23:29.603]   找到 20 个，新增 20 个
[2026-07-24 19:23:31.302] 
[搜索完成] 共 100 个视频，今日已爬 80 个，新增 20 个
[2026-07-24 19:23:31.303] [搜索统计] 搜索失败页数: 0
[2026-07-24 19:23:31.306] 
[详情获取] 使用 3 个线程获取视频详情...
[2026-07-24 19:23:32.405]   [1/20] av504147754 ✓
[2026-07-24 19:23:32.426]   [2/20] av1406482147 ✓
[2026-07-24 19:23:32.894]   [3/20] av689766979 ✓
[2026-07-24 19:23:33.696]   [4/20] av115088849634677 ✓
[2026-07-24 19:23:33.745]   [5/20] av724173980 ✓
[2026-07-24 19:23:33.778]   [6/20] av116543685924393 ✓
[2026-07-24 19:23:34.740]   [7/20] av400461819 ✓
[2026-07-24 19:23:34.908]   [8/20] av236994638 ✓
[2026-07-24 19:23:35.068]   [9/20] av116717514656663 ✓
[2026-07-24 19:23:36.020]   [10/20] av115101868821507 ✓
[2026-07-24 19:23:36.044]   [11/20] av414130078 ✓
[2026-07-24 19:23:36.096]   [12/20] av596958725 ✓
[2026-07-24 19:23:37.222]   [13/20] av116458256400991 ✓
[2026-07-24 19:23:37.283]   [14/20] av114409473119537 ✓
[2026-07-24 19:23:37.323]   [15/20] av643913473 ✓
[2026-07-24 19:23:38.483]   [16/20] av629536182 ✓
[2026-07-24 19:23:38.578]   [17/20] av115846139613655 ✓
[2026-07-24 19:23:38.681]   [18/20] av116244128861139 ✓
[2026-07-24 19:23:39.686]   [19/20] av1551351025 ✓
[2026-07-24 19:23:39.699]   [20/20] av619358349 ✓
[2026-07-24 19:23:39.704] 
[完成] 成功: 20, 失败: 0
[2026-07-24 19:23:39.707] 
============================================================
[2026-07-24 19:23:39.708]   Top 10 热门视频
[2026-07-24 19:23:39.710] ============================================================
[2026-07-24 19:23:39.711] 
1. 1920-2020 百年变迁，中国女性职业服装的变化
[2026-07-24 19:23:39.713]    播放: 5,247,320 | 弹幕: 6,179 | 收藏: 86,986 | 评论: 4,189
[2026-07-24 19:23:39.713] 
2. 黛玉骑鬼火，玉环醉卡座
[2026-07-24 19:23:39.714]    播放: 5,238,541 | 弹幕: 584 | 收藏: 22,692 | 评论: 1,233
[2026-07-24 19:23:39.716] 
3. 赶快倒闭！现在的女装店铺都是什么畸形审美？真是不要太恶心！
[2026-07-24 19:23:39.717]    播放: 5,233,893 | 弹幕: 3,578 | 收藏: 49,023 | 评论: 1,802
[2026-07-24 19:23:39.717] 
4. 人生就像钟表，可以回到起点，却已不是昨天
[2026-07-24 19:23:39.718]    播放: 5,223,751 | 弹幕: 4,566 | 收藏: 28,969 | 评论: 4,437
[2026-07-24 19:23:39.720] 
5. 闪购外卖Lolita，让广告来得更猛一些...！
[2026-07-24 19:23:39.722]    播放: 5,222,602 | 弹幕: 1,095 | 收藏: 44,989 | 评论: 2,443
[2026-07-24 19:23:39.723] 
6. 没有什么衣服是20岁能穿而50岁不能的！
[2026-07-24 19:23:39.723]    播放: 5,219,463 | 弹幕: 21,014 | 收藏: 32,156 | 评论: 3,453
[2026-07-24 19:23:39.725] 
7. 救命！！！Cos符玄大人去漫展 居然遇到这种事？？？
[2026-07-24 19:23:39.726]    播放: 5,215,237 | 弹幕: 810 | 收藏: 36,317 | 评论: 688
[2026-07-24 19:23:39.726] 
8. 一穿裙子一时爽 一直穿裙子一直…
[2026-07-24 19:23:39.727]    播放: 5,198,061 | 弹幕: 553 | 收藏: 49,743 | 评论: 2,660
[2026-07-24 19:23:39.728] 
9. 那个备婚两年刷爆全网的汉服婚礼正片来啦！！！
[2026-07-24 19:23:39.729]    播放: 5,079,516 | 弹幕: 19,563 | 收藏: 143,387 | 评论: 8,254
[2026-07-24 19:23:39.732] 
10. 校内丑关我校外什么事啊
[2026-07-24 19:23:39.734]    播放: 5,037,008 | 弹幕: 1,426 | 收藏: 22,895 | 评论: 2,009
[2026-07-24 19:23:39.735] 
================================================================================
[2026-07-24 19:23:39.737]   动量分析 (增强版)
[2026-07-24 19:23:39.738] ================================================================================
[2026-07-24 19:23:39.739] 关键词: 服饰
[2026-07-24 19:23:39.740] 指标: play_nums
[2026-07-24 19:23:39.741] 显示数量: 10
[2026-07-24 19:23:39.742] 
[2026-07-24 19:23:39.751] 
动量排行 Top 10（按综合评分排序）
[2026-07-24 19:23:39.752] --------------------------------------------------------------------------------------------------------------------------------------------
[2026-07-24 19:23:39.753] 排名   标题                                         当前播放量 UP主                    粉丝数        转化率       总增长%        日均%    数据点 状态          
[2026-07-24 19:23:39.754] --------------------------------------------------------------------------------------------------------------------------------------------
[2026-07-24 19:23:39.754] 1    摆脱春夏内衣“闷热”！与内衣和解，小胸显大不空杯！             22,790,190 457226461                -          -        N/A        N/A      0 无历史数据       
[2026-07-24 19:23:39.755] 2    『从头看她』1920-2020，中国女性发型的百年变迁           15,085,101 297344797                -          -        N/A        N/A      0 无历史数据       
[2026-07-24 19:23:39.757] 3    1920-2020 百年变迁，我眼中的中国女性真实之美。          14,190,477 297344797                -          -        N/A        N/A      0 无历史数据       
[2026-07-24 19:23:39.758] 4    穿搭测评交友                                14,074,553 480963436                -          -        N/A        N/A      0 无历史数据       
[2026-07-24 19:23:39.758] 5    “他们不像是走秀，倒像是来赴宴的......”| 前方高能·国风大     13,524,237 11860785                 -          -        N/A        N/A      0 无历史数据       
[2026-07-24 19:23:39.759] 6    耗时半年复刻电影里灰姑娘公主裙！每个女孩的公主梦都应该被实现呀       12,147,649 350975070                -          -        N/A        N/A      0 无历史数据       
[2026-07-24 19:23:39.760] 7    永远都不知道对手是什么“糕手”                       11,756,506 3546591034083            -          -        N/A        N/A      0 无历史数据       
[2026-07-24 19:23:39.761] 8    Zara今年的衣服绝了，这种请问谁能穿！                  11,238,112 303713614                -          -        N/A        N/A      0 无历史数据       
[2026-07-24 19:23:39.763] 9    海澜之家空中变装                              11,007,022 166326710                -          -        N/A        N/A      0 无历史数据       
[2026-07-24 19:23:39.764] 10   漫画胸能不能走出现实啊？？？？                       10,711,015 1968595                  -          -        N/A        N/A      0 无历史数据       
[2026-07-24 19:23:39.766] --------------------------------------------------------------------------------------------------------------------------------------------
[2026-07-24 19:23:39.770] 
[导出] 动量分析结果已保存到 output\服饰\momentum_20260724_192339.csv
