[2026-07-24 19:47:15.014] 日志文件: logs\spider_20260724_194715.log
[2026-07-24 19:47:15.016] 
================================================================================
[2026-07-24 19:47:15.017]   动量分析 (增强版)
[2026-07-24 19:47:15.018] ================================================================================
[2026-07-24 19:47:15.018] 关键词: 服饰
[2026-07-24 19:47:15.019] 指标: play_nums
[2026-07-24 19:47:15.019] 显示数量: 10
[2026-07-24 19:47:15.021] 
[2026-07-24 19:47:15.026] 
动量排行 Top 10（按综合评分排序）
[2026-07-24 19:47:15.028] --------------------------------------------------------------------------------------------------------------------------------------------------------------------------
[2026-07-24 19:47:15.055] 排名   标题                                  当前播放量 UP主               粉丝数      转化率       播放速率      评论数     总增长%      日均% 状态        
[2026-07-24 19:47:15.057] --------------------------------------------------------------------------------------------------------------------------------------------------------------------------
[2026-07-24 19:47:15.058] 1    摆脱春夏内衣“闷热”！与内衣和解，小胸显大不空杯！      22,790,190 457226461           -        -    615.4/h       19      N/A      N/A 无历史数据     
[2026-07-24 19:47:15.058] 2    『从头看她』1920-2020，中国女性发型的百年变迁    15,085,101 297344797    1,950,000     7.7x          -        -      N/A      N/A 无历史数据     
[2026-07-24 19:47:15.060] 3    1920-2020 百年变迁，我眼中的中国女性真实之美。   14,190,477 297344797    1,950,000     7.3x          -        -      N/A      N/A 无历史数据     
[2026-07-24 19:47:15.063] 4    幸福了…幸福疯了！                       6,573,147 180926019       4,620  1422.8x          -        -      N/A      N/A 无历史数据     
[2026-07-24 19:47:15.063] 5    穿搭测评交友                         14,074,553 480963436           -        -          -        -      N/A      N/A 无历史数据     
[2026-07-24 19:47:15.064] 6    “他们不像是走秀，倒像是来赴宴的......”| 前方高   13,524,237 11860785            -        -          -        -      N/A      N/A 无历史数据     
[2026-07-24 19:47:15.064] 7    耗时半年复刻电影里灰姑娘公主裙！每个女孩的公主梦都应该被   12,147,649 350975070           -        -          -        -      N/A      N/A 无历史数据     
[2026-07-24 19:47:15.066] 8    永远都不知道对手是什么“糕手”                11,756,506 35465910340         -        -          -        -      N/A      N/A 无历史数据     
[2026-07-24 19:47:15.068] 9    Zara今年的衣服绝了，这种请问谁能穿！           11,238,112 303713614           -        -          -        -      N/A      N/A 无历史数据     
[2026-07-24 19:47:15.069] 10   海澜之家空中变装                       11,007,022 166326710           -        -          -        -      N/A      N/A 无历史数据     
[2026-07-24 19:47:15.069] --------------------------------------------------------------------------------------------------------------------------------------------------------------------------
[2026-07-24 19:47:15.073] 
[导出] 动量分析结果已保存到 output\服饰\momentum_20260724_194715.csv
