[2026-07-24 20:39:21.582] 日志文件: logs\spider_20260724_203921.log
[2026-07-24 20:39:21.583] 
==========================================================================================
[2026-07-24 20:39:21.583]   动量分析 (单次快照模式)
[2026-07-24 20:39:21.584] ==========================================================================================
[2026-07-24 20:39:21.584] 关键词: 服饰
[2026-07-24 20:39:21.585] 显示数量: 5
[2026-07-24 20:39:21.586] 评分维度: 播放速率(30%) + 粉丝转化(25%) + 互动密度(20%) + 新鲜度(15%) + 播放量(10%)
[2026-07-24 20:39:21.587] 
[2026-07-24 20:39:21.591] 
动量排行 Top 5（按综合评分排序）
[2026-07-24 20:39:21.591] ------------------------------------------------------------------------------------------------------------------------------------------------------------------------------------
[2026-07-24 20:39:21.592] 排名   标题                                  播放量 UP主              粉丝      转化      速率/h     互动密度     视频年龄     历史增长     综合分
[2026-07-24 20:39:21.593] ------------------------------------------------------------------------------------------------------------------------------------------------------------------------------------
[2026-07-24 20:39:21.595] 1    穿搭测评交友                       14,074,553 480963436         -       -     12182        -      48天      N/A   0.378
[2026-07-24 20:39:21.597] 2    幸福了…幸福疯了！                     6,573,147 180926019     4,620 1422.8x       338        -     810天      N/A   0.270
[2026-07-24 20:39:21.598] 3    永远都不知道对手是什么“糕手”              11,756,506 354659103         -       -      5702        -      86天      N/A   0.206
[2026-07-24 20:39:21.599] 4    No cap =)))                   9,679,011 354686025  9,679,000    1.0x      5619        -      72天      N/A   0.192
[2026-07-24 20:39:21.599] 5    穿搭测评交友                        5,339,982 480963436         -       -      6216        -      36天      N/A   0.183
[2026-07-24 20:39:21.600] ------------------------------------------------------------------------------------------------------------------------------------------------------------------------------------
[2026-07-24 20:39:21.600] 
提示: 综合分 = 播放速率(30%) + 粉丝转化(25%) + 互动密度(20%) + 新鲜度(15%) + 播放量(10%)
[2026-07-24 20:39:21.601]       历史增长列显示多次爬取后的真实增长率，首次爬取为 N/A
