[2026-07-25 01:02:20.461] 日志文件: logs\spider_20260725_010220.log
[2026-07-25 01:02:20.462] ============================================================
[2026-07-25 01:02:20.463]   B站视频爬虫 (增强版)
[2026-07-25 01:02:20.466] ============================================================
[2026-07-25 01:02:20.467] 关键词: 穷人
[2026-07-25 01:02:20.468] 页数: 3
[2026-07-25 01:02:20.471] 排序: click
[2026-07-25 01:02:20.472] 线程数: 3
[2026-07-25 01:02:20.473] 延迟: 1.0s
[2026-07-25 01:02:20.473] 
[2026-07-25 01:02:20.516] [任务] 任务ID: 36
[2026-07-25 01:02:20.518] [搜索] 第 1/3 页...
[2026-07-25 01:02:21.131]   找到 20 个，新增 20 个
[2026-07-25 01:02:22.983] [搜索] 第 2/3 页...
[2026-07-25 01:02:23.531]   找到 20 个，新增 20 个
[2026-07-25 01:02:24.594] [搜索] 第 3/3 页...
[2026-07-25 01:02:25.183]   找到 20 个，新增 20 个
[2026-07-25 01:02:26.452] 
[搜索完成] 共 60 个视频，今日已爬 60 个，新增 0 个
[2026-07-25 01:02:26.454] [搜索统计] 搜索失败页数: 0
[2026-07-25 01:02:26.454] [完成] 没有新视频需要爬取
[2026-07-25 01:02:26.462] 
============================================================
[2026-07-25 01:02:26.464]   自动检测并补充粉丝数
[2026-07-25 01:02:26.465] ============================================================
[2026-07-25 01:02:26.469] 待补充UP主数: 0
[2026-07-25 01:02:26.474] [完成] 所有UP主已有粉丝数据
[2026-07-25 01:02:26.475] [价值分析] 无数据可分析
