[2026-07-24 20:38:43.421] 日志文件: logs\spider_20260724_203843.log
[2026-07-24 20:38:43.422] 
==========================================================================================
[2026-07-24 20:38:43.422]   动量分析 (单次快照模式)
[2026-07-24 20:38:43.423] ==========================================================================================
[2026-07-24 20:38:43.423] 关键词: 服饰
[2026-07-24 20:38:43.424] 显示数量: 5
[2026-07-24 20:38:43.425] 评分维度: 播放速率(30%) + 粉丝转化(25%) + 互动密度(20%) + 新鲜度(15%) + 播放量(10%)
[2026-07-24 20:38:43.425] 
[2026-07-24 20:38:43.431] 
动量排行 Top 5（按综合评分排序）
[2026-07-24 20:38:43.433] ------------------------------------------------------------------------------------------------------------------------------------------------------------------------------------
[2026-07-24 20:38:43.434] 排名   标题                                  播放量 UP主              粉丝      转化      速率/h     互动密度     视频年龄     历史增长     综合分
[2026-07-24 20:38:43.434] ------------------------------------------------------------------------------------------------------------------------------------------------------------------------------------
[2026-07-24 20:38:43.435] 1    穿搭测评交友                       14,074,553 480963436         -       -     12182        -       0h      N/A   0.378
[2026-07-24 20:38:43.436] 2    幸福了…幸福疯了！                     6,573,147 180926019     4,620 1422.8x         -        -       0h      N/A   0.287
[2026-07-24 20:38:43.437] 3    摆脱春夏内衣“闷热”！与内衣和解，小胸显大不空杯！    22,790,190 457226461         -       -       615        -       0h      N/A   0.140
[2026-07-24 20:38:43.438] 4    『从头看她』1920-2020，中国女性发型的百年变   15,085,101 297344797  1,950,000    7.7x       519        -       0h      N/A   0.097
[2026-07-24 20:38:43.438] 5    1920-2020 百年变迁，我眼中的中国女性真实之   14,190,477 297344797  1,950,000    7.3x       328        -       0h      N/A   0.088
[2026-07-24 20:38:43.439] ------------------------------------------------------------------------------------------------------------------------------------------------------------------------------------
[2026-07-24 20:38:43.439] 
提示: 综合分 = 播放速率(30%) + 粉丝转化(25%) + 互动密度(20%) + 新鲜度(15%) + 播放量(10%)
[2026-07-24 20:38:43.440]       历史增长列显示多次爬取后的真实增长率，首次爬取为 N/A
