[2026-07-25 01:43:50.136] 日志文件: logs\spider_20260725_014350.log
[2026-07-25 01:43:50.165] ============================================================
[2026-07-25 01:43:50.167]   B站视频爬虫 (增强版)
[2026-07-25 01:43:50.170] ============================================================
[2026-07-25 01:43:50.172] 关键词: 维护大佬
[2026-07-25 01:43:50.173] 页数: 10
[2026-07-25 01:43:50.175] 排序: click
[2026-07-25 01:43:50.175] 线程数: 5
[2026-07-25 01:43:50.177] 延迟: 1.0s
[2026-07-25 01:43:50.177] 
[2026-07-25 01:43:50.193] [任务] 任务ID: 39
[2026-07-25 01:43:50.194] [搜索] 第 1/10 页...
[2026-07-25 01:43:50.902]   找到 20 个，新增 20 个
[2026-07-25 01:43:52.658] [搜索] 第 2/10 页...
[2026-07-25 01:43:53.068]   找到 20 个，新增 20 个
[2026-07-25 01:43:54.561] [搜索] 第 3/10 页...
[2026-07-25 01:43:55.098]   找到 20 个，新增 20 个
[2026-07-25 01:43:56.360] [搜索] 第 4/10 页...
[2026-07-25 01:43:56.788]   找到 20 个，新增 10 个
[2026-07-25 01:43:58.002] [搜索] 第 5/10 页...
[2026-07-25 01:43:58.358]   找到 20 个，新增 20 个
[2026-07-25 01:43:59.923] [搜索] 第 6/10 页...
[2026-07-25 01:44:00.418]   找到 20 个，新增 20 个
[2026-07-25 01:44:01.800] [搜索] 第 7/10 页...
[2026-07-25 01:44:02.378]   找到 20 个，新增 4 个
[2026-07-25 01:44:04.040] [搜索] 第 8/10 页...
[2026-07-25 01:44:04.454]   找到 20 个，新增 20 个
[2026-07-25 01:44:05.588] [搜索] 第 9/10 页...
[2026-07-25 01:44:06.096]   无结果，可能已到末页
[2026-07-25 01:44:06.101] 
[搜索完成] 共 134 个视频，今日已爬 0 个，新增 134 个
[2026-07-25 01:44:06.104] [搜索统计] 搜索失败页数: 0
[2026-07-25 01:44:06.107] 
[详情获取] 使用 5 个线程获取视频详情...
[2026-07-25 01:44:08.076]   [1/134] av115127789625258 ✓
[2026-07-25 01:44:08.219]   [2/134] av201916398 ✓
[2026-07-25 01:44:08.225]   [3/134] av116840642643997 ✓
[2026-07-25 01:44:08.231]   [4/134] av113690099581486 ✓
[2026-07-25 01:44:08.593]   [5/134] av757600368 ✓
[2026-07-25 01:44:10.059]   [6/134] av976940511 ✓
[2026-07-25 01:44:10.064]   [7/134] av114402376291056 ✓
[2026-07-25 01:44:10.130]   [8/134] av782892023 ✓
[2026-07-25 01:44:10.292]   [9/134] av115843555922492 ✓
[2026-07-25 01:44:10.366]   [10/134] av116818429611004 ✓
[2026-07-25 01:44:11.701]   [11/134] av911600001 ✓
[2026-07-25 01:44:11.853]   [12/134] av806968113 ✓
[2026-07-25 01:44:12.072]   [13/134] av114894334598324 ✓
[2026-07-25 01:44:12.076]   [14/134] av114521024763666 ✓
[2026-07-25 01:44:12.352]   [15/134] av541230309 ✓
[2026-07-25 01:44:13.519]   [16/134] av259398364 ✓
[2026-07-25 01:44:13.888]   [17/134] av116758669171329 ✓
[2026-07-25 01:44:13.893]   [18/134] av878289923 ✓
[2026-07-25 01:44:14.118]   [19/134] av114572497264630 ✓
[2026-07-25 01:44:14.410]   [20/134] av997849277 ✓
[2026-07-25 01:44:15.537]   [21/134] av112863603723200 ✓
[2026-07-25 01:44:15.582]   [22/134] av115455230482200 ✓
[2026-07-25 01:44:15.632]   [23/134] av521170527 ✓
[2026-07-25 01:44:15.879]   [24/134] av754845986 ✓
[2026-07-25 01:44:16.086]   [25/134] av115239626474638 ✓
[2026-07-25 01:44:17.528]   [26/134] av114486849570827 ✓
[2026-07-25 01:44:17.567]   [27/134] av247274407 ✓
[2026-07-25 01:44:17.611]   [28/134] av115225365909139 ✓
[2026-07-25 01:44:17.847]   [29/134] av116818983256834 ✓
[2026-07-25 01:44:17.946]   [30/134] av41381074 ✓
[2026-07-25 01:44:19.443]   [31/134] av115245431458152 ✓
[2026-07-25 01:44:19.499]   [32/134] av421047041 ✓
[2026-07-25 01:44:19.504]   [33/134] av993157773 ✓
[2026-07-25 01:44:19.901]   [34/134] av875305646 ✓
[2026-07-25 01:44:19.943]   [35/134] av113784773479351 ✓
[2026-07-25 01:44:21.340]   [36/134] av754029512 ✓
[2026-07-25 01:44:21.508]   [37/134] av730537972 ✓
[2026-07-25 01:44:21.721]   [38/134] av113498319230665 ✓
[2026-07-25 01:44:21.725]   [39/134] av114119898307392 ✓
[2026-07-25 01:44:21.911]   [40/134] av451354281 ✓
[2026-07-25 01:44:23.211]   [41/134] av115241723890768 ✓
[2026-07-25 01:44:23.218]   [42/134] av12595678 ✓
[2026-07-25 01:44:23.253]   [43/134] av116319492113712 ✓
[2026-07-25 01:44:23.683]   [44/134] av1752835969 ✓
[2026-07-25 01:44:23.692]   [45/134] av113163680882192 ✓
[2026-07-25 01:44:25.251]   [46/134] av42231722 ✓
[2026-07-25 01:44:25.262]   [47/134] av280436392 ✓
[2026-07-25 01:44:25.290]   [48/134] av114980368155021 ✓
[2026-07-25 01:44:25.758]   [49/134] av220596814 ✓
[2026-07-25 01:44:25.821]   [50/134] av112852983611984 ✓
[2026-07-25 01:44:26.751]   [51/134] av34910178 ✓
[2026-07-25 01:44:26.756]   [52/134] av891300685 ✓
[2026-07-25 01:44:27.106]   [53/134] av114568957264003 ✓
[2026-07-25 01:44:27.543]   [54/134] av1400891773 ✓
[2026-07-25 01:44:27.574]   [55/134] av817088852 ✓
[2026-07-25 01:44:28.295]   [粉丝] UID=349524356 card API失败，尝试 relation API
[2026-07-25 01:44:28.352]   [56/134] av115188909087608 ✓
[2026-07-25 01:44:28.870]   [粉丝] UID=349524356 relation API失败，尝试 Playwright
[2026-07-25 01:44:29.104]   [57/134] av116867603695637 ✓
[2026-07-25 01:44:29.755]   [58/134] av116328551685513 ✓
[2026-07-25 01:44:29.765]   [59/134] av931699268 ✓
[2026-07-25 01:44:30.298]   [60/134] av115339333468533 ✓
[2026-07-25 01:44:30.871]   [61/134] av206608602 ✓
[2026-07-25 01:44:31.368]   [62/134] av619566617 ✓
[2026-07-25 01:44:31.568]   [63/134] av115092104416709 ✓
[2026-07-25 01:44:32.069]   [64/134] av113033523233559 ✓
[2026-07-25 01:44:32.326]   [65/134] av115162384175103 ✓
[2026-07-25 01:44:33.148]   [66/134] av116786250910574 ✓
[2026-07-25 01:44:33.546]   [67/134] av627356244 ✓
[2026-07-25 01:44:33.833]   [68/134] av116912214247089 ✓
[2026-07-25 01:44:34.221]   [69/134] av115726903941305 ✓
[2026-07-25 01:44:34.977]   [70/134] av998700434 ✓
[2026-07-25 01:44:35.372]   [71/134] av116015841215489 ✓
[2026-07-25 01:44:35.651]   [72/134] av726377098 ✓
[2026-07-25 01:44:35.874]   [73/134] av573085131 ✓
[2026-07-25 01:44:36.067]   [粉丝-PW] UID=349524356 页面未找到粉丝数
[2026-07-25 01:44:36.068]   [粉丝] UID=349524356 三级回退全部失败
[2026-07-25 01:44:36.482]   [74/134] av262613629 ✓
[2026-07-25 01:44:36.700]   [75/134] av580155288 ✓
[2026-07-25 01:44:37.143]   [76/134] av294553098 ✓
[2026-07-25 01:44:37.224]   [77/134] av938464843 ✓
[2026-07-25 01:44:37.610]   [78/134] av926007625 ✓
[2026-07-25 01:44:38.348]   [79/134] av596983715 ✓
[2026-07-25 01:44:38.725]   [80/134] av506081809 ✓
[2026-07-25 01:44:39.163]   [81/134] av1453437617 ✓
[2026-07-25 01:44:39.358]   [82/134] av246294504 ✓
[2026-07-25 01:44:39.537]   [83/134] av919631919 ✓
[2026-07-25 01:44:40.297]   [评论限流] av116754088990048 等待 3 秒后重试 (1/3)...
[2026-07-25 01:44:40.293]   [84/134] av499317396 ✓
[2026-07-25 01:44:40.920]   [85/134] av337051051 ✓
[2026-07-25 01:44:41.289]   [86/134] av116503319942607 ✓
[2026-07-25 01:44:41.336]   [87/134] av1402683619 ✓
[2026-07-25 01:44:42.043]   [88/134] av115700731545530 ✓
[2026-07-25 01:44:42.692]   [89/134] av115240012547243 ✓
[2026-07-25 01:44:43.224]   [90/134] av294414188 ✓
[2026-07-25 01:44:43.231]   [91/134] av535619039 ✓
[2026-07-25 01:44:43.891]   [92/134] av116754088990048 ✓
[2026-07-25 01:44:44.033]   [93/134] av116843746428739 ✓
[2026-07-25 01:44:44.630]   [94/134] av781838056 ✓
[2026-07-25 01:44:45.194]   [95/134] av883722595 ✓
[2026-07-25 01:44:45.376]   [96/134] av116443391723262 ✓
[2026-07-25 01:44:45.566]   [97/134] av116892752676676 ✓
[2026-07-25 01:44:45.908]   [98/134] av116086674559257 ✓
[2026-07-25 01:44:46.293]   [99/134] av312504950 ✓
[2026-07-25 01:44:46.977]   [评论限流] av113677030199355 等待 3 秒后重试 (1/3)...
[2026-07-25 01:44:47.572]   [100/134] av113343415191463 ✓
[2026-07-25 01:44:47.795]   [101/134] av666532053 ✓
[2026-07-25 01:44:47.871]   [102/134] av115734604678908 ✓
[2026-07-25 01:44:47.952]   [103/134] av304224360 ✓
[2026-07-25 01:44:49.363]   [评论限流] av882557238 等待 3 秒后重试 (1/3)...
[2026-07-25 01:44:49.395]   [评论限流] av116503370338720 等待 3 秒后重试 (1/3)...
[2026-07-25 01:44:49.759]   [104/134] av116870019549064 ✓
[2026-07-25 01:44:49.852]   [105/134] av790248635 ✓
[2026-07-25 01:44:50.361]   [106/134] av113677030199355 ✓
[2026-07-25 01:44:51.237]   [107/134] av487121050 ✓
[2026-07-25 01:44:51.735]   [评论限流] av116294192009319 等待 3 秒后重试 (1/3)...
[2026-07-25 01:44:52.018]   [108/134] av116764356648798 ✓
[2026-07-25 01:44:52.784]   [评论限流] av116503370338720 等待 6 秒后重试 (2/3)...
[2026-07-25 01:44:53.141]   [109/134] av882557238 ✓
[2026-07-25 01:44:53.170]   [110/134] av116596131694242 ✓
[2026-07-25 01:44:54.259]   [111/134] av462960295 ✓
[2026-07-25 01:44:54.323]   [评论限流] av115370203682742 等待 3 秒后重试 (1/3)...
[2026-07-25 01:44:54.495]   [粉丝-card] UID=1672886460 code=-352 msg=-352
[2026-07-25 01:44:54.498]   [粉丝] UID=1672886460 card API失败，尝试 relation API
[2026-07-25 01:44:55.104]   [评论限流] av116294192009319 等待 6 秒后重试 (2/3)...
[2026-07-25 01:44:55.375]   [评论限流] av591899254 等待 3 秒后重试 (1/3)...
[2026-07-25 01:44:56.085]   [112/134] av212648674 ✓
[2026-07-25 01:44:57.612]   [评论限流] av116598799079477 等待 3 秒后重试 (1/3)...
[2026-07-25 01:44:57.724]   [评论限流] av115370203682742 等待 6 秒后重试 (2/3)...
[2026-07-25 01:44:58.799]   [113/134] av591899254 ✓
[2026-07-25 01:44:59.140]   [114/134] av116503370338720 ✓
[2026-07-25 01:45:00.228]   [粉丝-card] UID=3546571085974408 code=-352 msg=-352
[2026-07-25 01:45:00.232]   [粉丝] UID=3546571085974408 card API失败，尝试 relation API
[2026-07-25 01:45:00.693]   [粉丝-card] UID=476218092 code=-352 msg=-352
[2026-07-25 01:45:00.696]   [粉丝] UID=476218092 card API失败，尝试 relation API
[2026-07-25 01:45:00.959]   [评论限流] av116598799079477 等待 6 秒后重试 (2/3)...
[2026-07-25 01:45:01.113]   [评论限流] av113227266524104 等待 3 秒后重试 (1/3)...
[2026-07-25 01:45:01.450]   [115/134] av116294192009319 ✓
[2026-07-25 01:45:01.574]   [评论限流] av113194483847113 等待 3 秒后重试 (1/3)...
[2026-07-25 01:45:04.096]   [粉丝-card] UID=319147731 code=-352 msg=-352
[2026-07-25 01:45:04.100]   [粉丝] UID=319147731 card API失败，尝试 relation API
[2026-07-25 01:45:04.149]   [116/134] av115370203682742 ✓
[2026-07-25 01:45:04.433]   [评论限流] av113227266524104 等待 6 秒后重试 (2/3)...
[2026-07-25 01:45:04.901]   [评论限流] av113194483847113 等待 6 秒后重试 (2/3)...
[2026-07-25 01:45:05.117]   [评论限流] av591470369 等待 3 秒后重试 (1/3)...
[2026-07-25 01:45:05.575]   [粉丝-card] UID=1332407877 code=-352 msg=-352
[2026-07-25 01:45:05.578]   [粉丝] UID=1332407877 card API失败，尝试 relation API
[2026-07-25 01:45:06.534]   [评论限流] av643894166 等待 3 秒后重试 (1/3)...
[2026-07-25 01:45:07.350]   [117/134] av116598799079477 ✓
[2026-07-25 01:45:08.506]   [评论限流] av591470369 等待 6 秒后重试 (2/3)...
[2026-07-25 01:45:08.764]   [粉丝-card] UID=589102210 code=-352 msg=-352
[2026-07-25 01:45:08.767]   [粉丝] UID=589102210 card API失败，尝试 relation API
[2026-07-25 01:45:09.894]   [评论限流] av982461161 等待 3 秒后重试 (1/3)...
[2026-07-25 01:45:09.915]   [评论限流] av643894166 等待 6 秒后重试 (2/3)...
[2026-07-25 01:45:10.833]   [118/134] av113227266524104 ✓
[2026-07-25 01:45:11.362]   [119/134] av113194483847113 ✓
[2026-07-25 01:45:12.084]   [粉丝-card] UID=3493079717775660 code=-352 msg=-352
[2026-07-25 01:45:12.088]   [粉丝] UID=3493079717775660 card API失败，尝试 relation API
[2026-07-25 01:45:12.727]   [粉丝-card] UID=597860481 code=-352 msg=-352
[2026-07-25 01:45:12.739]   [粉丝] UID=597860481 card API失败，尝试 relation API
[2026-07-25 01:45:13.173]   [评论限流] av444516223 等待 3 秒后重试 (1/3)...
[2026-07-25 01:45:13.296]   [评论限流] av982461161 等待 6 秒后重试 (2/3)...
[2026-07-25 01:45:13.921]   [评论限流] av535142984 等待 3 秒后重试 (1/3)...
[2026-07-25 01:45:14.942]   [120/134] av591470369 ✓
[2026-07-25 01:45:16.353]   [评论限流] av116407656258376 等待 3 秒后重试 (1/3)...
[2026-07-25 01:45:16.357]   [121/134] av643894166 ✓
[2026-07-25 01:45:16.596]   [评论限流] av444516223 等待 6 秒后重试 (2/3)...
[2026-07-25 01:45:17.330]   [评论限流] av535142984 等待 6 秒后重试 (2/3)...
[2026-07-25 01:45:17.632]   [粉丝-card] UID=85607592 code=-352 msg=-352
[2026-07-25 01:45:17.634]   [粉丝] UID=85607592 card API失败，尝试 relation API
[2026-07-25 01:45:18.753]   [评论限流] av114869336608965 等待 3 秒后重试 (1/3)...
[2026-07-25 01:45:19.751]   [122/134] av982461161 ✓
[2026-07-25 01:45:19.766]   [评论限流] av116407656258376 等待 6 秒后重试 (2/3)...
[2026-07-25 01:45:20.935]   [粉丝-card] UID=3546609358998023 code=-352 msg=-352
[2026-07-25 01:45:20.937]   [粉丝] UID=3546609358998023 card API失败，尝试 relation API
[2026-07-25 01:45:22.043]   [评论限流] av115796864992642 等待 3 秒后重试 (1/3)...
[2026-07-25 01:45:22.105]   [评论限流] av114869336608965 等待 6 秒后重试 (2/3)...
[2026-07-25 01:45:22.993]   [123/134] av444516223 ✓
[2026-07-25 01:45:23.758]   [124/134] av535142984 ✓
[2026-07-25 01:45:24.413]   [评论限流] av114946880836513 等待 3 秒后重试 (1/3)...
[2026-07-25 01:45:24.829]   [粉丝-card] UID=397857562 code=-352 msg=-352
[2026-07-25 01:45:24.833]   [粉丝] UID=397857562 card API失败，尝试 relation API
[2026-07-25 01:45:25.445]   [评论限流] av115796864992642 等待 6 秒后重试 (2/3)...
[2026-07-25 01:45:25.858]   [评论限流] av115785674594892 等待 3 秒后重试 (1/3)...
[2026-07-25 01:45:26.212]   [125/134] av116407656258376 ✓
[2026-07-25 01:45:27.385]   [粉丝-card] UID=3546571085974408 code=-352 msg=-352
[2026-07-25 01:45:27.387]   [粉丝] UID=3546571085974408 card API失败，尝试 relation API
[2026-07-25 01:45:27.755]   [评论限流] av114946880836513 等待 6 秒后重试 (2/3)...
[2026-07-25 01:45:28.373]   [评论限流] av113668725409880 等待 3 秒后重试 (1/3)...
[2026-07-25 01:45:28.489]   [126/134] av114869336608965 ✓
[2026-07-25 01:45:29.260]   [评论限流] av115785674594892 等待 6 秒后重试 (2/3)...
[2026-07-25 01:45:29.635]   [粉丝-card] UID=398006359 code=-352 msg=-352
[2026-07-25 01:45:29.640]   [粉丝] UID=398006359 card API失败，尝试 relation API
[2026-07-25 01:45:30.603]   [评论限流] av116595863259745 等待 3 秒后重试 (1/3)...
[2026-07-25 01:45:31.794]   [评论限流] av113668725409880 等待 6 秒后重试 (2/3)...
[2026-07-25 01:45:31.838]   [127/134] av115796864992642 ✓
[2026-07-25 01:45:33.242]   [粉丝-card] UID=686247498 code=-352 msg=-352
[2026-07-25 01:45:33.247]   [粉丝] UID=686247498 card API失败，尝试 relation API
[2026-07-25 01:45:33.964]   [评论限流] av116595863259745 等待 6 秒后重试 (2/3)...
[2026-07-25 01:45:34.183]   [评论限流] av247684516 等待 3 秒后重试 (1/3)...
[2026-07-25 01:45:34.207]   [128/134] av114946880836513 ✓
[2026-07-25 01:45:35.420]   [粉丝-card] UID=473390327 code=-352 msg=-352
[2026-07-25 01:45:35.424]   [粉丝] UID=473390327 card API失败，尝试 relation API
[2026-07-25 01:45:35.668]   [129/134] av115785674594892 ✓
[2026-07-25 01:45:36.587]   [评论限流] av114979495742286 等待 3 秒后重试 (1/3)...
[2026-07-25 01:45:36.975]   [评论限流] av115220450117129 等待 3 秒后重试 (1/3)...
[2026-07-25 01:45:37.524]   [评论限流] av247684516 等待 6 秒后重试 (2/3)...
[2026-07-25 01:45:38.148]   [130/134] av113668725409880 ✓
[2026-07-25 01:45:39.944]   [评论限流] av114979495742286 等待 6 秒后重试 (2/3)...
[2026-07-25 01:45:40.367]   [评论限流] av115220450117129 等待 6 秒后重试 (2/3)...
[2026-07-25 01:45:40.421]   [131/134] av116595863259745 ✓
[2026-07-25 01:45:43.863]   [132/134] av247684516 ✓
[2026-07-25 01:45:46.397]   [133/134] av114979495742286 ✓
[2026-07-25 01:45:46.811]   [134/134] av115220450117129 ✓
[2026-07-25 01:45:46.821] 
[完成] 成功: 134, 失败: 0
[2026-07-25 01:45:46.825] 
============================================================
[2026-07-25 01:45:46.829]   Top 10 热门视频
[2026-07-25 01:45:46.831] ============================================================
[2026-07-25 01:45:46.832] 
1. 不知道是哪位程序员大佬，还很贴心的写好注释，是怕后面的维护人员看不懂吗。。。
[2026-07-25 01:45:46.834]    播放: 277,727 | 弹幕: 59 | 收藏: 290 | 评论: 42
[2026-07-25 01:45:46.835] 
2. 停服维护前发现一个默默刷经验的大佬
[2026-07-25 01:45:46.837]    播放: 272,629 | 弹幕: 4 | 收藏: 348 | 评论: 121
[2026-07-25 01:45:46.838] 
3. 别人的大哥:维护我! PK 元元的大哥:维护元元!
[2026-07-25 01:45:46.838]    播放: 110,980 | 弹幕: 66 | 收藏: 552 | 评论: 341
[2026-07-25 01:45:46.839] 
4. 是什么让高冷少女变得如此睿智（夕立改）今早9点维护了，还没捞到的抓紧捞哦 维护完了就没了，还有记得收
[2026-07-25 01:45:46.840]    播放: 76,763 | 弹幕: 16 | 收藏: 191 | 评论: 176
[2026-07-25 01:45:46.842] 
5. 筱宝将氪金大佬玩弄在手，随后被氪金大佬举报开挂，游戏开启维护
[2026-07-25 01:45:46.845]    播放: 54,962 | 弹幕: 15 | 收藏: 137 | 评论: 9
[2026-07-25 01:45:46.845] 
6. 想玩碧蓝档案国际服，用ourplay运行，谷歌账号登录，结果一直在维护，有大佬请教一下吗？
[2026-07-25 01:45:46.846]    播放: 50,554 | 弹幕: 0 | 收藏: 47 | 评论: 182
[2026-07-25 01:45:46.847] 
7. 【Newki搬运#51】Rust建筑大佬新作 3.2版本 六领地柜 史诗级低维护费城堡 战队住 高防
[2026-07-25 01:45:46.848]    播放: 35,947 | 弹幕: 30 | 收藏: 808 | 评论: 54
[2026-07-25 01:45:46.849] 
8. 同事大佬程序员请假了，他项目给我管理还贴心的写好了注释，是怕维护的人看不懂吗......
[2026-07-25 01:45:46.850]    播放: 21,007 | 弹幕: 0 | 收藏: 16 | 评论: 7
[2026-07-25 01:45:46.851] 
9. “他就是西方间谍！”俄罗斯大佬强势维护普京，纳瓦利内阴谋败露
[2026-07-25 01:45:46.851]    播放: 20,272 | 弹幕: 46 | 收藏: 70 | 评论: 93
[2026-07-25 01:45:46.852] 
10. Linux 中国社区大佬面对面——第一期，与 openSUSE 维护、打包大佬山木面对面
[2026-07-25 01:45:46.854]    播放: 16,909 | 弹幕: 94 | 收藏: 288 | 评论: 102
[2026-07-25 01:45:46.864] [修复] 已修正 207 条视频的评论数 (comment_count <- review)
[2026-07-25 01:45:46.866] 
============================================================
[2026-07-25 01:45:46.867]   自动检测并补充粉丝数
[2026-07-25 01:45:46.868] ============================================================
[2026-07-25 01:45:46.870] 待补充UP主数: 15
[2026-07-25 01:45:47.044]   [粉丝-card] UID=349524356 code=-352 msg=-352
[2026-07-25 01:45:47.048]   [粉丝] UID=349524356 card API失败，尝试 relation API
[2026-07-25 01:45:47.595]   [粉丝] UID=349524356 relation API失败，尝试 Playwright
[2026-07-25 01:45:48.185]   [粉丝-PW] UID=349524356 浏览器异常: cannot switch to a different thread (which happens to have exited)
[2026-07-25 01:45:48.188]   [粉丝] UID=349524356 三级回退全部失败
[2026-07-25 01:45:48.189]   [1/15] UID=349524356 (小菜鸟笑麽_bili) -> 获取失败
[2026-07-25 01:45:49.093]   [粉丝-card] UID=1672886460 code=-352 msg=-352
[2026-07-25 01:45:49.096]   [粉丝] UID=1672886460 card API失败，尝试 relation API
[2026-07-25 01:45:49.689]   [2/15] UID=1672886460 (勇哥看电影06) -> 2 (更新1条视频)
[2026-07-25 01:45:50.445]   [粉丝-card] UID=3546571085974408 code=-352 msg=-352
[2026-07-25 01:45:50.449]   [粉丝] UID=3546571085974408 card API失败，尝试 relation API
[2026-07-25 01:45:51.343]   [3/15] UID=3546571085974408 (伊看剧场) -> 60,636 (更新1条视频)
[2026-07-25 01:45:52.174]   [粉丝-card] UID=476218092 code=-352 msg=-352
[2026-07-25 01:45:52.177]   [粉丝] UID=476218092 card API失败，尝试 relation API
[2026-07-25 01:45:52.951]   [4/15] UID=476218092 (大虫91) -> 31,923 (更新1条视频)
[2026-07-25 01:45:53.684]   [粉丝-card] UID=319147731 code=-352 msg=-352
[2026-07-25 01:45:53.686]   [粉丝] UID=319147731 card API失败，尝试 relation API
[2026-07-25 01:45:54.314]   [5/15] UID=319147731 (6八方来财紫气东来9) -> 69,380 (更新1条视频)
[2026-07-25 01:45:54.894]   [粉丝-card] UID=1332407877 code=-352 msg=-352
[2026-07-25 01:45:54.899]   [粉丝] UID=1332407877 card API失败，尝试 relation API
[2026-07-25 01:45:55.640]   [6/15] UID=1332407877 (在下二蛋动画) -> 24,491 (更新1条视频)
[2026-07-25 01:45:56.315]   [粉丝-card] UID=589102210 code=-352 msg=-352
[2026-07-25 01:45:56.318]   [粉丝] UID=589102210 card API失败，尝试 relation API
[2026-07-25 01:45:57.113]   [7/15] UID=589102210 (爱代码的喵酱) -> 71,360 (更新1条视频)
[2026-07-25 01:45:58.019]   [粉丝-card] UID=3493079717775660 code=-352 msg=-352
[2026-07-25 01:45:58.024]   [粉丝] UID=3493079717775660 card API失败，尝试 relation API
[2026-07-25 01:45:58.836]   [8/15] UID=3493079717775660 (憨仔聊剧本人) -> 692 (更新1条视频)
[2026-07-25 01:45:59.691]   [粉丝-card] UID=597860481 code=-352 msg=-352
[2026-07-25 01:45:59.694]   [粉丝] UID=597860481 card API失败，尝试 relation API
[2026-07-25 01:46:00.341]   [9/15] UID=597860481 (私募排排网) -> 13,564 (更新1条视频)
[2026-07-25 01:46:01.107]   进度: 10/15
[2026-07-25 01:46:01.313]   [粉丝-card] UID=85607592 code=-352 msg=-352
[2026-07-25 01:46:01.315]   [粉丝] UID=85607592 card API失败，尝试 relation API
[2026-07-25 01:46:02.021]   [10/15] UID=85607592 (EarthDLL) -> 1,216 (更新1条视频)
[2026-07-25 01:46:02.904]   [粉丝-card] UID=3546609358998023 code=-352 msg=-352
[2026-07-25 01:46:02.908]   [粉丝] UID=3546609358998023 card API失败，尝试 relation API
[2026-07-25 01:46:03.484]   [11/15] UID=3546609358998023 (豆沙酥酥呀) -> 25,761 (更新1条视频)
[2026-07-25 01:46:04.103]   [粉丝-card] UID=397857562 code=-352 msg=-352
[2026-07-25 01:46:04.106]   [粉丝] UID=397857562 card API失败，尝试 relation API
[2026-07-25 01:46:04.842]   [12/15] UID=397857562 (曲飒飒) -> 1,749 (更新1条视频)
[2026-07-25 01:46:05.456]   [粉丝-card] UID=398006359 code=-352 msg=-352
[2026-07-25 01:46:05.460]   [粉丝] UID=398006359 card API失败，尝试 relation API
[2026-07-25 01:46:06.292]   [13/15] UID=398006359 (节操院长) -> 1,906 (更新1条视频)
[2026-07-25 01:46:07.324]   [粉丝-card] UID=686247498 code=-352 msg=-352
[2026-07-25 01:46:07.327]   [粉丝] UID=686247498 card API失败，尝试 relation API
[2026-07-25 01:46:07.954]   [14/15] UID=686247498 (逍遥护道人) -> 105 (更新1条视频)
[2026-07-25 01:46:08.624]   [粉丝-card] UID=473390327 code=-352 msg=-352
[2026-07-25 01:46:08.627]   [粉丝] UID=473390327 card API失败，尝试 relation API
[2026-07-25 01:46:09.211]   [15/15] UID=473390327 (雷哥教电脑) -> 4,502 (更新1条视频)
[2026-07-25 01:46:09.716] 
[完成] 粉丝数补充: 成功 14, 失败 1
[2026-07-25 01:46:09.718] 
==========================================================================================
[2026-07-25 01:46:09.721]   动量分析 (单次快照模式)
[2026-07-25 01:46:09.723] ==========================================================================================
[2026-07-25 01:46:09.724] 关键词: 维护大佬
[2026-07-25 01:46:09.726] 显示数量: 999999
[2026-07-25 01:46:09.728] 评分维度: 播放速率(30%) + 粉丝转化(25%) + 互动密度(20%) + 新鲜度(15%) + 播放量(10%)
[2026-07-25 01:46:09.728] 
[2026-07-25 01:46:09.738] 
动量排行 Top 999999（按综合评分排序）
[2026-07-25 01:46:09.742] ------------------------------------------------------------------------------------------------------------------------------------------------------------------------------------
[2026-07-25 01:46:09.743] 排名   标题                                  播放量 UP主              粉丝      转化      速率/h     互动密度     视频年龄     历史增长     综合分
[2026-07-25 01:46:09.744] ------------------------------------------------------------------------------------------------------------------------------------------------------------------------------------
[2026-07-25 01:46:09.747] 1    韭菜护送法到底好不好使，所谓的“动物圈大佬们”为何揪       15,048 346517430    71,025    0.2x        19    0.101      34天      N/A   0.614
[2026-07-25 01:46:09.748] 2    别人的大哥:维护我! PK 元元的大哥:维护元元!       110,980 84502013        775  143.2x        16    0.038     289天      N/A   0.560
[2026-07-25 01:46:09.751] 3    不知道是哪位程序员大佬，还很贴心的写好注释，是怕后面      277,727 597008660    41,638    6.7x         8    0.009    1538天      N/A   0.474
[2026-07-25 01:46:09.754] 4    国内大佬开发的良心APP，一款电脑系统维护多功能工具       13,891 604015611   150,974    0.1x         9    0.118      67天      N/A   0.458
[2026-07-25 01:46:09.756] 5    传奇世界：氪金大佬又来欺负公会小号三人组火速赶往维护          106 329651630     1,358    0.1x         0    0.594     425天      N/A   0.450
[2026-07-25 01:46:09.758] 6    【全200集】国防科技大佬爆肝整理的网警技术系统教程        1,932 349308680    50,619    0.0x         1    0.556     120天      N/A   0.449
[2026-07-25 01:46:09.759] 7    停服维护前发现一个默默刷经验的大佬               272,629 472092460        17 16037.0x         5    0.011    2151天      N/A   0.437
[2026-07-25 01:46:09.759] 8    【全300集】急需继承人！国防科技大佬爆肝整理的中国          674 156027017     7,174    0.1x         0    0.470     114天      N/A   0.412
[2026-07-25 01:46:09.761] 9    【2026最新】国防科技大佬带队熬夜爆肝！中国网警技          143 354694280       413    0.3x         0    0.336      23天      N/A   0.405
[2026-07-25 01:46:09.762] 10   【黑客技术实战】白帽大佬详解各类计算机病毒原理及攻击        2,792 354665542     1,806    1.6x         3    0.169      37天      N/A   0.383
[2026-07-25 01:46:09.764] 11   【网络安全】你安全吗？200集顶尖大佬亲授Web渗透          207 181899876        23    9.0x         0    0.377    1408天      N/A   0.377
[2026-07-25 01:46:09.767] 12   - 攻城掠地专属公益魔改版本，自带内置管理后台，全部          852 370700650        21   40.6x         1    0.232      39天      N/A   0.368
[2026-07-25 01:46:09.771] 13   （双男主） 恶毒炮灰日常挨揍，维护后大佬惩罚方式全跑        1,067 354685416    17,030    0.1x         3    0.053      15天      N/A   0.354
[2026-07-25 01:46:09.773] 14   民间大佬魔改版！！集系统优化、个性化设置、维护修复及        1,124 346156527    79,918    0.0x         2    0.079      19天      N/A   0.354
[2026-07-25 01:46:09.774] 15   网络工程师大佬90分钟教你从零开始利用企业网常见网络        1,866 141277989    62,845    0.0x         2    0.116      35天      N/A   0.350
[2026-07-25 01:46:09.776] 16   经过大佬魔改版，一款集系统清理、优化、隐私保护和监控        1,097 134095663    66,727    0.0x         2    0.089      24天      N/A   0.349
[2026-07-25 01:46:09.780] 17   网络工程师大佬90分钟教你从零开始利用企业网常见网络        2,192 141277989    62,845    0.0x         1    0.142      66天      N/A   0.346
[2026-07-25 01:46:09.781] 18   老纪揭秘了辨别真大佬的硬核细节：他们往往穿着舒适的平          449 10327108      5,108    0.1x         2    0.047      11天      N/A   0.343
[2026-07-25 01:46:09.782] 19   经过大佬魔改免费版！一款专注于电脑安全防护的恶意软件        1,102 604015611   150,974    0.0x         2    0.068      28天      N/A   0.337
[2026-07-25 01:46:09.784] 20   kk大佬维护的基于rocknix系统改版，AURKN        4,500 354694619       132   34.1x         2    0.065      84天      N/A   0.335
[2026-07-25 01:46:09.787] 21   不论你是萌新还是大佬，请进来让我们共同维护圈子的美好          113 592421005     1,089    0.1x         0    0.221     564天      N/A   0.325
[2026-07-25 01:46:09.789] 22   如何维护大佬或贵人的关系                        398 397857562     1,749    0.2x         0    0.214     209天      N/A   0.323
[2026-07-25 01:46:09.791] 23   如何维护大佬和贵人的关系                      1,202 431449675       883    1.4x         0    0.196     199天      N/A   0.321
[2026-07-25 01:46:09.791] 24   【白帽大佬亲传网络安全教程】成为一个正义的白帽子，打          484 194771861        23   21.0x         0    0.207    1519天      N/A   0.320
[2026-07-25 01:46:09.793] 25   【网络安全】黑客红客渗透测试，想带20个维护网络安全        1,411 354690402       109   12.9x         0    0.191     424天      N/A   0.317
[2026-07-25 01:46:09.794] 26   是什么让高冷少女变得如此睿智（夕立改）今早9点维护了       76,763 168689517     1,186   64.7x         2    0.027    1745天      N/A   0.316
[2026-07-25 01:46:09.795] 27   网络工程师大佬90分钟教你从零开始利用企业网常见网络        2,916 141277989    62,845    0.1x         0    0.166     283天      N/A   0.314
[2026-07-25 01:46:09.827] 28   谁能帮我看看为啥啊，就是进不去，愁死人了，iOS端在          434 63310529        349    1.2x         1    0.039      28天      N/A   0.311
[2026-07-25 01:46:09.831] 29   arkos4clone系统更换darkos内核的新版        1,033 354694619       132    7.8x         1    0.068      84天      N/A   0.306
[2026-07-25 01:46:09.832] 30   有没有大佬遇到这个奇葩故障？怎么处理都死活打印不了#        1,106 398006359     1,906    0.6x         1    0.048      61天      N/A   0.304
[2026-07-25 01:46:09.834] 31   残疾大佬的小娇夫6:禾远维护斯越，下集斯越答应去做手        4,532 400734124    10,720    0.4x         0    0.119     992天      N/A   0.295
[2026-07-25 01:46:09.835] 32   FPS枪械游戏赶在维护前趸两局~谋害下大佬2021.           99 131482139       171    0.6x         -    0.131    1942天      N/A   0.294
[2026-07-25 01:46:09.836] 33   筱宝将氪金大佬玩弄在手，随后被氪金大佬举报开挂，游戏       54,962 693616222    22,735    2.4x         1    0.007    1745天      N/A   0.293
[2026-07-25 01:46:09.836] 34   网络工程师大佬手把手教你利用企业网常见网络设备：交换          644 101728179    29,238    0.0x         0    0.123     269天      N/A   0.293
[2026-07-25 01:46:09.837] 35   想玩碧蓝档案国际服，用ourplay运行，谷歌账号登       50,554 13907405         11 4595.8x         1    0.007    1553天      N/A   0.292
[2026-07-25 01:46:09.838] 36   EDC146！多功能工具日常保养维护方法分享！WD4        5,810 487840433    38,554    0.1x         1    0.094     454天      N/A   0.292
[2026-07-25 01:46:09.839] 37   网络工程师大佬手把手教你利用企业网常见网络设备：交换          468 101728179    29,238    0.0x         0    0.122     315天      N/A   0.292
[2026-07-25 01:46:09.841] 38   残疾大佬的小娇夫5:斯越惹哭禾远，下集禾远在前男友面        4,718 400734124    10,720    0.4x         0    0.109     993天      N/A   0.292
[2026-07-25 01:46:09.843] 39   看哭又看笑！经历反复情绪拉扯，她的回溯简直是灵魂史诗          142 20294919      1,150    0.1x         0    0.120     309天      N/A   0.291
[2026-07-25 01:46:09.845] 40   [基岩版插件]USF面临停更危机，恳请大佬协助维护         1,847 85607592      1,216    1.5x         0    0.106     372天      N/A   0.290
[2026-07-25 01:46:09.847] 41   网络工程师大佬教你利用企业网常见网络设备：交换机、路        1,408 141277989    62,845    0.0x         0    0.099     357天      N/A   0.286
[2026-07-25 01:46:09.848] 42   Linux 中国社区大佬面对面——第一期，与 ope       16,909 40420441      6,246    2.7x         0    0.073    2117天      N/A   0.286
[2026-07-25 01:46:09.849] 43   知乎大佬誓死维护奇响天外声誉！                  10,486 69933108     11,395    0.9x         1    0.063     726天      N/A   0.285
[2026-07-25 01:46:09.849] 44   Linux 中国社区大佬面对面——第三期，与 Gen        4,982 40420441      6,246    0.8x         0    0.091    1929天      N/A   0.284
[2026-07-25 01:46:09.850] 45   “他就是西方间谍！”俄罗斯大佬强势维护普京，纳瓦利内       20,272 105155217    10,307    2.0x         0    0.059    2009天      N/A   0.284
[2026-07-25 01:46:09.850] 46   F35维护费用极高，连美军都快用不起了，国会大佬对洛        1,043 306887340    70,098    0.0x         0    0.099    1838天      N/A   0.284
[2026-07-25 01:46:09.851] 47   【Newki搬运#51】Rust建筑大佬新作 3.2       35,947 375217794     4,365    8.2x         1    0.035    2825天      N/A   0.283
[2026-07-25 01:46:09.855] 48   网络工程师大佬手把手教你利用企业网常见网络设备：交换          415 101728179    29,238    0.0x         0    0.094     221天      N/A   0.283
[2026-07-25 01:46:09.856] 49   中国六大鹰派大佬人物，张口就是灭掉日本，强势发言维护          169 171709617     8,177    0.0x         0    0.095    1194天      N/A   0.282
[2026-07-25 01:46:09.858] 50   kk大佬魔改版rocknix停止维护, 转aurkn          772 354694619       132    5.8x         0    0.078     100天      N/A   0.281
[2026-07-25 01:46:09.859] 51   【满堆&Zy&旧情】堆宝个播，黑道大佬与他的小男高。          849 62032841      1,926    0.4x         0    0.088     932天      N/A   0.281
[2026-07-25 01:46:09.860] 52   看哭又看笑！经历反复情绪拉扯，她的回溯简直是灵魂史诗          167 20294919      1,150    0.1x         0    0.090     306天      N/A   0.281
[2026-07-25 01:46:09.861] 53   通知：宝石研物语计划于10月29日5点—10点进行临           89 439072691       627    0.1x         -    0.090    1365天      N/A   0.280
[2026-07-25 01:46:09.862] 54   分享玩家 电2 男神落安妤（玩狙看人品 游戏环境靠大          554 117158602     2,126    0.3x         0    0.085     885天      N/A   0.279
[2026-07-25 01:46:09.864] 55   看哭又看笑！经历反复情绪拉扯，她的回溯简直是灵魂史诗          178 20294919      1,150    0.1x         0    0.084     310天      N/A   0.279
[2026-07-25 01:46:09.865] 56   162集:商业顶级大佬都来全力维护一个外卖员？原来身       10,813 114738724    23,800    0.5x         1    0.032     638天      N/A   0.276
[2026-07-25 01:46:09.866] 57   丹峰姚子丹为小明炼丹，差点引起众怒，好在有大佬维护         7,873 133240787    24,491    0.3x         0    0.055    1455天      N/A   0.275
[2026-07-25 01:46:09.866] 58   老管对话第8期】某运营商，工程师爆料:华为的基站设备        1,090 94168585      7,684    0.1x         0    0.070     824天      N/A   0.275
[2026-07-25 01:46:09.867] 59   那些大佬懒得解释而萌新又不停会问的一些问题（登录器，        6,414 81462676      5,938    1.1x         0    0.061    2303天      N/A   0.275
[2026-07-25 01:46:09.868] 60   原来妖股都是有游资大佬维护的                    5,740 354682645     5,607    1.0x         0    0.043     503天      N/A   0.274
[2026-07-25 01:46:09.869] 61   网络工程师大佬手把手教你利用企业网常见网络设备：交换          585 101728179    29,238    0.0x         0    0.068     367天      N/A   0.274
[2026-07-25 01:46:09.870] 62   白鹅终于加强了，不知道更新是维护前更新还是维护后更新          230 349437152        20   11.5x         0    0.070     307天      N/A   0.274
[2026-07-25 01:46:09.872] 63   刚学会理库，请大佬多多指点                     1,866 162243927        25   74.6x         0    0.063     696天      N/A   0.274
[2026-07-25 01:46:09.873] 64   同事大佬程序员请假了，他项目给我管理还贴心的写好了注       21,007 589102210    71,360    0.3x         1    0.019    1502天      N/A   0.273
[2026-07-25 01:46:09.875] 65   网络工程师大佬手把手教你利用企业网常见网络设备：交换          455 158926142     5,231    0.1x         0    0.066     352天      N/A   0.273
[2026-07-25 01:46:09.876] 66   win系统顶尖截图工具感谢大佬的维护                  103 317420579       282    0.4x         0    0.068     839天      N/A   0.273
[2026-07-25 01:46:09.877] 67   我死后，成了万界系统的处决者，往来于诸天万界去斩杀那        1,048 354663765     2,258    0.5x         0    0.064     614天      N/A   0.273
[2026-07-25 01:46:09.878] 68   新手小白盯盘看这条线 就知道资金是否在维护               461 354679191        49    9.4x         0    0.065     326天      N/A   0.273
[2026-07-25 01:46:09.879] 69   《星墨烧烤》全家为了维护假千金，把我赶出家门，我转身        3,789 354660935    25,761    0.1x         1    0.027     208天      N/A   0.273
[2026-07-25 01:46:09.880] 70   韩漫【虎穴】合集1-28  揣崽崽了还要被欺负 大佬        7,300 454626652    13,600    0.5x         0    0.047    1234天      N/A   0.272
[2026-07-25 01:46:09.881] 71   网络工程师大佬手把手教你利用企业网常见网络设备：交换          196 608091001     9,814    0.0x         0    0.061     170天      N/A   0.272
[2026-07-25 01:46:09.882] 72   『烟雨江湖』维护正义，消灭钓鱼大佬                   642 686247498       105    6.1x         0    0.059    1919天      N/A   0.270
[2026-07-25 01:46:09.883] 73   当装饰品大佬！心动不如行动！花万颗宝石可否保值？部落        9,719 416622234    66,040    0.1x         0    0.029    1017天      N/A   0.270
[2026-07-25 01:46:09.883] 74   天龙八部手游13门派SF：开局领【11W元宝和维护补        1,357 167288646         2  678.5x         0    0.054    1567天      N/A   0.269
[2026-07-25 01:46:09.884] 75   【冒险岛怀旧】这是一个四帅气的信仰小哥与两大佬的结伴          170 332377452     5,236    0.0x         -    0.053    2162天      N/A   0.268
[2026-07-25 01:46:09.885] 76   维护原神“大佬”的尊严                         213 171465360         8   26.6x         0    0.052    1099天      N/A   0.268
[2026-07-25 01:46:09.886] 77   特摄大佬教小白系统维护                         495 14240230      3,656    0.1x         0    0.051    3285天      N/A   0.267
[2026-07-25 01:46:09.887] 78   【荒野乱斗】Ep.2——游戏新增检测到菜鸡遍不顾大佬           78 293798731     1,912    0.0x         -    0.051    2222天      N/A   0.267
[2026-07-25 01:46:09.888] 79   【部落冲突】七月维护结束，大佬早已靠手速白嫖？             182 393696760       108    1.7x         -    0.050    2214天      N/A   0.267
[2026-07-25 01:46:09.889] 80   有无大佬知道损坏到这种程度的书腰怎么修复比较好             407 160777081       473    0.9x         0    0.044     225天      N/A   0.266
[2026-07-25 01:46:09.889] 81   大伙怎么看云梦浙事件，大佬们只顾自己卖货，不维护钓友        1,508 514317609       942    1.6x         0    0.043    1000天      N/A   0.266
[2026-07-25 01:46:09.891] 82   被大佬疯狂偏爱女生的4大特质                      505 349329803         8   63.1x         0    0.044     305天      N/A   0.266
[2026-07-25 01:46:09.892] 83   20240924 大佬呼家楼（lol123）发声：当        4,967 476218092    31,923    0.2x         0    0.027     668天      N/A   0.266
[2026-07-25 01:46:09.892] 84   经典怀旧 原汁原味 持久开服 稳定维护 进群体验当年          152 349307559         2   76.0x         0    0.046     955天      N/A   0.266
[2026-07-25 01:46:09.893] 85   彼岸花的改版见解（致歉），感谢评论区各位大佬的指正，          503 498851633        53    9.5x         0    0.044     728天      N/A   0.265
[2026-07-25 01:46:09.894] 86   有格局！大佬见我杳马开大团灭自己，遂发表情“太厉害了          526 88637403         88    6.0x         0    0.032      94天      N/A   0.265
[2026-07-25 01:46:09.895] 87   无限法则巡警实录警长Liquidz带队员维护欧罗巴岛        8,081 72203417        946    8.5x         0    0.029    2740天      N/A   0.265
[2026-07-25 01:46:09.896] 88   女装大佬当街开枪恐吓民众，多亏警察叔叔挺身而出维护正          163 137439313     1,791    0.1x         -    0.043    2123天      N/A   0.265
[2026-07-25 01:46:09.897] 89   各位湾岸大佬 看一下  就是 服务器维护一天后 可以           94 625281584       277    0.3x         -    0.043    1729天      N/A   0.264
[2026-07-25 01:46:09.898] 90   实力永远是维护自己的基础，游戏才是大佬的后盾，金钱只          473 349329044        36   13.1x         0    0.038     434天      N/A   0.264
[2026-07-25 01:46:09.899] 91   【辛巴2019.01.31】视频陪聊遇到跳单还遭污蔑        7,941 14185843      4,730    1.7x         0    0.024    2731天      N/A   0.263
[2026-07-25 01:46:09.899] 92   你和大佬差的不是机会，是“慢慢维护”的思维！              440 354696666         5   88.0x         0    0.034     320天      N/A   0.263
[2026-07-25 01:46:09.900] 93   （完结文）赚学费，我白天穿女装直播，晚上夹着嗓子维护        2,056 354685416    17,030    0.1x         0    0.026     440天      N/A   0.263
[2026-07-25 01:46:09.900] 94   教科书级别的谈话： 6-6、西游记-忠诚、大佬说话方           56 307430805       676    0.1x         0    0.036     333天      N/A   0.262
[2026-07-25 01:46:09.901] 95   揣崽崽了还要被欺负 大佬出头维护，一口气看完虎穴            987 111920312     4,625    0.2x         0    0.031    1142天      N/A   0.262
[2026-07-25 01:46:09.902] 96   【一念逍遥】帮大佬的日常维护 第七天                3,221 6731158         105   30.7x         0    0.027    1698天      N/A   0.262
[2026-07-25 01:46:09.903] 97   妮可少女首次尝试白丝女装？妮可宝宝篠楠酿要被1jbc          866 354684302        84   10.3x         0    0.028     307天      N/A   0.262
[2026-07-25 01:46:09.904] 98   上海滩大佬郑有道  虽为黑帮大佬，但很有民族气节，坚          194 494121700         8   24.2x         0    0.031     915天      N/A   0.261
[2026-07-25 01:46:09.905] 99   发家致富，全靠维护，老玩家回归，带你看看大佬的世界           399 71671515        408    1.0x         0    0.028    2219天      N/A   0.260
[2026-07-25 01:46:09.906] 100  搬新家的第一天，邻居在群里艾特我。@302你好，为了        1,577 354674499        20   78.8x         0    0.005     154天      N/A   0.259
[2026-07-25 01:46:09.908] 101  【一念逍遥】帮大佬日常维护 第一天                 1,547 6731158         105   14.7x         0    0.024    1704天      N/A   0.259
[2026-07-25 01:46:09.908] 102  权利维护正义，痞帅检察官怒坑大佬                     37 349308011       298    0.1x         -    0.027    1320天      N/A   0.259
[2026-07-25 01:46:09.909] 103  【一念逍遥】帮大佬的日常维护 第四天                  868 6731158         105    8.3x         0    0.023    1701天      N/A   0.258
[2026-07-25 01:46:09.910] 104  炎亚纶被判七年？人证、物证齐全，炎亚纶除了自己玩，他           80 286469256     1,280    0.1x         -    0.025    1115天      N/A   0.258
[2026-07-25 01:46:09.911] 105  玩3D打印机你需要学会的维护技巧之一，喷头冷拔清理，        2,104 353699602       253    8.3x         0    0.018     943天      N/A   0.258
[2026-07-25 01:46:09.911] 106  网友电脑问题解答：大佬，电脑蓝屏0-0000024应          134 473390327     4,502    0.0x         0    0.022     353天      N/A   0.258
[2026-07-25 01:46:09.912] 107  不会调灯光的设备维护大佬不是一个好咖啡师😏                44 138125882       671    0.1x         -    0.023    1842天      N/A   0.258
[2026-07-25 01:46:09.913] 108  【一念逍遥】帮大佬的日常维护 第六天                  242 6731158         105    2.3x         0    0.021    1698天      N/A   0.257
[2026-07-25 01:46:09.914] 109  大哥别杀队友了休息一下好不好啦[领结猫_挠头]借的大          196 432609787     1,276    0.1x         0    0.020    1156天      N/A   0.257
[2026-07-25 01:46:09.914] 110  瞎眼霸总维护心机女，对傻妻发怒【替身退场：京圈大佬急        3,292 354657108    60,636    0.1x         0    0.005     662天      N/A   0.256
[2026-07-25 01:46:09.915] 111  【一念逍遥】帮大佬的日常维护 第二天                  672 6731158         105    6.4x         0    0.016    1703天      N/A   0.256
[2026-07-25 01:46:09.916] 112  黑帮大佬霸气维护心爱的女人                     1,895 119015586     1,663    1.1x         0    0.011    1214天      N/A   0.255
[2026-07-25 01:46:09.916] 113  为什么一直在维护中啊，有没有大佬帮我看看              1,118 168225099        68   16.4x         0    0.012     997天      N/A   0.255
[2026-07-25 01:46:09.917] 114  小说推荐~《替罪大佬》我竟让4个男主围着我团团转，青          827 349435317       153    5.4x         0    0.012    1122天      N/A   0.255
[2026-07-25 01:46:09.918] 115  为了维护我贤良淑德的名声，大佬破产后我没有拿着剩下的          408 144194931        40   10.2x         0    0.012     974天      N/A   0.255
[2026-07-25 01:46:09.918] 116  【一念逍遥】帮大佬的日常维护 第五天 神通搭配             733 6731158         105    7.0x         0    0.011    1699天      N/A   0.254
[2026-07-25 01:46:09.919] 117  肥婆偷情被当场抓住，不料肥婆老公还要维护她！！【全能           83 354665389    11,879    0.0x         0    0.012     579天      N/A   0.254
[2026-07-25 01:46:09.920] 118  私募大佬董宝珍：中特估是干嘛的？它是维护社会利益的           200 597860481    13,564    0.0x         0    0.010     999天      N/A   0.254
[2026-07-25 01:46:09.922] 119  渗透：卧底化身为财神爷，美女投怀送抱，各位大佬处处维           95 109713826     1,807    0.1x         -    0.011    1374天      N/A   0.254
[2026-07-25 01:46:09.923] 120  期货贸易商大佬刘福厚关于期货头寸的维护 #期货             100 349329788       627    0.2x         -    0.010     844天      N/A   0.253
[2026-07-25 01:46:09.924] 121  维护平民做好平衡，大佬红度高还可以优胜，但只有氪金大          143 354680232        27    5.3x         0    0.007     116天      N/A   0.253
[2026-07-25 01:46:09.924] 122  翻缸到现在水草才开始出状态，前面差点就放弃，打算全拔          112 231619096       255    0.4x         -    0.009    1777天      N/A   0.253
[2026-07-25 01:46:09.925] 123  揣崽崽了还要被欺负 大佬出头维护，一口气看完虎穴            155 349307971       692    0.2x         0    0.006    1142天      N/A   0.252
[2026-07-25 01:46:09.926] 124  夜总会经理为维护小姐姐打了客户，谁料竟惹恼了地下女大          182 205720165        46    4.0x         0    0.005     673天      N/A   0.252
[2026-07-25 01:46:09.927] 125  大话西游手游，顶级战队人员大调整，各位大佬何去何从，          830 154291753       322    2.6x         0    0.004    1185天      N/A   0.252
[2026-07-25 01:46:09.927] 126  幻塔深渊5关总算过了，感谢公会大佬相望！另外这幻塔服          188 108368585       161    1.2x         0    0.005    1443天      N/A   0.252
[2026-07-25 01:46:09.928] 127  咩2016下面脚本恶意删评论，神秘大佬维护正义             190 48585803         16   11.9x         -    0.005    2179天      N/A   0.252
[2026-07-25 01:46:09.929] 128  张兰为维护汪小菲，道出大S强大背景，背后大佬竟然是他          546 168115064        14   39.0x         0    0.002    1336天      N/A   0.251
[2026-07-25 01:46:09.930] 129  肥婆偷情被当场抓住，不料肥婆老公还要维护她！！【全能           92 354665383     4,833    0.0x         0        -     581天      N/A   0.250
[2026-07-25 01:46:09.930] 130  传奇世界：氪金大佬又来欺负公会小号三人组火速赶往维护           55 354688053     1,334    0.0x         0        -     219天      N/A   0.250
[2026-07-25 01:46:09.931] 131  不是李晨也不是张凌赫，如今挺身而出维护白鹿的，是这位           50 163754984    27,725       -         0    0.160      17天      N/A   0.217
[2026-07-25 01:46:09.932] 132  肥婆偷情被当场抓住，不料肥婆老公还要维护她！！【全能          162 354657108    60,636       -         0    0.006     583天      N/A   0.186
[2026-07-25 01:46:09.933] 133  灵异事件，3点开始维护，我代打这个号一点事没有！有点          153 319147731    69,380       -         -    0.085    1723天      N/A   0.180
[2026-07-25 01:46:09.934] 134  新建了个NIKKE群，日常分享游戏趣事，探讨屁股为主          167 349524356         -       -         0    0.006    1350天      N/A   0.002
[2026-07-25 01:46:09.934] ------------------------------------------------------------------------------------------------------------------------------------------------------------------------------------
[2026-07-25 01:46:09.935] 
提示: 综合分 = 播放速率(30%) + 粉丝转化(25%) + 互动密度(20%) + 新鲜度(15%) + 播放量(10%)
[2026-07-25 01:46:09.936]       历史增长列显示多次爬取后的真实增长率，首次爬取为 N/A
[2026-07-25 01:46:09.941] 
[导出] 动量分析结果已保存到 output\维护大佬\momentum_20260725_014609.csv
