[2026-07-25 03:02:16.029] 日志文件: logs\spider_20260725_030216.log
[2026-07-25 03:02:16.030] ============================================================
[2026-07-25 03:02:16.030]   B站视频爬虫 (增强版)
[2026-07-25 03:02:16.032] ============================================================
[2026-07-25 03:02:16.033] 关键词: 服饰
[2026-07-25 03:02:16.034] 页数: 1
[2026-07-25 03:02:16.035] 排序: click
[2026-07-25 03:02:16.035] 线程数: 3
[2026-07-25 03:02:16.036] 延迟: 1.0s
[2026-07-25 03:02:16.037] 
[2026-07-25 03:02:16.075] [任务] 任务ID: 46
[2026-07-25 03:02:16.076] [搜索] 第 1/1 页...
[2026-07-25 03:02:16.753]   找到 20 个，新增 20 个
[2026-07-25 03:02:18.243] 
[搜索完成] 共 20 个视频，今日已爬 20 个，新增 0 个
[2026-07-25 03:02:18.244] [搜索统计] 搜索失败页数: 0
[2026-07-25 03:02:18.245] [完成] 没有新视频需要爬取
[2026-07-25 03:02:18.278] 
============================================================
[2026-07-25 03:02:18.279]   自动检测并补充粉丝数
[2026-07-25 03:02:18.279] ============================================================
[2026-07-25 03:02:18.282] 待补充UP主数: 0
[2026-07-25 03:02:18.283] [完成] 所有UP主已有粉丝数据
[2026-07-25 03:02:18.284] 
============================================================
[2026-07-25 03:02:18.285]   自动检测并补充视频标签
[2026-07-25 03:02:18.286] ============================================================
[2026-07-25 03:02:18.287] 待补充标签视频数: 100
[2026-07-25 03:02:18.661]   [DEBUG] av841277313 raw_tags type=NoneType, len=0
[2026-07-25 03:02:18.662]   [1/100] av841277313 -> 无标签
[2026-07-25 03:02:19.812]   [DEBUG] av999195650 raw_tags type=NoneType, len=0
[2026-07-25 03:02:19.813]   [2/100] av999195650 -> 无标签
[2026-07-25 03:02:20.791]   [DEBUG] av113379301656070 raw_tags type=NoneType, len=0
[2026-07-25 03:02:20.792]   [3/100] av113379301656070 -> 无标签
[2026-07-25 03:02:22.873]   [4/100] av210044753 -> 无标签
[2026-07-25 03:02:24.082]   [5/100] av1104059218 -> 无标签
[2026-07-25 03:02:24.994]   [6/100] av115485144253586 -> 无标签
[2026-07-25 03:02:25.924]   [7/100] av799784788 -> 无标签
[2026-07-25 03:02:26.753]   [8/100] av116164034303766 -> 无标签
[2026-07-25 03:02:27.721]   [9/100] av114584107093591 -> 无标签
[2026-07-25 03:02:28.328]   进度: 10/100
[2026-07-25 03:02:28.723]   [10/100] av115093782202592 -> 无标签
[2026-07-25 03:02:29.795]   [11/100] av50267424 -> 无标签
[2026-07-25 03:02:30.785]   [12/100] av318297884 -> 无标签
[2026-07-25 03:02:31.952]   [13/100] av115626660077156 -> 无标签
[2026-07-25 03:02:32.732]   [14/100] av558642090 -> 无标签
[2026-07-25 03:02:33.751]   [15/100] av582888868 -> 无标签
[2026-07-25 03:02:34.957]   [16/100] av115400368986036 -> 无标签
[2026-07-25 03:02:35.750]   [17/100] av114120586171570 -> 无标签
[2026-07-25 03:02:36.657]   [18/100] av462989365 -> 无标签
[2026-07-25 03:02:37.744]   [19/100] av114017272076341 -> 无标签
[2026-07-25 03:02:38.275]   进度: 20/100
[2026-07-25 03:02:38.712]   [20/100] av816627834 -> 无标签
[2026-07-25 03:02:39.872]   [21/100] av116566670708514 -> 无标签
[2026-07-25 03:02:40.592]   [22/100] av848646785 -> 无标签
[2026-07-25 03:02:41.752]   [23/100] av116701978955142 -> 无标签
[2026-07-25 03:02:42.616]   [24/100] av586587684 -> 无标签
[2026-07-25 03:02:43.712]   [25/100] av116486660161710 -> 无标签
[2026-07-25 03:02:44.893]   [26/100] av1900185007 -> 无标签
[2026-07-25 03:02:45.992]   [27/100] av1801723188 -> 无标签
[2026-07-25 03:02:47.214]   [28/100] av583721525 -> 无标签
[2026-07-25 03:02:47.913]   [29/100] av711873334 -> 无标签
[2026-07-25 03:02:48.234]   进度: 30/100
[2026-07-25 03:02:48.664]   [30/100] av696760524 -> 无标签
[2026-07-25 03:02:49.712]   [31/100] av115117454925391 -> 无标签
[2026-07-25 03:02:50.804]   [32/100] av113684110119122 -> 无标签
[2026-07-25 03:02:51.804]   [33/100] av517202645 -> 无标签
[2026-07-25 03:02:52.825]   [34/100] av856918233 -> 无标签
[2026-07-25 03:02:53.802]   [35/100] av201591643 -> 无标签
[2026-07-25 03:02:54.903]   [36/100] av292410332 -> 无标签
[2026-07-25 03:02:56.103]   [37/100] av596136940 -> 无标签
[2026-07-25 03:02:56.933]   [38/100] av113741068768998 -> 无标签
[2026-07-25 03:02:57.972]   [39/100] av656228849 -> 无标签
[2026-07-25 03:02:58.448]   进度: 40/100
[2026-07-25 03:02:58.839]   [40/100] av201032947 -> 无标签
[2026-07-25 03:02:59.874]   [41/100] av215376925 -> 无标签
[2026-07-25 03:03:00.932]   [42/100] av116340983733006 -> 无标签
[2026-07-25 03:03:01.772]   [43/100] av114046984524429 -> 无标签
[2026-07-25 03:03:02.697]   [44/100] av904548876 -> 无标签
[2026-07-25 03:03:03.634]   [45/100] av115293246522707 -> 无标签
[2026-07-25 03:03:04.754]   [46/100] av273425877 -> 无标签
[2026-07-25 03:03:05.914]   [47/100] av1304818047 -> 无标签
[2026-07-25 03:03:06.951]   [48/100] av810524939 -> 无标签
[2026-07-25 03:03:07.696]   [49/100] av215696148 -> 无标签
[2026-07-25 03:03:08.346]   进度: 50/100
[2026-07-25 03:03:08.754]   [50/100] av116679782697050 -> 无标签
[2026-07-25 03:03:09.832]   [51/100] av719266891 -> 无标签
[2026-07-25 03:03:10.562]   [52/100] av384548393 -> 无标签
[2026-07-25 03:03:11.563]   [53/100] av740750654 -> 无标签
[2026-07-25 03:03:12.543]   [54/100] av751852569 -> 无标签
[2026-07-25 03:03:13.745]   [55/100] av517675878 -> 无标签
[2026-07-25 03:03:14.563]   [56/100] av113714174890165 -> 无标签
[2026-07-25 03:03:15.633]   [57/100] av788457794 -> 无标签
[2026-07-25 03:03:16.652]   [58/100] av115302037717325 -> 无标签
[2026-07-25 03:03:17.534]   [59/100] av115428621882667 -> 无标签
[2026-07-25 03:03:17.912]   进度: 60/100
[2026-07-25 03:03:18.324]   [60/100] av1555962819 -> 无标签
[2026-07-25 03:03:19.274]   [61/100] av786818162 -> 无标签
[2026-07-25 03:03:20.262]   [62/100] av544755544 -> 无标签
[2026-07-25 03:03:21.149]   [63/100] av344550414 -> 无标签
[2026-07-25 03:03:22.335]   [64/100] av609493369 -> 无标签
[2026-07-25 03:03:23.122]   [65/100] av703138277 -> 无标签
[2026-07-25 03:03:23.985]   [66/100] av460890334 -> 无标签
[2026-07-25 03:03:24.882]   [67/100] av836805471 -> 无标签
[2026-07-25 03:03:25.712]   [68/100] av116581887640996 -> 无标签
[2026-07-25 03:03:26.423]   [69/100] av303712219 -> 无标签
[2026-07-25 03:03:26.777]   进度: 70/100
[2026-07-25 03:03:27.144]   [70/100] av875000124 -> 无标签
[2026-07-25 03:03:28.232]   [71/100] av236886298 -> 无标签
[2026-07-25 03:03:29.404]   [72/100] av601377608 -> 无标签
[2026-07-25 03:03:30.343]   [73/100] av114447808991422 -> 无标签
[2026-07-25 03:03:31.515]   [74/100] av1100587435 -> 无标签
[2026-07-25 03:03:32.754]   [75/100] av116000003459986 -> 无标签
[2026-07-25 03:03:33.694]   [76/100] av462617062 -> 无标签
[2026-07-25 03:03:34.702]   [77/100] av499680325 -> 无标签
[2026-07-25 03:03:35.822]   [78/100] av116770346109104 -> 无标签
[2026-07-25 03:03:36.816]   [79/100] av605251331 -> 无标签
[2026-07-25 03:03:37.399]   进度: 80/100
[2026-07-25 03:03:37.805]   [80/100] av113242315690979 -> 无标签
[2026-07-25 03:03:38.812]   [81/100] av504147754 -> 无标签
[2026-07-25 03:03:39.616]   [82/100] av1406482147 -> 无标签
[2026-07-25 03:03:40.595]   [83/100] av689766979 -> 无标签
[2026-07-25 03:03:41.592]   [84/100] av115088849634677 -> 无标签
[2026-07-25 03:03:42.754]   [85/100] av724173980 -> 无标签
[2026-07-25 03:03:43.794]   [86/100] av116543685924393 -> 无标签
[2026-07-25 03:03:44.913]   [87/100] av400461819 -> 无标签
[2026-07-25 03:03:45.892]   [88/100] av236994638 -> 无标签
[2026-07-25 03:03:46.747]   [89/100] av116717514656663 -> 无标签
[2026-07-25 03:03:47.286]   进度: 90/100
[2026-07-25 03:03:47.784]   [90/100] av115101868821507 -> 无标签
[2026-07-25 03:03:48.603]   [91/100] av414130078 -> 无标签
[2026-07-25 03:03:49.695]   [92/100] av596958725 -> 无标签
[2026-07-25 03:03:50.604]   [93/100] av116458256400991 -> 无标签
[2026-07-25 03:03:51.704]   [94/100] av114409473119537 -> 无标签
[2026-07-25 03:03:52.726]   [95/100] av643913473 -> 无标签
[2026-07-25 03:03:53.695]   [96/100] av629536182 -> 无标签
[2026-07-25 03:03:54.622]   [97/100] av115846139613655 -> 无标签
[2026-07-25 03:03:55.687]   [98/100] av116244128861139 -> 无标签
[2026-07-25 03:03:56.844]   [99/100] av1551351025 -> 无标签
[2026-07-25 03:03:57.360]   进度: 100/100
[2026-07-25 03:03:57.783]   [100/100] av619358349 -> 无标签
[2026-07-25 03:03:58.583] 
[完成] 标签补充: 成功 0, 失败 100
[2026-07-25 03:03:58.588] 
====================================================================================================
[2026-07-25 03:03:58.589]   价值分析 (独立评分)
[2026-07-25 03:03:58.591] ====================================================================================================
[2026-07-25 03:03:58.592] 关键词: 服饰
[2026-07-25 03:03:58.592] 评分维度: 深度互动比(35%) + 互动密度(25%) + 收藏率(20%) + 粉丝转化(10%) + 分享率(10%)
[2026-07-25 03:03:58.593] 说明: 价值评分衡量视频的长期内容质量，不受视频年龄/新鲜度影响
[2026-07-25 03:03:58.594] 
[2026-07-25 03:03:58.595] 
价值排行 Top 100（按价值综合评分排序）
[2026-07-25 03:03:58.596] ----------------------------------------------------------------------------------------------------------------------------------------------------------------------------------------------
[2026-07-25 03:03:58.597] 排名   标题                                  播放量 UP主              粉丝    深/浅比     互动密度     收藏率      转化     分享率    深互动分    互动分    收藏分    转化分    分享分     价值分
[2026-07-25 03:03:58.599] ----------------------------------------------------------------------------------------------------------------------------------------------------------------------------------------------
[2026-07-25 03:03:58.601] 1    【晓观】穿搭配色的秘密，我给每个人都找到了！        4,881,564 晓观队长        547,000    1.15    0.211   0.045    8.9x   0.006   0.086  1.000  1.000  0.001  0.317   0.512
[2026-07-25 03:03:58.602] 2    是泳装cos！                       5,574,172 清和Alicia   1,935,479    0.38    0.201   0.033    2.9x   0.010   0.027  0.951  0.735  0.000  0.565   0.451
[2026-07-25 03:03:58.603] 3    【中国千年之美】大唐女儿行｜妆｜发｜饰｜服｜演变史     4,360,656 o小庄o       1,552,800    1.09    0.151   0.041    2.8x   0.010   0.081  0.714  0.916  0.000  0.516   0.442
[2026-07-25 03:03:58.605] 4    那个备婚两年刷爆全网的汉服婚礼正片来啦！！！        5,079,516 静知时岁         74,643    0.99    0.165   0.028   68.1x   0.018   0.073  0.779  0.622  0.005  0.957   0.441
[2026-07-25 03:03:58.605] 5    『从头看她』1920-2020，中国女性发型的百年变   15,085,101 朵朵花林       1,950,000    0.83    0.201   0.030    7.7x   0.007   0.061  0.950  0.668  0.001  0.391   0.431
[2026-07-25 03:03:58.607] 6    “他们不像是走秀，倒像是来赴宴的......”| 前   13,524,237 w花酒不是花洒_     30,604    0.90    0.145   0.040  441.9x   0.009   0.067  0.682  0.882  0.034  0.473   0.421
[2026-07-25 03:03:58.607] 7    盘点全网六大潮流男神，你认为哪个帅？            5,610,787 账号已注销         2,991   13.07    0.011   0.010 1875.9x   0.000   1.000  0.046  0.217  0.144  0.000   0.419
[2026-07-25 03:03:58.608] 8    1920-2020 百年变迁，我眼中的中国女性真实之   14,190,477 朵朵花林       1,950,000    0.85    0.181   0.032    7.3x   0.006   0.063  0.857  0.707  0.001  0.344   0.412
[2026-07-25 03:03:58.609] 9    是的姐妹！你凭本事刷到了这个视频～             8,601,055 霜叶题诗         41,730    0.84    0.127   0.040  206.1x   0.008   0.062  0.601  0.881  0.016  0.449   0.395
[2026-07-25 03:03:58.609] 10   在？看看你的钱｜钱来！藏在人民币里的中式美学        7,074,378 o小庄o       1,552,800    0.40    0.202   0.026    4.6x   0.003   0.028  0.957  0.576  0.000  0.178   0.382
[2026-07-25 03:03:58.611] 11   宵 宫 衣 橱 大 公 开                 6,151,910 vamoko     1,079,000    0.39    0.143   0.030    5.7x   0.003   0.027  0.673  0.671  0.000  0.154   0.327
[2026-07-25 03:03:58.612] 12   1920-2020 百年变迁，中国女性职业服装的变化    5,247,320 朵朵花林       1,950,000    0.29    0.195   0.017    2.7x   0.002   0.020  0.923  0.360  0.000  0.102   0.320
[2026-07-25 03:03:58.612] 13   《鸣潮》服饰PV | 今汐·桃夭灼灼            4,415,526 鸣潮         5,323,752    0.89    0.091   0.012    0.8x   0.019   0.066  0.426  0.260  0.000  1.000   0.282
[2026-07-25 03:03:58.614] 14   这是最后一次了，且珍惜！                  6,298,541 东尼ookii    5,280,451    0.42    0.173   0.014    1.2x   0.001   0.030  0.817  0.297  0.000  0.057   0.280
[2026-07-25 03:03:58.615] 15   高清变装合集丨四种不同风格变妆               4,406,058 陶阿狗君       1,684,928    0.15    0.164   0.017    2.6x   0.002   0.009  0.774  0.361  0.000  0.102   0.279
[2026-07-25 03:03:58.616] 16   法国人 也难逃人渣爆改                   4,504,508 思远glenind  1,062,832    0.18    0.137   0.017    4.2x   0.005   0.012  0.648  0.378  0.000  0.282   0.270
[2026-07-25 03:03:58.617] 17   在中缅边境，我亲身经历了一场魔幻旅途            4,680,313 平圆方中Leban  1,167,809    1.14    0.140   0.014    4.0x   0.002   0.085  0.662  0.309  0.000  0.092   0.266
[2026-07-25 03:03:58.617] 18   商家应该允许退货退款的人发买家秀....          6,645,833 小桑菜奈        853,000    2.64    0.047   0.031    7.8x   0.000   0.200  0.218  0.693  0.001  0.009   0.264
[2026-07-25 03:03:58.619] 19   我偷偷摸摸去逛了漫展                    6,118,822 卡琳娜和揉西     1,966,000    0.08    0.175   0.008    3.1x   0.002   0.004  0.826  0.165  0.000  0.124   0.253
