[2026-07-24 18:00:41.799] 日志文件: logs\spider_20260724_180041.log
[2026-07-24 18:00:41.802] ============================================================
[2026-07-24 18:00:41.803]   B站视频爬虫 (增强版)
[2026-07-24 18:00:41.803] ============================================================
[2026-07-24 18:00:41.805] 关键词: 游戏
[2026-07-24 18:00:41.806] 页数: 2
[2026-07-24 18:00:41.807] 排序: click
[2026-07-24 18:00:41.809] 线程数: 3
[2026-07-24 18:00:41.810] 延迟: 1.0s
[2026-07-24 18:00:41.811] 
[2026-07-24 18:00:41.816] [任务] 任务ID: 11
[2026-07-24 18:00:41.818] [搜索] 第 1/2 页...
[2026-07-24 18:00:42.100]   [限流] 第1页 等待 5 秒后重试 (1/3)...
[2026-07-24 18:00:47.642]   找到 20 个，新增 20 个
[2026-07-24 18:00:49.473] [搜索] 第 2/2 页...
[2026-07-24 18:00:49.670]   [限流] 第2页 等待 5 秒后重试 (1/3)...
[2026-07-24 18:00:54.856]   [限流] 第2页 等待 10 秒后重试 (2/3)...
[2026-07-24 18:01:05.232]   找到 20 个，新增 20 个
[2026-07-24 18:01:06.961] 
[搜索完成] 共 40 个视频，今日已爬 40 个，新增 0 个
[2026-07-24 18:01:06.963] [搜索统计] 搜索失败页数: 0
[2026-07-24 18:01:06.964] [完成] 没有新视频需要爬取
