[2026-07-25 03:01:19.559] 日志文件: logs\spider_20260725_030119.log
[2026-07-25 03:01:19.561] ============================================================
[2026-07-25 03:01:19.562]   B站视频爬虫 (增强版)
[2026-07-25 03:01:19.563] ============================================================
[2026-07-25 03:01:19.564] 关键词: 服饰
[2026-07-25 03:01:19.566] 页数: 3
[2026-07-25 03:01:19.569] 排序: click
[2026-07-25 03:01:19.571] 线程数: 3
[2026-07-25 03:01:19.572] 延迟: 1.0s
[2026-07-25 03:01:19.574] 
[2026-07-25 03:01:19.684] [任务] 任务ID: 45
[2026-07-25 03:01:19.686] [搜索] 第 1/3 页...
[2026-07-25 03:01:20.333]   找到 20 个，新增 20 个
[2026-07-25 03:01:22.149] [搜索] 第 2/3 页...
[2026-07-25 03:01:22.824]   找到 20 个，新增 20 个
[2026-07-25 03:01:24.151] [搜索] 第 3/3 页...
[2026-07-25 03:01:24.644]   找到 20 个，新增 20 个
[2026-07-25 03:01:26.553] 
[搜索完成] 共 60 个视频，今日已爬 60 个，新增 0 个
[2026-07-25 03:01:26.559] [搜索统计] 搜索失败页数: 0
[2026-07-25 03:01:26.562] [完成] 没有新视频需要爬取
[2026-07-25 03:01:26.602] 
============================================================
[2026-07-25 03:01:26.607]   自动检测并补充粉丝数
[2026-07-25 03:01:26.609] ============================================================
[2026-07-25 03:01:26.612] 待补充UP主数: 0
[2026-07-25 03:01:26.613] [完成] 所有UP主已有粉丝数据
[2026-07-25 03:01:26.615] 
============================================================
[2026-07-25 03:01:26.617]   自动检测并补充视频标签
[2026-07-25 03:01:26.617] ============================================================
[2026-07-25 03:01:26.620] 待补充标签视频数: 100
[2026-07-25 03:01:27.018]   [1/100] av841277313 -> 无标签
[2026-07-25 03:01:28.153]   [2/100] av999195650 -> 无标签
[2026-07-25 03:01:29.082]   [3/100] av113379301656070 -> 无标签
[2026-07-25 03:01:30.121]   [4/100] av210044753 -> 无标签
[2026-07-25 03:01:31.275]   [5/100] av1104059218 -> 无标签
[2026-07-25 03:01:32.105]   [6/100] av115485144253586 -> 无标签
[2026-07-25 03:01:32.930]   [7/100] av799784788 -> 无标签
[2026-07-25 03:01:33.942]   [8/100] av116164034303766 -> 无标签
