[2026-07-25 02:21:51.624] 日志文件: logs\spider_20260725_022151.log
[2026-07-25 02:21:51.627] ============================================================
[2026-07-25 02:21:51.629]   B站视频爬虫 (增强版)
[2026-07-25 02:21:51.630] ============================================================
[2026-07-25 02:21:51.631] 关键词: 机票
[2026-07-25 02:21:51.633] 页数: 5
[2026-07-25 02:21:51.634] 排序: click
[2026-07-25 02:21:51.635] 线程数: 5
[2026-07-25 02:21:51.636] 延迟: 1.0s
[2026-07-25 02:21:51.641] 
[2026-07-25 02:21:51.652] [任务] 任务ID: 42
[2026-07-25 02:21:51.655] [搜索] 第 1/5 页...
[2026-07-25 02:21:52.342]   找到 20 个，新增 20 个
[2026-07-25 02:21:54.035] [搜索] 第 2/5 页...
[2026-07-25 02:21:54.511]   找到 20 个，新增 20 个
[2026-07-25 02:21:56.122] [搜索] 第 3/5 页...
[2026-07-25 02:21:56.683]   找到 20 个，新增 20 个
[2026-07-25 02:21:58.327] [搜索] 第 4/5 页...
[2026-07-25 02:21:58.960]   找到 20 个，新增 20 个
[2026-07-25 02:22:00.632] [搜索] 第 5/5 页...
[2026-07-25 02:22:01.206]   找到 20 个，新增 20 个
[2026-07-25 02:22:03.201] 
[搜索完成] 共 100 个视频，今日已爬 1 个，新增 99 个
[2026-07-25 02:22:03.208] [搜索统计] 搜索失败页数: 0
[2026-07-25 02:22:03.218] 
[详情获取] 使用 5 个线程获取视频详情...
[2026-07-25 02:22:05.419]   [评论限流] av115412566020809 等待 3 秒后重试 (1/3)...
[2026-07-25 02:22:05.484]   [评论限流] av1256286985 等待 3 秒后重试 (1/3)...
[2026-07-25 02:22:05.717]   [评论限流] av113344774151752 等待 3 秒后重试 (1/3)...
[2026-07-25 02:22:05.849]   [评论限流] av113452953702768 等待 3 秒后重试 (1/3)...
[2026-07-25 02:22:05.954]   [评论限流] av113988952130511 等待 3 秒后重试 (1/3)...
[2026-07-25 02:22:09.085]   [评论限流] av115412566020809 等待 6 秒后重试 (2/3)...
[2026-07-25 02:22:09.087]   [评论限流] av1256286985 等待 6 秒后重试 (2/3)...
[2026-07-25 02:22:09.340]   [评论限流] av113344774151752 等待 6 秒后重试 (2/3)...
[2026-07-25 02:22:09.396]   [评论限流] av113452953702768 等待 6 秒后重试 (2/3)...
[2026-07-25 02:22:09.476]   [评论限流] av113988952130511 等待 6 秒后重试 (2/3)...
[2026-07-25 02:22:15.781]   [1/99] av1256286985 ✓
[2026-07-25 02:22:15.794]   [2/99] av115412566020809 ✓
[2026-07-25 02:22:15.990]   [3/99] av113344774151752 ✓
[2026-07-25 02:22:16.043]   [4/99] av113988952130511 ✓
[2026-07-25 02:22:16.116]   [5/99] av113452953702768 ✓
[2026-07-25 02:22:17.787]   [评论限流] av114794459829180 等待 3 秒后重试 (1/3)...
[2026-07-25 02:22:18.125]   [评论限流] av116458877097393 等待 3 秒后重试 (1/3)...
[2026-07-25 02:22:18.325]   [评论限流] av630704329 等待 3 秒后重试 (1/3)...
[2026-07-25 02:22:18.367]   [评论限流] av115015600311040 等待 3 秒后重试 (1/3)...
[2026-07-25 02:22:18.376]   [评论限流] av934715873 等待 3 秒后重试 (1/3)...
[2026-07-25 02:22:21.142]   [评论限流] av114794459829180 等待 6 秒后重试 (2/3)...
[2026-07-25 02:22:21.583]   [评论限流] av116458877097393 等待 6 秒后重试 (2/3)...
[2026-07-25 02:22:21.802]   [评论限流] av630704329 等待 6 秒后重试 (2/3)...
[2026-07-25 02:22:21.904]   [评论限流] av934715873 等待 6 秒后重试 (2/3)...
[2026-07-25 02:22:22.053]   [评论限流] av115015600311040 等待 6 秒后重试 (2/3)...
[2026-07-25 02:22:27.609]   [6/99] av114794459829180 ✓
[2026-07-25 02:22:28.202]   [7/99] av116458877097393 ✓
[2026-07-25 02:22:28.530]   [8/99] av934715873 ✓
[2026-07-25 02:22:28.546]   [9/99] av630704329 ✓
[2026-07-25 02:22:28.595]   [10/99] av115015600311040 ✓
[2026-07-25 02:22:29.681]   [评论限流] av115751096683157 等待 3 秒后重试 (1/3)...
[2026-07-25 02:22:30.424]   [评论限流] av116946053961603 等待 3 秒后重试 (1/3)...
[2026-07-25 02:22:30.505]   [评论限流] av114023362207091 等待 3 秒后重试 (1/3)...
[2026-07-25 02:22:30.545]   [评论限流] av114381387994393 等待 3 秒后重试 (1/3)...
[2026-07-25 02:22:30.956]   [评论限流] av403655726 等待 3 秒后重试 (1/3)...
[2026-07-25 02:22:33.229]   [评论限流] av115751096683157 等待 6 秒后重试 (2/3)...
[2026-07-25 02:22:33.965]   [评论限流] av116946053961603 等待 6 秒后重试 (2/3)...
[2026-07-25 02:22:33.997]   [评论限流] av114023362207091 等待 6 秒后重试 (2/3)...
[2026-07-25 02:22:34.105]   [评论限流] av114381387994393 等待 6 秒后重试 (2/3)...
[2026-07-25 02:22:34.349]   [评论限流] av403655726 等待 6 秒后重试 (2/3)...
[2026-07-25 02:22:39.650]   [11/99] av115751096683157 ✓
[2026-07-25 02:22:40.602]   [12/99] av114023362207091 ✓
[2026-07-25 02:22:40.650]   [13/99] av116946053961603 ✓
[2026-07-25 02:22:40.851]   [14/99] av114381387994393 ✓
[2026-07-25 02:22:40.988]   [15/99] av403655726 ✓
[2026-07-25 02:22:41.370]   [评论限流] av113005136251789 等待 3 秒后重试 (1/3)...
[2026-07-25 02:22:42.501]   [评论限流] av113491356685860 等待 3 秒后重试 (1/3)...
[2026-07-25 02:22:42.557]   [评论限流] av1901645322 等待 3 秒后重试 (1/3)...
[2026-07-25 02:22:42.625]   [评论限流] av1053472864 等待 3 秒后重试 (1/3)...
[2026-07-25 02:22:43.128]   [评论限流] av220901348 等待 3 秒后重试 (1/3)...
[2026-07-25 02:22:44.758]   [评论限流] av113005136251789 等待 6 秒后重试 (2/3)...
[2026-07-25 02:22:46.117]   [评论限流] av113491356685860 等待 6 秒后重试 (2/3)...
[2026-07-25 02:22:46.126]   [评论限流] av1053472864 等待 6 秒后重试 (2/3)...
[2026-07-25 02:22:46.158]   [评论限流] av1901645322 等待 6 秒后重试 (2/3)...
[2026-07-25 02:22:46.467]   [评论限流] av220901348 等待 6 秒后重试 (2/3)...
[2026-07-25 02:22:51.089]   [16/99] av113005136251789 ✓
[2026-07-25 02:22:52.691]   [17/99] av1901645322 ✓
[2026-07-25 02:22:52.716]   [18/99] av113491356685860 ✓
[2026-07-25 02:22:52.733]   [19/99] av1053472864 ✓
[2026-07-25 02:22:52.985]   [评论限流] av116367776816069 等待 3 秒后重试 (1/3)...
[2026-07-25 02:22:52.988]   [20/99] av220901348 ✓
[2026-07-25 02:22:54.545]   [评论限流] av116534240417843 等待 3 秒后重试 (1/3)...
[2026-07-25 02:22:54.752]   [评论限流] av1506394446 等待 3 秒后重试 (1/3)...
[2026-07-25 02:22:54.801]   [评论限流] av741304685 等待 3 秒后重试 (1/3)...
[2026-07-25 02:22:54.867]   [评论限流] av115297709197482 等待 3 秒后重试 (1/3)...
[2026-07-25 02:22:56.416]   [评论限流] av116367776816069 等待 6 秒后重试 (2/3)...
[2026-07-25 02:22:57.970]   [评论限流] av116534240417843 等待 6 秒后重试 (2/3)...
[2026-07-25 02:22:58.172]   [评论限流] av1506394446 等待 6 秒后重试 (2/3)...
[2026-07-25 02:22:58.247]   [评论限流] av741304685 等待 6 秒后重试 (2/3)...
[2026-07-25 02:22:58.275]   [评论限流] av115297709197482 等待 6 秒后重试 (2/3)...
[2026-07-25 02:23:02.754]   [21/99] av116367776816069 ✓
[2026-07-25 02:23:04.441]   [评论限流] av115801881317430 等待 3 秒后重试 (1/3)...
[2026-07-25 02:23:04.454]   [22/99] av116534240417843 ✓
[2026-07-25 02:23:04.703]   [23/99] av1506394446 ✓
[2026-07-25 02:23:04.739]   [24/99] av115297709197482 ✓
[2026-07-25 02:23:04.746]   [25/99] av741304685 ✓
[2026-07-25 02:23:06.077]   [评论限流] av840123547 等待 3 秒后重试 (1/3)...
[2026-07-25 02:23:06.510]   [评论限流] av715077086 等待 3 秒后重试 (1/3)...
[2026-07-25 02:23:06.545]   [评论限流] av650470872 等待 3 秒后重试 (1/3)...
[2026-07-25 02:23:06.677]   [评论限流] av478738694 等待 3 秒后重试 (1/3)...
[2026-07-25 02:23:07.777]   [评论限流] av115801881317430 等待 6 秒后重试 (2/3)...
[2026-07-25 02:23:09.451]   [评论限流] av840123547 等待 6 秒后重试 (2/3)...
[2026-07-25 02:23:09.959]   [评论限流] av650470872 等待 6 秒后重试 (2/3)...
[2026-07-25 02:23:10.073]   [评论限流] av478738694 等待 6 秒后重试 (2/3)...
[2026-07-25 02:23:14.256]   [26/99] av115801881317430 ✓
[2026-07-25 02:23:15.963]   [27/99] av840123547 ✓
[2026-07-25 02:23:16.180]   [评论限流] av112720913369463 等待 3 秒后重试 (1/3)...
[2026-07-25 02:23:16.559]   [28/99] av715077086 ✓
[2026-07-25 02:23:16.569]   [29/99] av650470872 ✓
[2026-07-25 02:23:16.608]   [30/99] av478738694 ✓
[2026-07-25 02:23:18.239]   [评论限流] av230720778 等待 3 秒后重试 (1/3)...
[2026-07-25 02:23:18.268]   [评论限流] av444387323 等待 3 秒后重试 (1/3)...
[2026-07-25 02:23:18.677]   [评论限流] av114682052483102 等待 3 秒后重试 (1/3)...
[2026-07-25 02:23:18.719]   [评论限流] av1055871270 等待 3 秒后重试 (1/3)...
[2026-07-25 02:23:19.549]   [评论限流] av112720913369463 等待 6 秒后重试 (2/3)...
[2026-07-25 02:23:21.651]   [评论限流] av230720778 等待 6 秒后重试 (2/3)...
[2026-07-25 02:23:21.683]   [评论限流] av444387323 等待 6 秒后重试 (2/3)...
[2026-07-25 02:23:22.107]   [评论限流] av114682052483102 等待 6 秒后重试 (2/3)...
[2026-07-25 02:23:22.112]   [评论限流] av1055871270 等待 6 秒后重试 (2/3)...
[2026-07-25 02:23:26.103]   [31/99] av112720913369463 ✓
[2026-07-25 02:23:28.001]   [评论限流] av114981207084613 等待 3 秒后重试 (1/3)...
[2026-07-25 02:23:28.217]   [32/99] av230720778 ✓
[2026-07-25 02:23:28.288]   [33/99] av444387323 ✓
[2026-07-25 02:23:28.587]   [34/99] av1055871270 ✓
[2026-07-25 02:23:28.594]   [35/99] av114682052483102 ✓
[2026-07-25 02:23:30.299]   [评论限流] av113405843218405 等待 3 秒后重试 (1/3)...
[2026-07-25 02:23:30.400]   [评论限流] av56240158 等待 3 秒后重试 (1/3)...
[2026-07-25 02:23:30.481]   [评论限流] av506061842 等待 3 秒后重试 (1/3)...
[2026-07-25 02:23:30.499]   [评论限流] av263739113 等待 3 秒后重试 (1/3)...
[2026-07-25 02:23:31.361]   [评论限流] av114981207084613 等待 6 秒后重试 (2/3)...
[2026-07-25 02:23:33.992]   [评论限流] av56240158 等待 6 秒后重试 (2/3)...
[2026-07-25 02:23:33.994]   [评论限流] av113405843218405 等待 6 秒后重试 (2/3)...
[2026-07-25 02:23:34.087]   [评论限流] av263739113 等待 6 秒后重试 (2/3)...
[2026-07-25 02:23:34.161]   [评论限流] av506061842 等待 6 秒后重试 (2/3)...
[2026-07-25 02:23:37.698]   [36/99] av114981207084613 ✓
[2026-07-25 02:23:39.532]   [评论限流] av113780260345067 等待 3 秒后重试 (1/3)...
[2026-07-25 02:23:40.500]   [37/99] av56240158 ✓
[2026-07-25 02:23:40.653]   [38/99] av113405843218405 ✓
[2026-07-25 02:23:40.666]   [39/99] av263739113 ✓
[2026-07-25 02:23:40.676]   [40/99] av506061842 ✓
[2026-07-25 02:23:42.531]   [评论限流] av114482470715409 等待 3 秒后重试 (1/3)...
[2026-07-25 02:23:42.792]   [评论限流] av115581260930534 等待 3 秒后重试 (1/3)...
[2026-07-25 02:23:43.014]   [评论限流] av116004868852823 等待 3 秒后重试 (1/3)...
[2026-07-25 02:23:43.097]   [评论限流] av113780260345067 等待 6 秒后重试 (2/3)...
[2026-07-25 02:23:43.107]   [评论限流] av57027905 等待 3 秒后重试 (1/3)...
[2026-07-25 02:23:45.938]   [评论限流] av114482470715409 等待 6 秒后重试 (2/3)...
[2026-07-25 02:23:46.226]   [评论限流] av115581260930534 等待 6 秒后重试 (2/3)...
[2026-07-25 02:23:46.512]   [评论限流] av116004868852823 等待 6 秒后重试 (2/3)...
[2026-07-25 02:23:46.534]   [评论限流] av57027905 等待 6 秒后重试 (2/3)...
[2026-07-25 02:23:49.477]   [41/99] av113780260345067 ✓
[2026-07-25 02:23:51.068]   [评论限流] av938090613 等待 3 秒后重试 (1/3)...
[2026-07-25 02:23:52.476]   [42/99] av114482470715409 ✓
[2026-07-25 02:23:52.741]   [43/99] av115581260930534 ✓
[2026-07-25 02:23:53.076]   [44/99] av116004868852823 ✓
[2026-07-25 02:23:53.092]   [45/99] av57027905 ✓
[2026-07-25 02:23:54.152]   [评论限流] av63985737 等待 3 秒后重试 (1/3)...
[2026-07-25 02:23:54.716]   [评论限流] av938090613 等待 6 秒后重试 (2/3)...
[2026-07-25 02:23:55.113]   [评论限流] av258712714 等待 3 秒后重试 (1/3)...
[2026-07-25 02:23:55.337]   [评论限流] av116758350463663 等待 3 秒后重试 (1/3)...
[2026-07-25 02:23:55.339]   [评论限流] av116385577442767 等待 3 秒后重试 (1/3)...
[2026-07-25 02:23:57.598]   [评论限流] av63985737 等待 6 秒后重试 (2/3)...
[2026-07-25 02:23:58.563]   [评论限流] av258712714 等待 6 秒后重试 (2/3)...
[2026-07-25 02:23:58.770]   [评论限流] av116385577442767 等待 6 秒后重试 (2/3)...
[2026-07-25 02:23:58.799]   [评论限流] av116758350463663 等待 6 秒后重试 (2/3)...
[2026-07-25 02:24:01.188]   [46/99] av938090613 ✓
[2026-07-25 02:24:03.058]   [评论限流] av578672044 等待 3 秒后重试 (1/3)...
[2026-07-25 02:24:04.047]   [47/99] av63985737 ✓
[2026-07-25 02:24:05.074]   [48/99] av258712714 ✓
[2026-07-25 02:24:05.384]   [49/99] av116385577442767 ✓
[2026-07-25 02:24:05.390]   [50/99] av116758350463663 ✓
[2026-07-25 02:24:05.679]   [评论限流] av114041162831159 等待 3 秒后重试 (1/3)...
[2026-07-25 02:24:06.844]   [评论限流] av578672044 等待 6 秒后重试 (2/3)...
[2026-07-25 02:24:06.971]   [评论限流] av115353208295535 等待 3 秒后重试 (1/3)...
[2026-07-25 02:24:07.689]   [评论限流] av116283806845585 等待 3 秒后重试 (1/3)...
[2026-07-25 02:24:07.763]   [51/99] av59089514 ✓
[2026-07-25 02:24:09.227]   [评论限流] av114041162831159 等待 6 秒后重试 (2/3)...
[2026-07-25 02:24:09.329]   [评论限流] av817683913 等待 3 秒后重试 (1/3)...
[2026-07-25 02:24:10.393]   [评论限流] av115353208295535 等待 6 秒后重试 (2/3)...
[2026-07-25 02:24:11.112]   [评论限流] av116283806845585 等待 6 秒后重试 (2/3)...
[2026-07-25 02:24:12.717]   [评论限流] av817683913 等待 6 秒后重试 (2/3)...
[2026-07-25 02:24:13.342]   [52/99] av578672044 ✓
[2026-07-25 02:24:14.981]   [评论限流] av717886208 等待 3 秒后重试 (1/3)...
[2026-07-25 02:24:15.642]   [53/99] av114041162831159 ✓
[2026-07-25 02:24:16.887]   [54/99] av115353208295535 ✓
[2026-07-25 02:24:17.484]   [评论限流] av113993951745274 等待 3 秒后重试 (1/3)...
[2026-07-25 02:24:17.566]   [55/99] av116283806845585 ✓
[2026-07-25 02:24:18.192]   [评论限流] av114833953526293 等待 3 秒后重试 (1/3)...
[2026-07-25 02:24:18.422]   [评论限流] av717886208 等待 6 秒后重试 (2/3)...
[2026-07-25 02:24:19.262]   [56/99] av817683913 ✓
[2026-07-25 02:24:19.391]   [评论限流] av116389301984116 等待 3 秒后重试 (1/3)...
[2026-07-25 02:24:21.009]   [评论限流] av113993951745274 等待 6 秒后重试 (2/3)...
[2026-07-25 02:24:21.174]   [评论限流] av116872519420747 等待 3 秒后重试 (1/3)...
[2026-07-25 02:24:21.583]   [评论限流] av114833953526293 等待 6 秒后重试 (2/3)...
[2026-07-25 02:24:22.761]   [评论限流] av116389301984116 等待 6 秒后重试 (2/3)...
[2026-07-25 02:24:24.645]   [评论限流] av116872519420747 等待 6 秒后重试 (2/3)...
[2026-07-25 02:24:24.868]   [57/99] av717886208 ✓
[2026-07-25 02:24:26.081]   [评论限流] av113815106624782 等待 3 秒后重试 (1/3)...
[2026-07-25 02:24:27.369]   [58/99] av113993951745274 ✓
[2026-07-25 02:24:28.017]   [59/99] av114833953526293 ✓
[2026-07-25 02:24:29.090]   [评论限流] av216721232 等待 3 秒后重试 (1/3)...
[2026-07-25 02:24:29.268]   [60/99] av116389301984116 ✓
[2026-07-25 02:24:29.502]   [评论限流] av113815106624782 等待 6 秒后重试 (2/3)...
[2026-07-25 02:24:30.140]   [评论限流] av116900822517803 等待 3 秒后重试 (1/3)...
[2026-07-25 02:24:30.779]   [评论限流] av113220354446502 等待 3 秒后重试 (1/3)...
[2026-07-25 02:24:31.117]   [61/99] av116872519420747 ✓
[2026-07-25 02:24:32.672]   [评论限流] av216721232 等待 6 秒后重试 (2/3)...
[2026-07-25 02:24:32.925]   [评论限流] av608963769 等待 3 秒后重试 (1/3)...
[2026-07-25 02:24:33.610]   [评论限流] av116900822517803 等待 6 秒后重试 (2/3)...
[2026-07-25 02:24:34.250]   [评论限流] av113220354446502 等待 6 秒后重试 (2/3)...
[2026-07-25 02:24:35.912]   [62/99] av113815106624782 ✓
[2026-07-25 02:24:36.314]   [评论限流] av608963769 等待 6 秒后重试 (2/3)...
[2026-07-25 02:24:37.452]   [评论限流] av113925349707984 等待 3 秒后重试 (1/3)...
[2026-07-25 02:24:39.073]   [63/99] av216721232 ✓
[2026-07-25 02:24:40.057]   [64/99] av116900822517803 ✓
[2026-07-25 02:24:40.525]   [评论限流] av845832317 等待 3 秒后重试 (1/3)...
[2026-07-25 02:24:40.727]   [65/99] av113220354446502 ✓
[2026-07-25 02:24:40.875]   [评论限流] av113925349707984 等待 6 秒后重试 (2/3)...
[2026-07-25 02:24:41.727]   [评论限流] av115100425918336 等待 3 秒后重试 (1/3)...
[2026-07-25 02:24:42.755]   [66/99] av608963769 ✓
[2026-07-25 02:24:42.762]   [评论限流] av113785830381593 等待 3 秒后重试 (1/3)...
[2026-07-25 02:24:44.147]   [评论限流] av845832317 等待 6 秒后重试 (2/3)...
[2026-07-25 02:24:44.648]   [评论限流] av765240724 等待 3 秒后重试 (1/3)...
[2026-07-25 02:24:45.073]   [评论限流] av115100425918336 等待 6 秒后重试 (2/3)...
[2026-07-25 02:24:46.223]   [评论限流] av113785830381593 等待 6 秒后重试 (2/3)...
[2026-07-25 02:24:47.306]   [67/99] av113925349707984 ✓
[2026-07-25 02:24:48.085]   [评论限流] av765240724 等待 6 秒后重试 (2/3)...
[2026-07-25 02:24:49.155]   [评论限流] av1102779685 等待 3 秒后重试 (1/3)...
[2026-07-25 02:24:50.618]   [68/99] av845832317 ✓
[2026-07-25 02:24:51.429]   [69/99] av115100425918336 ✓
[2026-07-25 02:24:52.722]   [评论限流] av1102779685 等待 6 秒后重试 (2/3)...
[2026-07-25 02:24:52.809]   [评论限流] av114684736838139 等待 3 秒后重试 (1/3)...
[2026-07-25 02:24:52.817]   [70/99] av113785830381593 ✓
[2026-07-25 02:24:53.353]   [评论限流] av927758730 等待 3 秒后重试 (1/3)...
[2026-07-25 02:24:54.606]   [71/99] av765240724 ✓
[2026-07-25 02:24:54.645]   [72/99] av114487587770250 ✓
[2026-07-25 02:24:56.478]   [73/99] av114684736838139 ✓
[2026-07-25 02:24:56.724]   [74/99] av115665482553952 ✓
[2026-07-25 02:24:56.805]   [75/99] av116159890458861 ✓
[2026-07-25 02:24:56.855]   [76/99] av927758730 ✓
[2026-07-25 02:24:58.912]   [77/99] av502847387 ✓
[2026-07-25 02:24:58.925]   [78/99] av113525984986408 ✓
[2026-07-25 02:24:59.147]   [79/99] av115512927330116 ✓
[2026-07-25 02:24:59.160]   [80/99] av1803513771 ✓
[2026-07-25 02:24:59.253]   [81/99] av1102779685 ✓
[2026-07-25 02:25:00.719]   [82/99] av114851116487751 ✓
[2026-07-25 02:25:01.298]   [83/99] av114811035718627 ✓
[2026-07-25 02:25:01.411]   [84/99] av113187420642972 ✓
[2026-07-25 02:25:01.574]   [85/99] av113428509230316 ✓
[2026-07-25 02:25:01.767]   [86/99] av519311128 ✓
[2026-07-25 02:25:02.718]   [87/99] av115688517670964 ✓
[2026-07-25 02:25:03.177]   [88/99] av620197858 ✓
[2026-07-25 02:25:03.659]   [89/99] av116849350214569 ✓
[2026-07-25 02:25:03.671]   [90/99] av113349471767614 ✓
[2026-07-25 02:25:04.380]   [91/99] av530225358 ✓
[2026-07-25 02:25:04.856]   [92/99] av1006383194 ✓
[2026-07-25 02:25:05.579]   [93/99] av116215406270352 ✓
[2026-07-25 02:25:05.746]   [94/99] av116735768336565 ✓
[2026-07-25 02:25:05.756]   [95/99] av1005513287 ✓
[2026-07-25 02:25:06.657]   [96/99] av1050098592 ✓
[2026-07-25 02:25:06.905]   [97/99] av115800337816846 ✓
[2026-07-25 02:25:07.717]   [98/99] av115985105295458 ✓
[2026-07-25 02:25:08.003]   [99/99] av454140878 ✓
[2026-07-25 02:25:08.021] 
[完成] 成功: 99, 失败: 0
[2026-07-25 02:25:08.035] 
============================================================
[2026-07-25 02:25:08.043]   Top 10 热门视频
[2026-07-25 02:25:08.046] ============================================================
[2026-07-25 02:25:08.049] 
1. 中国最便宜航空！1元一张机票！坐起来什么体验？飞机餐吃什么？
[2026-07-25 02:25:08.056]    播放: 13,682,439 | 弹幕: 25,121 | 收藏: 168,379 | 评论: 2,808
[2026-07-25 02:25:08.059] 
2. 探秘全球最廉价航空！机票9块9€！到底有多离谱？
[2026-07-25 02:25:08.063]    播放: 10,446,033 | 弹幕: 12,418 | 收藏: 56,947 | 评论: 1,318
[2026-07-25 02:25:08.065] 
3. 穷小子连机票都买不起，却成为了航空界的传奇
[2026-07-25 02:25:08.067]    播放: 9,352,425 | 弹幕: 747 | 收藏: 22,513 | 评论: 258
[2026-07-25 02:25:08.069] 
4. 蛋仔派对：当满级粉丝给我买机票，让我挑战穿蛋仔服去水上乐园！
[2026-07-25 02:25:08.074]    播放: 8,576,367 | 弹幕: 2,387 | 收藏: 211,198 | 评论: 692
[2026-07-25 02:25:08.076] 
5. 历时两个月精心制作！！真特种兵旅行！抠门男花5000多元包机票环游日本十几天，把性价比开发到极致！！
[2026-07-25 02:25:08.080]    播放: 7,019,886 | 弹幕: 6,319 | 收藏: 171,759 | 评论: 3,463
[2026-07-25 02:25:08.082] 
6. 买了张最便宜的公务舱机票，去机场吃“自助餐”看看能不能吃回本？#机场自助餐#机场#自助餐#公务舱#头
[2026-07-25 02:25:08.085]    播放: 5,288,822 | 弹幕: 1,262 | 收藏: 14,067 | 评论: 650
[2026-07-25 02:25:08.086] 
7. 国庆节没机票没事，我车比飞机块
[2026-07-25 02:25:08.089]    播放: 5,166,849 | 弹幕: 121 | 收藏: 56,718 | 评论: 61
[2026-07-25 02:25:08.090] 
8. 我花了一生的积蓄买￥6.9万的商务舱机票! 居然不值得??!
[2026-07-25 02:25:08.093]    播放: 4,611,270 | 弹幕: 626 | 收藏: 79,341 | 评论: 237
[2026-07-25 02:25:08.094] 
9. 当一个美食博主买到了1折公务舱机票，为的就是在机场贵宾室白吃白喝，势必把机场贵宾厅休息室吃出自助餐厅
[2026-07-25 02:25:08.097]    播放: 4,555,017 | 弹幕: 722 | 收藏: 9,329 | 评论: 669
[2026-07-25 02:25:08.099] 
10. 【MrBeast官方】1美元和50万美元机票有什么区别？
[2026-07-25 02:25:08.100]    播放: 4,387,119 | 弹幕: 8,216 | 收藏: 45,217 | 评论: 1,304
[2026-07-25 02:25:08.111] [修复] 已修正 225 条视频的评论数 (comment_count <- review)
[2026-07-25 02:25:08.113] 
============================================================
[2026-07-25 02:25:08.115]   自动检测并补充粉丝数
[2026-07-25 02:25:08.116] ============================================================
[2026-07-25 02:25:08.119] 待补充UP主数: 0
[2026-07-25 02:25:08.122] [完成] 所有UP主已有粉丝数据
[2026-07-25 02:25:08.125] 
==========================================================================================
[2026-07-25 02:25:08.127]   动量分析 (单次快照模式)
[2026-07-25 02:25:08.130] ==========================================================================================
[2026-07-25 02:25:08.132] 关键词: 机票
[2026-07-25 02:25:08.134] 显示数量: 999999
[2026-07-25 02:25:08.135] 评分维度: 播放速率(30%) + 粉丝转化(25%) + 互动密度(20%) + 新鲜度(15%) + 播放量(10%)
[2026-07-25 02:25:08.137] 
[2026-07-25 02:25:08.144] 
动量排行 Top 999999（按综合评分排序）
[2026-07-25 02:25:08.147] ------------------------------------------------------------------------------------------------------------------------------------------------------------------------------------
[2026-07-25 02:25:08.149] 排名   标题                                  播放量 UP主              粉丝      转化      速率/h     互动密度     视频年龄     历史增长     综合分
[2026-07-25 02:25:08.152] ------------------------------------------------------------------------------------------------------------------------------------------------------------------------------------
[2026-07-25 02:25:08.155] 1    一行5人嫌5000元机票贵，买了辆二手车从内蒙古自驾    1,380,902 522653994  1,800,197    0.8x     10760    0.025       5天      N/A   0.643
[2026-07-25 02:25:08.160] 2    【2024】如何优雅地完成一次出国旅行           1,505,577 86756464    154,033    9.8x        70    0.308     902天      N/A   0.456
[2026-07-25 02:25:08.162] 3    中国最便宜航空！1元一张机票！坐起来什么体验？飞机餐   13,682,439 406636263  5,560,251    2.5x      1991    0.034     286天      N/A   0.428
[2026-07-25 02:25:08.164] 4    从北京到哈瓦那的机票要多少钱呢               1,518,611 486180450   136,202   11.2x       117    0.260     539天      N/A   0.427
[2026-07-25 02:25:08.168] 5    外航空姐揭秘坐飞机的一些秘密操作！             1,173,525 369100095    27,884   42.1x       364    0.218     134天      N/A   0.404
[2026-07-25 02:25:08.170] 6    退钱哥直播，后面的比赛已经看不起了，门票贵机票也贵     1,072,670 96224204      7,177  149.5x      3359    0.013      13天      N/A   0.403
[2026-07-25 02:25:08.173] 7    他靠买下3000块钱布丁，白嫖了上百万头等舱机票      1,845,219 354693911     2,637  699.7x      1997    0.066      38天      N/A   0.381
[2026-07-25 02:25:08.174] 8    全程干货！带领大家打破信息差，如何找到便宜机票的途径    1,679,594 592095891  1,645,821    1.0x       186    0.158     375天      N/A   0.363
[2026-07-25 02:25:08.179] 9    飞机上遇到这种情况，你怎么办？               1,097,241 370699723        71 15454.1x      2493    0.007      18天      N/A   0.363
[2026-07-25 02:25:08.182] 10   年薪60万的人《如何给领导订机票》（详细解读版）      1,448,928 146487434   212,904    6.8x       171    0.156     352天      N/A   0.360
[2026-07-25 02:25:08.183] 11   挑战72小时每餐只吃薯条...               1,605,373 9477269      68,287   23.5x      1578    0.047      42天      N/A   0.355
[2026-07-25 02:25:08.186] 12   探秘全球最廉价航空！机票9块9€！到底有多离谱？     10,446,033 406636263  5,560,251    1.9x       692    0.014     629天      N/A   0.353
[2026-07-25 02:25:08.188] 13   历时两个月精心制作！！真特种兵旅行！抠门男花5000    7,019,886 592095891  1,645,821    4.3x       564    0.054     518天      N/A   0.348
[2026-07-25 02:25:08.191] 14   咬牙买了张公务舱机票                    1,033,447 4541414      72,775   14.2x      1927    0.010      22天      N/A   0.348
[2026-07-25 02:25:08.194] 15   《三个人的机票有点拥挤》                  4,201,465 70429299   2,093,417    2.0x       240    0.099     729天      N/A   0.347
[2026-07-25 02:25:08.198] 16   蛋仔派对：当满级粉丝给我买机票，让我挑战穿蛋仔服去水    8,576,367 191224908  1,684,261    5.1x       325    0.032    1098天      N/A   0.340
[2026-07-25 02:25:08.199] 17   马上就可以到处玩了，但是你知道机票怎么买才最划算吗？    1,911,496 158161684   357,717    5.3x        62    0.111    1279天      N/A   0.332
[2026-07-25 02:25:08.202] 18   总价值60000块的机票！飞机上待14个小时！他们居    2,499,326 147166910  3,910,701    0.6x       134    0.165     775天      N/A   0.330
[2026-07-25 02:25:08.204] 19   “狼来了”！我买了15张深圳飞西安的机票          2,384,205 40471088    509,700    4.7x        99    0.100    1002天      N/A   0.329
[2026-07-25 02:25:08.206] 20   穷小子连机票都买不起，却成为了航空界的传奇         9,352,425 186998663     7,168 1304.8x       231    0.006    1687天      N/A   0.326
[2026-07-25 02:25:08.208] 21   一张随机城市的机票，不带钱的生存游戏。这活动搞了6年    1,636,978 161484693    64,157   25.5x        54    0.103    1268天      N/A   0.324
[2026-07-25 02:25:08.212] 22   中国最强文化输出：144小时免签！外媒抹黑中国数十年    2,772,886 354665689   509,107    5.5x       152    0.084     759天      N/A   0.323
[2026-07-25 02:25:08.216] 23   坐飞机流程详细流程-提前多久到机场？怎么买机票更便宜      981,038 639903113    34,189   28.7x        37    0.108    1112天      N/A   0.322
[2026-07-25 02:25:08.219] 24   回国机票八万，真诚建议疫情期间不是富二代不要留学      1,345,792 602725251   195,207    6.9x        36    0.099    1565天      N/A   0.318
[2026-07-25 02:25:08.222] 25   国庆节没机票没事，我车比飞机块               5,166,849 275663908   369,382   14.0x       726    0.021     296天      N/A   0.317
[2026-07-25 02:25:08.225] 26   那些在小黄鱼上靠信息差赚钱的人，你们还好吗？        1,328,785 40471088    509,700    2.6x        44    0.095    1264天      N/A   0.316
[2026-07-25 02:25:08.227] 27   为啥资本家宁可倒牛奶也不便宜卖，为啥机票反而能打1折    1,280,912 675748995   450,940    2.8x       132    0.082     405天      N/A   0.310
[2026-07-25 02:25:08.230] 28   这条视频历时一个月精心制作！！什么叫真正的特种兵旅行    4,076,670 592095891  1,645,821    2.5x       304    0.040     558天      N/A   0.309
[2026-07-25 02:25:08.232] 29   买了张最便宜的公务舱机票，去机场吃“自助餐”看看能不    5,288,822 504799975  1,067,454    5.0x       665    0.009     331天      N/A   0.308
[2026-07-25 02:25:08.235] 30   我花了一生的积蓄买￥6.9万的商务舱机票! 居然不值    4,611,270 434157581  1,892,373    2.4x       272    0.028     705天      N/A   0.305
[2026-07-25 02:25:08.237] 31   低价机票飞云南芒市，在边境小城的阳光轻旅行         1,273,264 480670664  1,400,869    0.9x        61    0.077     863天      N/A   0.305
[2026-07-25 02:25:08.240] 32   宋茜在韩国有多火？ 机场、免税店、地铁站、观光巴士都    1,030,030 175396880   172,823    6.0x       106    0.076     405天      N/A   0.303
[2026-07-25 02:25:08.243] 33   2000元的机票能和空姐面对面谈人生，b站还安排了3    4,023,575 285499073  5,280,447    0.8x        65    0.044    2568天      N/A   0.301
[2026-07-25 02:25:08.247] 34   卢本伟被封前做的一件事：给粉丝买机票，鼓励粉丝追逐梦    2,387,848 13142874     24,731   96.5x        39    0.059    2534天      N/A   0.300
[2026-07-25 02:25:08.249] 35   男子买了机票却无法登机，航司超售让男子无语：我站票飞    2,116,280 147995024     2,267  933.5x        60    0.057    1462天      N/A   0.298
[2026-07-25 02:25:08.251] 36   因为超售机票导致我被卡在了法国无法登机，这个视频告诉    2,632,363 286142707  1,159,304    2.3x        83    0.048    1327天      N/A   0.297
[2026-07-25 02:25:08.254] 37   耗时一周请粉丝吃饭，还包机票，最后她们竟说..       1,314,187 17546432   2,282,304    0.6x        33    0.159    1667天      N/A   0.293
[2026-07-25 02:25:08.256] 38   找老妈要寒假生活费发现老爸不止贪污了我的机票钱       1,148,241 354665709    80,669   14.2x       273    0.052     175天      N/A   0.293
[2026-07-25 02:25:08.257] 39   关于我没机票被踹下来这件事····             3,479,959 699985141    96,048   36.2x       330    0.020     440天      N/A   0.292
[2026-07-25 02:25:08.259] 40   8个外国人为了一张去中国的机票疯狂battle中文     1,542,266 31225950   2,425,061    0.6x       828    0.052      78天      N/A   0.292
[2026-07-25 02:25:08.261] 41   当一个美食博主买到了打折公务舱机票，在机场贵宾室白吃    4,182,648 504799975  1,067,454    3.9x       239    0.013     729天      N/A   0.290
[2026-07-25 02:25:08.264] 42   当一个美食博主买到了1折公务舱机票，为的就是在机场贵    4,555,017 504799975  1,067,454    4.3x       271    0.007     701天      N/A   0.290
[2026-07-25 02:25:08.265] 43   国外一男子1987年花25万美元买了张无限次机票，被    1,052,342 442201381       205 5133.4x       423    0.041     104天      N/A   0.289
[2026-07-25 02:25:08.267] 44   机票的带入感很强，已经在吵架了…              2,107,824 146929456   674,166    3.1x        78    0.043    1125天      N/A   0.289
[2026-07-25 02:25:08.269] 45   1000多元环游海南七天！包含交通和来回机票？！20    1,863,046 592095891  1,645,821    1.1x       201    0.037     385天      N/A   0.287
[2026-07-25 02:25:08.271] 46   女子网购羽绒服半个月后退货，口袋里还装着“海南—哈尔    1,100,900 487614876  1,072,555    1.0x       221    0.045     207天      N/A   0.287
[2026-07-25 02:25:08.272] 47   南丁格尔来了都得连夜买机票回国               2,145,693 556705001       989 2169.6x        68    0.039    1306天      N/A   0.287
[2026-07-25 02:25:08.273] 48   免费给你车票升级成飞机票                  3,797,531 275663908   369,382   10.3x       359    0.005     440天      N/A   0.286
[2026-07-25 02:25:08.274] 49   应广大粉丝要求，洞洞决定带岳父岳母去西双版纳玩，连夜    1,960,986 414086175    80,039   24.5x       789    0.006     104天      N/A   0.284
[2026-07-25 02:25:08.277] 50   去北京玩不想人挤人，这套攻略可得码住咯！          1,011,630 320348568     5,336  189.6x       111    0.046     378天      N/A   0.283
[2026-07-25 02:25:08.279] 51   3从未想过机建燃油费会达到三位数，是不是把机长每天的    1,002,669 179937168    21,275   47.1x       404    0.030     103天      N/A   0.281
[2026-07-25 02:25:08.281] 52   【朱一旦】14 听说女神离婚了，让秘书买了去韩国的机    2,852,487 437316738  3,178,298    0.9x        46    0.022    2584天      N/A   0.280
[2026-07-25 02:25:08.282] 53   百万网红被困迪拜，投诉南航客服不作为！客服∶你让我咋    1,063,392 369099786     1,541  690.1x       307    0.031     144天      N/A   0.280
[2026-07-25 02:25:08.284] 54   当歪国仁在中国待久了之后回到自己的国家，连夜买机票回    2,502,103 180940080     2,762  905.9x        55    0.024    1888天      N/A   0.280
[2026-07-25 02:25:08.286] 55   有粉丝叫我去福建过年？等我！机票已买！           2,001,198 544140516   249,223    8.0x       488    0.011     171天      N/A   0.279
[2026-07-25 02:25:08.288] 56   邪修式买机票大法！回旋镖机票爆火出圈 花600多元从    1,203,188 526890129   335,213    3.6x       232    0.029     216天      N/A   0.277
[2026-07-25 02:25:08.289] 57   😅有时候多花钱确实没毛病...               1,382,897 354669285     2,524  547.9x        90    0.032     641天      N/A   0.276
[2026-07-25 02:25:08.290] 58   当我遇上“绿飞”乘客要吃饭                   980,528 369100097       127 7720.7x       334    0.025     122天      N/A   0.276
[2026-07-25 02:25:08.292] 59   网购羽绒服半个月后退回，口袋里装着到哈尔滨的机票，商    1,012,846 4351252      42,314   23.9x       203    0.028     208天      N/A   0.275
[2026-07-25 02:25:08.293] 60   堪比机票的绿皮车高级软卧到底长啥样？            1,002,221 193287809    17,860   56.1x        50    0.035     834天      N/A   0.274
[2026-07-25 02:25:08.295] 61   买完机票后，我接到了诈骗电话                1,444,023 454077247   578,700    2.5x       174    0.022     346天      N/A   0.273
[2026-07-25 02:25:08.296] 62   经济舱越来越小，头等舱越来越大，这合理吗          1,052,077 354675164        99 10627.0x        70    0.030     627天      N/A   0.273
[2026-07-25 02:25:08.298] 63   以前的景区有多危险，八字够硬你就来！              942,035 320348568     5,336  176.5x       159    0.025     246天      N/A   0.271
[2026-07-25 02:25:08.299] 64   中国最低调机场！机票低8元！招牌字还不全！苏州：我连    1,958,876 647940953   471,009    4.2x       296    0.007     276天      N/A   0.271
[2026-07-25 02:25:08.300] 65   当歪国仁回到自己的老家，连夜买机票回了中国!        2,185,037 180940080     2,762  791.1x        48    0.012    1884天      N/A   0.269
[2026-07-25 02:25:08.302] 66   第一次住酒店超详细攻略                   1,737,363 353711730     1,450 1198.2x       318    0.005     227天      N/A   0.268
[2026-07-25 02:25:08.303] 67   小两口在大理疯玩几天，没想到孩子却闹着找妈妈，洞洞赶    1,048,900 414086175    80,039   13.1x       482    0.005      91天      N/A   0.268
[2026-07-25 02:25:08.304] 68   TikTok黑人小哥最新视频，甚至他还花巨资买了飞机    2,302,981 352757226       202 11400.9x        54    0.008    1777天      N/A   0.268
[2026-07-25 02:25:08.306] 69   男子花25万买一张无限次机票，被航空公司笑20年，没    1,733,878 172462769    20,929   82.8x        41    0.015    1745天      N/A   0.267
[2026-07-25 02:25:08.308] 70   1987年，他花25万买张无限次机票，航空公司笑他傻    1,615,503 172462769    20,929   77.2x        46    0.017    1450天      N/A   0.267
[2026-07-25 02:25:08.309] 71   我机票已经订好准备过去了                  1,163,489 622029620    10,788  107.8x        25    0.022    1912天      N/A   0.267
[2026-07-25 02:25:08.310] 72   😅为什么A380拦住不让上二楼啊……              953,258 354674911     2,455  388.3x        75    0.022     527天      N/A   0.267
[2026-07-25 02:25:08.311] 73   当你因为好奇买了佛山机场的机票...            1,019,097 192566684    25,212   40.4x        37    0.019    1162天      N/A   0.264
[2026-07-25 02:25:08.313] 74   男人每天买一张机票，却不上飞机，经典悬疑剧《绝夜逢生    1,272,886 110887687    60,015   21.2x        94    0.013     564天      N/A   0.264
[2026-07-25 02:25:08.314] 75   吃了我的辣子鸡，欧洲同学连夜查去中国的机票         1,549,920 13296336        839 1847.3x        49    0.011    1322天      N/A   0.264
[2026-07-25 02:25:08.315] 76   坐上飞机后再把机票退了，没想到居然成功了！         1,130,019 165360675   474,600    2.4x        48    0.016     978天      N/A   0.263
[2026-07-25 02:25:08.316] 77   澳洲跑步女无耻的要求中国政府支付返澳机票，中国人民向    1,142,740 416023184       196 5830.3x        21    0.017    2306天      N/A   0.263
[2026-07-25 02:25:08.317] 78   白本离异拒签过，面签竟敢这样说！#美国 #签证 #面    1,008,188 187975675     4,436  227.3x        92    0.015     458天      N/A   0.263
[2026-07-25 02:25:08.319] 79   比飞机票贵三倍的火车高级软卧，真的值吗？          1,468,549 476684728       623 2357.2x        30    0.011    2074天      N/A   0.262
[2026-07-25 02:25:08.320] 80   穷小伙因买不起机票错过父亲葬礼，之后却成为了航空界的    1,265,325 354683988    14,160   89.4x       209    0.005     253天      N/A   0.262
[2026-07-25 02:25:08.322] 81   美食博主买2折公务舱机票，不为别的就是为了把机票吃回    1,579,675 504799975  1,067,454    1.5x        99    0.006     663天      N/A   0.262
[2026-07-25 02:25:08.324] 82   没去过天津的，真心推荐你们去一次！             1,327,261 353711730     1,450  915.4x       239    0.003     232天      N/A   0.261
[2026-07-25 02:25:08.326] 83   放水？美签这是怎么了？签证官问的这么犀利，却还是给通    1,073,606 187975675     4,436  242.0x        70    0.012     641天      N/A   0.261
[2026-07-25 02:25:08.328] 84   空姐身材太好了，开关飞机舱门也是一个很大的挑战啊        957,529 349311746     2,432  393.7x       104    0.010     382天      N/A   0.259
[2026-07-25 02:25:08.329] 85   从国内带回加拿大的那些玩意，有没有赚回机票钱啊       1,375,622 169336110    12,061  114.1x       109    0.004     528天      N/A   0.259
[2026-07-25 02:25:08.330] 86   男子出差31号凌晨1点的机票，本该30号晚上去机场，      979,261 493260599   216,127    4.5x        61    0.011     669天      N/A   0.259
[2026-07-25 02:25:08.332] 87   当一个美食博主买到了打折公务舱机票，在机场贵宾室白吃    1,302,057 504799975  1,067,454    1.2x        87    0.005     622天      N/A   0.259
[2026-07-25 02:25:08.333] 88   国内最简陋的机场——机票低到8元              1,276,336 349436938     3,284  388.6x        64    0.005     825天      N/A   0.258
[2026-07-25 02:25:08.335] 89   造一架飞机要5亿元，除了机票还有什么能赚钱？        1,159,056 137567826   532,228    2.2x        36    0.007    1345天      N/A   0.257
[2026-07-25 02:25:08.336] 90   美签到底看什么？单身白本为何如此顺利？             947,202 187975675     4,436  213.5x        64    0.008     615天      N/A   0.257
[2026-07-25 02:25:08.337] 91   因为买不起机票，穷男人决定开一家航空公司          1,007,269 104220659       114 8835.7x        56    0.005     752天      N/A   0.256
[2026-07-25 02:25:08.339] 92   小哥买特价机票却被告知超售                 1,032,269 672508818    21,818   47.3x        71    0.002     609天      N/A   0.254
[2026-07-25 02:25:08.340] 93   闺蜜送我去演唱会第一排见爱豆，还包机票……         1,520,684 1968595    3,056,000    0.5x        55    0.120    1145天      N/A   0.245
[2026-07-25 02:25:08.341] 94   【MrBeast官方】1美元和50万美元机票有什么区    4,387,119 102773742  8,399,674    0.5x       223    0.050     819天      N/A   0.234
[2026-07-25 02:25:08.342] 95   偷偷买了和好朋友同一班的机票，看他发现我的反应～      1,520,372 186971237  3,790,691    0.4x       112    0.137     563天      N/A   0.227
[2026-07-25 02:25:08.343] 96   机票最低1元，平均年薪34.25万，春秋航空凭什么赚    1,046,352 434376696  2,574,037    0.4x        84    0.038     519天      N/A   0.160
[2026-07-25 02:25:08.345] 97   新疆机场商务舱初体验！2折机票空乘姐姐疯狂投喂！      1,759,020 6087825    4,943,965    0.4x        80    0.048     913天      N/A   0.155
[2026-07-25 02:25:08.346] 98   98元的机票盲盒，目的地是喜是忧……            1,275,676 42870908   3,817,200    0.3x        28    0.065    1931天      N/A   0.153
[2026-07-25 02:25:08.347] 99   100w终极福利！为粉丝安排的机票食宿准备就绪！        960,476 19642758   4,295,955    0.2x        15    0.110    2590天      N/A   0.144
[2026-07-25 02:25:08.349] ------------------------------------------------------------------------------------------------------------------------------------------------------------------------------------
[2026-07-25 02:25:08.350] 
提示: 综合分 = 播放速率(30%) + 粉丝转化(25%) + 互动密度(20%) + 新鲜度(15%) + 播放量(10%)
[2026-07-25 02:25:08.351]       历史增长列显示多次爬取后的真实增长率，首次爬取为 N/A
[2026-07-25 02:25:08.359] 
[导出] 动量分析结果已保存到 output\机票\momentum_20260725_022508.csv
