[2026-07-24 20:50:58.265] 日志文件: logs\spider_20260724_205058.log
[2026-07-24 20:50:58.294] 
==========================================================================================
[2026-07-24 20:50:58.295]   动量分析 (单次快照模式)
[2026-07-24 20:50:58.295] ==========================================================================================
[2026-07-24 20:50:58.296] 关键词: 服饰
[2026-07-24 20:50:58.297] 显示数量: 20
[2026-07-24 20:50:58.298] 评分维度: 播放速率(30%) + 粉丝转化(25%) + 互动密度(20%) + 新鲜度(15%) + 播放量(10%)
[2026-07-24 20:50:58.299] 
[2026-07-24 20:50:58.305] 
动量排行 Top 20（按综合评分排序）
[2026-07-24 20:50:58.308] ------------------------------------------------------------------------------------------------------------------------------------------------------------------------------------
[2026-07-24 20:50:58.309] 排名   标题                                  播放量 UP主              粉丝      转化      速率/h     互动密度     视频年龄     历史增长     综合分
[2026-07-24 20:50:58.310] ------------------------------------------------------------------------------------------------------------------------------------------------------------------------------------
[2026-07-24 20:50:58.312] 1    穿搭测评交友                       14,074,553 480963436         -       -     12182    0.069      48天      N/A   0.443
[2026-07-24 20:50:58.312] 2    幸福了…幸福疯了！                     6,573,147 180926019     4,620 1422.8x       338    0.124     810天      N/A   0.388
[2026-07-24 20:50:58.314] 3    永远都不知道对手是什么“糕手”              11,756,506 354659103         -       -      5702    0.068      86天      N/A   0.270
[2026-07-24 20:50:58.315] 4    『从头看她』1920-2020，中国女性发型的百年变   15,085,101 297344797  1,950,000    7.7x       519    0.201    1212天      N/A   0.262
[2026-07-24 20:50:58.316] 5    No cap =)))                   9,679,011 354686025  9,679,000    1.0x      5619    0.071      72天      N/A   0.260
[2026-07-24 20:50:58.317] 6    在？看看你的钱｜钱来！藏在人民币里的中式美学        7,074,378 6272357           -       -      1240    0.202     238天      N/A   0.237
[2026-07-24 20:50:58.319] 7    1920-2020 百年变迁，我眼中的中国女性真实之   14,190,477 297344797  1,950,000    7.3x       328    0.181    1800天      N/A   0.234
[2026-07-24 20:50:58.319] 8    穿搭测评交友                        5,339,982 480963436         -       -      6216    0.029      36天      N/A   0.211
[2026-07-24 20:50:58.320] 9    【晓观】穿搭配色的秘密，我给每个人都找到了！        4,881,564 207261582   547,000    8.9x       126    0.211    1613天      N/A   0.207
[2026-07-24 20:50:58.321] 10   是泳装cos！                       5,574,172 836885            -       -       161    0.201    1440天      N/A   0.201
[2026-07-24 20:50:58.322] 11   1920-2020 百年变迁，中国女性职业服装的变化    5,247,320 297344797  1,950,000    2.7x       251    0.195     871天      N/A   0.196
[2026-07-24 20:50:58.323] 12   “他们不像是走秀，倒像是来赴宴的......”| 前   13,524,237 11860785          -       -       324    0.145    1742天      N/A   0.195
[2026-07-24 20:50:58.323] 13   贾法尔…你已经偷走了我的心                 4,519,038 199478092         -       -      3635    0.072      52天      N/A   0.184
[2026-07-24 20:50:58.325] 14   我偷偷摸摸去逛了漫展🫣                   6,118,822 212630840  1,966,000    3.1x       234    0.175    1089天      N/A   0.181
[2026-07-24 20:50:58.325] 15   这是最后一次了，且珍惜！                  6,298,541 285499073         -       -       115    0.173    2277天      N/A   0.177
[2026-07-24 20:50:58.326] 16   闪购外卖Lolita，让广告来得更猛一些...！      5,222,602 421178217         -       -      4860    0.028      45天      N/A   0.176
[2026-07-24 20:50:58.327] 17   宝，这就是宫里的体面工作1？                5,380,105 354690656         -       -      3245    0.058      69天      N/A   0.165
[2026-07-24 20:50:58.328] 18   那个备婚两年刷爆全网的汉服婚礼正片来啦！！！        5,079,516 453029726         -       -       108    0.165    1960天      N/A   0.163
[2026-07-24 20:50:58.329] 19   宵 宫 衣 橱 大 公 开                 6,151,910 45024129   1,079,000    5.7x       608    0.143     422天      N/A   0.161
[2026-07-24 20:50:58.330] 20   高清变装合集丨四种不同风格变妆               4,406,058 17364274          -       -       121    0.164    1514天      N/A   0.158
[2026-07-24 20:50:58.331] ------------------------------------------------------------------------------------------------------------------------------------------------------------------------------------
[2026-07-24 20:50:58.333] 
提示: 综合分 = 播放速率(30%) + 粉丝转化(25%) + 互动密度(20%) + 新鲜度(15%) + 播放量(10%)
[2026-07-24 20:50:58.334]       历史增长列显示多次爬取后的真实增长率，首次爬取为 N/A
