[2026-07-24 22:52:46.770] 日志文件: logs\spider_20260724_225246.log
[2026-07-24 22:52:46.775] ============================================================
[2026-07-24 22:52:46.776]   B站视频爬虫 (增强版)
[2026-07-24 22:52:46.778] ============================================================
[2026-07-24 22:52:46.780] 关键词: 富人
[2026-07-24 22:52:46.782] 页数: 5
[2026-07-24 22:52:46.782] 排序: click
[2026-07-24 22:52:46.783] 线程数: 3
[2026-07-24 22:52:46.783] 延迟: 1.0s
[2026-07-24 22:52:46.784] 
[2026-07-24 22:52:47.026] [任务] 任务ID: 27
[2026-07-24 22:52:47.028] [搜索] 第 1/5 页...
[2026-07-24 22:52:47.875]   找到 20 个，新增 20 个
[2026-07-24 22:52:49.472] [搜索] 第 2/5 页...
[2026-07-24 22:52:49.996]   找到 20 个，新增 20 个
[2026-07-24 22:52:51.390] [搜索] 第 3/5 页...
[2026-07-24 22:52:52.011]   找到 20 个，新增 20 个
[2026-07-24 22:52:53.566] [搜索] 第 4/5 页...
[2026-07-24 22:52:54.179]   找到 20 个，新增 19 个
[2026-07-24 22:52:55.773] [搜索] 第 5/5 页...
[2026-07-24 22:52:56.385]   找到 20 个，新增 20 个
[2026-07-24 22:52:57.941] 
[搜索完成] 共 99 个视频，今日已爬 28 个，新增 71 个
[2026-07-24 22:52:57.945] [搜索统计] 搜索失败页数: 0
[2026-07-24 22:52:57.947] 
[详情获取] 使用 3 个线程获取视频详情...
[2026-07-24 22:53:00.081]   [1/71] av48078302 ✓
[2026-07-24 22:53:00.203]   [2/71] av115898400641389 ✓
[2026-07-24 22:53:00.257]   [3/71] av942109045 ✓
[2026-07-24 22:53:01.540]   [4/71] av113450755825539 ✓
[2026-07-24 22:53:02.121]   [5/71] av848326648 ✓
[2026-07-24 22:53:02.167]   [6/71] av248640809 ✓
[2026-07-24 22:53:03.858]   [7/71] av116350949261468 ✓
[2026-07-24 22:53:03.940]   [8/71] av32044298 ✓
[2026-07-24 22:53:04.043]   [9/71] av116604738275108 ✓
[2026-07-24 22:53:06.090]   [10/71] av1651583636 ✓
[2026-07-24 22:53:06.098]   [11/71] av1205988620 ✓
[2026-07-24 22:53:06.213]   [12/71] av116254429944548 ✓
[2026-07-24 22:53:07.996]   [13/71] av113906206905126 ✓
[2026-07-24 22:53:08.076]   [14/71] av855830826 ✓
[2026-07-24 22:53:08.094]   [15/71] av115581479100298 ✓
[2026-07-24 22:53:10.107]   [16/71] av116640792515913 ✓
[2026-07-24 22:53:10.149]   [17/71] av763257657 ✓
[2026-07-24 22:53:10.177]   [18/71] av757758285 ✓
[2026-07-24 22:53:11.967]   [19/71] av294309193 ✓
[2026-07-24 22:53:11.972]   [20/71] av406729234 ✓
[2026-07-24 22:53:11.999]   [21/71] av929565285 ✓
[2026-07-24 22:53:13.575]   [22/71] av761266261 ✓
[2026-07-24 22:53:13.726]   [23/71] av113677265018745 ✓
[2026-07-24 22:53:14.115]   [24/71] av565901416 ✓
[2026-07-24 22:53:15.058]   [25/71] av113673590870726 ✓
[2026-07-24 22:53:15.481]   [26/71] av640385774 ✓
[2026-07-24 22:53:16.201]   [27/71] av116606952872706 ✓
[2026-07-24 22:53:16.804]   [28/71] av1701727593 ✓
[2026-07-24 22:53:17.127]   [29/71] av290276168 ✓
[2026-07-24 22:53:18.013]   [30/71] av710315254 ✓
[2026-07-24 22:53:18.827]   [31/71] av115213286382046 ✓
[2026-07-24 22:53:19.162]   [32/71] av300823590 ✓
[2026-07-24 22:53:19.702]   [33/71] av683758215 ✓
[2026-07-24 22:53:20.495]   [34/71] av602399752 ✓
[2026-07-24 22:53:21.206]   [35/71] av114974294807766 ✓
[2026-07-24 22:53:21.357]   [36/71] av114816907875814 ✓
[2026-07-24 22:53:22.438]   [37/71] av264663072 ✓
[2026-07-24 22:53:22.977]   [38/71] av851292696 ✓
[2026-07-24 22:53:23.268]   [39/71] av989967341 ✓
[2026-07-24 22:53:23.955]   [40/71] av335709027 ✓
[2026-07-24 22:53:24.485]   [41/71] av115671572746725 ✓
[2026-07-24 22:53:24.895]   [42/71] av116164000747384 ✓
[2026-07-24 22:53:25.649]   [43/71] av463207532 ✓
[2026-07-24 22:53:26.434]   [44/71] av116615777620324 ✓
[2026-07-24 22:53:26.708]   [45/71] av377419485 ✓
[2026-07-24 22:53:27.605]   [46/71] av862813964 ✓
[2026-07-24 22:53:28.368]   [47/71] av116220657467578 ✓
[2026-07-24 22:53:28.507]   [48/71] av89283427 ✓
[2026-07-24 22:53:29.597]   [49/71] av631811992 ✓
[2026-07-24 22:53:30.202]   [50/71] av981422420 ✓
[2026-07-24 22:53:30.254]   [51/71] av206341438 ✓
[2026-07-24 22:53:31.387]   [52/71] av1053370388 ✓
[2026-07-24 22:53:31.845]   [53/71] av69980789 ✓
[2026-07-24 22:53:31.877]   [54/71] av1556348753 ✓
[2026-07-24 22:53:33.496]   [55/71] av116651630597225 ✓
[2026-07-24 22:53:33.805]   [56/71] av113797993922951 ✓
[2026-07-24 22:53:33.814]   [57/71] av113010689442346 ✓
[2026-07-24 22:53:35.699]   [58/71] av333200943 ✓
[2026-07-24 22:53:35.779]   [59/71] av115394715191785 ✓
[2026-07-24 22:53:35.846]   [60/71] av808362799 ✓
[2026-07-24 22:53:37.631]   [61/71] av114233933041190 ✓
[2026-07-24 22:53:37.694]   [62/71] av44896824 ✓
[2026-07-24 22:53:37.729]   [63/71] av771648700 ✓
[2026-07-24 22:53:39.049]   [64/71] av113224179516857 ✓
[2026-07-24 22:53:39.511]   [65/71] av114953038076270 ✓
[2026-07-24 22:53:39.559]   [66/71] av22727792 ✓
[2026-07-24 22:53:41.093]   [67/71] av507766568 ✓
[2026-07-24 22:53:41.243]   [68/71] av769090963 ✓
[2026-07-24 22:53:41.248]   [69/71] av115213034591325 ✓
[2026-07-24 22:53:42.638]   [70/71] av386335364 ✓
[2026-07-24 22:53:43.119]   [71/71] av116735768401301 ✓
[2026-07-24 22:53:43.126] 
[完成] 成功: 71, 失败: 0
[2026-07-24 22:53:43.129] 
============================================================
[2026-07-24 22:53:43.131]   Top 10 热门视频
[2026-07-24 22:53:43.133] ============================================================
[2026-07-24 22:53:43.134] 
1. 走过路过，不要错过！我们的品质，普普通通，我们的价格，没有极限，欢迎来到——富人直播间！（纯属虚构，
[2026-07-24 22:53:43.136]    播放: 10,930,532 | 弹幕: 16,927 | 收藏: 99,478 | 评论: 34,213
[2026-07-24 22:53:43.137] 
2. 一街之隔，贫民窟VS顶级财阀！韩国贫富差距有多大？
[2026-07-24 22:53:43.139]    播放: 8,097,761 | 弹幕: 4,059 | 收藏: 23,089 | 评论: 3,262
[2026-07-24 22:53:43.140] 
3. 网友都说它是富人的游戏。所有人都在演戏，但这两个少年却亲手把剧本撕碎。
[2026-07-24 22:53:43.141]    播放: 8,091,468 | 弹幕: 72 | 收藏: 121,667 | 评论: 63
[2026-07-24 22:53:43.142] 
4. 一天花掉当地一个月工资！我在破产国家当富豪，混进印度富人圈！
[2026-07-24 22:53:43.143]    播放: 5,935,949 | 弹幕: 10,566 | 收藏: 24,715 | 评论: 2,350
[2026-07-24 22:53:43.145] 
5. 地球最后的净土，居然是一座人类养殖场，专门用来给富人续命！
[2026-07-24 22:53:43.146]    播放: 5,852,339 | 弹幕: 1,973 | 收藏: 10,088 | 评论: 1,616
[2026-07-24 22:53:43.148] 
6. 18年前赢得“富人游戏”的农村娃，一句清醒发言看哭无数人，如今他怎么样了
[2026-07-24 22:53:43.150]    播放: 5,410,388 | 弹幕: 3,600 | 收藏: 23,724 | 评论: 1,626
[2026-07-24 22:53:43.151] 
7. 叫我遇到搬家嘞！重生了，我在富人区捡垃圾-寻宝笔记
[2026-07-24 22:53:43.154]    播放: 5,033,199 | 弹幕: 41 | 收藏: 69,862 | 评论: 25
[2026-07-24 22:53:43.155] 
8. 富豪真的节俭吗
[2026-07-24 22:53:43.157]    播放: 4,500,895 | 弹幕: 2,754 | 收藏: 25,909 | 评论: 4,691
[2026-07-24 22:53:43.159] 
9. 【马云X马化腾】富 人 抬 棺
[2026-07-24 22:53:43.161]    播放: 4,065,367 | 弹幕: 10,828 | 收藏: 72,648 | 评论: 2,678
[2026-07-24 22:53:43.163] 
10. 走进美国最富社区之一，这里竟然肯德基都没有！
[2026-07-24 22:53:43.165]    播放: 3,943,509 | 弹幕: 12,255 | 收藏: 9,651 | 评论: 7,252
[2026-07-24 22:53:43.167] 
============================================================
[2026-07-24 22:53:43.169]   自动检测并补充粉丝数
[2026-07-24 22:53:43.171] ============================================================
[2026-07-24 22:53:43.174] 待补充UP主数: 0
[2026-07-24 22:53:43.176] [完成] 所有UP主已有粉丝数据
