[2026-07-24 20:14:13.927] 日志文件: logs\spider_20260724_201413.log
[2026-07-24 20:14:13.928] ============================================================
[2026-07-24 20:14:13.929]   B站视频爬虫 (增强版)
[2026-07-24 20:14:13.929] ============================================================
[2026-07-24 20:14:13.930] 关键词: 服饰
[2026-07-24 20:14:13.931] 页数: 5
[2026-07-24 20:14:13.931] 排序: click
[2026-07-24 20:14:13.932] 线程数: 3
[2026-07-24 20:14:13.932] 延迟: 1.0s
[2026-07-24 20:14:13.933] 
[2026-07-24 20:14:14.075] [任务] 任务ID: 21
[2026-07-24 20:14:14.077] [搜索] 第 1/5 页...
[2026-07-24 20:14:14.363]   [WBI] 获取密钥失败: Expecting value: line 1 column 1 (char 0)
[2026-07-24 20:14:14.826]   找到 20 个，新增 20 个
[2026-07-24 20:14:16.638] [搜索] 第 2/5 页...
[2026-07-24 20:14:16.795]   [WBI] 获取密钥失败: Expecting value: line 1 column 1 (char 0)
[2026-07-24 20:14:17.141]   找到 20 个，新增 20 个
[2026-07-24 20:14:18.328] [搜索] 第 3/5 页...
[2026-07-24 20:14:18.490]   [WBI] 获取密钥失败: Expecting value: line 1 column 1 (char 0)
[2026-07-24 20:14:18.876]   找到 20 个，新增 20 个
[2026-07-24 20:14:20.547] [搜索] 第 4/5 页...
[2026-07-24 20:14:20.721]   [WBI] 获取密钥失败: Expecting value: line 1 column 1 (char 0)
[2026-07-24 20:14:21.111]   找到 20 个，新增 20 个
[2026-07-24 20:14:22.817] [搜索] 第 5/5 页...
[2026-07-24 20:14:22.979]   [WBI] 获取密钥失败: Expecting value: line 1 column 1 (char 0)
[2026-07-24 20:14:23.314]   找到 20 个，新增 20 个
[2026-07-24 20:14:24.885] 
[搜索完成] 共 100 个视频，今日已爬 100 个，新增 0 个
[2026-07-24 20:14:24.888] [搜索统计] 搜索失败页数: 0
[2026-07-24 20:14:24.890] [完成] 没有新视频需要爬取
[2026-07-24 20:14:24.931] 
================================================================================
[2026-07-24 20:14:24.934]   动量分析 (增强版)
[2026-07-24 20:14:24.937] ================================================================================
[2026-07-24 20:14:24.938] 关键词: 服饰
[2026-07-24 20:14:24.940] 指标: play_nums
[2026-07-24 20:14:24.943] 显示数量: 20
[2026-07-24 20:14:24.944] 
[2026-07-24 20:14:24.952] 
动量排行 Top 20（按综合评分排序）
[2026-07-24 20:14:24.954] --------------------------------------------------------------------------------------------------------------------------------------------------------------------------
[2026-07-24 20:14:24.957] 排名   标题                                  当前播放量 UP主               粉丝数      转化率       播放速率      评论数     总增长%      日均% 状态        
[2026-07-24 20:14:24.958] --------------------------------------------------------------------------------------------------------------------------------------------------------------------------
[2026-07-24 20:14:24.959] 1    摆脱春夏内衣“闷热”！与内衣和解，小胸显大不空杯！      22,790,190 457226461           -        -    615.4/h       19      N/A      N/A 无历史数据     
[2026-07-24 20:14:24.960] 2    『从头看她』1920-2020，中国女性发型的百年变迁    15,085,101 297344797    1,950,000     7.7x          -        -      N/A      N/A 无历史数据     
[2026-07-24 20:14:24.961] 3    1920-2020 百年变迁，我眼中的中国女性真实之美。   14,190,477 297344797    1,950,000     7.3x          -        -      N/A      N/A 无历史数据     
[2026-07-24 20:14:24.962] 4    幸福了…幸福疯了！                       6,573,147 180926019       4,620  1422.8x          -        -      N/A      N/A 无历史数据     
[2026-07-24 20:14:24.964] 5    穿搭测评交友                         14,074,553 480963436           -        -          -        -      N/A      N/A 无历史数据     
[2026-07-24 20:14:24.965] 6    “他们不像是走秀，倒像是来赴宴的......”| 前方高   13,524,237 11860785            -        -          -        -      N/A      N/A 无历史数据     
[2026-07-24 20:14:24.967] 7    耗时半年复刻电影里灰姑娘公主裙！每个女孩的公主梦都应该被   12,147,649 350975070           -        -          -        -      N/A      N/A 无历史数据     
[2026-07-24 20:14:24.967] 8    永远都不知道对手是什么“糕手”                11,756,506 35465910340         -        -          -        -      N/A      N/A 无历史数据     
[2026-07-24 20:14:24.970] 9    Zara今年的衣服绝了，这种请问谁能穿！           11,238,112 303713614           -        -          -        -      N/A      N/A 无历史数据     
[2026-07-24 20:14:24.973] 10   海澜之家空中变装                       11,007,022 166326710           -        -          -        -      N/A      N/A 无历史数据     
[2026-07-24 20:14:24.977] 11   漫画胸能不能走出现实啊？？？？                10,711,015 1968595      3,056,000     3.5x          -        -      N/A      N/A 无历史数据     
[2026-07-24 20:14:24.980] 12   No cap =)))                     9,679,011 35468602559  9,679,000     1.0x          -        -      N/A      N/A 无历史数据     
[2026-07-24 20:14:24.981] 13   男生网上买衣服，关键词怎样搜才不会踩雷！            9,319,845 35465604366         -        -          -        -      N/A      N/A 无历史数据     
[2026-07-24 20:14:24.983] 14   王祖贤，你TM到底怎么做到时尚超前20年的？          9,015,952 433725771           -        -          -        -      N/A      N/A 无历史数据     
[2026-07-24 20:14:24.984] 15   “穿”衣服挑战！01                      8,962,256 285499073           -        -          -        -      N/A      N/A 无历史数据     
[2026-07-24 20:14:24.986] 16   是的姐妹！你凭本事刷到了这个视频～               8,601,055 15805984            -        -          -        -      N/A      N/A 无历史数据     
[2026-07-24 20:14:24.988] 17   现在准备卷死他们！情人节送鞋指南，直男看了都会喜欢的鞋子    8,250,151 9978781             -        -          -        -      N/A      N/A 无历史数据     
[2026-07-24 20:14:24.988] 18   挑战用睡衣把残疾女孩爆改成天使！美到落泪            7,978,964 31438993      853,000     9.3x          -        -      N/A      N/A 无历史数据     
[2026-07-24 20:14:24.988] 19   我的设计我来疼                         7,862,320 522774551           -        -          -        -      N/A      N/A 无历史数据     
[2026-07-24 20:14:24.990] 20   渐变色，但是很上头 ⚡️叮叮当当舞⚡️             7,803,735 7375428             -        -          -        -      N/A      N/A 无历史数据     
[2026-07-24 20:14:24.990] --------------------------------------------------------------------------------------------------------------------------------------------------------------------------
[2026-07-24 20:14:24.995] 
[导出] 动量分析结果已保存到 output\服饰\momentum_20260724_201424.csv
[2026-07-24 20:14:25.002] 
[导出] 动量分析结果已保存到 output\服饰\momentum_20260724_201425.csv
