[2026-07-25 02:30:15.740] 日志文件: logs\spider_20260725_023015.log
[2026-07-25 02:30:15.741] ============================================================
[2026-07-25 02:30:15.742]   B站视频爬虫 (增强版)
[2026-07-25 02:30:15.745] ============================================================
[2026-07-25 02:30:15.746] 关键词: 深圳
[2026-07-25 02:30:15.748] 页数: 5
[2026-07-25 02:30:15.749] 排序: click
[2026-07-25 02:30:15.754] 线程数: 5
[2026-07-25 02:30:15.755] 延迟: 1.0s
[2026-07-25 02:30:15.757] 
[2026-07-25 02:30:15.797] [任务] 任务ID: 43
[2026-07-25 02:30:15.804] [搜索] 第 1/5 页...
[2026-07-25 02:30:16.455]   找到 20 个，新增 20 个
[2026-07-25 02:30:18.064] [搜索] 第 2/5 页...
[2026-07-25 02:30:18.728]   找到 20 个，新增 20 个
[2026-07-25 02:30:20.097] [搜索] 第 3/5 页...
[2026-07-25 02:30:20.670]   找到 20 个，新增 20 个
[2026-07-25 02:30:22.407] [搜索] 第 4/5 页...
[2026-07-25 02:30:22.966]   找到 20 个，新增 20 个
[2026-07-25 02:30:24.905] [搜索] 第 5/5 页...
[2026-07-25 02:30:25.486]   找到 20 个，新增 20 个
[2026-07-25 02:30:26.819] 
[搜索完成] 共 100 个视频，今日已爬 0 个，新增 100 个
[2026-07-25 02:30:26.822] [搜索统计] 搜索失败页数: 0
[2026-07-25 02:30:26.824] 
[详情获取] 使用 5 个线程获取视频详情...
[2026-07-25 02:30:28.753]   [1/100] av889052780 ✓
[2026-07-25 02:30:28.761]   [2/100] av115960677664985 ✓
[2026-07-25 02:30:28.767]   [3/100] av115882378463674 ✓
[2026-07-25 02:30:29.084]   [4/100] av932926479 ✓
[2026-07-25 02:30:29.095]   [5/100] av550709403 ✓
[2026-07-25 02:30:30.417]   [6/100] av114280523366618 ✓
[2026-07-25 02:30:30.790]   [7/100] av114311896761444 ✓
[2026-07-25 02:30:30.861]   [8/100] av679735061 ✓
[2026-07-25 02:30:31.012]   [9/100] av342836503 ✓
[2026-07-25 02:30:31.167]   [10/100] av549207571 ✓
[2026-07-25 02:30:31.799]   [11/100] av942817902 ✓
[2026-07-25 02:30:32.570]   [12/100] av113149722238315 ✓
[2026-07-25 02:30:32.987]   [13/100] av465499933 ✓
[2026-07-25 02:30:33.150]   [14/100] av115354667910386 ✓
[2026-07-25 02:30:33.157]   [15/100] av55121049 ✓
[2026-07-25 02:30:33.521]   [16/100] av389880031 ✓
[2026-07-25 02:30:34.681]   [17/100] av116295030802986 ✓
[2026-07-25 02:30:34.731]   [18/100] av933662504 ✓
[2026-07-25 02:30:34.875]   [19/100] av477085114 ✓
[2026-07-25 02:30:35.093]   [20/100] av249996360 ✓
[2026-07-25 02:30:35.451]   [21/100] av113283956736549 ✓
[2026-07-25 02:30:36.954]   [22/100] av742087187 ✓
[2026-07-25 02:30:36.962]   [23/100] av115456589432003 ✓
[2026-07-25 02:30:36.995]   [24/100] av1605844377 ✓
[2026-07-25 02:30:37.337]   [25/100] av115986833347703 ✓
[2026-07-25 02:30:37.568]   [26/100] av116623461582615 ✓
[2026-07-25 02:30:38.495]   [27/100] av291305457 ✓
[2026-07-25 02:30:38.860]   [28/100] av261066582 ✓
[2026-07-25 02:30:39.031]   [29/100] av429165377 ✓
[2026-07-25 02:30:39.077]   [30/100] av762201126 ✓
[2026-07-25 02:30:39.567]   [31/100] av114375297862475 ✓
[2026-07-25 02:30:40.072]   [32/100] av911924391 ✓
[2026-07-25 02:30:40.941]   [33/100] av862101526 ✓
[2026-07-25 02:30:40.948]   [34/100] av681961274 ✓
[2026-07-25 02:30:41.024]   [35/100] av1153454709 ✓
[2026-07-25 02:30:41.422]   [36/100] av115655131009464 ✓
[2026-07-25 02:30:41.650]   [37/100] av206380007 ✓
[2026-07-25 02:30:42.383]   [38/100] av546750652 ✓
[2026-07-25 02:30:42.481]   [39/100] av772413658 ✓
[2026-07-25 02:30:42.828]   [40/100] av685657386 ✓
[2026-07-25 02:30:43.126]   [41/100] av206266697 ✓
[2026-07-25 02:30:43.457]   [42/100] av114422072804931 ✓
[2026-07-25 02:30:44.204]   [43/100] av714955252 ✓
[2026-07-25 02:30:44.390]   [44/100] av532955610 ✓
[2026-07-25 02:30:44.870]   [45/100] av887234212 ✓
[2026-07-25 02:30:45.106]   [46/100] av639122018 ✓
[2026-07-25 02:30:45.576]   [47/100] av618706242 ✓
[2026-07-25 02:30:46.012]   [48/100] av559332695 ✓
[2026-07-25 02:30:46.017]   [49/100] av367348986 ✓
[2026-07-25 02:30:46.890]   [50/100] av945217008 ✓
[2026-07-25 02:30:46.896]   [51/100] av424972729 ✓
[2026-07-25 02:30:47.530]   [52/100] av82350453 ✓
[2026-07-25 02:30:47.650]   [53/100] av116339037640681 ✓
[2026-07-25 02:30:47.722]   [54/100] av114556760297167 ✓
[2026-07-25 02:30:48.707]   [55/100] av63502535 ✓
[2026-07-25 02:30:48.733]   [56/100] av1256441231 ✓
[2026-07-25 02:30:49.375]   [57/100] av115781144676893 ✓
[2026-07-25 02:30:49.632]   [58/100] av238014670 ✓
[2026-07-25 02:30:49.705]   [59/100] av114388065325215 ✓
[2026-07-25 02:30:50.354]   [60/100] av115377401042726 ✓
[2026-07-25 02:30:50.551]   [61/100] av675193437 ✓
[2026-07-25 02:30:51.234]   [62/100] av116652670780451 ✓
[2026-07-25 02:30:51.440]   [63/100] av811517060 ✓
[2026-07-25 02:30:51.450]   [64/100] av405970485 ✓
[2026-07-25 02:30:52.252]   [65/100] av461717518 ✓
[2026-07-25 02:30:52.259]   [66/100] av405446757 ✓
[2026-07-25 02:30:53.170]   [67/100] av726581731 ✓
[2026-07-25 02:30:53.496]   [68/100] av643083303 ✓
[2026-07-25 02:30:53.567]   [69/100] av112899020294914 ✓
[2026-07-25 02:30:53.764]   [70/100] av1553422783 ✓
[2026-07-25 02:30:53.907]   [71/100] av792042533 ✓
[2026-07-25 02:30:55.102]   [72/100] av724786466 ✓
[2026-07-25 02:30:55.148]   [73/100] av432415857 ✓
[2026-07-25 02:30:55.252]   [74/100] av682554502 ✓
[2026-07-25 02:30:55.400]   [75/100] av116061206746831 ✓
[2026-07-25 02:30:55.789]   [76/100] av116425305888623 ✓
[2026-07-25 02:30:56.716]   [77/100] av114680458644246 ✓
[2026-07-25 02:30:56.927]   [78/100] av933670449 ✓
[2026-07-25 02:30:57.145]   [79/100] av946473558 ✓
[2026-07-25 02:30:57.169]   [80/100] av114447725103324 ✓
[2026-07-25 02:30:57.536]   [81/100] av115077608906162 ✓
[2026-07-25 02:30:58.505]   [82/100] av591979411 ✓
[2026-07-25 02:30:58.561]   [83/100] av115234240988624 ✓
[2026-07-25 02:30:58.615]   [84/100] av348552084 ✓
[2026-07-25 02:30:58.993]   [85/100] av114822393894885 ✓
[2026-07-25 02:30:59.092]   [86/100] av367285086 ✓
[2026-07-25 02:31:00.335]   [87/100] av583870222 ✓
[2026-07-25 02:31:00.342]   [88/100] av115654845799059 ✓
[2026-07-25 02:31:00.347]   [89/100] av791324271 ✓
[2026-07-25 02:31:00.868]   [90/100] av841221153 ✓
[2026-07-25 02:31:01.152]   [91/100] av116027115509374 ✓
[2026-07-25 02:31:02.368]   [92/100] av623364069 ✓
[2026-07-25 02:31:02.378]   [93/100] av634074129 ✓
[2026-07-25 02:31:02.552]   [94/100] av115676740064238 ✓
[2026-07-25 02:31:03.113]   [95/100] av116260704750646 ✓
[2026-07-25 02:31:03.202]   [96/100] av760122122 ✓
[2026-07-25 02:31:03.999]   [97/100] av369322585 ✓
[2026-07-25 02:31:04.413]   [98/100] av1456523908 ✓
[2026-07-25 02:31:04.474]   [99/100] av549785604 ✓
[2026-07-25 02:31:05.284]   [100/100] av768447157 ✓
[2026-07-25 02:31:05.295] 
[完成] 成功: 100, 失败: 0
[2026-07-25 02:31:05.297] 
============================================================
[2026-07-25 02:31:05.298]   Top 10 热门视频
[2026-07-25 02:31:05.302] ============================================================
[2026-07-25 02:31:05.305] 
1. 大叔胎记病变奇痒难忍，疣状痣长满大腿
[2026-07-25 02:31:05.308]    播放: 41,067,202 | 弹幕: 31,854 | 收藏: 111,891 | 评论: 9,640
[2026-07-25 02:31:05.309] 
2. 阿姨自己买药水点痣，越点越大，一查竟是癌
[2026-07-25 02:31:05.313]    播放: 20,011,110 | 弹幕: 4,354 | 收藏: 37,379 | 评论: 4,839
[2026-07-25 02:31:05.314] 
3. 父母近亲结婚，他全身长满「鱼鳞」，一抠就掉
[2026-07-25 02:31:05.315]    播放: 18,222,344 | 弹幕: 20,151 | 收藏: 39,929 | 评论: 12,371
[2026-07-25 02:31:05.317] 
4. 第二篇章：月升 精彩全程【2022 B站跨年晚会精彩全程】
[2026-07-25 02:31:05.317]    播放: 14,658,114 | 弹幕: 103,842 | 收藏: 12,759 | 评论: 1,422
[2026-07-25 02:31:05.319] 
5. 当up在校运会上唱起《孤勇者》并跳起了《爱你》| 南科大2022校运会开幕式力量举社表演
[2026-07-25 02:31:05.322]    播放: 13,152,220 | 弹幕: 11,403 | 收藏: 107,956 | 评论: 6,129
[2026-07-25 02:31:05.323] 
6. 大学生如何在宿舍拍出《奔跑吧兄弟》
[2026-07-25 02:31:05.325]    播放: 11,576,090 | 弹幕: 25,738 | 收藏: 221,995 | 评论: 14,336
[2026-07-25 02:31:05.327] 
7. 100元挑战在深圳生存3天，并且赚到更多！
[2026-07-25 02:31:05.328]    播放: 11,048,785 | 弹幕: 11,719 | 收藏: 128,701 | 评论: 4,968
[2026-07-25 02:31:05.329] 
8. 1300公里杀去深圳,把16岁骗子姐妹花送进去了!
[2026-07-25 02:31:05.330]    播放: 11,009,103 | 弹幕: 8,162 | 收藏: 95,397 | 评论: 7,828
[2026-07-25 02:31:05.331] 
9. 【陪你一起看跨晚】听音乐就知道柯南演到哪里了
[2026-07-25 02:31:05.333]    播放: 10,532,273 | 弹幕: 3,415 | 收藏: 139,906 | 评论: 5,251
[2026-07-25 02:31:05.336] 
10. 什么？！出门吃个饭居然还要签生死状了？！结局我yue了….
[2026-07-25 02:31:05.337]    播放: 10,228,214 | 弹幕: 248 | 收藏: 17,574 | 评论: 743
[2026-07-25 02:31:05.349] [修复] 已修正 235 条视频的评论数 (comment_count <- review)
[2026-07-25 02:31:05.350] 
============================================================
[2026-07-25 02:31:05.351]   自动检测并补充粉丝数
[2026-07-25 02:31:05.353] ============================================================
[2026-07-25 02:31:05.355] 待补充UP主数: 0
[2026-07-25 02:31:05.356] [完成] 所有UP主已有粉丝数据
[2026-07-25 02:31:05.357] 
==========================================================================================
[2026-07-25 02:31:05.358]   动量分析 (单次快照模式)
[2026-07-25 02:31:05.359] ==========================================================================================
[2026-07-25 02:31:05.360] 关键词: 深圳
[2026-07-25 02:31:05.361] 显示数量: 999999
[2026-07-25 02:31:05.362] 评分维度: 播放速率(30%) + 粉丝转化(25%) + 互动密度(20%) + 新鲜度(15%) + 播放量(10%)
[2026-07-25 02:31:05.363] 
[2026-07-25 02:31:05.368] 
动量排行 Top 999999（按综合评分排序）
[2026-07-25 02:31:05.370] ------------------------------------------------------------------------------------------------------------------------------------------------------------------------------------
[2026-07-25 02:31:05.370] 排名   标题                                  播放量 UP主              粉丝      转化      速率/h     互动密度     视频年龄     历史增长     综合分
[2026-07-25 02:31:05.371] ------------------------------------------------------------------------------------------------------------------------------------------------------------------------------------
[2026-07-25 02:31:05.372] 1    1300公里杀去深圳,把16岁骗子姐妹花送进去了!    11,009,103 3462389    1,383,021    8.0x      4713    0.037      97天      N/A   0.616
[2026-07-25 02:31:05.374] 2    大叔胎记病变奇痒难忍，疣状痣长满大腿           41,067,202 698057488   897,772   45.7x       922    0.055    1855天      N/A   0.476
[2026-07-25 02:31:05.374] 3    来深圳打工后，我才知道：“人不仅仅要活着…”        8,175,523 628368628    52,903  154.5x       328    0.149    1040天      N/A   0.466
[2026-07-25 02:31:05.376] 4    一个视频带你见识深圳到底有多少高科技！           3,835,141 31843937    117,407   32.7x      2631    0.015      61天      N/A   0.462
[2026-07-25 02:31:05.376] 5    全球首例“海蘑菇”在深圳发现                7,283,245 282089262   172,151   42.3x       319    0.146     951天      N/A   0.459
[2026-07-25 02:31:05.377] 6    大学生如何在宿舍拍出《奔跑吧兄弟》            11,576,090 241679003  1,542,254    7.5x       352    0.132    1371天      N/A   0.455
[2026-07-25 02:31:05.378] 7    《斗逼大陆，绝世糖门》                   6,571,171 187323974   172,374   38.1x       890    0.095     308天      N/A   0.431
[2026-07-25 02:31:05.380] 8    深圳这公园迟早出个歼20飞行员               5,368,345 32281639      1,554 3454.5x       235    0.125     952天      N/A   0.423
[2026-07-25 02:31:05.381] 9    【陪你一起看跨晚】听音乐就知道柯南演到哪里了       10,532,273 18437625    164,462   64.0x       334    0.107    1315天      N/A   0.421
[2026-07-25 02:31:05.382] 10   大学生如何在宿舍拍出《最残大脑》              9,932,640 241679003  1,542,254    6.4x       290    0.108    1426天      N/A   0.415
[2026-07-25 02:31:05.383] 11   当up在校运会上唱起《孤勇者》并跳起了《爱你》| 南   13,152,220 27791894     32,256  407.7x       405    0.091    1352天      N/A   0.413
[2026-07-25 02:31:05.383] 12   一家三口在科技之都深圳体验黑科技，无人驾驶出租、无人    5,043,993 395020765   269,832   18.7x      1867    0.024     113天      N/A   0.402
[2026-07-25 02:31:05.384] 13   坚持统一，绝不动摇！我们要纠正台独思想，争取早日统一    4,511,416 354664512    25,212  178.9x       227    0.108     828天      N/A   0.400
[2026-07-25 02:31:05.385] 14   父母近亲结婚，他全身长满「鱼鳞」，一抠就掉        18,222,344 698057488   897,772   20.3x       412    0.057    1843天      N/A   0.385
[2026-07-25 02:31:05.386] 15   挑战在深圳用0元吃喝玩乐一整天！真的能行吗？一辈子的    3,900,193 11641010    230,889   16.9x       567    0.074     286天      N/A   0.378
[2026-07-25 02:31:05.388] 16   深圳10元盒饭火爆被围攻！避风塘炒虾，红烧牛腩，小龙    5,121,761 501692936   491,873   10.4x       205    0.088    1043天      N/A   0.375
[2026-07-25 02:31:05.388] 17   24岁，从没用过新手机。消费主义在我这踢到了铁板……    4,782,909 142277862    76,762   62.3x       135    0.092    1481天      N/A   0.374
[2026-07-25 02:31:05.389] 18   大学生如何在宿舍拍出《荒野求生》              7,888,596 241679003  1,542,254    5.1x       195    0.125    1686天      N/A   0.374
[2026-07-25 02:31:05.390] 19   中国第一代躺平青年，深圳的流浪汉“三和大神”到底在想    3,632,849 165360675   474,600    7.7x       183    0.088     826天      N/A   0.370
[2026-07-25 02:31:05.391] 20   到深圳后才发现我是山顶洞人🤡                4,118,745 354696587   177,771   23.2x      1433    0.019     120天      N/A   0.367
[2026-07-25 02:31:05.393] 21   阿姨自己买药水点痣，越点越大，一查竟是癌         20,011,110 698057488   897,772   22.3x       450    0.035    1851天      N/A   0.366
[2026-07-25 02:31:05.394] 22   替我在宿舍自由                       7,410,918 241679003  1,542,254    4.8x       723    0.096     427天      N/A   0.359
[2026-07-25 02:31:05.396] 23   校霸有多少幅面孔，翠园的同学们说……            4,112,081 187986024    16,289  252.4x       116    0.080    1479天      N/A   0.357
[2026-07-25 02:31:05.397] 24   单人拍摄300人活动｜视频+图片当天出片          3,835,755 36456726        881 4353.9x      1272    0.016     126天      N/A   0.352
[2026-07-25 02:31:05.398] 25   痛惜！8.2深圳龙岗车祸，愿逝者安息，严惩肇事者      3,673,339 351698359     1,176 3123.6x       213    0.071     720天      N/A   0.351
[2026-07-25 02:31:05.399] 26   深圳传说中的豪宅长什么样？                 6,345,418 430641591   315,216   20.1x       104    0.069    2537天      N/A   0.349
[2026-07-25 02:31:05.400] 27   衡水模式吊打深中模式？                   4,314,629 98676136     39,308  109.8x       852    0.029     211天      N/A   0.341
[2026-07-25 02:31:05.401] 28   各地游乐园是懂怎么拿捏游客的：这年头，没点颜值都不敢    4,529,622 176638657    61,516   73.6x       165    0.063    1144天      N/A   0.340
[2026-07-25 02:31:05.402] 29   大学生如何在宿舍拍出《向前冲》               6,926,534 241679003  1,542,254    4.5x       199    0.113    1450天      N/A   0.333
[2026-07-25 02:31:05.403] 30   深圳水贝金店爆雷，133亿灰飞烟灭，黄金白银为何暴涨    3,559,954 491168990   189,059   18.8x       849    0.023     175天      N/A   0.332
[2026-07-25 02:31:05.404] 31   【深实高中园】精彩在线！第四次校园KPOP随机舞蹈挑    4,438,743 110827377     4,372 1015.3x       806    0.018     230天      N/A   0.325
[2026-07-25 02:31:05.405] 32   大学生如何在宿舍拍出《中国好声音》             7,302,368 241679003  1,542,254    4.7x       215    0.097    1414天      N/A   0.325
[2026-07-25 02:31:05.406] 33   深圳多发达？打飞的上班，300多亿造雪！无线充电随处    5,012,120 647940953   471,009   10.6x       898    0.011     233天      N/A   0.324
[2026-07-25 02:31:05.406] 34   起猛了..深圳校服爆改Lo裙？😲😲😲            5,283,971 421178217   439,270   12.0x       292    0.036     754天      N/A   0.317
[2026-07-25 02:31:05.407] 35   就是这么顺滑！                       6,061,577 298990820    45,908  132.0x       106    0.043    2391天      N/A   0.316
[2026-07-25 02:31:05.408] 36   深圳你到底背着我们搞了多少黑科技              4,041,926 354685653   241,810   16.7x       722    0.014     233天      N/A   0.314
[2026-07-25 02:31:05.411] 37   “我相亲时说自己年入30万，没女生理我，公开真实收入    3,689,117 524930260   523,769    7.0x        90    0.044    1715天      N/A   0.310
[2026-07-25 02:31:05.412] 38   4000多的高端烤肉外卖，你真的把顾客当猴子耍？      6,655,142 631172681   515,444   12.9x       175    0.033    1588天      N/A   0.309
[2026-07-25 02:31:05.413] 39   湖南男生带装着雪的保温杯 去深圳送给没见过雪的好友     4,018,233 134244085    70,778   56.8x       184    0.037     910天      N/A   0.309
[2026-07-25 02:31:05.414] 40   成精了！狗狗值守大门听到车辆鸣笛立即开门，随后一幕令    6,390,766 168502405   367,273   17.4x       136    0.034    1951天      N/A   0.308
[2026-07-25 02:31:05.415] 41   我把价值18万的爱马仕包原料做成烧烤，味道难以言喻！    4,125,211 631172681   515,444    8.0x       112    0.039    1532天      N/A   0.306
[2026-07-25 02:31:05.415] 42   2次点燃飞机内部，企图和机上其余105人同归于尽，机    3,887,831 354637983   214,616   18.1x       580    0.015     279天      N/A   0.306
[2026-07-25 02:31:05.416] 43   大学生如何在宿舍里拍出 《非诚勿扰》            5,478,085 241679003  1,542,254    3.5x       134    0.126    1700天      N/A   0.304
[2026-07-25 02:31:05.417] 44   大学生如何在宿舍拍出《奔跑吧兄弟》第2季          7,285,889 241679003  1,542,254    4.7x       224    0.080    1353天      N/A   0.304
[2026-07-25 02:31:05.417] 45   周杰伦深圳突发被干扰笑场哈哈哈               4,918,125 137445977       390 12610.6x       303    0.025     676天      N/A   0.303
[2026-07-25 02:31:05.418] 46   全B站最惨的B友，26岁患癌症无亲人，在出租屋静静等    6,333,052 35847683   2,897,748    2.2x       146    0.163    1809天      N/A   0.301
[2026-07-25 02:31:05.419] 47   你见过深圳3平米的胶囊房嘛                 4,838,346 424084575     5,721  845.7x       130    0.031    1555天      N/A   0.299
[2026-07-25 02:31:05.420] 48   皮肤科来了个“老顽童”                   5,765,030 103287116   427,844   13.5x       162    0.027    1480天      N/A   0.299
[2026-07-25 02:31:05.422] 49   【深圳南滨竞技】刚开始下场不懂规则一定要看喔～深圳真    5,042,112 497666949     4,818 1046.5x       322    0.018     652天      N/A   0.297
[2026-07-25 02:31:05.423] 50   什么？！出门吃个饭居然还要签生死状了？！结局我yue   10,228,214 508575916    17,443  586.4x       318    0.006    1341天      N/A   0.296
[2026-07-25 02:31:05.424] 51   美食博主踢馆被4个大厨认出，竟然当场被呛？！        7,169,269 631172681   515,444   13.9x       186    0.016    1604天      N/A   0.291
[2026-07-25 02:31:05.425] 52   当AI充满生活                       3,605,784 295079224    33,877  106.4x       154    0.024     974天      N/A   0.290
[2026-07-25 02:31:05.426] 53   一张头像价值千万，能抵深圳一套房，NFT是数字艺术还    5,280,450 699633869   405,533   13.0x       127    0.021    1738天      N/A   0.289
[2026-07-25 02:31:05.427] 54   亚洲最大网红店倒闭1年还转租不出去，位于深圳超级CB    5,305,055 98676136     39,308  135.0x       209    0.016    1060天      N/A   0.287
[2026-07-25 02:31:05.428] 55   深圳城中村杀蟑螂，场面太恐怖了               4,207,899 507340117       455 9248.1x        98    0.021    1788天      N/A   0.283
[2026-07-25 02:31:05.429] 56   深圳市民十分热爱体育                    3,738,049 386492296       391 9560.2x        60    0.023    2602天      N/A   0.282
[2026-07-25 02:31:05.430] 57   在上班和上香之间，果断选择上船！ #招商蛇口在深圳     6,702,677 230481071   450,626   14.9x       292    0.001     958天      N/A   0.279
[2026-07-25 02:31:05.431] 58   深圳有多热？一老鼠奔跑在柏油马路，没几步突然中暑翻倒    3,906,248 168502405   367,273   10.6x        89    0.017    1835天      N/A   0.278
[2026-07-25 02:31:05.431] 59   【WCT世界追逐大赛】 KIDS 2023 青少儿冠    5,041,788 118737173   213,283   23.6x       303    0.004     693天      N/A   0.278
[2026-07-25 02:31:05.432] 60   五一假装在宿舍潜水                     5,103,881 241679003  1,542,254    3.3x       476    0.094     446天      N/A   0.277
[2026-07-25 02:31:05.433] 61   50块钱在深圳包一个新疆切糕摊，当成自助随便吃，大哥    4,314,527 454439459    50,666   85.2x       192    0.010     937天      N/A   0.276
[2026-07-25 02:31:05.434] 62   小伙自带开塞露挑战吃50碗面！却惨遭服务小哥“陷害”    3,977,226 631172681   515,444    7.7x       108    0.014    1533天      N/A   0.276
[2026-07-25 02:31:05.434] 63   打卡传闻都是“合成肉”的自助餐，我真的一口都吃不下！    4,613,139 631172681   515,444    8.9x        99    0.013    1934天      N/A   0.276
[2026-07-25 02:31:05.436] 64   土木工程：永远的杀猪刀                   4,292,950 281828490       704 6097.9x       101    0.014    1778天      N/A   0.275
[2026-07-25 02:31:05.436] 65   一个土木女生的7年                     4,007,166 265526292    17,652  227.0x       101    0.013    1660天      N/A   0.273
[2026-07-25 02:31:05.437] 66   花600租的豪华单间                    3,515,396 111760728     8,048  436.8x        86    0.014    1710天      N/A   0.273
[2026-07-25 02:31:05.438] 67   深圳首家罗森开业！凌晨五点就开始排队抢，太夸张了！     4,221,097 631172681   515,444    8.2x       110    0.011    1597天      N/A   0.272
[2026-07-25 02:31:05.439] 68   揭秘东北小县城现状，大量门市出兑，底层工作缺人，满街    3,829,202 205517805   222,158   17.2x        92    0.012    1739天      N/A   0.271
[2026-07-25 02:31:05.440] 69   100元挑战在深圳生存3天，并且赚到更多！        11,048,785 416128940  3,002,246    3.7x      1028    0.035     448天      N/A   0.271
[2026-07-25 02:31:05.441] 70   90后年收入10亿董事长平常都爱吃啥？我万万没想到啊    4,146,024 631172681   515,444    8.0x       108    0.009    1592天      N/A   0.270
[2026-07-25 02:31:05.443] 71   大学生如何在宿舍拍《最残大脑》第2季            7,037,936 241679003  1,542,254    4.6x       210    0.056    1393天      N/A   0.267
[2026-07-25 02:31:05.443] 72   人类历史上第一次宿舍太空飞行                4,481,747 241679003  1,542,254    2.9x       393    0.099     476天      N/A   0.260
[2026-07-25 02:31:05.444] 73   深圳福田口岸查获47只活体蚂蚁，多款属于外来物种。私    3,743,556 113145702  18,628,951    0.2x      2728    0.040      57天      N/A   0.257
[2026-07-25 02:31:05.445] 74   被骂上热搜“深圳某演唱会最丑陋的一幕”：永远不要低估    5,414,662 30947486   1,216,647    4.5x       593    0.034     380天      N/A   0.255
[2026-07-25 02:31:05.447] 75   干员们，看过灯光秀吗？                   3,616,268 349437656  4,406,805    0.8x       899    0.132     168天      N/A   0.251
[2026-07-25 02:31:05.447] 76   花10元去趟宿舍南极是什么体验               3,709,980 241679003  1,542,254    2.4x       381    0.105     405天      N/A   0.246
[2026-07-25 02:31:05.448] 77   不让我去巴黎，我就在宿舍办奥运！              5,268,258 241679003  1,542,254    3.4x       307    0.072     714天      N/A   0.244
[2026-07-25 02:31:05.449] 78   大学生正式进入大航天时代                  3,739,895 241679003  1,542,254    2.4x       331    0.100     470天      N/A   0.238
[2026-07-25 02:31:05.451] 79   开颅手术做一半，医生叫醒病人起来聊天            4,186,484 698057488   897,772    4.7x        95    0.041    1827天      N/A   0.237
[2026-07-25 02:31:05.452] 80   假如在漫展coser背后，用唢呐吹他们的角色主题曲【    6,500,897 42561463   4,500,720    1.4x      1676    0.053     162天      N/A   0.235
[2026-07-25 02:31:05.452] 81   深圳街头!!!路人全场合唱《Butterfly》!!    3,958,081 1723817    1,057,200    3.7x        86    0.060    1924天      N/A   0.224
[2026-07-25 02:31:05.453] 82   日本女友第一次来深圳，整个人被大城市惊呆了！        4,057,864 41819890   1,341,678    3.0x       148    0.076    1142天      N/A   0.220
[2026-07-25 02:31:05.454] 83   宿舍爆改密室第二期《寝室飓封》               3,560,582 241679003  1,542,254    2.3x       827    0.056     179天      N/A   0.210
[2026-07-25 02:31:05.455] 84   如何用探店的形式探索“男生宿舍”              3,684,614 241679003  1,542,254    2.4x       100    0.089    1532天      N/A   0.208
[2026-07-25 02:31:05.456] 85   把宿舍爆改成密室                      3,727,381 241679003  1,542,254    2.4x       806    0.049     193天      N/A   0.205
[2026-07-25 02:31:05.456] 86   左边香港右边深圳，一街分两制！中英街中国最神奇的街道    4,459,888 389400079  1,025,629    4.3x       408    0.005     455天      N/A   0.202
[2026-07-25 02:31:05.457] 87   大学生如何在宿舍拍出《奔跑吧兄弟》最终季          3,563,857 241679003  1,542,254    2.3x       112    0.084    1323天      N/A   0.199
[2026-07-25 02:31:05.458] 88   深圳地铁一女子飙英语跟老外吵架，为何这次网友都站老外    6,188,736 160798433  1,894,257    3.3x       156    0.042    1650天      N/A   0.194
[2026-07-25 02:31:05.458] 89   350元一桶巨型泡面！新晋“网红泡面”值不值？？？     8,761,762 478691043  4,144,482    2.1x       345    0.050    1057天      N/A   0.178
[2026-07-25 02:31:05.459] 90   深圳望郎归3起徒步事件地图还原，80天三人登山徒步失    5,361,862 87670515   2,544,560    2.1x       833    0.027     268天      N/A   0.172
[2026-07-25 02:31:05.460] 91   30岁蹲姐，没朋友没对象没工作家里蹲15年苟活于人世    4,789,356 35847683   2,897,748    1.6x       595    0.039     335天      N/A   0.153
[2026-07-25 02:31:05.461] 92   出现了，寝室最讨厌的人                   3,595,969 484262091  1,094,351    3.3x        83    0.015    1799天      N/A   0.150
[2026-07-25 02:31:05.461] 93   第二篇章：月升 精彩全程【2022 B站跨年晚会精彩   14,658,114 489412051  10,488,362    1.4x       469    0.018    1299天      N/A   0.135
[2026-07-25 02:31:05.462] 94   小伙网购包皮环切器在家割包皮结果悲剧了，医生：太紧张    3,981,983 522653994  1,800,197    2.2x       105    0.025    1585天      N/A   0.123
[2026-07-25 02:31:05.462] 95   真正的底层，深圳三和人力市场，挂逼面3元一碗        5,515,010 35847683   2,897,748    1.9x       104    0.031    2216天      N/A   0.123
[2026-07-25 02:31:05.463] 96   在深圳最高档商场约会优质小哥哥竟然花了这么多钱？      3,699,652 35847683   2,897,748    1.3x        83    0.053    1857天      N/A   0.119
[2026-07-25 02:31:05.464] 97   速通甲亢中国行之深圳长沙篇，知道是烂尾但是这也太烂了    4,379,236 137916540  3,581,156    1.2x       397    0.033     459天      N/A   0.114
[2026-07-25 02:31:05.465] 98   深圳上市公司老总富二代名媛宵夜吃什么？峰哥吃哭了      3,739,652 35847683   2,897,748    1.3x        71    0.044    2205天      N/A   0.109
[2026-07-25 02:31:05.466] 99   我社恐了！！！                       3,655,693 562197     10,739,468    0.3x       163    0.069     932天      N/A   0.108
[2026-07-25 02:31:05.467] 100  橘子海《夏日漱石》爱死这前奏！双耳满足【2022 B    7,252,844 489412051  10,488,362    0.7x       232    0.018    1301天      N/A   0.073
[2026-07-25 02:31:05.468] ------------------------------------------------------------------------------------------------------------------------------------------------------------------------------------
[2026-07-25 02:31:05.469] 
提示: 综合分 = 播放速率(30%) + 粉丝转化(25%) + 互动密度(20%) + 新鲜度(15%) + 播放量(10%)
[2026-07-25 02:31:05.470]       历史增长列显示多次爬取后的真实增长率，首次爬取为 N/A
[2026-07-25 02:31:05.476] 
[导出] 动量分析结果已保存到 output\深圳\momentum_20260725_023105.csv
