[2026-07-24 23:06:35.428] 日志文件: logs\spider_20260724_230635.log
[2026-07-24 23:06:35.430] ============================================================
[2026-07-24 23:06:35.431]   B站视频爬虫 (增强版)
[2026-07-24 23:06:35.431] ============================================================
[2026-07-24 23:06:35.433] 关键词: 富人
[2026-07-24 23:06:35.435] 页数: 6
[2026-07-24 23:06:35.436] 排序: click
[2026-07-24 23:06:35.437] 线程数: 3
[2026-07-24 23:06:35.437] 延迟: 1.0s
[2026-07-24 23:06:35.439] 
[2026-07-24 23:06:35.478] [任务] 任务ID: 29
[2026-07-24 23:06:35.479] [搜索] 第 1/6 页...
[2026-07-24 23:06:36.149]   找到 20 个，新增 20 个
[2026-07-24 23:06:37.915] [搜索] 第 2/6 页...
[2026-07-24 23:06:38.479]   找到 20 个，新增 20 个
[2026-07-24 23:06:39.839] [搜索] 第 3/6 页...
[2026-07-24 23:06:40.453]   找到 20 个，新增 20 个
[2026-07-24 23:06:41.697] [搜索] 第 4/6 页...
[2026-07-24 23:06:42.289]   找到 20 个，新增 19 个
[2026-07-24 23:06:43.528] [搜索] 第 5/6 页...
[2026-07-24 23:06:44.076]   找到 20 个，新增 20 个
[2026-07-24 23:06:45.111] [搜索] 第 6/6 页...
[2026-07-24 23:06:45.706]   找到 20 个，新增 20 个
[2026-07-24 23:06:47.241] 
[搜索完成] 共 119 个视频，今日已爬 99 个，新增 20 个
[2026-07-24 23:06:47.243] [搜索统计] 搜索失败页数: 0
[2026-07-24 23:06:47.245] 
[详情获取] 使用 3 个线程获取视频详情...
[2026-07-24 23:06:48.843]   [评论限流] av291253777 等待 3 秒后重试 (1/3)...
[2026-07-24 23:06:48.933]   [评论限流] av983310603 等待 3 秒后重试 (1/3)...
[2026-07-24 23:06:48.985]   [评论限流] av294786792 等待 3 秒后重试 (1/3)...
[2026-07-24 23:06:52.265]   [评论限流] av291253777 等待 6 秒后重试 (2/3)...
[2026-07-24 23:06:52.294]   [评论限流] av983310603 等待 6 秒后重试 (2/3)...
[2026-07-24 23:06:52.477]   [评论限流] av294786792 等待 6 秒后重试 (2/3)...
[2026-07-24 23:06:58.679]   [1/20] av291253777 ✓
[2026-07-24 23:06:58.747]   [2/20] av983310603 ✓
[2026-07-24 23:06:58.909]   [3/20] av294786792 ✓
[2026-07-24 23:07:00.032]   [评论限流] av754386337 等待 3 秒后重试 (1/3)...
[2026-07-24 23:07:00.543]   [评论限流] av304310271 等待 3 秒后重试 (1/3)...
[2026-07-24 23:07:00.632]   [评论限流] av229503008 等待 3 秒后重试 (1/3)...
[2026-07-24 23:07:03.424]   [评论限流] av754386337 等待 6 秒后重试 (2/3)...
[2026-07-24 23:07:03.973]   [评论限流] av304310271 等待 6 秒后重试 (2/3)...
[2026-07-24 23:07:04.064]   [评论限流] av229503008 等待 6 秒后重试 (2/3)...
[2026-07-24 23:07:09.933]   [4/20] av754386337 ✓
[2026-07-24 23:07:10.384]   [5/20] av304310271 ✓
[2026-07-24 23:07:10.474]   [6/20] av229503008 ✓
[2026-07-24 23:07:11.744]   [评论限流] av862633794 等待 3 秒后重试 (1/3)...
[2026-07-24 23:07:12.023]   [评论限流] av1751038565 等待 3 秒后重试 (1/3)...
[2026-07-24 23:07:12.153]   [评论限流] av304751898 等待 3 秒后重试 (1/3)...
[2026-07-24 23:07:15.178]   [评论限流] av862633794 等待 6 秒后重试 (2/3)...
[2026-07-24 23:07:15.412]   [评论限流] av1751038565 等待 6 秒后重试 (2/3)...
[2026-07-24 23:07:15.558]   [评论限流] av304751898 等待 6 秒后重试 (2/3)...
[2026-07-24 23:07:21.600]   [7/20] av862633794 ✓
[2026-07-24 23:07:21.889]   [8/20] av1751038565 ✓
[2026-07-24 23:07:22.134]   [9/20] av304751898 ✓
[2026-07-24 23:07:23.574]   [评论限流] av115609983521374 等待 3 秒后重试 (1/3)...
[2026-07-24 23:07:23.663]   [评论限流] av258416208 等待 3 秒后重试 (1/3)...
[2026-07-24 23:07:23.673]   [评论限流] av23511365 等待 3 秒后重试 (1/3)...
[2026-07-24 23:07:27.085]   [评论限流] av23511365 等待 6 秒后重试 (2/3)...
[2026-07-24 23:07:27.086]   [评论限流] av115609983521374 等待 6 秒后重试 (2/3)...
[2026-07-24 23:07:27.126]   [评论限流] av258416208 等待 6 秒后重试 (2/3)...
[2026-07-24 23:07:33.560]   [10/20] av115609983521374 ✓
[2026-07-24 23:07:33.565]   [11/20] av23511365 ✓
[2026-07-24 23:07:33.571]   [12/20] av258416208 ✓
[2026-07-24 23:07:35.230]   [评论限流] av56872559 等待 3 秒后重试 (1/3)...
[2026-07-24 23:07:35.291]   [评论限流] av113305330916626 等待 3 秒后重试 (1/3)...
[2026-07-24 23:07:35.404]   [评论限流] av930438064 等待 3 秒后重试 (1/3)...
[2026-07-24 23:07:38.627]   [评论限流] av113305330916626 等待 6 秒后重试 (2/3)...
[2026-07-24 23:07:38.715]   [评论限流] av56872559 等待 6 秒后重试 (2/3)...
[2026-07-24 23:07:38.784]   [评论限流] av930438064 等待 6 秒后重试 (2/3)...
[2026-07-24 23:07:45.159]   [13/20] av113305330916626 ✓
[2026-07-24 23:07:45.207]   [14/20] av56872559 ✓
[2026-07-24 23:07:45.227]   [15/20] av930438064 ✓
[2026-07-24 23:07:47.026]   [评论限流] av484848595 等待 3 秒后重试 (1/3)...
[2026-07-24 23:07:47.044]   [评论限流] av1405966313 等待 3 秒后重试 (1/3)...
[2026-07-24 23:07:47.084]   [评论限流] av113243825639570 等待 3 秒后重试 (1/3)...
[2026-07-24 23:07:50.492]   [评论限流] av484848595 等待 6 秒后重试 (2/3)...
[2026-07-24 23:07:50.499]   [评论限流] av1405966313 等待 6 秒后重试 (2/3)...
[2026-07-24 23:07:50.525]   [评论限流] av113243825639570 等待 6 秒后重试 (2/3)...
[2026-07-24 23:07:56.933]   [16/20] av1405966313 ✓
[2026-07-24 23:07:56.991]   [17/20] av484848595 ✓
[2026-07-24 23:07:57.052]   [18/20] av113243825639570 ✓
[2026-07-24 23:07:58.303]   [评论限流] av114675576478299 等待 3 秒后重试 (1/3)...
[2026-07-24 23:07:58.653]   [评论限流] av1955219846 等待 3 秒后重试 (1/3)...
[2026-07-24 23:08:01.705]   [评论限流] av114675576478299 等待 6 秒后重试 (2/3)...
[2026-07-24 23:08:02.093]   [评论限流] av1955219846 等待 6 秒后重试 (2/3)...
[2026-07-24 23:08:08.130]   [19/20] av114675576478299 ✓
[2026-07-24 23:08:08.569]   [20/20] av1955219846 ✓
[2026-07-24 23:08:08.575] 
[完成] 成功: 20, 失败: 0
[2026-07-24 23:08:08.577] 
============================================================
[2026-07-24 23:08:08.579]   Top 10 热门视频
[2026-07-24 23:08:08.582] ============================================================
[2026-07-24 23:08:08.584] 
1. 富人入道润其根，穷人刷屏勤其手，有钱拽着头发擦着汗，没钱播放暂停放大看
[2026-07-24 23:08:08.585]    播放: 1,616,217 | 弹幕: 842 | 收藏: 29,163 | 评论: 626
[2026-07-24 23:08:08.587] 
2. 我的世界：小米蕉被富人大壮收养！保姆铁柱偷偷潜入搞破坏！
[2026-07-24 23:08:08.589]    播放: 1,591,009 | 弹幕: 33 | 收藏: 5,653 | 评论: 13
[2026-07-24 23:08:08.594] 
3. 韩国富人到底生活怎么样？真如韩剧里面演的那么夸张吗？
[2026-07-24 23:08:08.595]    播放: 1,588,018 | 弹幕: 84 | 收藏: 2,797 | 评论: 82
[2026-07-24 23:08:08.597] 
4. 公子：救救我！新增对全愚人众语音评价！没一个正常的同事吗？
[2026-07-24 23:08:08.597]    播放: 1,572,981 | 弹幕: 2,820 | 收藏: 10,609 | 评论: 2,893
[2026-07-24 23:08:08.599] 
5. 重生了，我在富人区捡垃圾-寻宝笔记
[2026-07-24 23:08:08.602]    播放: 1,570,196 | 弹幕: 14 | 收藏: 15,574 | 评论: 12
[2026-07-24 23:08:08.604] 
6. 富人的别墅法拉利 穷人的垃圾棚户村 体验韩国巨大贫富差距 极其震撼
[2026-07-24 23:08:08.607]    播放: 1,545,142 | 弹幕: 4,042 | 收藏: 4,576 | 评论: 977
[2026-07-24 23:08:08.610] 
7. 政府福利房VS亿万豪宅，揭开亚洲最富国的隐藏真相
[2026-07-24 23:08:08.612]    播放: 1,525,741 | 弹幕: 4,427 | 收藏: 6,622 | 评论: 964
[2026-07-24 23:08:08.613] 
8. 为什么你的认知那么高却还那么穷？千万别再掉入“高认知穷人”陷阱！【毯叔盘钱】
[2026-07-24 23:08:08.615]    播放: 1,525,023 | 弹幕: 5,119 | 收藏: 47,995 | 评论: 3,975
[2026-07-24 23:08:08.616] 
9. 审美和美商是Top Priority | 为什么麦克阿瑟混的最好｜强者在迁徙 弱者不动｜契约精神带来
[2026-07-24 23:08:08.618]    播放: 1,521,925 | 弹幕: 984 | 收藏: 93,317 | 评论: 3,342
[2026-07-24 23:08:08.619] 
10. 反感的是富人演穷人吗，为何大团圆 最是意难平
[2026-07-24 23:08:08.620]    播放: 1,521,760 | 弹幕: 10,149 | 收藏: 14,704 | 评论: 4,118
[2026-07-24 23:08:08.634] [修复] 已修正 786 条视频的评论数 (comment_count <- review)
[2026-07-24 23:08:08.636] 
============================================================
[2026-07-24 23:08:08.637]   自动检测并补充粉丝数
[2026-07-24 23:08:08.638] ============================================================
[2026-07-24 23:08:08.641] 待补充UP主数: 0
[2026-07-24 23:08:08.641] [完成] 所有UP主已有粉丝数据
[2026-07-24 23:08:08.643] 
==========================================================================================
[2026-07-24 23:08:08.645]   动量分析 (单次快照模式)
[2026-07-24 23:08:08.647] ==========================================================================================
[2026-07-24 23:08:08.648] 关键词: 富人
[2026-07-24 23:08:08.649] 显示数量: 999999
[2026-07-24 23:08:08.651] 评分维度: 播放速率(30%) + 粉丝转化(25%) + 互动密度(20%) + 新鲜度(15%) + 播放量(10%)
[2026-07-24 23:08:08.652] 
[2026-07-24 23:08:08.659] 
动量排行 Top 999999（按综合评分排序）
[2026-07-24 23:08:08.661] ------------------------------------------------------------------------------------------------------------------------------------------------------------------------------------
[2026-07-24 23:08:08.662] 排名   标题                                  播放量 UP主              粉丝      转化      速率/h     互动密度     视频年龄     历史增长     综合分
[2026-07-24 23:08:08.663] ------------------------------------------------------------------------------------------------------------------------------------------------------------------------------------
[2026-07-24 23:08:08.664] 1    走过路过，不要错过！我们的品质，普普通通，我们的价格   10,930,532 1532165    9,321,262    1.2x      3609    0.135     126天      N/A   0.526
[2026-07-24 23:08:08.665] 2    一天花掉当地一个月工资！我在破产国家当富豪，混进印度    5,935,949 354666654   467,105   12.7x      3912    0.021      63天      N/A   0.396
[2026-07-24 23:08:08.666] 3    富人：戒了烟我不习惯⚡️没有你我怎么办😭          2,916,132 354669694     6,064  480.9x      1867    0.087      65天      N/A   0.288
[2026-07-24 23:08:08.668] 4    看着是贫民窟，上海最有钱的富人区              3,550,651 242088772       248 14317.1x        55    0.007    2670天      N/A   0.284
[2026-07-24 23:08:08.669] 5    被吹捧的西方教育公平，只存在于富人的世界里         2,909,201 206691155   581,682    5.0x      2869    0.012      42天      N/A   0.274
[2026-07-24 23:08:08.670] 6    博士要是没了，那就是真的没了！               1,698,859 405845641   678,578    2.5x      1238    0.123      57天      N/A   0.259
[2026-07-24 23:08:08.671] 7    富人：多托雷！没有你我怎么活啊！？             1,978,966 57847089    253,801    7.8x      1395    0.103      59天      N/A   0.252
[2026-07-24 23:08:08.673] 8    戒了烟我不习惯！✋😭🤚                   1,628,437 7086918      30,231   53.9x      1036    0.108      65天      N/A   0.227
[2026-07-24 23:08:08.674] 9    审美和美商是Top Priority | 为什么麦克    1,521,925 27692851    160,481    9.5x       263    0.180     241天      N/A   0.221
[2026-07-24 23:08:08.676] 10   一街之隔，贫民窟VS顶级财阀！韩国贫富差距有多大？     8,097,761 389400079  1,025,629    7.9x      1783    0.012     189天      N/A   0.221
[2026-07-24 23:08:08.677] 11   全程干货！我们如何才能赚很多很多钱？            3,723,416 79577853   4,221,146    0.9x        95    0.164    1630天      N/A   0.213
[2026-07-24 23:08:08.678] 12   韩国富人到底生活怎么样？真如韩剧里面演的那么夸张吗？    1,588,018 301799532       154 10311.8x        39    0.003    1683天      N/A   0.188
[2026-07-24 23:08:08.679] 13   消失的普通人物：中国电视剧现在只认同富人？         3,603,819 490494088  1,609,326    2.2x        83    0.130    1803天      N/A   0.173
[2026-07-24 23:08:08.680] 14   网友都说它是富人的游戏。所有人都在演戏，但这两个少年    8,091,468 354637983   214,616   37.7x       888    0.029     379天      N/A   0.171
[2026-07-24 23:08:08.681] 15   【极乐空间】未来世界，富人上太空享乐，贫民在地球苟活    3,824,573 304815404   566,239    6.8x      1446    0.022     110天      N/A   0.161
[2026-07-24 23:08:08.682] 16   被富养vs穷养长大的女生，后来怎么样了？ | 真富人    1,850,732 16385920   1,893,865    1.0x        44    0.126    1755天      N/A   0.147
[2026-07-24 23:08:08.682] 17   【马云X马化腾】富 人 抬 棺               4,065,367 25911961    722,201    5.6x        74    0.093    2285天      N/A   0.136
[2026-07-24 23:08:08.683] 18   一天五万，伦敦的真实富人生活是怎么样的？          2,859,772 644255470  1,695,248    1.7x       517    0.064     230天      N/A   0.125
[2026-07-24 23:08:08.684] 19   钟离与富人必有一战？博士“亵渎”前代草神？愚人众冬夜    2,392,232 14546601   1,057,424    2.3x        68    0.097    1473天      N/A   0.122
[2026-07-24 23:08:08.685] 20   富人入道润其根，穷人刷屏勤其手，有钱拽着头发擦着汗，    1,616,217 212019479   297,513    5.4x        89    0.099     759天      N/A   0.119
[2026-07-24 23:08:08.687] 21   富人装穷首选的5款车                    1,506,585 150884407       250 6026.3x        49    0.004    1290天      N/A   0.114
[2026-07-24 23:08:08.688] 22   富豪真的节俭吗                       4,500,895 141400212     4,092 1099.9x       110    0.046    1709天      N/A   0.111
[2026-07-24 23:08:08.690] 23   加州大火肆虐富人区 保险公司全面拒保 囚犯消防集体出    1,668,006 346563107  5,555,090    0.3x       124    0.087     561天      N/A   0.108
[2026-07-24 23:08:08.691] 24   E220 普通人穷孩子难以理解的秘密，送礼的哲学，交    2,080,488 765413      691,473    3.0x        68    0.081    1274天      N/A   0.101
[2026-07-24 23:08:08.692] 25   在墨西哥富人区街采，这里中上产阶级生活怎样？        1,943,689 176037767  6,120,396    0.3x        52    0.083    1568天      N/A   0.101
[2026-07-24 23:08:08.692] 26   30000元体验一天日本富人生活【1w雪景酒店+90    2,881,573 644255470  1,695,248    1.7x       206    0.061     583天      N/A   0.099
[2026-07-24 23:08:08.695] 27   为什么你的认知那么高却还那么穷？千万别再掉入“高认知    1,525,023 628122353   538,340    2.8x        47    0.084    1357天      N/A   0.097
[2026-07-24 23:08:08.695] 28   反感的是富人演穷人吗，为何大团圆 最是意难平        1,521,760 831287      179,420    8.5x        96    0.076     657天      N/A   0.092
[2026-07-24 23:08:08.696] 29   如果有一天你突然有钱了，请记住这十件事，守住财运      2,321,789 349328089    27,930   83.1x        94    0.067    1026天      N/A   0.092
[2026-07-24 23:08:08.696] 30   当我穿进富人写的穷鬼世界                  1,729,347 349437742   629,476    2.8x       124    0.072     582天      N/A   0.092
[2026-07-24 23:08:08.697] 31   地球最后的净土，居然是一座人类养殖场，专门用来给富人    5,852,339 688872987    78,069   75.0x       159    0.027    1530天      N/A   0.090
[2026-07-24 23:08:08.698] 32   印度疫情全面失控：剧毒培养皿拖垮全世界，富人连夜逃离    1,504,397 37781521   1,790,879    0.8x        33    0.078    1906天      N/A   0.090
[2026-07-24 23:08:08.700] 33   熊大快跑又更新了！彻底沦为了富人的玩具。          2,255,047 349311100    27,495   82.0x       705    0.022     133天      N/A   0.088
[2026-07-24 23:08:08.701] 34   在富人区垃圾桶能捡到这么多好东西？             2,397,459 369097228    21,642  110.8x       697    0.020     143天      N/A   0.087
[2026-07-24 23:08:08.702] 35   叫我遇到搬家嘞！重生了，我在富人区捡垃圾-寻宝笔记     5,033,199 356406755    10,265  490.3x       274    0.015     766天      N/A   0.084
[2026-07-24 23:08:08.704] 36   18年前赢得“富人游戏”的农村娃，一句清醒发言看哭无    5,410,388 298219655    50,232  107.7x       260    0.018     868天      N/A   0.084
[2026-07-24 23:08:08.705] 37   潜入顶级富人聚会，活得还不如猫？              1,487,543 25150941   3,523,730    0.4x        29    0.071    2157天      N/A   0.081
[2026-07-24 23:08:08.706] 38   就这？在印度富人区生活一天，新德里真能跟北京比？      2,623,401 354666654   467,105    5.6x       351    0.037     311天      N/A   0.080
[2026-07-24 23:08:08.706] 39   "人生，易如反掌！" 90后辍学女大生瞒天过海混入富    2,821,279 568089240  1,334,664    2.1x        71    0.052    1666天      N/A   0.077
[2026-07-24 23:08:08.708] 40   我混进了会费百万的俱乐部里....凭什么高尔夫是富人    2,180,901 644255470  1,695,248    1.3x       146    0.051     622天      N/A   0.075
[2026-07-24 23:08:08.709] 41   揭秘日本贫民窟vs顶级富人区住宅！             2,094,082 644255470  1,695,248    1.2x       161    0.048     541天      N/A   0.072
[2026-07-24 23:08:08.710] 42   走进美国最富社区之一，这里竟然肯德基都没有！        3,943,509 176037767  6,120,396    0.6x        61    0.036    2703天      N/A   0.071
[2026-07-24 23:08:08.711] 43   咱是越靠近中央商务区房价越贵，加拿大好嘛你敢卖富人都    1,699,888 128901211   851,842    2.0x       107    0.051     663天      N/A   0.067
[2026-07-24 23:08:08.711] 44   又一全网爆火的“富人饭”，正在收割一大批焦虑的中国年    1,994,350 30947486   1,216,647    1.6x        96    0.049     867天      N/A   0.067
[2026-07-24 23:08:08.712] 45   真实的富二代和网上的富二代                 2,454,019 493805437   561,046    4.4x        52    0.046    1960天      N/A   0.066
[2026-07-24 23:08:08.713] 46   一夜之间，有钱人全都得死？富人抢着捐款，只为了保住性    2,721,665 10119428   8,028,964    0.3x       234    0.031     484天      N/A   0.066
[2026-07-24 23:08:08.715] 47   山西富人平时都在哪吃饭？                  1,734,077 150819045   384,503    4.5x       232    0.040     311天      N/A   0.065
[2026-07-24 23:08:08.716] 48   假如富人是社会底层                     1,884,849 161295813   988,317    1.9x       281    0.035     279天      N/A   0.065
[2026-07-24 23:08:08.717] 49   满级大佬怒闯新手村，55岁富翁从0创业赚100万，他    1,757,044 80900494   1,275,012    1.4x       209    0.035     350天      N/A   0.058
[2026-07-24 23:08:08.719] 50   【原神】富人：你宁可把神之眼给这么个玩意也不愿意给我    1,488,393 129831459     3,302  450.8x        45    0.041    1372天      N/A   0.057
[2026-07-24 23:08:08.720] 51   富人举办了一场游戏，吃一口牛排就给1万元，可参加的人    2,393,441 703128101    25,655   93.3x        55    0.037    1829天      N/A   0.057
[2026-07-24 23:08:08.721] 52   白术我啊...以前可是愚人众执行官呢            1,473,118 400498484     3,461  425.6x        42    0.042    1474天      N/A   0.057
[2026-07-24 23:08:08.722] 53   在亚洲最穷的国家，花1000块钱当富人，被超级白富美    2,924,472 89428840    286,598   10.2x       167    0.024     730天      N/A   0.055
[2026-07-24 23:08:08.723] 54   英国向富人低头，靠福利吸引全球富人续命。          2,041,431 438173577  4,610,134    0.4x       346    0.020     246天      N/A   0.055
[2026-07-24 23:08:08.724] 55   公子：救救我！新增对全愚人众语音评价！没一个正常的同    1,572,981 49518613    162,124    9.7x        45    0.043    1472天      N/A   0.052
[2026-07-24 23:08:08.725] 56   在日本如何区分富人和穷人？                 1,490,536 135098797     5,332  279.6x        71    0.036     880天      N/A   0.050
[2026-07-24 23:08:08.726] 57   政府福利房VS亿万豪宅，揭开亚洲最富国的隐藏真相      1,525,741 644255470  1,695,248    0.9x       157    0.033     406天      N/A   0.049
[2026-07-24 23:08:08.726] 58   韩国富人区只给“美人”进夜店 女子当场被拒         1,700,966 15892313   3,106,996    0.6x        46    0.039    1539天      N/A   0.049
[2026-07-24 23:08:08.727] 59   男人为什么要努力                      3,472,775 25150941   3,523,730    1.0x        62    0.021    2351天      N/A   0.049
[2026-07-24 23:08:08.727] 60   韩国顶级富人区江南区什么样？                1,812,841 4249401    1,177,692    1.5x        58    0.035    1295天      N/A   0.048
[2026-07-24 23:08:08.728] 61   当我和闺蜜勇闯富人超市猜价格…               2,374,773 150926890    54,224   43.8x       141    0.021     700天      N/A   0.044
[2026-07-24 23:08:08.729] 62   《花钱师》豆瓣9.0分                   1,973,816 507554171    93,165   21.2x        43    0.032    1892天      N/A   0.044
[2026-07-24 23:08:08.729] 63   服务费专把富人欺？7000饭钱700服务费，顾客：除    2,285,368 647940953   471,009    4.8x       267    0.013     356天      N/A   0.043
[2026-07-24 23:08:08.730] 64   如果你很富有但你却不知道，会发生什么            3,131,769 482709661   183,551   17.1x        91    0.014    1437天      N/A   0.040
[2026-07-24 23:08:08.731] 65   上海富人区天价保姆火了：哪有人能“躺着挣钱”？       2,754,459 30947486   1,216,647    2.3x        60    0.017    1915天      N/A   0.037
[2026-07-24 23:08:08.732] 66   直击印度富人区 女孩个个长得似明星！            1,484,011 284498658       889 1669.3x        21    0.004    2991天      N/A   0.036
[2026-07-24 23:08:08.734] 67   富人才玩得起的游戏，每颗弹珠都是金子，赢了带走所有，    2,113,416 257653626     4,729  446.9x        61    0.015    1449天      N/A   0.036
[2026-07-24 23:08:08.735] 68   【拳头Vlog】走进北京富人区，一套房子一亿多这里竟    1,508,180 27785817    861,305    1.8x        24    0.030    2585天      N/A   0.036
[2026-07-24 23:08:08.736] 69   《变形计》：她尝试过安逸之后染上公主病，富人游戏，她    2,011,084 371394153     1,732 1161.1x        29    0.006    2865天      N/A   0.035
[2026-07-24 23:08:08.737] 70   小偷模拟器12：第一次偷富人区，这家是真的肥啊       2,300,430 324565891  1,020,592    2.2x        51    0.020    1861天      N/A   0.035
[2026-07-24 23:08:08.738] 71   原神愚人众11位执行官全体名单出炉             1,858,618 6915553      19,719   94.3x        53    0.020    1474天      N/A   0.032
[2026-07-24 23:08:08.740] 72   如果你不能操控自己的思维，就只能被人操控你的人生！     2,299,172 166740843    46,769   49.2x        74    0.015    1298天      N/A   0.032
[2026-07-24 23:08:08.741] 73   如果你很有钱你会做什么                   1,700,550 482709661   183,551    9.3x        50    0.022    1426天      N/A   0.031
[2026-07-24 23:08:08.742] 74   小偷模拟器20：这家的防御太严了，没想到是富人区的隐    2,023,072 324565891  1,020,592    2.0x        45    0.017    1854天      N/A   0.028
[2026-07-24 23:08:08.743] 75   对于我们来说食物仅是食物，对于富人来就是面子，是高端    1,490,846 187274805     1,198 1244.5x        52    0.002    1201天      N/A   0.028
[2026-07-24 23:08:08.744] 76   在诡异餐厅打工，富人疯狂争吃的招牌菜，竟是一块腐肉（    1,686,942 128423524   925,762    1.8x        40    0.019    1756天      N/A   0.026
[2026-07-24 23:08:08.744] 77   为什么穷人越穷？富人越富？                 1,663,303 349311341   572,380    2.9x        54    0.018    1288天      N/A   0.026
[2026-07-24 23:08:08.745] 78   小偷模拟器14：开车进富人家偷东西，一晚上偷了一套房    1,500,661 324565891  1,020,592    1.5x        34    0.019    1859天      N/A   0.025
[2026-07-24 23:08:08.746] 79   重生了，我在富人区捡垃圾-寻宝笔记             1,570,196 356406755    10,265  153.0x        83    0.012     786天      N/A   0.023
[2026-07-24 23:08:08.747] 80   富人的别墅法拉利 穷人的垃圾棚户村 体验韩国巨大贫富    1,545,142 267083972   459,130    3.4x        99    0.013     647天      N/A   0.023
[2026-07-24 23:08:08.747] 81   待满48小时就能得一套房？富人最怕遇到的小偷，法国职    2,590,855 73884967     30,550   84.8x        66    0.002    1648天      N/A   0.021
[2026-07-24 23:08:08.748] 82   人类历史最有钱的男人：非洲国王曼萨穆萨，坐拥全世界一    2,386,914 168574628   488,288    4.9x        56    0.005    1764天      N/A   0.020
[2026-07-24 23:08:08.749] 83   实拍印度首都富人区购物广场，随处可见高种姓美女，颜值    1,923,105 350605014   133,772   14.4x        32    0.011    2486天      N/A   0.020
[2026-07-24 23:08:08.752] 84   印度富人区女孩的生活，穿着时尚堪比明星，一般人都娶不    1,748,858 297968417     3,851  454.1x        24    0.005    3008天      N/A   0.018
[2026-07-24 23:08:08.754] 85   如果你是全球首富但你却不知道，会发生什么（第九集）     1,823,872 482709661   183,551    9.9x        52    0.008    1460天      N/A   0.017
[2026-07-24 23:08:08.755] 86   如何判断自己是富人思维还是穷人思维             1,650,601 407427280   193,028    8.6x        84    0.008     823天      N/A   0.017
[2026-07-24 23:08:08.756] 87   揭秘迪拜王子的奢华生活，全球男性都羡慕的天敌：哈曼丹    1,890,275 168574628   488,288    3.9x        41    0.008    1916天      N/A   0.017
[2026-07-24 23:08:08.757] 88   近期热门韩剧，解密韩国富人提前出狱的套路，难以想象！    2,078,554 102414403   168,938   12.3x        47    0.003    1854天      N/A   0.013
[2026-07-24 23:08:08.758] 89   印度富人的一顿早餐，竟能吃掉穷人半年工资，简直不要太    1,664,868 114331441     8,354  199.3x        39    0.003    1763天      N/A   0.012
[2026-07-24 23:08:08.758] 90   我的世界：小米蕉被富人大壮收养！保姆铁柱偷偷潜入搞破    1,591,009 346157929   177,422    9.0x        58    0.004    1142天      N/A   0.010
[2026-07-24 23:08:08.759] 91   迷你世界：只能救一个！明星富人朋友和妈妈，我该救哪一    1,736,371 118611512   259,873    6.7x        47    0.003    1537天      N/A   0.010
[2026-07-24 23:08:08.760] ------------------------------------------------------------------------------------------------------------------------------------------------------------------------------------
[2026-07-24 23:08:08.760] 
提示: 综合分 = 播放速率(30%) + 粉丝转化(25%) + 互动密度(20%) + 新鲜度(15%) + 播放量(10%)
[2026-07-24 23:08:08.761]       历史增长列显示多次爬取后的真实增长率，首次爬取为 N/A
[2026-07-24 23:08:08.765] 
[导出] 动量分析结果已保存到 output\富人\momentum_20260724_230808.csv
