[2026-07-24 23:17:32.366] 日志文件: logs\spider_20260724_231732.log
[2026-07-24 23:17:32.367] ============================================================
[2026-07-24 23:17:32.368]   B站视频爬虫 (增强版)
[2026-07-24 23:17:32.369] ============================================================
[2026-07-24 23:17:32.370] 关键词: 阶级跨越
[2026-07-24 23:17:32.371] 页数: 6
[2026-07-24 23:17:32.371] 排序: click
[2026-07-24 23:17:32.372] 线程数: 3
[2026-07-24 23:17:32.374] 延迟: 1.0s
[2026-07-24 23:17:32.374] 
[2026-07-24 23:17:32.383] [任务] 任务ID: 30
[2026-07-24 23:17:32.384] [搜索] 第 1/6 页...
[2026-07-24 23:17:32.979]   找到 20 个，新增 20 个
[2026-07-24 23:17:34.986] [搜索] 第 2/6 页...
[2026-07-24 23:17:35.582]   找到 20 个，新增 20 个
[2026-07-24 23:17:37.382] [搜索] 第 3/6 页...
[2026-07-24 23:17:37.954]   找到 20 个，新增 20 个
[2026-07-24 23:17:39.277] [搜索] 第 4/6 页...
[2026-07-24 23:17:39.829]   找到 20 个，新增 19 个
[2026-07-24 23:17:41.045] [搜索] 第 5/6 页...
[2026-07-24 23:17:41.522]   找到 20 个，新增 20 个
[2026-07-24 23:17:42.791] [搜索] 第 6/6 页...
[2026-07-24 23:17:43.321]   找到 20 个，新增 20 个
[2026-07-24 23:17:44.635] 
[搜索完成] 共 119 个视频，今日已爬 1 个，新增 118 个
[2026-07-24 23:17:44.636] [搜索统计] 搜索失败页数: 0
[2026-07-24 23:17:44.637] 
[详情获取] 使用 3 个线程获取视频详情...
[2026-07-24 23:17:46.357]   [1/118] av303567597 ✓
[2026-07-24 23:17:46.528]   [2/118] av113116134248412 ✓
[2026-07-24 23:17:46.930]   [3/118] av116271358281298 ✓
[2026-07-24 23:17:48.320]   [4/118] av681084087 ✓
[2026-07-24 23:17:48.367]   [5/118] av664593384 ✓
[2026-07-24 23:17:48.925]   [6/118] av115299470806211 ✓
[2026-07-24 23:17:49.944]   [7/118] av116300818943196 ✓
[2026-07-24 23:17:50.193]   [8/118] av113604804221900 ✓
[2026-07-24 23:17:50.554]   [9/118] av114653749380820 ✓
[2026-07-24 23:17:51.714]   [10/118] av114629305043598 ✓
[2026-07-24 23:17:52.041]   [11/118] av817981736 ✓
[2026-07-24 23:17:52.589]   [12/118] av535307421 ✓
[2026-07-24 23:17:53.624]   [13/118] av113864465187624 ✓
[2026-07-24 23:17:53.835]   [14/118] av1254070858 ✓
[2026-07-24 23:17:54.436]   [15/118] av1001843374 ✓
[2026-07-24 23:17:55.443]   [16/118] av113713671570800 ✓
[2026-07-24 23:17:55.481]   [17/118] av741339946 ✓
[2026-07-24 23:17:55.975]   [18/118] av983074527 ✓
[2026-07-24 23:17:56.988]   [19/118] av114467169896168 ✓
[2026-07-24 23:17:57.125]   [20/118] av528450686 ✓
[2026-07-24 23:17:57.564]   [21/118] av1302151412 ✓
[2026-07-24 23:17:58.780]   [22/118] av113201178025729 ✓
[2026-07-24 23:17:58.787]   [23/118] av116226596539156 ✓
[2026-07-24 23:17:59.360]   [24/118] av232189143 ✓
[2026-07-24 23:18:00.401]   [25/118] av875444721 ✓
[2026-07-24 23:18:00.527]   [26/118] av112972051647137 ✓
[2026-07-24 23:18:01.069]   [27/118] av114419807885766 ✓
[2026-07-24 23:18:01.976]   [28/118] av115422951113793 ✓
[2026-07-24 23:18:02.049]   [29/118] av965826982 ✓
[2026-07-24 23:18:02.824]   [30/118] av318388744 ✓
[2026-07-24 23:18:03.518]   [31/118] av642812303 ✓
[2026-07-24 23:18:03.824]   [32/118] av1550238317 ✓
[2026-07-24 23:18:04.733]   [33/118] av115059539903994 ✓
[2026-07-24 23:18:05.576]   [34/118] av367471107 ✓
[2026-07-24 23:18:05.740]   [35/118] av115473098280464 ✓
[2026-07-24 23:18:06.710]   [36/118] av1805477047 ✓
[2026-07-24 23:18:07.473]   [37/118] av676051700 ✓
[2026-07-24 23:18:07.484]   [38/118] av1701754636 ✓
[2026-07-24 23:18:08.599]   [39/118] av975511449 ✓
[2026-07-24 23:18:09.395]   [40/118] av116884749948438 ✓
[2026-07-24 23:18:09.400]   [41/118] av954225579 ✓
[2026-07-24 23:18:10.357]   [42/118] av113695099257619 ✓
[2026-07-24 23:18:11.065]   [43/118] av486505873 ✓
[2026-07-24 23:18:11.272]   [44/118] av115724420908971 ✓
[2026-07-24 23:18:12.109]   [45/118] av880627997 ✓
[2026-07-24 23:18:12.980]   [46/118] av621537362 ✓
[2026-07-24 23:18:13.294]   [47/118] av113637553348508 ✓
[2026-07-24 23:18:13.788]   [48/118] av115553176000337 ✓
[2026-07-24 23:18:14.624]   [49/118] av113303602856611 ✓
[2026-07-24 23:18:15.042]   [50/118] av968472408 ✓
[2026-07-24 23:18:15.546]   [51/118] av115932626227011 ✓
[2026-07-24 23:18:16.239]   [52/118] av650892332 ✓
[2026-07-24 23:18:16.985]   [53/118] av650393008 ✓
[2026-07-24 23:18:17.406]   [54/118] av1105547955 ✓
[2026-07-24 23:18:18.379]   [55/118] av1800071936 ✓
[2026-07-24 23:18:18.802]   [56/118] av876279245 ✓
[2026-07-24 23:18:19.183]   [57/118] av531127306 ✓
[2026-07-24 23:18:20.148]   [58/118] av116595141713778 ✓
[2026-07-24 23:18:20.153]   [59/118] av113825508564482 ✓
[2026-07-24 23:18:20.651]   [60/118] av113090465107724 ✓
[2026-07-24 23:18:21.826]   [61/118] av115772101891086 ✓
[2026-07-24 23:18:21.883]   [62/118] av114131088777047 ✓
[2026-07-24 23:18:22.497]   [63/118] av114209253759239 ✓
[2026-07-24 23:18:23.462]   [64/118] av114916279190535 ✓
[2026-07-24 23:18:23.526]   [65/118] av113767828425948 ✓
[2026-07-24 23:18:24.361]   [66/118] av115162350618319 ✓
[2026-07-24 23:18:25.196]   [67/118] av794125229 ✓
[2026-07-24 23:18:25.217]   [68/118] av789868285 ✓
[2026-07-24 23:18:26.003]   [69/118] av116068135739205 ✓
[2026-07-24 23:18:26.797]   [70/118] av281392060 ✓
[2026-07-24 23:18:26.815]   [71/118] av453283228 ✓
[2026-07-24 23:18:27.961]   [72/118] av1852797251 ✓
[2026-07-24 23:18:28.797]   [73/118] av113588714867419 ✓
[2026-07-24 23:18:28.836]   [74/118] av114822813388697 ✓
[2026-07-24 23:18:29.740]   [75/118] av409187894 ✓
[2026-07-24 23:18:30.384]   [76/118] av114795265131855 ✓
[2026-07-24 23:18:30.437]   [77/118] av115280462225214 ✓
[2026-07-24 23:18:31.721]   [78/118] av1156102507 ✓
[2026-07-24 23:18:32.157]   [79/118] av113847402765639 ✓
[2026-07-24 23:18:32.239]   [80/118] av229981871 ✓
[2026-07-24 23:18:33.649]   [81/118] av113656763320121 ✓
[2026-07-24 23:18:34.077]   [82/118] av114585080234249 ✓
[2026-07-24 23:18:34.108]   [83/118] av114554260426424 ✓
[2026-07-24 23:18:35.231]   [84/118] av873182186 ✓
[2026-07-24 23:18:35.751]   [85/118] av1753847780 ✓
[2026-07-24 23:18:35.765]   [86/118] av113832856980576 ✓
[2026-07-24 23:18:37.152]   [87/118] av113822069162441 ✓
[2026-07-24 23:18:37.402]   [88/118] av113853861986726 ✓
[2026-07-24 23:18:37.707]   [89/118] av115061251119003 ✓
[2026-07-24 23:18:38.629]   [90/118] av114637123224973 ✓
[2026-07-24 23:18:39.608]   [91/118] av114998772833896 ✓
[2026-07-24 23:18:39.802]   [92/118] av366419122 ✓
[2026-07-24 23:18:40.442]   [93/118] av114319312292165 ✓
[2026-07-24 23:18:41.513]   [94/118] av113918907256549 ✓
[2026-07-24 23:18:41.650]   [95/118] av829219333 ✓
[2026-07-24 23:18:42.360]   [96/118] av748975183 ✓
[2026-07-24 23:18:43.196]   [97/118] av113033456124434 ✓
[2026-07-24 23:18:43.448]   [98/118] av1701761140 ✓
[2026-07-24 23:18:44.118]   [99/118] av479272562 ✓
[2026-07-24 23:18:45.073]   [100/118] av113526471394725 ✓
[2026-07-24 23:18:45.102]   [101/118] av920014385 ✓
[2026-07-24 23:18:45.526]   [102/118] av783721849 ✓
[2026-07-24 23:18:46.720]   [103/118] av114557951543964 ✓
[2026-07-24 23:18:46.831]   [104/118] av114529715361560 ✓
[2026-07-24 23:18:47.256]   [105/118] av113655907684572 ✓
[2026-07-24 23:18:48.636]   [106/118] av310188637 ✓
[2026-07-24 23:18:48.676]   [107/118] av115014375579464 ✓
[2026-07-24 23:18:49.226]   [108/118] av810960145 ✓
[2026-07-24 23:18:50.380]   [109/118] av1804906966 ✓
[2026-07-24 23:18:50.440]   [110/118] av1450209275 ✓
[2026-07-24 23:18:50.910]   [111/118] av1551643940 ✓
[2026-07-24 23:18:52.166]   [112/118] av729704546 ✓
[2026-07-24 23:18:52.321]   [113/118] av114430176134483 ✓
[2026-07-24 23:18:52.779]   [114/118] av115954033892800 ✓
[2026-07-24 23:18:53.699]   [粉丝-card] UID=1127527043 code=-352 msg=-352
[2026-07-24 23:18:53.701]   [粉丝] UID=1127527043 card API失败，尝试 relation API
[2026-07-24 23:18:53.729]   [粉丝-card] UID=1548805549 code=-352 msg=-352
[2026-07-24 23:18:53.734]   [粉丝] UID=1548805549 card API失败，尝试 relation API
[2026-07-24 23:18:54.161]   [粉丝-card] UID=3493095203145794 code=-352 msg=-352
[2026-07-24 23:18:54.163]   [粉丝] UID=3493095203145794 card API失败，尝试 relation API
[2026-07-24 23:18:54.706]   [115/118] av297346514 ✓
[2026-07-24 23:18:54.822]   [116/118] av113821163258737 ✓
[2026-07-24 23:18:55.245]   [117/118] av648938119 ✓
[2026-07-24 23:18:55.770]   [粉丝-card] UID=349008994 code=-352 msg=-352
[2026-07-24 23:18:55.773]   [粉丝] UID=349008994 card API失败，尝试 relation API
[2026-07-24 23:18:56.694]   [118/118] av1352582615 ✓
[2026-07-24 23:18:56.698] 
[完成] 成功: 118, 失败: 0
[2026-07-24 23:18:56.700] 
============================================================
[2026-07-24 23:18:56.701]   Top 10 热门视频
[2026-07-24 23:18:56.703] ============================================================
[2026-07-24 23:18:56.705] 
1. 跨越种族和阶级的友情，无数次戳中泪点的电影，美版《触不可及》
[2026-07-24 23:18:56.706]    播放: 1,842,866 | 弹幕: 72 | 收藏: 12,492 | 评论: 35
[2026-07-24 23:18:56.708] 
2. 穷小子捡来一身制服，冒充交警上街开罚单，实现了阶级跨越#影视剪辑#
[2026-07-24 23:18:56.709]    播放: 1,672,516 | 弹幕: 747 | 收藏: 5,163 | 评论: 903
[2026-07-24 23:18:56.711] 
3. “日本干1天等于中国10个月”，中国底层赴日打黑工，15年阶级跨越！成为数百万日本人偶像
[2026-07-24 23:18:56.713]    播放: 1,612,965 | 弹幕: 3,495 | 收藏: 9,812 | 评论: 6,300
[2026-07-24 23:18:56.715] 
4. 34岁不婚无娃英国留学之“阶级跨越”！！！
[2026-07-24 23:18:56.717]    播放: 1,272,915 | 弹幕: 893 | 收藏: 7,901 | 评论: 1,327
[2026-07-24 23:18:56.718] 
5. 依旧是21岁学历一般长得还行的女大，妄图直接跨越阶级实现一夜暴富，在车库找到库里南留的电话直接致电这
[2026-07-24 23:18:56.719]    播放: 1,127,589 | 弹幕: 367 | 收藏: 12,918 | 评论: 4,050
[2026-07-24 23:18:56.720] 
6. 人性潜规则
[2026-07-24 23:18:56.722]    播放: 1,074,205 | 弹幕: 1 | 收藏: 90,887 | 评论: 5
[2026-07-24 23:18:56.724] 
7. 【三分君】为了跨越阶级，她把儿子送上了龙床。
[2026-07-24 23:18:56.725]    播放: 1,061,261 | 弹幕: 52 | 收藏: 12,090 | 评论: 62
[2026-07-24 23:18:56.725] 
8. 论普通人阶级跨越可能性？
[2026-07-24 23:18:56.726]    播放: 1,055,374 | 弹幕: 586 | 收藏: 11,752 | 评论: 2,429
[2026-07-24 23:18:56.727] 
9. 以“司丹康”男孩“包国维”视角打开《包氏父子》，暴露了普通人无法跨越的阶级层级，草根父母的功利性教育
[2026-07-24 23:18:56.727]    播放: 1,015,178 | 弹幕: 11 | 收藏: 2,943 | 评论: 14
[2026-07-24 23:18:56.728] 
10. 五年公务员辞职，穷人家的孩子跨越不了阶级
[2026-07-24 23:18:56.729]    播放: 1,001,444 | 弹幕: 487 | 收藏: 2,379 | 评论: 2,598
[2026-07-24 23:18:56.735] [修复] 已修正 139 条视频的评论数 (comment_count <- review)
[2026-07-24 23:18:56.736] 
============================================================
[2026-07-24 23:18:56.737]   自动检测并补充粉丝数
[2026-07-24 23:18:56.737] ============================================================
[2026-07-24 23:18:56.738] 待补充UP主数: 4
[2026-07-24 23:18:56.912]   [粉丝-card] UID=1127527043 code=-352 msg=-352
[2026-07-24 23:18:56.915]   [粉丝] UID=1127527043 card API失败，尝试 relation API
[2026-07-24 23:18:57.602]   [1/4] UID=1127527043 (大咖讲思维) -> 392,858 (更新1条视频)
[2026-07-24 23:18:58.298]   [粉丝-card] UID=1548805549 code=-352 msg=-352
[2026-07-24 23:18:58.300]   [粉丝] UID=1548805549 card API失败，尝试 relation API
[2026-07-24 23:18:58.890]   [2/4] UID=1548805549 (甜蜜老张) -> 1,571,909 (更新1条视频)
[2026-07-24 23:18:59.509]   [粉丝-card] UID=3493095203145794 code=-352 msg=-352
[2026-07-24 23:18:59.512]   [粉丝] UID=3493095203145794 card API失败，尝试 relation API
[2026-07-24 23:19:00.097]   [3/4] UID=3493095203145794 (bili_51807642385) -> 215 (更新1条视频)
[2026-07-24 23:19:00.709]   [粉丝-card] UID=349008994 code=-352 msg=-352
[2026-07-24 23:19:00.711]   [粉丝] UID=349008994 card API失败，尝试 relation API
[2026-07-24 23:19:01.417]   [4/4] UID=349008994 (贵阳美术艺考刘老师) -> 13,409 (更新1条视频)
[2026-07-24 23:19:02.025] 
[完成] 粉丝数补充: 成功 4, 失败 0
[2026-07-24 23:19:02.026] 
==========================================================================================
[2026-07-24 23:19:02.028]   动量分析 (单次快照模式)
[2026-07-24 23:19:02.029] ==========================================================================================
[2026-07-24 23:19:02.030] 关键词: 阶级跨越
[2026-07-24 23:19:02.031] 显示数量: 999999
[2026-07-24 23:19:02.032] 评分维度: 播放速率(30%) + 粉丝转化(25%) + 互动密度(20%) + 新鲜度(15%) + 播放量(10%)
[2026-07-24 23:19:02.034] 
