[2026-07-24 23:20:24.551] 日志文件: logs\spider_20260724_232024.log
[2026-07-24 23:20:24.552] ============================================================
[2026-07-24 23:20:24.553]   B站视频爬虫 (增强版)
[2026-07-24 23:20:24.554] ============================================================
[2026-07-24 23:20:24.555] 关键词: 阶级跨越
[2026-07-24 23:20:24.555] 页数: 6
[2026-07-24 23:20:24.556] 排序: click
[2026-07-24 23:20:24.557] 线程数: 3
[2026-07-24 23:20:24.557] 延迟: 1.0s
[2026-07-24 23:20:24.558] 
[2026-07-24 23:20:24.574] [任务] 任务ID: 31
[2026-07-24 23:20:24.576] [搜索] 第 1/6 页...
[2026-07-24 23:20:25.075]   找到 20 个，新增 20 个
[2026-07-24 23:20:26.390] [搜索] 第 2/6 页...
[2026-07-24 23:20:26.769]   找到 20 个，新增 20 个
[2026-07-24 23:20:27.816] [搜索] 第 3/6 页...
[2026-07-24 23:20:28.311]   找到 20 个，新增 20 个
[2026-07-24 23:20:29.575] [搜索] 第 4/6 页...
[2026-07-24 23:20:30.091]   找到 20 个，新增 19 个
[2026-07-24 23:20:31.213] [搜索] 第 5/6 页...
[2026-07-24 23:20:31.591]   找到 20 个，新增 20 个
[2026-07-24 23:20:33.325] [搜索] 第 6/6 页...
[2026-07-24 23:20:33.770]   找到 20 个，新增 20 个
[2026-07-24 23:20:35.364] 
[搜索完成] 共 119 个视频，今日已爬 119 个，新增 0 个
[2026-07-24 23:20:35.366] [搜索统计] 搜索失败页数: 0
[2026-07-24 23:20:35.367] [完成] 没有新视频需要爬取
[2026-07-24 23:20:35.685] [修复] 已修正 31 条视频的评论数 (comment_count <- review)
[2026-07-24 23:20:35.687] 
============================================================
[2026-07-24 23:20:35.688]   自动检测并补充粉丝数
[2026-07-24 23:20:35.689] ============================================================
[2026-07-24 23:20:35.691] 待补充UP主数: 0
[2026-07-24 23:20:35.692] [完成] 所有UP主已有粉丝数据
[2026-07-24 23:20:35.694] 
==========================================================================================
[2026-07-24 23:20:35.696]   动量分析 (单次快照模式)
[2026-07-24 23:20:35.698] ==========================================================================================
[2026-07-24 23:20:35.698] 关键词: 阶级跨越
[2026-07-24 23:20:35.700] 显示数量: 999999
[2026-07-24 23:20:35.701] 评分维度: 播放速率(30%) + 粉丝转化(25%) + 互动密度(20%) + 新鲜度(15%) + 播放量(10%)
[2026-07-24 23:20:35.703] 
