[2026-07-24 22:44:52.116] 日志文件: logs\spider_20260724_224452.log
[2026-07-24 22:44:52.117] ============================================================
[2026-07-24 22:44:52.118]   B站视频爬虫 (增强版)
[2026-07-24 22:44:52.119] ============================================================
[2026-07-24 22:44:52.120] 关键词: 穷人
[2026-07-24 22:44:52.120] 页数: 5
[2026-07-24 22:44:52.121] 排序: click
[2026-07-24 22:44:52.122] 线程数: 3
[2026-07-24 22:44:52.123] 延迟: 1.0s
[2026-07-24 22:44:52.123] 
[2026-07-24 22:44:52.136] [任务] 任务ID: 26
[2026-07-24 22:44:52.137] [搜索] 第 1/5 页...
[2026-07-24 22:44:52.898]   找到 20 个，新增 20 个
[2026-07-24 22:44:54.257] [搜索] 第 2/5 页...
[2026-07-24 22:44:54.669]   找到 20 个，新增 20 个
[2026-07-24 22:44:56.339] [搜索] 第 3/5 页...
[2026-07-24 22:44:56.944]   找到 20 个，新增 20 个
[2026-07-24 22:44:58.110] [搜索] 第 4/5 页...
[2026-07-24 22:44:58.713]   找到 20 个，新增 20 个
[2026-07-24 22:44:59.880] [搜索] 第 5/5 页...
[2026-07-24 22:45:00.354]   找到 20 个，新增 20 个
[2026-07-24 22:45:02.313] 
[搜索完成] 共 100 个视频，今日已爬 100 个，新增 0 个
[2026-07-24 22:45:02.317] [搜索统计] 搜索失败页数: 0
[2026-07-24 22:45:02.319] [完成] 没有新视频需要爬取
[2026-07-24 22:45:02.323] 
============================================================
[2026-07-24 22:45:02.325]   自动检测并补充粉丝数
[2026-07-24 22:45:02.326] ============================================================
[2026-07-24 22:45:02.329] 待补充UP主数: 47
[2026-07-24 22:45:02.605]   [1/47] UID=2021378805 (语恩科普) -> 14,639 (更新1条视频)
[2026-07-24 22:45:03.516]   [2/47] UID=3494355639732908 (学长科普哦) -> 72,330 (更新1条视频)
[2026-07-24 22:45:04.029]   [3/47] UID=3546661399824534 (醉心日推音乐) -> 490,577 (更新1条视频)
[2026-07-24 22:45:05.059]   [4/47] UID=660049098 (显眼包小涛) -> 107,243 (更新1条视频)
[2026-07-24 22:45:06.056]   [5/47] UID=517751426 (港影故事) -> 37,789 (更新1条视频)
[2026-07-24 22:45:07.020]   [6/47] UID=386231578 (AI筑梦师-) -> 11,725 (更新1条视频)
[2026-07-24 22:45:07.938]   [7/47] UID=23220303 (梅斯基蒂克) -> 60,358 (更新1条视频)
[2026-07-24 22:45:08.797]   [8/47] UID=168293042 (三角猫不理) -> 965,103 (更新1条视频)
[2026-07-24 22:45:09.739]   [9/47] UID=3546586829294016 (调皮小爱在捣蛋) -> 2,352 (更新1条视频)
[2026-07-24 22:45:10.522]   进度: 10/47
[2026-07-24 22:45:10.709]   [10/47] UID=3461565925820508 (老高吃饱了) -> 13,747 (更新1条视频)
[2026-07-24 22:45:11.433]   [11/47] UID=390371228 (知心者联盟) -> 1,478,567 (更新1条视频)
[2026-07-24 22:45:12.222]   [12/47] UID=3493095616285377 (科幻导演小刚) -> 353,004 (更新1条视频)
[2026-07-24 22:45:13.127]   [13/47] UID=434376696 (阿Test正经比比) -> 2,574,037 (更新1条视频)
[2026-07-24 22:45:13.844]   [14/47] UID=1463419730 (莫明墉) -> 22,278 (更新1条视频)
[2026-07-24 22:45:14.498]   [15/47] UID=3493092233578582 (小丁东京打工) -> 233,550 (更新1条视频)
[2026-07-24 22:45:15.372]   [16/47] UID=476983757 (一定暴富吖) -> 118,735 (更新1条视频)
[2026-07-24 22:45:16.019]   [17/47] UID=441641543 (秃头小超哥) -> 77,774 (更新1条视频)
[2026-07-24 22:45:16.630]   [18/47] UID=2948981 (冷水煮乐器) -> 1,370,318 (更新1条视频)
[2026-07-24 22:45:17.421]   [19/47] UID=129860965 (记忆宫殿宁梓亦) -> 774,099 (更新1条视频)
[2026-07-24 22:45:18.139]   进度: 20/47
[2026-07-24 22:45:18.385]   [20/47] UID=395991094 (电影迷小雅) -> 2,229,674 (更新1条视频)
[2026-07-24 22:45:19.206]   [21/47] UID=424073317 (数码小懿FreeSuen) -> 12,187 (更新1条视频)
[2026-07-24 22:45:20.113]   [22/47] UID=14583962 (思维实验室) -> 8,296,126 (更新1条视频)
[2026-07-24 22:45:20.644]   [23/47] UID=2020765549 (大酱电影) -> 345,996 (更新1条视频)
[2026-07-24 22:45:21.440]   [24/47] UID=191193770 (鹰间烹饪) -> 523,265 (更新1条视频)
[2026-07-24 22:45:22.508]   [25/47] UID=2132479717 (阿拉在国外探索美食) -> 10,235 (更新1条视频)
[2026-07-24 22:45:23.242]   [26/47] UID=111029971 (二只风油精) -> 14,066 (更新1条视频)
[2026-07-24 22:45:24.162]   [27/47] UID=406636263 (HOLA小测佬) -> 5,560,251 (更新2条视频)
[2026-07-24 22:45:24.757]   [28/47] UID=2007288208 (房纠纠) -> 205,269 (更新1条视频)
[2026-07-24 22:45:25.669]   [29/47] UID=398847389 (我只吃加臭螺蛳粉) -> 14,075 (更新1条视频)
[2026-07-24 22:45:26.232]   进度: 30/47
[2026-07-24 22:45:26.443]   [30/47] UID=33915583 (小周啊不是神经) -> 335,765 (更新1条视频)
[2026-07-24 22:45:27.121]   [31/47] UID=2135949274 (千帆电影) -> 19,406 (更新1条视频)
[2026-07-24 22:45:28.191]   [32/47] UID=477775211 (白杨和桔子) -> 95,564 (更新1条视频)
[2026-07-24 22:45:28.986]   [33/47] UID=531131239 (财经不眠姐) -> 1,687,698 (更新1条视频)
[2026-07-24 22:45:29.644]   [34/47] UID=109090803 (伯乐说电影) -> 446,891 (更新1条视频)
[2026-07-24 22:45:30.247]   [35/47] UID=381813092 (新视野) -> 67,138 (更新1条视频)
[2026-07-24 22:45:31.073]   [36/47] UID=1037625310 (月隐霜林) -> 18,071 (更新1条视频)
[2026-07-24 22:45:31.830]   [37/47] UID=3546393683691534 (影评人毛尖) -> 1,004,663 (更新1条视频)
[2026-07-24 22:45:32.896]   [38/47] UID=29385547 (小陈说电影呀) -> 19,094 (更新1条视频)
[2026-07-24 22:45:33.528]   [39/47] UID=1308234648 (可乐频3200) -> 380,907 (更新1条视频)
[2026-07-24 22:45:34.183]   进度: 40/47
[2026-07-24 22:45:34.399]   [40/47] UID=37409439 (shhher) -> 193,100 (更新1条视频)
[2026-07-24 22:45:35.040]   [41/47] UID=405279279 (平平出击) -> 1,071,959 (更新1条视频)
[2026-07-24 22:45:35.873]   [42/47] UID=3546576853141536 (志新观天下) -> 437,507 (更新1条视频)
[2026-07-24 22:45:36.599]   [43/47] UID=644255470 (杰克小兔) -> 1,695,248 (更新1条视频)
[2026-07-24 22:45:37.452]   [44/47] UID=1807628254 (谈锦书) -> 8,316 (更新1条视频)
[2026-07-24 22:45:38.378]   [45/47] UID=37663924 (硬核的半佛仙人) -> 7,718,038 (更新1条视频)
[2026-07-24 22:45:39.180]   [46/47] UID=60026287 (靠譜的知识) -> 143,525 (更新1条视频)
[2026-07-24 22:45:39.764]   [47/47] UID=16754498 (不凉少年派) -> 1,073,204 (更新1条视频)
[2026-07-24 22:45:40.551] 
[完成] 粉丝数补充: 成功 47, 失败 0
[2026-07-24 22:45:40.552] 
==========================================================================================
[2026-07-24 22:45:40.553]   动量分析 (单次快照模式)
[2026-07-24 22:45:40.554] ==========================================================================================
[2026-07-24 22:45:40.555] 关键词: 穷人
[2026-07-24 22:45:40.557] 显示数量: 20
[2026-07-24 22:45:40.558] 评分维度: 播放速率(30%) + 粉丝转化(25%) + 互动密度(20%) + 新鲜度(15%) + 播放量(10%)
[2026-07-24 22:45:40.560] 
[2026-07-24 22:45:40.591] 
动量排行 Top 20（按综合评分排序）
[2026-07-24 22:45:40.593] ------------------------------------------------------------------------------------------------------------------------------------------------------------------------------------
[2026-07-24 22:45:40.594] 排名   标题                                  播放量 UP主              粉丝      转化      速率/h     互动密度     视频年龄     历史增长     综合分
[2026-07-24 22:45:40.597] ------------------------------------------------------------------------------------------------------------------------------------------------------------------------------------
[2026-07-24 22:45:40.599] 1    “穷人最大的托举，是不让苦难代代相传”           5,310,226 354666139   490,577   10.8x     10276    0.008      22天      N/A   0.364
[2026-07-24 22:45:40.601] 2    穷人版五星级餐厅，这套餐有力气               2,255,525 158275764   599,329    3.8x      7867    0.095      12天      N/A   0.360
[2026-07-24 22:45:40.603] 3    【emo】“穷人最大的托举， 是不让苦难代代相传”【    2,834,414 103762531    18,071  156.8x      9696    0.004      12天      N/A   0.343
[2026-07-24 22:45:40.606] 4    【Reaction】穷人永远接触不到的场景         4,607,950 300994119  4,535,128    1.0x      5796    0.064      33天      N/A   0.263
[2026-07-24 22:45:40.608] 5    为什么美国的穷人害怕汉堡，却不多吃健康食品？        2,911,137 21480761         80 36389.2x        72    0.004    1686天      N/A   0.261
[2026-07-24 22:45:40.609] 6    热搜上被群嘲的“穷人自助餐”事件，暴露出多少人可笑的    3,684,191 30947486   1,216,647    3.0x      5868    0.024      26天      N/A   0.239
[2026-07-24 22:45:40.612] 7    热搜上恶毒的“穷人碳水脸”事件，暴露了多少“精神有钱    7,644,402 30947486   1,216,647    6.3x      5208    0.016      61天      N/A   0.224
[2026-07-24 22:45:40.614] 8    “1.7元红烧肉盒饭”被挂上热搜，暴露出“穷人梗”背   16,877,618 30947486   1,216,647   13.9x      3947    0.017     178天      N/A   0.215
[2026-07-24 22:45:40.615] 9    在美国的穷人和富人，会被区别对待吗？我分别测试了一下    5,052,580 78021099    336,663   15.0x      5376    0.017      39天      N/A   0.215
[2026-07-24 22:45:40.616] 10   我因批评数十万自称老奴的人被骂，但被骂再狠，我也不会    3,347,311 680677803  3,835,003    0.9x       108    0.241    1290天      N/A   0.211
[2026-07-24 22:45:40.617] 11   【半佛】买不起奢侈品就是穷人吗？不，是聪明人       10,356,778 37663924   7,718,038    1.3x       181    0.187    2379天      N/A   0.209
[2026-07-24 22:45:40.619] 12   小某书上被群嘲的“穷人吃甜品”事件，炸出多少讨厌的“   16,246,100 30947486   1,216,647   13.3x      3504    0.022     193天      N/A   0.203
[2026-07-24 22:45:40.620] 13   为什么要远离地雷女？日本精神小妹有多可怕。。【世界女   19,429,319 6574487    4,810,071    4.0x      1767    0.045     458天      N/A   0.189
[2026-07-24 22:45:40.621] 14   疫情，正逼死美国穷人 | 剖析美国医保顽疾 + 中国    3,497,588 478269351   687,320    5.1x        63    0.210    2304天      N/A   0.185
[2026-07-24 22:45:40.623] 15   穷人是假的？农村人不可能长这样？我要用100个农民实    3,147,865 680677803  3,835,003    0.8x        94    0.206    1398天      N/A   0.181
[2026-07-24 22:45:40.624] 16   数万人争着当奴才，疯狂给少爷送礼，这是时代的悲哀！【    5,054,618 680677803  3,835,003    1.3x       163    0.145    1295天      N/A   0.143
[2026-07-24 22:45:40.625] 17   【围炉夜话】为何我们如此贫穷？不只是缺钱那么简单。     3,815,117 79577853   4,221,146    0.9x        91    0.154    1747天      N/A   0.141
[2026-07-24 22:45:40.627] 18   介绍一条穷人跨越阶级的可行之路（保证干货，非鸡汤）     2,128,105 312098823   690,515    3.1x        57    0.163    1548天      N/A   0.138
[2026-07-24 22:45:40.628] 19   逆天！美国人推出杀人合法日？为控制人口不惜自相残杀，    9,944,498 395991094  2,229,674    4.5x      2299    0.022     180天      N/A   0.132
[2026-07-24 22:45:40.628] 20   鼠鼠很后悔，碰了穷人不配学的专业              3,793,144 2877695     535,021    7.1x       123    0.135    1281天      N/A   0.127
[2026-07-24 22:45:40.629] ------------------------------------------------------------------------------------------------------------------------------------------------------------------------------------
[2026-07-24 22:45:40.631] 
提示: 综合分 = 播放速率(30%) + 粉丝转化(25%) + 互动密度(20%) + 新鲜度(15%) + 播放量(10%)
[2026-07-24 22:45:40.631]       历史增长列显示多次爬取后的真实增长率，首次爬取为 N/A
[2026-07-24 22:45:40.636] 
[导出] 动量分析结果已保存到 output\穷人\momentum_20260724_224540.csv
[2026-07-24 22:45:40.644] 
[导出] 动量分析结果已保存到 output\穷人\momentum_20260724_224540.csv
