[2026-07-24 19:50:58.529] 日志文件: logs\spider_20260724_195058.log
[2026-07-24 19:50:58.529] ============================================================
[2026-07-24 19:50:58.531]   B站视频爬虫 (增强版)
[2026-07-24 19:50:58.531] ============================================================
[2026-07-24 19:50:58.533] 关键词: 服饰
[2026-07-24 19:50:58.534] 页数: 5
[2026-07-24 19:50:58.535] 排序: click
[2026-07-24 19:50:58.536] 线程数: 3
[2026-07-24 19:50:58.536] 延迟: 1.0s
[2026-07-24 19:50:58.537] 
[2026-07-24 19:50:58.545] [任务] 任务ID: 20
[2026-07-24 19:50:58.547] [搜索] 第 1/5 页...
[2026-07-24 19:50:58.841]   [限流] 第1页 等待 5 秒后重试 (1/3)...
[2026-07-24 19:51:04.252]   找到 20 个，新增 20 个
[2026-07-24 19:51:05.679] [搜索] 第 2/5 页...
[2026-07-24 19:51:06.108]   找到 20 个，新增 20 个
[2026-07-24 19:51:07.946] [搜索] 第 3/5 页...
[2026-07-24 19:51:08.158]   [限流] 第3页 等待 5 秒后重试 (1/3)...
[2026-07-24 19:51:13.422]   [限流] 第3页 等待 10 秒后重试 (2/3)...
[2026-07-24 19:51:23.602]   [限流] 第3页 等待 15 秒后重试 (3/3)...
[2026-07-24 19:51:38.606]   [失败] 第3页 超过最大重试次数
[2026-07-24 19:51:38.609]   失败，跳过
[2026-07-24 19:51:42.427] [搜索] 第 4/5 页...
[2026-07-24 19:51:44.780]   [限流] 第4页 等待 5 秒后重试 (1/3)...
[2026-07-24 19:51:49.986]   [限流] 第4页 等待 10 秒后重试 (2/3)...
[2026-07-24 19:52:00.219]   [限流] 第4页 等待 15 秒后重试 (3/3)...
[2026-07-24 19:52:15.221]   [失败] 第4页 超过最大重试次数
[2026-07-24 19:52:15.229]   失败，跳过
[2026-07-24 19:52:17.884] [搜索] 第 5/5 页...
[2026-07-24 19:52:18.205]   [限流] 第5页 等待 5 秒后重试 (1/3)...
[2026-07-24 19:52:23.436]   [限流] 第5页 等待 10 秒后重试 (2/3)...
[2026-07-24 19:52:33.852]   找到 20 个，新增 20 个
[2026-07-24 19:52:35.469] 
[搜索完成] 共 60 个视频，今日已爬 60 个，新增 0 个
[2026-07-24 19:52:35.470] [搜索统计] 搜索失败页数: 2
[2026-07-24 19:52:35.470] [完成] 没有新视频需要爬取
[2026-07-24 19:52:35.476] 
============================================================
[2026-07-24 19:52:35.477]   补充评论数据和播放速率
[2026-07-24 19:52:35.477] ============================================================
[2026-07-24 19:52:35.479] 待处理视频数: 50
[2026-07-24 19:52:44.584]   进度: 10/50
[2026-07-24 19:52:54.040]   进度: 20/50
[2026-07-24 19:53:04.089]   进度: 30/50
[2026-07-24 19:53:13.297]   进度: 40/50
[2026-07-24 19:53:22.449]   进度: 50/50
[2026-07-24 19:53:23.615] 
[完成] 评论数据补充: 成功 50, 失败 0
[2026-07-24 19:53:23.618] 
================================================================================
[2026-07-24 19:53:23.619]   动量分析 (增强版)
[2026-07-24 19:53:23.620] ================================================================================
[2026-07-24 19:53:23.623] 关键词: 服饰
[2026-07-24 19:53:23.624] 指标: play_nums
[2026-07-24 19:53:23.627] 显示数量: 20
[2026-07-24 19:53:23.629] 
[2026-07-24 19:53:23.636] 
动量排行 Top 20（按综合评分排序）
[2026-07-24 19:53:23.638] --------------------------------------------------------------------------------------------------------------------------------------------------------------------------
[2026-07-24 19:53:23.641] 排名   标题                                  当前播放量 UP主               粉丝数      转化率       播放速率      评论数     总增长%      日均% 状态        
[2026-07-24 19:53:23.642] --------------------------------------------------------------------------------------------------------------------------------------------------------------------------
[2026-07-24 19:53:23.644] 1    摆脱春夏内衣“闷热”！与内衣和解，小胸显大不空杯！      22,790,190 457226461           -        -    615.4/h       19      N/A      N/A 无历史数据     
[2026-07-24 19:53:23.647] 2    『从头看她』1920-2020，中国女性发型的百年变迁    15,085,101 297344797    1,950,000     7.7x          -        -      N/A      N/A 无历史数据     
[2026-07-24 19:53:23.648] 3    1920-2020 百年变迁，我眼中的中国女性真实之美。   14,190,477 297344797    1,950,000     7.3x          -        -      N/A      N/A 无历史数据     
[2026-07-24 19:53:23.650] 4    幸福了…幸福疯了！                       6,573,147 180926019       4,620  1422.8x          -        -      N/A      N/A 无历史数据     
[2026-07-24 19:53:23.652] 5    穿搭测评交友                         14,074,553 480963436           -        -          -        -      N/A      N/A 无历史数据     
[2026-07-24 19:53:23.654] 6    “他们不像是走秀，倒像是来赴宴的......”| 前方高   13,524,237 11860785            -        -          -        -      N/A      N/A 无历史数据     
[2026-07-24 19:53:23.655] 7    耗时半年复刻电影里灰姑娘公主裙！每个女孩的公主梦都应该被   12,147,649 350975070           -        -          -        -      N/A      N/A 无历史数据     
[2026-07-24 19:53:23.656] 8    永远都不知道对手是什么“糕手”                11,756,506 35465910340         -        -          -        -      N/A      N/A 无历史数据     
[2026-07-24 19:53:23.659] 9    Zara今年的衣服绝了，这种请问谁能穿！           11,238,112 303713614           -        -          -        -      N/A      N/A 无历史数据     
[2026-07-24 19:53:23.660] 10   海澜之家空中变装                       11,007,022 166326710           -        -          -        -      N/A      N/A 无历史数据     
[2026-07-24 19:53:23.662] 11   漫画胸能不能走出现实啊？？？？                10,711,015 1968595      3,056,000     3.5x          -        -      N/A      N/A 无历史数据     
[2026-07-24 19:53:23.664] 12   No cap =)))                     9,679,011 35468602559  9,679,000     1.0x          -        -      N/A      N/A 无历史数据     
[2026-07-24 19:53:23.665] 13   男生网上买衣服，关键词怎样搜才不会踩雷！            9,319,845 35465604366         -        -          -        -      N/A      N/A 无历史数据     
[2026-07-24 19:53:23.667] 14   王祖贤，你TM到底怎么做到时尚超前20年的？          9,015,952 433725771           -        -          -        -      N/A      N/A 无历史数据     
[2026-07-24 19:53:23.669] 15   “穿”衣服挑战！01                      8,962,256 285499073           -        -          -        -      N/A      N/A 无历史数据     
[2026-07-24 19:53:23.669] 16   是的姐妹！你凭本事刷到了这个视频～               8,601,055 15805984            -        -          -        -      N/A      N/A 无历史数据     
[2026-07-24 19:53:23.671] 17   现在准备卷死他们！情人节送鞋指南，直男看了都会喜欢的鞋子    8,250,151 9978781             -        -          -        -      N/A      N/A 无历史数据     
[2026-07-24 19:53:23.673] 18   挑战用睡衣把残疾女孩爆改成天使！美到落泪            7,978,964 31438993      853,000     9.3x          -        -      N/A      N/A 无历史数据     
[2026-07-24 19:53:23.673] 19   我的设计我来疼                         7,862,320 522774551           -        -          -        -      N/A      N/A 无历史数据     
[2026-07-24 19:53:23.674] 20   渐变色，但是很上头 ⚡️叮叮当当舞⚡️             7,803,735 7375428             -        -          -        -      N/A      N/A 无历史数据     
[2026-07-24 19:53:23.675] --------------------------------------------------------------------------------------------------------------------------------------------------------------------------
[2026-07-24 19:53:23.681] 
[导出] 动量分析结果已保存到 output\服饰\momentum_20260724_195323.csv
[2026-07-24 19:53:23.688] 
[导出] 动量分析结果已保存到 output\服饰\momentum_20260724_195323.csv
