[2026-07-25 01:06:28.774] 日志文件: logs\spider_20260725_010628.log
[2026-07-25 01:06:28.776] ============================================================
[2026-07-25 01:06:28.776]   B站视频爬虫 (增强版)
[2026-07-25 01:06:28.778] ============================================================
[2026-07-25 01:06:28.778] 关键词: 阶级跨越
[2026-07-25 01:06:28.779] 页数: 10
[2026-07-25 01:06:28.780] 排序: click
[2026-07-25 01:06:28.781] 线程数: 5
[2026-07-25 01:06:28.783] 延迟: 1.0s
[2026-07-25 01:06:28.784] 
[2026-07-25 01:06:28.797] [任务] 任务ID: 38
[2026-07-25 01:06:28.798] [搜索] 第 1/10 页...
[2026-07-25 01:06:29.453]   找到 20 个，新增 20 个
[2026-07-25 01:06:31.325] [搜索] 第 2/10 页...
[2026-07-25 01:06:31.774]   找到 20 个，新增 20 个
[2026-07-25 01:06:33.065] [搜索] 第 3/10 页...
[2026-07-25 01:06:33.722]   找到 20 个，新增 20 个
[2026-07-25 01:06:35.232] [搜索] 第 4/10 页...
[2026-07-25 01:06:35.788]   找到 20 个，新增 19 个
[2026-07-25 01:06:37.373] [搜索] 第 5/10 页...
[2026-07-25 01:06:37.853]   找到 20 个，新增 20 个
[2026-07-25 01:06:39.234] [搜索] 第 6/10 页...
[2026-07-25 01:06:39.713]   找到 20 个，新增 20 个
[2026-07-25 01:06:41.581] [搜索] 第 7/10 页...
[2026-07-25 01:06:42.151]   找到 20 个，新增 19 个
[2026-07-25 01:06:43.797] [搜索] 第 8/10 页...
[2026-07-25 01:06:44.244]   找到 20 个，新增 20 个
[2026-07-25 01:06:45.298] [搜索] 第 9/10 页...
[2026-07-25 01:06:45.926]   找到 20 个，新增 20 个
[2026-07-25 01:06:46.964] [搜索] 第 10/10 页...
[2026-07-25 01:06:47.462]   找到 20 个，新增 19 个
[2026-07-25 01:06:48.489] 
[搜索完成] 共 197 个视频，今日已爬 119 个，新增 78 个
[2026-07-25 01:06:48.491] [搜索统计] 搜索失败页数: 0
[2026-07-25 01:06:48.492] 
[详情获取] 使用 5 个线程获取视频详情...
[2026-07-25 01:06:50.227]   [1/78] av116011160311156 ✓
[2026-07-25 01:06:50.271]   [2/78] av405879266 ✓
[2026-07-25 01:06:50.434]   [3/78] av517426923 ✓
[2026-07-25 01:06:50.439]   [4/78] av115666170485632 ✓
[2026-07-25 01:06:50.444]   [5/78] av113417151058188 ✓
[2026-07-25 01:06:52.022]   [6/78] av112597248509469 ✓
[2026-07-25 01:06:52.088]   [7/78] av1351405388 ✓
[2026-07-25 01:06:52.268]   [8/78] av113219666448473 ✓
[2026-07-25 01:06:52.381]   [9/78] av116485536095853 ✓
[2026-07-25 01:06:52.631]   [10/78] av113141417509563 ✓
[2026-07-25 01:06:53.962]   [11/78] av116100482209703 ✓
[2026-07-25 01:06:53.985]   [12/78] av115875801733200 ✓
[2026-07-25 01:06:54.087]   [13/78] av996147457 ✓
[2026-07-25 01:06:54.197]   [14/78] av701132322 ✓
[2026-07-25 01:06:54.414]   [15/78] av423660896 ✓
[2026-07-25 01:06:55.782]   [16/78] av366503837 ✓
[2026-07-25 01:06:55.831]   [17/78] av349033207 ✓
[2026-07-25 01:06:55.944]   [18/78] av1454330957 ✓
[2026-07-25 01:06:55.983]   [19/78] av116324407771382 ✓
[2026-07-25 01:06:56.015]   [20/78] av114206586176432 ✓
[2026-07-25 01:06:57.546]   [21/78] av522788095 ✓
[2026-07-25 01:06:57.834]   [22/78] av115444677608966 ✓
[2026-07-25 01:06:57.849]   [23/78] av1553948488 ✓
[2026-07-25 01:06:58.128]   [24/78] av114873547689834 ✓
[2026-07-25 01:06:58.327]   [25/78] av326440122 ✓
[2026-07-25 01:06:59.632]   [26/78] av114520454333858 ✓
[2026-07-25 01:06:59.734]   [27/78] av956495177 ✓
[2026-07-25 01:06:59.934]   [28/78] av448484665 ✓
[2026-07-25 01:07:00.027]   [29/78] av115881019441623 ✓
[2026-07-25 01:07:00.225]   [30/78] av113352391004826 ✓
[2026-07-25 01:07:01.378]   [31/78] av1205872091 ✓
[2026-07-25 01:07:01.381]   [32/78] av1751117619 ✓
[2026-07-25 01:07:01.650]   [33/78] av789446970 ✓
[2026-07-25 01:07:01.738]   [34/78] av1605407194 ✓
[2026-07-25 01:07:02.007]   [35/78] av116350949268135 ✓
[2026-07-25 01:07:03.199]   [36/78] av115036185955668 ✓
[2026-07-25 01:07:03.278]   [37/78] av1254467170 ✓
[2026-07-25 01:07:03.350]   [38/78] av115909557553409 ✓
[2026-07-25 01:07:03.537]   [39/78] av652138340 ✓
[2026-07-25 01:07:03.963]   [40/78] av898224566 ✓
[2026-07-25 01:07:04.830]   [41/78] av914015827 ✓
[2026-07-25 01:07:04.924]   [42/78] av115790925864605 ✓
[2026-07-25 01:07:05.129]   [43/78] av114889234387969 ✓
[2026-07-25 01:07:05.480]   [44/78] av481694063 ✓
[2026-07-25 01:07:05.576]   [45/78] av622106237 ✓
[2026-07-25 01:07:06.374]   [46/78] av113487464366648 ✓
[2026-07-25 01:07:06.489]   [47/78] av113456443293807 ✓
[2026-07-25 01:07:07.252]   [48/78] av1806338393 ✓
[2026-07-25 01:07:07.414]   [49/78] av1905825420 ✓
[2026-07-25 01:07:07.482]   [50/78] av1250363931 ✓
[2026-07-25 01:07:07.910]   [51/78] av493590778 ✓
[2026-07-25 01:07:08.443]   [52/78] av114918393186816 ✓
[2026-07-25 01:07:08.957]   [53/78] av116440489265742 ✓
[2026-07-25 01:07:09.026]   [54/78] av112898097547782 ✓
[2026-07-25 01:07:09.408]   [55/78] av703512686 ✓
[2026-07-25 01:07:09.497]   [56/78] av827446335 ✓
[2026-07-25 01:07:10.501]   [57/78] av832672446 ✓
[2026-07-25 01:07:10.774]   [58/78] av915836122 ✓
[2026-07-25 01:07:10.817]   [59/78] av942989826 ✓
[2026-07-25 01:07:11.152]   [60/78] av114188953322518 ✓
[2026-07-25 01:07:11.238]   [61/78] av113883792547644 ✓
[2026-07-25 01:07:12.488]   [62/78] av830949708 ✓
[2026-07-25 01:07:12.755]   [63/78] av320965273 ✓
[2026-07-25 01:07:12.867]   [64/78] av114731595597567 ✓
[2026-07-25 01:07:13.027]   [65/78] av866241623 ✓
[2026-07-25 01:07:13.230]   [66/78] av1903389339 ✓
[2026-07-25 01:07:14.220]   [67/78] av114556072431147 ✓
[2026-07-25 01:07:14.446]   [68/78] av727863274 ✓
[2026-07-25 01:07:14.915]   [69/78] av404380070 ✓
[2026-07-25 01:07:14.971]   [70/78] av112836760045262 ✓
[2026-07-25 01:07:15.047]   [71/78] av324256711 ✓
[2026-07-25 01:07:16.106]   [72/78] av749519464 ✓
[2026-07-25 01:07:16.290]   [73/78] av965384785 ✓
[2026-07-25 01:07:16.642]   [74/78] av719659519 ✓
[2026-07-25 01:07:16.811]   [75/78] av1305202942 ✓
[2026-07-25 01:07:16.860]   [76/78] av115973646457444 ✓
[2026-07-25 01:07:18.232]   [77/78] av443855904 ✓
[2026-07-25 01:07:18.242]   [78/78] av113690066027028 ✓
[2026-07-25 01:07:18.252] 
[完成] 成功: 78, 失败: 0
[2026-07-25 01:07:18.256] 
============================================================
[2026-07-25 01:07:18.265]   Top 10 热门视频
[2026-07-25 01:07:18.267] ============================================================
[2026-07-25 01:07:18.268] 
1. 钓友们，听说钓鱼还可以发展人脉，是真的吗？
[2026-07-25 01:07:18.268]    播放: 118,931 | 弹幕: 190 | 收藏: 301 | 评论: 166
[2026-07-25 01:07:18.270] 
2. 戴锦华：跨越阶级的爱情告诉你，爱情从来无法跨越阶级
[2026-07-25 01:07:18.272]    播放: 117,072 | 弹幕: 141 | 收藏: 2,310 | 评论: 399
[2026-07-25 01:07:18.275] 
3. 清华计算机进腾讯工作的这几年，虽然看清了大厂把人当耗材的本质，但赚到的钱直接让我实现了阶级跨越...
[2026-07-25 01:07:18.276]    播放: 116,983 | 弹幕: 17 | 收藏: 860 | 评论: 165
[2026-07-25 01:07:18.277] 
4. “娶了我女儿，是你跨越阶级的唯一出路”
[2026-07-25 01:07:18.279]    播放: 115,879 | 弹幕: 38 | 收藏: 765 | 评论: 291
[2026-07-25 01:07:18.280] 
5. 男人取钱发现卡里多了三百万，瞬间跨越阶级走向开挂人生，通缉令
[2026-07-25 01:07:18.282]    播放: 113,199 | 弹幕: 243 | 收藏: 193 | 评论: 92
[2026-07-25 01:07:18.283] 
6. 努力就能跨越阶级吗？成人版变形记《城市梦想》，看完之后沉默了
[2026-07-25 01:07:18.284]    播放: 112,584 | 弹幕: 348 | 收藏: 1,086 | 评论: 444
[2026-07-25 01:07:18.285] 
7. “高考真的可以跨越阶级嘛”？
[2026-07-25 01:07:18.289]    播放: 109,870 | 弹幕: 31 | 收藏: 250 | 评论: 140
[2026-07-25 01:07:18.290] 
8. 十秒钟完成阶级跨越
[2026-07-25 01:07:18.291]    播放: 109,813 | 弹幕: 7 | 收藏: 173 | 评论: 143
[2026-07-25 01:07:18.293] 
9. 【问答特辑】国际金融财团间有无内讧？【我的信仰与祖籍？如何跨越阶级？】
[2026-07-25 01:07:18.293]    播放: 108,497 | 弹幕: 1,423 | 收藏: 1,106 | 评论: 768
[2026-07-25 01:07:18.294] 
10. 从24岁的0资产到35岁，两亿美元资产，康纳麦格雷戈实现了阶级的跨越！康纳也诠释了贤妻扶我青云志我还
[2026-07-25 01:07:18.296]    播放: 108,238 | 弹幕: 19 | 收藏: 1,142 | 评论: 171
[2026-07-25 01:07:18.298] 
============================================================
[2026-07-25 01:07:18.299]   自动检测并补充粉丝数
[2026-07-25 01:07:18.300] ============================================================
[2026-07-25 01:07:18.303] 待补充UP主数: 0
[2026-07-25 01:07:18.306] [完成] 所有UP主已有粉丝数据
[2026-07-25 01:07:18.309] 
====================================================================================================
[2026-07-25 01:07:18.311]   价值分析 (独立评分)
[2026-07-25 01:07:18.312] ====================================================================================================
[2026-07-25 01:07:18.313] 关键词: 阶级跨越
[2026-07-25 01:07:18.315] 评分维度: 深度互动比(35%) + 互动密度(25%) + 收藏率(20%) + 粉丝转化(10%) + 分享率(10%)
[2026-07-25 01:07:18.317] 说明: 价值评分衡量视频的长期内容质量，不受视频年龄/新鲜度影响
[2026-07-25 01:07:18.318] 
[2026-07-25 01:07:18.318] 
价值排行 Top 196（按价值综合评分排序）
[2026-07-25 01:07:18.319] ----------------------------------------------------------------------------------------------------------------------------------------------------------------------------------------------
[2026-07-25 01:07:18.320] 排名   标题                                  播放量 UP主              粉丝    深/浅比     互动密度     收藏率      转化     分享率    深互动分    互动分    收藏分    转化分    分享分     价值分
[2026-07-25 01:07:18.322] ----------------------------------------------------------------------------------------------------------------------------------------------------------------------------------------------
[2026-07-25 01:07:18.324] 1    人性潜规则                         1,074,205 一风小说推荐        3,470   11.63    0.095   0.085  309.6x   0.000   1.000  0.295  0.676  0.136  0.001   0.573
[2026-07-25 01:07:18.325] 2    别傻了！靠技能不可能跨越阶级！                 140,138 小军师M姐       164,206    0.73    0.315   0.125    0.9x   0.005   0.062  1.000  1.000  0.000  0.424   0.514
[2026-07-25 01:07:18.326] 3    做自媒体真的很赚钱！                      133,254 关子雎州        110,151    1.39    0.198   0.106    1.2x   0.005   0.119  0.626  0.850  0.000  0.421   0.410
[2026-07-25 01:07:18.326] 4    跨越阶级需要吃很多的“苦”                    68,867 一天一悟-修心圣贤   126,342    0.84    0.224   0.096    0.5x   0.005   0.071  0.707  0.769  0.000  0.437   0.399
[2026-07-25 01:07:18.329] 5    【自制sub】☆30min后收到一笔转账☆招金体质+       77,509 虾尾灵灵酥饼       56,007    0.61    0.292   0.061    1.4x   0.001   0.052  0.926  0.484  0.001  0.114   0.358
[2026-07-25 01:07:18.333] 6    【导演戎震】穷人家的孩子还想跨越阶级？读这几本书就对       69,795 戎哥的腿毛        10,072    0.84    0.205   0.084    6.9x   0.004   0.071  0.646  0.669  0.003  0.366   0.357
[2026-07-25 01:07:18.334] 7    真实操方法！普通人能财富自由吗？十年经验&万字详解！      405,012 行长王德发       651,345    1.77    0.140   0.058    0.6x   0.010   0.151  0.439  0.459  0.000  0.915   0.346
[2026-07-25 01:07:18.335] 8    实战篇！怎么白手起家，从1万到100万再到1000万      355,195 行长王德发       651,345    1.93    0.156   0.070    0.5x   0.006   0.165  0.490  0.557  0.000  0.528   0.344
[2026-07-25 01:07:18.336] 9    你是通过什么，实现阶级跨越，这波高维传讯实用极了！！       81,549 甜訫数易疗愈311    36,904    1.20    0.224   0.047    2.2x   0.003   0.102  0.708  0.371  0.001  0.294   0.317
[2026-07-25 01:07:18.337] 10   【sub】ug 3500+ 极度奢华丨财富自由丨轻松       85,096 _BoN1iL      74,579    2.19    0.157   0.071    1.1x   0.001   0.188  0.493  0.569  0.000  0.044   0.307
[2026-07-25 01:07:18.338] 11   【十年老社畜】2句话聊透 打工人逆袭的本质            86,147 伟哥吃吃喝喝      198,958    0.44    0.164   0.032    0.4x   0.011   0.036  0.515  0.257  0.000  1.000   0.293
[2026-07-25 01:07:18.340] 12   dj脸权威到闺蜜怀疑你整容 金主团富婆团通通齐上阵       162,649 蛋soIo粥       77,300    2.06    0.171   0.057    2.1x   0.000   0.176  0.538  0.457  0.001  0.043   0.292
[2026-07-25 01:07:18.340] 13   放弃年薪40万去北大读博 | 选择和努力谁更重要？       264,026 糖果果的未来要发光  1,045,704    1.04    0.148   0.029    0.3x   0.011   0.089  0.467  0.228  0.000  0.929   0.286
[2026-07-25 01:07:18.341] 14   穷苦人如何实现阶级跨越？四点建议（保证干货，无鸡汤）      382,979 行长王德发       651,345    1.18    0.118   0.043    0.6x   0.010   0.100  0.370  0.344  0.000  0.852   0.282
[2026-07-25 01:07:18.342] 15   抱住大腿                            162,123 狄会长          40,472    0.33    0.214   0.048    4.0x   0.002   0.027  0.677  0.386  0.002  0.160   0.272
[2026-07-25 01:07:18.344] 16   『鯉魚製造』◎ “金鳞岂是池中物。”| 阶级跨越 |      132,369 鲤鱼_Koi      107,174    2.29    0.140   0.052    1.2x   0.001   0.196  0.440  0.418  0.001  0.053   0.267
[2026-07-25 01:07:18.345] 17   快叫上你暑假一起打工的朋友，兄弟们，跨越阶级的时候到       90,620 账号已注销            45    4.92    0.014   0.011 2013.8x   0.000   0.422  0.038  0.090  0.884  0.005   0.264
[2026-07-25 01:07:18.346] 18   【sub紗布】“一筆足以改變你整個人生的財富”*超强       66,619 Moo夹心1133     3,784    2.10    0.139   0.050   17.6x   0.001   0.180  0.437  0.401  0.008  0.085   0.262
[2026-07-25 01:07:18.347] 19   『鯉魚製造』◎ “金鳞岂是池中物。”| 阶级跨越 |       80,753 鲤鱼_Koi      107,174    2.46    0.131   0.050    0.8x   0.001   0.210  0.411  0.397  0.000  0.044   0.260
[2026-07-25 01:07:18.348] 20   我用3000块的成本和4个月的时间完成了一次“阶级跨      595,583 瑞瑞狸         118,174    1.81    0.094   0.045    5.0x   0.006   0.154  0.294  0.360  0.002  0.521   0.252
[2026-07-25 01:07:18.349] 21   有野心无出路？直接照抄这条跨越阶级的贵人路！          406,069 行长王德发       651,345    1.20    0.112   0.041    0.6x   0.006   0.102  0.350  0.329  0.000  0.559   0.245
[2026-07-25 01:07:18.351] 22   【财富sub】跨越阶级·出国·千金（反馈超多）         390,124 余温WEN_OvO     9,464    2.50    0.098   0.044   41.2x   0.001   0.214  0.306  0.352  0.018  0.047   0.228
[2026-07-25 01:07:18.352] 23   普通人想跨越阶级，只此一条最快最靠谱的捷径！          194,007 行长王德发       651,345    1.35    0.109   0.037    0.3x   0.005   0.115  0.340  0.299  0.000  0.408   0.226
[2026-07-25 01:07:18.353] 24   【大冰语录】大冰谈如何通过自己的努力去实现阶级的跨越       94,657 大冰心灵驿站       34,212    1.23    0.086   0.041    2.8x   0.006   0.105  0.269  0.327  0.001  0.557   0.225
[2026-07-25 01:07:18.355] 25   这年头，不拼爹的普通年轻人还能逆袭吗？揭秘6条穷人跨      151,839 毯叔盘钱        538,340    1.30    0.091   0.033    0.3x   0.007   0.111  0.284  0.264  0.000  0.576   0.220
[2026-07-25 01:07:18.358] 26   【学不下去的请点开】教育是穷人跨越阶级的渠道           89,306 智慧少女派       201,128    1.06    0.107   0.036    0.4x   0.005   0.090  0.336  0.288  0.000  0.461   0.219
[2026-07-25 01:07:18.358] 27   一招教你完成阶级跨越！                     200,850 海以南的一条鱼     112,885    0.09    0.180   0.009    1.8x   0.007   0.007  0.566  0.070  0.001  0.593   0.217
[2026-07-25 01:07:18.359] 28   高干文可不是只有跨越阶级才好看｜魏大勋宋轶｜强强联合      123,119 幕雨动画             74    0.26    0.114   0.019 1663.8x   0.002   0.021  0.357  0.151  0.730  0.152   0.215
[2026-07-25 01:07:18.360] 29   野心勃勃但迷茫的破局方法：识贵人，做心腹｜这才是普通      175,203 行长王德发       651,345    1.22    0.097   0.028    0.3x   0.006   0.103  0.304  0.225  0.000  0.534   0.211
[2026-07-25 01:07:18.361] 30   一个跨越阶级但没有背叛阶级的人                 921,542 陈三浮           1,617    0.09    0.186   0.011  569.9x   0.002   0.006  0.587  0.090  0.250  0.152   0.207
[2026-07-25 01:07:18.362] 31   恭喜我哥实现了阶级跨越！                    320,640 阿呆笑哈哈           176    0.07    0.057   0.003 1821.8x   0.009   0.004  0.176  0.023  0.800  0.768   0.207
[2026-07-25 01:07:18.364] 32   你只剩下五年时间变富！跨越阶级的最后机会！            65,890 LEOTUBE      92,613    1.91    0.062   0.030    0.7x   0.005   0.163  0.191  0.242  0.000  0.478   0.201
[2026-07-25 01:07:18.366] 33   信息差，自卑心理，精神物质双重贫穷，致使他们难以实现      197,779 泛光子           2,809    1.08    0.073   0.023   70.4x   0.008   0.092  0.228  0.182  0.031  0.723   0.201
[2026-07-25 01:07:18.368] 34   《普通人如何跳出底层？3个扎心的社会真相》           476,210 行长王德发       651,345    1.24    0.075   0.025    0.7x   0.007   0.106  0.233  0.199  0.000  0.651   0.200
[2026-07-25 01:07:18.368] 35   普通人跨越阶级有多难（2）。。                 105,692 王二狗也        530,517    0.30    0.200   0.011    0.2x   0.002   0.025  0.631  0.086  0.000  0.150   0.199
[2026-07-25 01:07:18.369] 36   打工的目的是早点赚钱赎身不干了，而不是让你当青楼头牌      119,655 关子雎州        110,151    0.28    0.149   0.029    1.1x   0.002   0.023  0.468  0.232  0.000  0.199   0.191
[2026-07-25 01:07:18.371] 37   学美术将成为跨越阶级最快的方式#美术生#美术联考#美      389,698 贵阳美术艺考刘老师    13,409    0.04    0.161   0.006   29.1x   0.006   0.003  0.507  0.050  0.013  0.521   0.191
[2026-07-25 01:07:18.372] 38   以“司丹康”男孩“包国维”视角打开《包氏父子》，暴露    1,015,178 啦啦啦-卖报的小行     3,201    5.67    0.003   0.003  317.1x   0.000   0.487  0.004  0.022  0.139  0.001   0.190
[2026-07-25 01:07:18.372] 39   【合集】给穷孩子的一些建议                   229,773 戎哥的腿毛        10,072    1.54    0.072   0.038   22.8x   0.003   0.132  0.222  0.299  0.010  0.272   0.190
[2026-07-25 01:07:18.373] 40   【自制sub】$Money暴增$☆经济独立+财富自由       74,919 虾尾灵灵酥饼       56,007    1.86    0.086   0.033    1.3x   0.001   0.159  0.269  0.265  0.001  0.075   0.183
[2026-07-25 01:07:18.375] 41   你本来就是打工的，只是恰巧读了几年书。读书不是让你跨      603,100 罗老师哲学人生    5,442,780    0.57    0.105   0.032    0.1x   0.004   0.047  0.329  0.258  0.000  0.318   0.182
[2026-07-25 01:07:18.375] 42   如何实现阶级跨越？三点建议改变人生！              199,785 师说考研考公      570,845    1.28    0.069   0.034    0.3x   0.004   0.109  0.214  0.272  0.000  0.348   0.181
[2026-07-25 01:07:18.376] 43   普通人跨越阶级有多难。。                    375,429 王二狗也        530,517    0.40    0.178   0.010    0.7x   0.001   0.033  0.562  0.083  0.000  0.119   0.181
[2026-07-25 01:07:18.377] 44   【问答特辑】国际金融财团间有无内讧？【我的信仰与祖籍      108,497 线人频道infor   282,795    0.62    0.109   0.010    0.4x   0.006   0.052  0.342  0.081  0.000  0.532   0.173
[2026-07-25 01:07:18.377] 45   雷军：光努力=钻牛角尖，而贵人相助才是捷径！          192,046 行长王德发       651,345    0.93    0.081   0.023    0.3x   0.005   0.079  0.251  0.185  0.000  0.432   0.170
[2026-07-25 01:07:18.378] 46   老周：普通人别总想一步登天的“破圈”              531,124 凉子访谈录      2,465,393    0.74    0.065   0.016    0.2x   0.008   0.062  0.202  0.130  0.000  0.663   0.165
[2026-07-25 01:07:18.378] 47   留学瑞典实现阶级跨越…homeless都没我会捡        300,735 榛子巧克力针织_S       132    0.04    0.065   0.002 2278.3x   0.001   0.002  0.199  0.017  1.000  0.062   0.160
[2026-07-25 01:07:18.379] 48   成天想着跨越阶级，不如看看日本经历过的中产崩溃陷阱       239,821 财才说         329,764    1.37    0.052   0.026    0.7x   0.004   0.117  0.159  0.204  0.000  0.331   0.155
[2026-07-25 01:07:18.380] 49   吃苦成不了人上人，吃人可以！                  312,159 罐头哥2026     276,032    0.38    0.092   0.015    1.1x   0.004   0.032  0.287  0.122  0.000  0.392   0.146
[2026-07-25 01:07:18.380] 50   依旧是21岁学历一般长得还行的女大，妄图直接跨越阶级    1,127,589 香蕉大亨大G       29,202    0.31    0.054   0.011   38.6x   0.009   0.026  0.164  0.091  0.017  0.747   0.145
[2026-07-25 01:07:18.382] 51   跨越阶级的爱情告诉你爱情从来无法跨越阶级   北大教      449,440 必应分享         31,182    1.14    0.054   0.024   14.4x   0.003   0.097  0.167  0.195  0.006  0.280   0.143
[2026-07-25 01:07:18.382] 52   普通人的梦想：跨越阶级                      72,313 大远嗷嗷        254,189    0.11    0.149   0.011    0.3x   0.000   0.008  0.468  0.090  0.000  0.040   0.142
[2026-07-25 01:07:18.384] 53   出国留学怎么不算跨越阶级呢                    88,761 林林牙疼         44,101    0.78    0.069   0.024    2.0x   0.003   0.066  0.212  0.191  0.001  0.261   0.141
[2026-07-25 01:07:18.386] 54   不能和李佳琦共情的原因，一旦跨越阶级便无法共情老百姓       94,411 娱圈班主任        40,574    3.89    0.012   0.010    2.3x   0.000   0.334  0.032  0.076  0.001  0.004   0.141
[2026-07-25 01:07:18.386] 55   印度贫民窟老师的励志故事，跨越阶级制定的规则，真实事      222,850 娜娜酱er        59,960    4.11    0.003   0.002    3.7x       -   0.353  0.003  0.017  0.002  0.000   0.128
[2026-07-25 01:07:18.388] 56   22岁赚到800万，24岁“锒铛入狱”，初代网红脸的      683,835 陈暴撕          41,002    1.94    0.033   0.018   16.7x   0.001   0.166  0.098  0.144  0.007  0.111   0.123
[2026-07-25 01:07:18.389] 57   下一个“收割机”曝光：房子之后，这东西将榨干你下半辈      379,557 天涯神贴-末代涯客    81,389    1.57    0.027   0.015    4.7x   0.004   0.134  0.080  0.115  0.002  0.330   0.123
[2026-07-25 01:07:18.389] 58   如何跨越阶级                           96,674 小童798-        5,001    0.27    0.098   0.019   19.3x   0.001   0.022  0.305  0.151  0.008  0.076   0.123
[2026-07-25 01:07:18.390] 59   假如孟宴臣和叶子拿了古早言情剧本救赎文学，叶宴能不能       89,241 芒果不许不甜          500    0.73    0.069   0.019  178.5x   0.001   0.062  0.214  0.149  0.078  0.096   0.122
[2026-07-25 01:07:18.391] 60   负债累累的普通人如何翻身跨越阶级，屌丝翻身宝典之不看      250,982 隐隐s         361,312    0.52    0.092   0.013    0.7x   0.002   0.043  0.285  0.103  0.000  0.150   0.122
[2026-07-25 01:07:18.393] 61   "一张钞票实现阶级大跨越"                   192,593 MAGIC熙兒       1,316    0.06    0.128   0.007  146.3x   0.000   0.004  0.401  0.058  0.064  0.019   0.122
[2026-07-25 01:07:18.393] 62   为什么说搞懂你的基因，是跨越阶级的最后一张门票？【基      179,292 数据库kira    1,268,401    0.98    0.045   0.017    0.1x   0.003   0.083  0.136  0.137  0.000  0.290   0.120
[2026-07-25 01:07:18.394] 63   戴锦华：跨越阶级的爱情告诉你，爱情从来无法跨越阶级       117,072 B站文客锵锵集     255,243    1.21    0.043   0.020    0.5x   0.002   0.103  0.132  0.157  0.000  0.186   0.119
[2026-07-25 01:07:18.396] 64   初中毕业想靠音乐跨越阶级，痴人说梦！先学学基本的礼貌      138,428 大冰妙谈         44,760    0.51    0.062   0.013    3.1x   0.004   0.043  0.190  0.103  0.001  0.339   0.117
[2026-07-25 01:07:18.396] 65   “一通跨越阶级的电话”感受一下nfl选秀大会球员被选      976,569 美式变向          1,457    0.03    0.104   0.003  670.3x   0.000   0.002  0.325  0.022  0.294  0.009   0.117
[2026-07-25 01:07:18.397] 66   闺蜜靠着蛐蛐别人实现了阶级跨越，离开了家乡           427,990 冯牡丹无Emoji   988,317    0.21    0.118   0.005    0.4x   0.001   0.017  0.369  0.037  0.000  0.090   0.115
[2026-07-25 01:07:18.397] 67   靠老公实现阶级跨越后，面对上层社会，我很无力           72,059 深夜故事树           261    1.07    0.024   0.010  276.1x   0.004   0.091  0.069  0.078  0.121  0.377   0.114
[2026-07-25 01:07:18.399] 68   60万买下北京五环3套房产，穷女孩直接逆袭带全家跨越       65,877 爱吃花生粒        35,686    3.67    0.002   0.002    1.8x       -   0.314  0.000  0.012  0.001  0.000   0.113
[2026-07-25 01:07:18.399] 69   自大源于自卑，歧视源于无知；一段跨越种族、阶级的友谊      244,106 lemon9779    15,390    0.13    0.112   0.010   15.9x   0.000   0.010  0.350  0.083  0.007  0.039   0.112
[2026-07-25 01:07:18.400] 70   跨越阶级的爱情                          73,119 舒同姐姐         29,297    0.88    0.050   0.020    2.5x   0.002   0.075  0.153  0.156  0.001  0.137   0.110
[2026-07-25 01:07:18.401] 71   “也许婚姻能跨越阶级，但比起钱，我更在乎灵魂的自由”      125,354 二狗APP单身青年   523,769    0.78    0.046   0.012    0.2x   0.004   0.066  0.139  0.096  0.000  0.326   0.109
[2026-07-25 01:07:18.402] 72   艾跃进：富不过三代    跨越阶级要积累的是文化        102,601 叶凌尘-生财有道    343,499    0.17    0.095   0.012    0.3x   0.001   0.013  0.295  0.092  0.000  0.122   0.109
[2026-07-25 01:07:18.402] 73   跨越种族和阶级的友情，无数次戳中泪点的电影，美版《触    1,842,866 椰球讲电影        15,953    2.89    0.010   0.007  115.5x   0.000   0.248  0.024  0.053  0.051  0.001   0.109
[2026-07-25 01:07:18.405] 74   我们不能和李佳琦共情的原因，一旦跨越了阶级就无法共情      108,086 娱圈迷妹妹        44,452    3.22    0.006   0.004    2.4x   0.000   0.276  0.012  0.033  0.001  0.002   0.107
[2026-07-25 01:07:18.405] 75   34岁不婚无娃英国留学之“阶级跨越”！！！         1,272,915 衣老板呀        154,440    0.08    0.106   0.006    8.2x   0.001   0.006  0.332  0.049  0.004  0.110   0.106
[2026-07-25 01:07:18.407] 76   牧羊人救了小蛇后意外学会了动物的语言，从此就实现了阶       82,898 南乔巧          43,866    0.25    0.089   0.017    1.9x   0.000   0.021  0.278  0.135  0.001  0.009   0.105
[2026-07-25 01:07:18.407] 77   努力就能跨越阶级吗？成人版变形记《城市梦想》，看完之      112,584 人间放映厅      1,318,718    0.31    0.068   0.010    0.1x   0.003   0.025  0.212  0.076  0.000  0.277   0.105
[2026-07-25 01:07:18.408] 78   开荒捡起的这颗蛋可能让我跨越阶级 方舟欧米伽第二季0      136,518 爱摸鱼的小乌       56,782    1.51    0.037   0.018    2.4x   0.000   0.128  0.112  0.146  0.001  0.009   0.103
[2026-07-25 01:07:18.409] 79   真没必要为了三五年后的前途担忧，大家都乐观点          141,006 关子雎州        110,151    0.23    0.088   0.014    1.3x   0.001   0.018  0.275  0.114  0.001  0.046   0.103
[2026-07-25 01:07:18.409] 80   高考如果不能实现阶级跨越，我们寒窗苦读十二载，究竟是      170,205 巨浪教育研究院      51,440    0.65    0.043   0.013    3.3x   0.003   0.055  0.130  0.103  0.001  0.295   0.102
[2026-07-25 01:07:18.409] 81   人一旦跨越阶级，再也无法共情老百姓了              504,092 娱圈小奶茶        71,234    0.48    0.059   0.016    7.1x   0.002   0.040  0.182  0.125  0.003  0.143   0.099
[2026-07-25 01:07:18.410] 82   留学真的能跨越阶级                       457,165 野生糯米崽-留学版    52,239    0.22    0.062   0.010    8.8x   0.003   0.018  0.190  0.080  0.004  0.285   0.099
[2026-07-25 01:07:18.410] 83   艾跃进：富不过三代 跨越阶级要积累的是文化           439,135 网易科技频道       94,096    0.13    0.087   0.009    4.7x   0.002   0.010  0.271  0.069  0.002  0.134   0.099
[2026-07-25 01:07:18.411] 84   阶级跨越，真的很难吗？                     105,006 账号已注销         1,524    0.09    0.099   0.006   68.9x   0.000   0.007  0.310  0.045  0.030  0.027   0.095
[2026-07-25 01:07:18.411] 85   【三分君】为了跨越阶级，她把儿子送上了龙床。        1,061,261 橘小优的电影片单     20,922    1.95    0.019   0.011   50.7x   0.000   0.167  0.053  0.090  0.022  0.012   0.093
[2026-07-25 01:07:18.413] 86   bro以为抢个id就能跨越阶级                 102,441 我我我哈你            60    0.05    0.018   0.001 1707.3x   0.000   0.003  0.050  0.004  0.749  0.019   0.091
[2026-07-25 01:07:18.414] 87   笨鸟先飞                            817,032 狄会长          40,472    0.13    0.083   0.009   20.2x   0.001   0.010  0.258  0.068  0.009  0.086   0.091
[2026-07-25 01:07:18.415] 88   依然是今年看到的最美的爱情片，冰天雪地中的俄罗斯美如       88,369 旋风影视-        18,405    1.14    0.034   0.015    4.8x   0.001   0.097  0.102  0.121  0.002  0.068   0.091
[2026-07-25 01:07:18.417] 89   ⚡我劝北上广的男人别再幻想女友洗衣做饭：上海女人的野      163,047 在下刀哥        668,100    0.62    0.038   0.006    0.2x   0.004   0.052  0.114  0.045  0.000  0.342   0.090
[2026-07-25 01:07:18.419] 90   【[虾仁动画]《穿越荒年：我的系统能买万物》带领底层       73,670 李苟蛋动画         6,715    1.81    0.019   0.011   11.0x   0.000   0.155  0.055  0.087  0.005  0.036   0.090
[2026-07-25 01:07:18.419] 91   猫猫这一跳实现了阶级跨越                    481,000 略略略______    12,237    0.11    0.075   0.006   39.3x   0.002   0.008  0.232  0.049  0.017  0.164   0.089
[2026-07-25 01:07:18.420] 92   哥伦比亚“乳房崇拜”:女人将大胸视为跨越阶级的唯一通      166,492 黄老师来啦ya      40,695    0.74    0.028   0.011    4.1x   0.003   0.063  0.084  0.085  0.002  0.252   0.085
[2026-07-25 01:07:18.421] 93   论普通人阶级跨越可能性？                  1,055,374 大咖讲思维       392,858    0.74    0.032   0.011    2.7x   0.002   0.062  0.096  0.088  0.001  0.213   0.085
[2026-07-25 01:07:18.422] 94   “这tm才是阶级分化的主要原因！”                91,013 账号已注销        47,544    0.58    0.042   0.013    1.9x   0.002   0.049  0.126  0.104  0.001  0.147   0.084
[2026-07-25 01:07:18.422] 95   从24岁的0资产到35岁，两亿美元资产，康纳麦格雷戈      108,238 Aigio艾吉奥     22,381    0.23    0.070   0.011    4.8x   0.001   0.018  0.215  0.083  0.002  0.056   0.083
[2026-07-25 01:07:18.422] 96   都是顶级律所年入千万的合伙人，出身小县城的刘律跨越阶       91,200 夏九九来了X          833    0.09    0.080   0.006  109.5x   0.000   0.007  0.250  0.051  0.048  0.025   0.082
[2026-07-25 01:07:18.424] 97   “读博士应该是最简单跨越阶级的办法了吧”             87,511 电子榨菜总站       32,774    1.00    0.053   0.004    2.7x   0.001   0.085  0.161  0.027  0.001  0.054   0.081
[2026-07-25 01:07:18.425] 98   女孩从舞女一步成为跨越阶级的富少太太              246,364 露璐剪影         58,861    1.27    0.027   0.015    4.2x   0.000   0.108  0.078  0.115  0.002  0.000   0.081
[2026-07-25 01:07:18.426] 99   清华计算机进腾讯工作的这几年，虽然看清了大厂把人当耗      116,983 言言小月亮           440    0.90    0.018   0.007  265.9x   0.002   0.076  0.052  0.058  0.117  0.160   0.079
[2026-07-25 01:07:18.427] 100  [虾仁动画]《穿越荒年：我的系统能买万物》开局全家饿       73,061 虾仁猪心动漫社       9,342    1.72    0.016   0.009    7.8x   0.000   0.147  0.045  0.070  0.003  0.019   0.079
[2026-07-25 01:07:18.427] 101  “末世确实对普通人来说是一个阶级跨越的好机会”《辐射      503,636 小文最爱看电影      18,430    1.30    0.025   0.013   27.3x       -   0.111  0.072  0.102  0.012  0.000   0.078
[2026-07-25 01:07:18.429] 102  祝英台每上一排 都是梁山伯无法跨越的阶级            179,794 二少爷影视        84,726    0.16    0.070   0.009    2.1x   0.000   0.013  0.217  0.072  0.001  0.034   0.077
[2026-07-25 01:07:18.430] 103  印度人永远看不到的高分纪录片，揭开一个极度割裂的印度      594,413 秋田早上好       488,965    0.41    0.059   0.007    1.2x   0.001   0.034  0.182  0.052  0.000  0.084   0.076
[2026-07-25 01:07:18.431] 104  峰哥臭骂网友：痴人说梦！普通人不可能实现阶级跨越！难       92,063 小阿峰世间万物     102,726    0.30    0.038   0.007    0.9x   0.003   0.025  0.116  0.054  0.000  0.275   0.076
[2026-07-25 01:07:18.432] 105  比伯大粉揭露海狸怎么完成阶级跨越                 71,755 赚够钱就回家放猪        389    0.43    0.023   0.005  184.5x   0.004   0.036  0.067  0.038  0.081  0.310   0.076
[2026-07-25 01:07:18.432] 106  跟着中国大哥混总没错，我的非洲小弟得到一个新耳机，希      747,504 非洲飞哥        721,710    0.30    0.075   0.001    1.0x   0.000   0.024  0.234  0.009  0.000  0.034   0.072
[2026-07-25 01:07:18.433] 107  原来澳洲留学真的可以跨越阶级，出国前：抓紧学习，出国       98,391 风铃仙子兮        14,607    0.07    0.060   0.003    6.7x   0.002   0.005  0.184  0.027  0.003  0.178   0.071
[2026-07-25 01:07:18.434] 108  二本小哥 VS 985学姐：大学真的能改命吗？学历真      289,536 网红公子          3,118    0.29    0.049   0.010   92.9x   0.001   0.024  0.149  0.080  0.041  0.050   0.071
[2026-07-25 01:07:18.434] 109  “我赌上一生，只为跨越那个名为阶级的鸿沟”【安娜｜裴       90,789 钦钦爱混剪           945    0.77    0.028   0.010   96.1x   0.001   0.065  0.083  0.080  0.042  0.054   0.069
[2026-07-25 01:07:18.436] 110  “日本干1天等于中国10个月”，中国底层赴日打黑工，    1,612,965 观察者Q先生      411,779    0.32    0.040   0.006    3.9x   0.002   0.027  0.120  0.048  0.002  0.194   0.068
[2026-07-25 01:07:18.436] 111  东北农村小伙，为了跨越阶级，靠照骗变成网络高街男神       564,879 张哥人在江湖      222,158    0.82    0.018   0.005    2.5x   0.003   0.070  0.050  0.040  0.001  0.230   0.068
[2026-07-25 01:07:18.437] 112  跨越阶级成为上流社会                      483,718 尹宁起         621,627    0.92    0.027   0.012    0.8x   0.000   0.078  0.081  0.095  0.000  0.013   0.068
[2026-07-25 01:07:18.438] 113  跨越阶级的爱情，竟然让他们生下一个神童，这样的片子太      959,346 长片短解       2,729,260    0.26    0.054   0.008    0.4x   0.001   0.021  0.166  0.067  0.000  0.058   0.068
[2026-07-25 01:07:18.438] 114  外地人一定要考江浙沪大学，能润到江浙沪，就实现阶级跨      205,983 B站名人说         9,032    0.85    0.021   0.008   22.8x   0.001   0.072  0.060  0.063  0.010  0.130   0.067
[2026-07-25 01:07:18.439] 115  CS2饰品是当代大学生跨越阶级的唯一途径            354,139 艾导集团         27,409    0.09    0.023   0.001   12.9x   0.005   0.006  0.067  0.007  0.006  0.447   0.066
[2026-07-25 01:07:18.440] 116  中国博主旅行孟加拉，震惊发现KFC被划为富人区，一个       83,793 糗糗外网那些事儿     30,771    0.38    0.039   0.006    2.7x   0.002   0.031  0.117  0.043  0.001  0.158   0.065
[2026-07-25 01:07:18.440] 117  猫：这一跳，实现了阶级跨越…                  239,189 请放开那只猫       16,662    0.08    0.054   0.003   14.4x   0.002   0.006  0.165  0.026  0.006  0.143   0.063
[2026-07-25 01:07:18.441] 118  “人生，易如反掌！”                      323,517 婷幸福的宇言        8,527    0.17    0.050   0.007   37.9x   0.001   0.013  0.153  0.054  0.017  0.066   0.062
[2026-07-25 01:07:18.442] 119  祝英台每往前走的一步，都是梁山伯需要跨越的一个阶级        77,434 三微之朔          3,964    0.10    0.062   0.006   19.5x   0.000   0.008  0.192  0.044  0.009  0.011   0.062
[2026-07-25 01:07:18.442] 120  高考！真的是普通人跨越阶级最好的捷径#              77,899 宋嘉兒          24,127    0.04    0.073   0.002    3.2x   0.000   0.003  0.226  0.019  0.001  0.002   0.062
[2026-07-25 01:07:18.443] 121  真实事件改编，法国励志片天花板，一段跨越阶级、种族的       70,080 梅狸猫电影解说         394    0.20    0.048   0.006  177.9x   0.000   0.016  0.146  0.049  0.078  0.019   0.061
[2026-07-25 01:07:18.443] 122  祝英台每往前走的一排，都是梁山伯所需要跨越的一个阶级      243,106 补云-          15,056    0.48    0.033   0.010   16.1x   0.001   0.040  0.098  0.079  0.007  0.056   0.061
[2026-07-25 01:07:18.444] 123  跨越阶级不是靠努力和偶然                    177,580 商业故事会         3,984    0.12    0.056   0.005   44.6x   0.000   0.009  0.173  0.041  0.020  0.040   0.061
[2026-07-25 01:07:18.446] 124  上下层的阶级跨越                        864,627 甜蜜老张       1,571,909    0.10    0.061   0.004    0.6x   0.000   0.007  0.188  0.030  0.000  0.042   0.060
[2026-07-25 01:07:18.447] 125  导演跟拍10年！北京十一学校非典型学霸周子其：“彪悍       65,651 正义力量86        1,745    0.79    0.011   0.004   37.6x   0.002   0.067  0.027  0.030  0.016  0.214   0.059
[2026-07-25 01:07:18.449] 126  五年公务员辞职，穷人家的孩子跨越不了阶级            156,934 哈哈哈么客气        2,199    0.06    0.050   0.002   71.4x   0.001   0.004  0.152  0.018  0.031  0.129   0.059
[2026-07-25 01:07:18.450] 127  《触不可及》根据真人真事改编，120万人无一差评！笑      226,079 二中影视         19,266    1.19    0.015   0.008   11.7x   0.000   0.101  0.042  0.062  0.005  0.003   0.059
[2026-07-25 01:07:18.450] 128  人一旦跨越了阶级就再也无法共情老百姓了，冒雨交医保被       76,488 兜子娱乐         69,064    1.53    0.008   0.005    1.1x   0.000   0.131  0.020  0.036  0.000  0.009   0.059
[2026-07-25 01:07:18.451] 129  大学只是让你认清阶级 而不是让你跨越阶级            143,084 从从日记          7,627    0.61    0.024   0.007   18.8x   0.001   0.051  0.069  0.055  0.008  0.116   0.059
[2026-07-25 01:07:18.451] 130  穷人想翻身，实现阶级跨越有多难！                 83,316 辣评侃片          3,982    1.75    0.004   0.002   20.9x   0.000   0.150  0.006  0.016  0.009  0.005   0.059
[2026-07-25 01:07:18.452] 131  忠臣被虐，无奈造反？揭秘南朝寒族跨越阶级的密码！【南      257,655 杜茹慧         382,939    0.51    0.039   0.006    0.7x   0.001   0.043  0.118  0.044  0.000  0.049   0.058
[2026-07-25 01:07:18.453] 132  五年公务员辞职，穷人家的孩子跨越不了阶级          1,001,444 哈哈哈么客气        2,199    0.20    0.020   0.002  455.4x   0.002   0.016  0.058  0.018  0.200  0.146   0.058
[2026-07-25 01:07:18.453] 133  穷人跨越阶级有多难？                      119,026 酒鬼Kerry       1,385    0.88    0.016   0.006   85.9x   0.001   0.074  0.043  0.043  0.038  0.084   0.058
[2026-07-25 01:07:18.454] 134  狂魔哥认冰淇淋为义父，将跨越社会阶级成为上流社会的线       84,920 断齿呀          14,351    0.09    0.024   0.001    5.9x   0.004   0.007  0.070  0.010  0.003  0.341   0.056
[2026-07-25 01:07:18.455] 135  顶流主播素质差距，跨越阶级后真实嘴脸藏不住了！          99,454 娱圈小奶茶        71,234    0.13    0.043   0.003    1.4x   0.002   0.010  0.129  0.024  0.001  0.150   0.056
[2026-07-25 01:07:18.456] 136  丰臣秀吉以外的平民出身大大名还不少？几个日本战国最显       94,027 花散里Hanach   143,984    0.36    0.043   0.005    0.7x   0.000   0.029  0.130  0.043  0.000  0.037   0.055
[2026-07-25 01:07:18.456] 137  一张足够好看的脸，就是自己跨越阶级的入场券。#张局董      187,968 任志达         183,327    0.08    0.056   0.003    1.0x   0.001   0.006  0.171  0.026  0.000  0.049   0.055
[2026-07-25 01:07:18.457] 138  【历史上的英雄】一个底层小吏的悲歌：无法跨越的阶级门      198,507 蒋七七ChiCha   572,074    0.59    0.028   0.010    0.3x   0.000   0.050  0.082  0.076  0.000  0.019   0.055
[2026-07-25 01:07:18.458] 139  女士花钱学追高富帅幻想跨越阶级，请远离精神鸦片，不要      328,252 轩语说婚恋       342,236    0.20    0.040   0.003    1.0x   0.002   0.016  0.120  0.024  0.000  0.135   0.054
[2026-07-25 01:07:18.459] 140  “娶了我女儿，是你跨越阶级的唯一出路”             115,879 爱剪辑Love      48,745    0.54    0.023   0.007    2.4x   0.001   0.045  0.065  0.052  0.001  0.108   0.053
[2026-07-25 01:07:18.459] 141  “盗用白富美身份，一步步跨越阶级”我以为我是来看脸的      857,760 全员绝色          2,797    0.38    0.020   0.005  306.7x   0.001   0.031  0.056  0.036  0.135  0.067   0.052
[2026-07-25 01:07:18.460] 142  不是一个圈子就别硬挤，小门小户出身，母亲不受宠常常被      164,828 綰綰_             181    0.04    0.016   0.001  910.7x   0.000   0.002  0.043  0.003  0.400  0.001   0.052
[2026-07-25 01:07:18.460] 143  一口气看完亚视经典祖先开眼，女孩意外召唤出先祖，从此      133,887 周周撩剧         22,183    0.48    0.031   0.007    6.0x   0.000   0.040  0.091  0.058  0.003  0.035   0.052
[2026-07-25 01:07:18.461] 144  穷小子捡来一身制服，冒充交警上街开罚单，实现了阶级跨    1,672,516 木子杉影视        33,263    0.07    0.052   0.003   50.3x   0.000   0.005  0.158  0.024  0.022  0.020   0.050
[2026-07-25 01:07:18.463] 145  “跨越阶级的白日梦，都寄托在这一小瓶‘斯丹康’里！”      319,706 EA熊不熊        26,417    0.14    0.039   0.003   12.1x   0.001   0.011  0.116  0.025  0.005  0.114   0.050
[2026-07-25 01:07:18.464] 146  李子柒和麦琳，两个引爆互联网的女人，其实是普通人跨越       73,738 楠哥有财气real    36,105    0.32    0.028   0.005    2.0x   0.001   0.026  0.083  0.036  0.001  0.121   0.049
[2026-07-25 01:07:18.464] 147  留学确实可以跨越阶级                      224,695 熊猫学术          2,976    0.04    0.050   0.002   75.5x   0.001   0.002  0.152  0.012  0.033  0.048   0.049
[2026-07-25 01:07:18.465] 148  60万买下北京五环3套房产，穷女孩直接逆袭带全家跨越      119,515 烈风视频剪辑       11,874    0.01    0.059   0.001   10.1x   0.000   0.000  0.181  0.004  0.004  0.004   0.047
[2026-07-25 01:07:18.465] 149  天啦这也太贴近现实了吧，不会真的有人认为，听几节情感      122,665 syii_小懿       6,527    0.26    0.034   0.006   18.8x   0.000   0.021  0.103  0.050  0.008  0.016   0.046
[2026-07-25 01:07:18.466] 150  乐言的长相就是那种完全可以跨越阶级的有种天选小说女主      125,024 豆汁兔子          5,778    0.27    0.032   0.006   21.6x   0.000   0.022  0.096  0.049  0.009  0.027   0.045
[2026-07-25 01:07:18.466] 151  感谢这游戏，让我知道普通人跨越阶级有多难...          86,804 玩家糯米         84,909    0.13    0.044   0.005    1.0x   0.000   0.010  0.132  0.036  0.000  0.012   0.045
[2026-07-25 01:07:18.468] 152  暴叔都不知道的小众乐器应该怎么规划                69,172 暴叔讲升学规划      98,787    0.05    0.048   0.002    0.7x   0.000   0.003  0.146  0.016  0.000  0.042   0.045
[2026-07-25 01:07:18.468] 153  00后双非二本捡漏中石油，一周干三天，年薪18个，靠      182,327 皮蛋瘦肉羊         1,100    0.70    0.008   0.002  165.8x   0.001   0.059  0.020  0.019  0.073  0.068   0.043
[2026-07-25 01:07:18.468] 154  “跨越阶级的白日梦，都寄托在这一小瓶斯丹康里！”         91,346 EA熊不熊        26,417    0.21    0.034   0.004    3.5x   0.001   0.017  0.102  0.027  0.001  0.060   0.043
[2026-07-25 01:07:18.469] 155  原来留学真的可以跨越阶级，出国后: 好想偷东西         170,714 不学习只能给别人点    31,751    0.09    0.041   0.003    5.4x   0.001   0.006  0.124  0.022  0.002  0.050   0.043
[2026-07-25 01:07:18.469] 156  为什么穷苦出生的漂亮女孩子千千万却很少实现阶级跨越？       92,911 超级大大357       1,487    0.74    0.012   0.004   62.5x   0.000   0.063  0.033  0.035  0.027  0.013   0.041
[2026-07-25 01:07:18.470] 157  黑人白癜风竟任由白癜风扩大，只为阶级跨越            152,578 去白肖主任           876    0.03    0.036   0.001  174.2x   0.000   0.002  0.108  0.006  0.076  0.042   0.041
[2026-07-25 01:07:18.470] 158  “祝英台每往前的一步，都是梁山伯需要跨越的一个阶级”       73,333 XiaMi皓轩丶      2,540    0.10    0.039   0.003   28.9x   0.000   0.007  0.117  0.022  0.013  0.029   0.040
[2026-07-25 01:07:18.472] 159  十秒钟完成阶级跨越                       109,813 亚里土缺德       355,441    0.06    0.033   0.002    0.3x   0.001   0.004  0.097  0.012  0.000  0.118   0.040
[2026-07-25 01:07:18.474] 160  为什么穷苦出生的漂亮女孩子千千万却很少实现阶级跨越？      101,899 二十岁的天空是怎样    11,324    0.09    0.042   0.003    9.0x   0.000   0.006  0.126  0.023  0.004  0.004   0.039
[2026-07-25 01:07:18.475] 161  读书是让你认清阶级，不是跨越阶级                 91,191 偶像观察室        17,705    0.09    0.039   0.003    5.2x   0.000   0.007  0.118  0.024  0.002  0.014   0.038
[2026-07-25 01:07:18.476] 162  穷小子捡到一身制服实现了阶级跨越                138,053 bili_5180       215    0.02    0.014   0.000  642.1x   0.000   0.001  0.037  0.000  0.282  0.003   0.038
[2026-07-25 01:07:18.476] 163  “一场名为‘斯丹康’的跨越阶级之梦！”这台词至今仍然      132,597 酩狂天香         26,898    1.06    0.005   0.002    4.9x   0.000   0.090  0.008  0.018  0.002  0.003   0.038
[2026-07-25 01:07:18.476] 164  钓友们，听说钓鱼还可以发展人脉，是真的吗？           118,931 小耶宝贝          5,956    0.10    0.032   0.003   20.0x   0.001   0.008  0.095  0.019  0.009  0.062   0.037
[2026-07-25 01:07:18.477] 165  原来留学真的可以跨越阶级！ #零元购 #德国留学 #      197,761 艾瑞留德说         1,030    0.03    0.033   0.001  192.0x   0.000   0.001  0.099  0.006  0.084  0.006   0.035
[2026-07-25 01:07:18.478] 166  这就是降维打击，难以跨越的阶级                 354,478 五分钟快速食谱       1,740    0.05    0.030   0.001  203.7x   0.000   0.003  0.090  0.010  0.089  0.008   0.035
[2026-07-25 01:07:18.480] 167  “一场名为‘斯丹康’的跨越阶级之梦！”这台词真是超前       99,577 酩狂天香         26,898    0.13    0.025   0.002    3.7x   0.001   0.010  0.074  0.015  0.002  0.100   0.035
[2026-07-25 01:07:18.480] 168  为什么每次都让我在亲戚面前丢脸？                385,264 耿傲天         417,898    0.18    0.035   0.001    0.9x   0.000   0.015  0.106  0.007  0.000  0.003   0.033
[2026-07-25 01:07:18.481] 169  爆笑跨越：猪小明本想跨越阶级，不料还是在小区保安队集       66,068 金梅瓶影视        18,184    0.92    0.005   0.002    3.6x       -   0.078  0.009  0.016  0.002  0.000   0.033
[2026-07-25 01:07:18.482] 170  《全能皇帝》穿越到宋朝，你成了一个地痞无赖，为了实现      137,330 阿呆不会呆呀        3,668    0.27    0.022   0.004   37.4x   0.000   0.022  0.065  0.032  0.016  0.007   0.032
[2026-07-25 01:07:18.482] 171  “高考真的可以跨越阶级嘛”？                  109,870 小豪哥798        2,497    0.13    0.025   0.002   44.0x   0.001   0.010  0.072  0.017  0.019  0.052   0.032
[2026-07-25 01:07:18.483] 172  有为青年千早爱音在短短几秒内完成了阶级跨越            86,609 代米琪亚娜        10,177    0.22    0.019   0.003    8.5x   0.001   0.018  0.053  0.023  0.004  0.071   0.031
[2026-07-25 01:07:18.483] 173  【猫meme】是谁还不相信留学可以跨越阶级           352,874 Kate讲留学       5,042    0.02    0.033   0.001   70.0x   0.000   0.001  0.099  0.004  0.031  0.021   0.031
[2026-07-25 01:07:18.484] 174  一张足够好看的脸，就是自己跨越阶级的入场券           137,889 任志哒          32,275    0.17    0.025   0.003    4.3x   0.000   0.014  0.072  0.022  0.002  0.034   0.031
[2026-07-25 01:07:18.484] 175  大学生靠风口完成阶级跨越，做建模副业赚爽了...        490,464 接单糕手          6,173    0.50    0.010   0.003   79.5x   0.000   0.042  0.024  0.020  0.035  0.023   0.030
[2026-07-25 01:07:18.485] 176  《黑暗荣耀》里谁最有钱？无法跨越的阶级壁垒，才是最狠       72,001 公考干货君       242,617    0.34    0.017   0.003    0.3x   0.000   0.028  0.046  0.025  0.000  0.039   0.030
[2026-07-25 01:07:18.485] 177  留学真的可以跨越阶级！！                    501,479 野生糯米崽-留学版    52,239    0.04    0.033   0.001    9.6x   0.000   0.002  0.100  0.007  0.004  0.009   0.028
[2026-07-25 01:07:18.487] 178  此Rs7非彼Rs7,跨越阶级了，记得给自己送一辆Rs       79,498 Car纪录片        5,755    0.20    0.018   0.002   13.8x   0.001   0.016  0.049  0.017  0.006  0.064   0.028
[2026-07-25 01:07:18.487] 179  吴勇豪与国宝顶峰相见，国宝只用了三年，便实现了阶级的       95,930 肥猫篮球社           252    0.09    0.010   0.001  380.7x   0.000   0.007  0.025  0.005  0.167  0.016   0.028
[2026-07-25 01:07:18.488] 180  怀孕挤出租、坐经济舱，方媛的豪门路满是委屈？实则是顶       99,471 底层的拾梦人       47,724    0.19    0.019   0.003    2.1x   0.000   0.015  0.055  0.020  0.001  0.033   0.027
[2026-07-25 01:07:18.489] 181  男人取钱发现卡里多了三百万，瞬间跨越阶级走向开挂人生      196,080 华宇影视w        13,430    0.26    0.018   0.003   14.6x   0.000   0.021  0.051  0.022  0.006  0.014   0.026
[2026-07-25 01:07:18.490] 182  唉，没有跨越阶级的命‍                     105,586 毬亚Maria      50,245    0.06    0.026   0.001    2.1x   0.000   0.004  0.076  0.009  0.001  0.037   0.026
[2026-07-25 01:07:18.490] 183  这种开局打螺丝都算阶级跨越了                   94,935 无敌の坚果         1,660    0.04    0.028   0.001   57.2x   0.000   0.002  0.083  0.006  0.025  0.005   0.026
[2026-07-25 01:07:18.491] 184  这下我真的信留学可以跨越阶级了                 107,072 娱乐梅超疯        17,223    0.02    0.032   0.001    6.2x   0.000   0.001  0.097  0.003  0.003  0.002   0.026
[2026-07-25 01:07:18.493] 185  原来资本一旦跨越阶级后，就再也无法共情老百姓了         434,141 娱乐小星星        12,286    0.05    0.027   0.001   35.3x   0.000   0.003  0.079  0.008  0.015  0.009   0.025
[2026-07-25 01:07:18.494] 186  天王嫂方媛告诉你，跨越阶级后该如何守住地位           376,799 动漫小前锋        22,728    0.15    0.021   0.002   16.6x   0.000   0.012  0.059  0.017  0.007  0.019   0.025
[2026-07-25 01:07:18.494] 187  这难以跨越的阶级，也是难以逾越的鸿沟，难怪说人比人气      325,179 一见倾心DE中意      2,211    0.04    0.022   0.001  147.1x   0.000   0.002  0.062  0.004  0.065  0.005   0.024
[2026-07-25 01:07:18.495] 188  心机女主为了实现跨越阶级故意利用男主来接近财阀男二！       87,955 木-木子mu        1,668    0.11    0.020   0.002   52.7x   0.000   0.008  0.057  0.014  0.023  0.014   0.024
[2026-07-25 01:07:18.496] 189  上班后的阶级跨越                        630,538 下了猫猫雨i       44,160    0.05    0.025   0.001   14.3x   0.000   0.003  0.072  0.005  0.006  0.014   0.022
[2026-07-25 01:07:18.498] 190  为什么很多穷苦出生的漂亮女生，很难实现阶级跨越。        131,865 729228125    22,830    0.05    0.022   0.001    5.8x   0.000   0.003  0.063  0.006  0.002  0.005   0.019
[2026-07-25 01:07:18.498] 191  实现阶级跨越的仪式，不管她跳不跳脱衣舞，只要她走上那       74,364 明星娱乐第一现场      3,060    0.27    0.010   0.002   24.3x   0.000   0.022  0.026  0.011  0.011  0.005   0.018
[2026-07-25 01:07:18.499] 192  男人取钱发现卡里多了三百万，瞬间跨越阶级走向开挂人生      113,199 艾斯基人         36,982    0.21    0.013   0.002    3.1x   0.000   0.017  0.035  0.013  0.001  0.006   0.018
[2026-07-25 01:07:18.500] 193  “人间清醒”杨幂：为赢投资2年接18部戏，3年赚3亿      339,041 胡叔说料          4,282    0.04    0.016   0.000   79.2x   0.000   0.003  0.046  0.003  0.035  0.003   0.017
[2026-07-25 01:07:18.501] 194  原来留学真的可以改变阶级，谁说向下跨越不是一种跨越哈       93,839 不怕晒的小草        5,836    0.04    0.017   0.001   16.1x   0.000   0.003  0.046  0.004  0.007  0.007   0.015
[2026-07-25 01:07:18.501] 195  酒店女服务员与政治高层的爱情故事！跨越阶级的甜甜爱情      185,967 指尖的霸气小妖       1,266    0.11    0.006   0.000  146.9x   0.000   0.008  0.012  0.003  0.064  0.001   0.013
[2026-07-25 01:07:18.502] 196  古代四大军功“先登、斩将、陷阵、夺旗”，真的可以让一      206,635 bgm晓崔游戏      29,245    0.10    0.005   0.000    7.1x   0.000   0.007  0.011  0.001  0.003  0.005   0.006
[2026-07-25 01:07:18.502] ----------------------------------------------------------------------------------------------------------------------------------------------------------------------------------------------
[2026-07-25 01:07:18.503] 
提示: 价值分 = 深度互动比(35%) + 互动密度(25%) + 收藏率(20%) + 粉丝转化(10%) + 分享率(10%)
[2026-07-25 01:07:18.504]       深度互动比 = (投币+收藏)/点赞，>1.0 表示用户愿意付出成本的认可超过浅层点赞
[2026-07-25 01:07:18.504]       与动量分析互补：动量看'速度'，价值看'质量'
[2026-07-25 01:07:18.511] 
[导出] 价值分析结果已保存到 output\阶级跨越\value_20260725_010718.csv
