[2026-07-25 03:29:28.214] 日志文件: logs\spider_20260725_032928.log
[2026-07-25 03:29:28.215] ============================================================
[2026-07-25 03:29:28.216]   B站全站热门视频爬取
[2026-07-25 03:29:28.216] ============================================================
[2026-07-25 03:29:28.217] 页数: 1
[2026-07-25 03:29:28.218] 线程数: 2
[2026-07-25 03:29:28.219] 延迟: 1.0s
[2026-07-25 03:29:28.219] 
[2026-07-25 03:29:28.258] [任务] 任务ID: 50
[2026-07-25 03:29:28.259] [热门] 第 1/1 页...
[2026-07-25 03:29:28.538]   找到 20 个，新增 20 个
[2026-07-25 03:29:29.775] 
[搜索完成] 共 20 个视频，已有 0 个，新增 20 个
[2026-07-25 03:29:29.804] [搜索统计] 失败页数: 0
[2026-07-25 03:29:29.806] 
[详情获取] 使用 2 个线程获取视频详情...
[2026-07-25 03:29:31.353]   [1/20] av116974105401020 ✓
[2026-07-25 03:29:31.702]   [2/20] av116951137388659 ✓
[2026-07-25 03:29:33.078]   [3/20] av116972763356532 ✓
[2026-07-25 03:29:33.466]   [4/20] av116963971958456 ✓
[2026-07-25 03:29:34.948]   [5/20] av116968854128961 ✓
[2026-07-25 03:29:35.180]   [6/20] av116952160863790 ✓
[2026-07-25 03:29:36.799]   [7/20] av116968199882273 ✓
[2026-07-25 03:29:37.172]   [8/20] av116974860374045 ✓
[2026-07-25 03:29:38.777]   [9/20] av116961522551203 ✓
[2026-07-25 03:29:38.866]   [10/20] av116971253274492 ✓
[2026-07-25 03:29:40.512]   [11/20] av116967847501312 ✓
[2026-07-25 03:29:40.575]   [12/20] av116968602607303 ✓
[2026-07-25 03:29:42.245]   [13/20] av116975430803423 ✓
[2026-07-25 03:29:42.349]   [14/20] av116967998493877 ✓
[2026-07-25 03:29:44.005]   [15/20] av116974071908168 ✓
[2026-07-25 03:29:44.201]   [16/20] av116963502197593 ✓
[2026-07-25 03:29:45.641]   [17/20] av116974323632280 ✓
[2026-07-25 03:29:46.274]   [18/20] av116974508118143 ✓
[2026-07-25 03:29:47.552]   [19/20] av116968250150984 ✓
[2026-07-25 03:29:48.036]   [20/20] av116964156511429 ✓
[2026-07-25 03:29:48.041] 
[完成] 成功: 20, 失败: 0
[2026-07-25 03:29:48.051] [修复] 已修正 474 条视频的评论数 (comment_count <- review)
[2026-07-25 03:29:48.052] 
============================================================
[2026-07-25 03:29:48.053]   自动检测并补充粉丝数
[2026-07-25 03:29:48.054] ============================================================
[2026-07-25 03:29:48.056] 待补充UP主数: 186
[2026-07-25 03:29:48.230]   [1/186] UID=82377213 (晗哥AIGC) -> 486,380 (更新1条视频)
[2026-07-25 03:29:48.870]   [2/186] UID=320070259 (虚环) -> 454,910 (更新1条视频)
[2026-07-25 03:29:49.448]   [3/186] UID=304233145 (酱油白米饭原创) -> 1,610,465 (更新1条视频)
[2026-07-25 03:29:50.166]   [4/186] UID=44627045 (阿鱼Au_lishan) -> 318,881 (更新1条视频)
[2026-07-25 03:29:50.989]   [5/186] UID=509277263 (SuperMing小洺) -> 607,750 (更新2条视频)
[2026-07-25 03:29:51.796]   [6/186] UID=499951416 (Z贤者) -> 2,392,896 (更新1条视频)
[2026-07-25 03:29:52.478]   [7/186] UID=26947053 (老丹Daniel) -> 997,762 (更新1条视频)
[2026-07-25 03:29:52.972]   [8/186] UID=1086168795 (埋栈Maizhan) -> 625,237 (更新2条视频)
[2026-07-25 03:29:53.738]   [9/186] UID=10558098 (黑镖客梦回) -> 4,609,004 (更新2条视频)
[2026-07-25 03:29:54.519]   进度: 10/186
[2026-07-25 03:29:54.694]   [10/186] UID=88197128 (锡德JorisSid) -> 457,921 (更新1条视频)
[2026-07-25 03:29:55.572]   [11/186] UID=14444722 (疯子啊滨) -> 462,694 (更新2条视频)
[2026-07-25 03:29:56.208]   [12/186] UID=13118294 (超级神奇的木偶) -> 2,468,184 (更新1条视频)
[2026-07-25 03:29:57.045]   [13/186] UID=652239032 (IGN中国) -> 1,993,709 (更新1条视频)
[2026-07-25 03:29:57.682]   [14/186] UID=1823325679 (GHS动画) -> 1,238,600 (更新1条视频)
[2026-07-25 03:29:58.197]   [15/186] UID=13087833 (红泪石戒指) -> 146,318 (更新1条视频)
[2026-07-25 03:29:58.694]   [16/186] UID=654552 (圆桌动漫) -> 5,812,268 (更新2条视频)
[2026-07-25 03:29:59.639]   [17/186] UID=5479878 (武藤亚图姆) -> 49,939 (更新1条视频)
[2026-07-25 03:30:00.164]   [18/186] UID=324565891 (解说刘大大) -> 1,020,644 (更新1条视频)
[2026-07-25 03:30:00.993]   [19/186] UID=3546875066059052 (高司令-速凌电竞) -> 3,066,330 (更新1条视频)
[2026-07-25 03:30:01.452]   进度: 20/186
[2026-07-25 03:30:01.599]   [20/186] UID=298484 (小狼XF_晓锋) -> 1,361,235 (更新1条视频)
[2026-07-25 03:30:02.151]   [21/186] UID=3493141216758082 (吃年糕的安sir) -> 441,262 (更新1条视频)
[2026-07-25 03:30:02.900]   [22/186] UID=3546666791602773 (SUN是太阳啦-) -> 205,737 (更新1条视频)
[2026-07-25 03:30:03.819]   [23/186] UID=10126216 (叶开叶师傅) -> 1,592,900 (更新1条视频)
[2026-07-25 03:30:04.442]   [24/186] UID=50329118 (哔哩哔哩英雄联盟赛事) -> 16,766,948 (更新1条视频)
[2026-07-25 03:30:05.332]   [25/186] UID=53456 (Warma) -> 5,079,047 (更新1条视频)
[2026-07-25 03:30:05.903]   [26/186] UID=167533655 (大只的苏北) -> 1,565,081 (更新1条视频)
[2026-07-25 03:30:06.477]   [27/186] UID=64116958 (名游社) -> 1,417,786 (更新1条视频)
[2026-07-25 03:30:06.986]   [28/186] UID=257401118 (小梦不咕咕) -> 870,285 (更新2条视频)
[2026-07-25 03:30:07.921]   [29/186] UID=1455861172 (剑客范十三) -> 2,649,866 (更新1条视频)
[2026-07-25 03:30:08.705]   进度: 30/186
[2026-07-25 03:30:08.895]   [30/186] UID=37177491 (八云兔不秃) -> 1,112,123 (更新1条视频)
[2026-07-25 03:30:09.402]   [31/186] UID=3546625452542554 (自然锦鲤_) -> 781,344 (更新1条视频)
[2026-07-25 03:30:10.012]   [32/186] UID=63231 (泛式) -> 6,686,203 (更新1条视频)
[2026-07-25 03:30:10.728]   [33/186] UID=5460329 (守拙君) -> 1,823,682 (更新2条视频)
[2026-07-25 03:30:11.479]   [34/186] UID=1457219856 (Youtube高质量精选) -> 429,968 (更新1条视频)
[2026-07-25 03:30:12.099]   [35/186] UID=31009079 (萧然Q) -> 1,275,902 (更新1条视频)
[2026-07-25 03:30:12.835]   [36/186] UID=10874201 (盒子酸奶) -> 3,748,398 (更新1条视频)
[2026-07-25 03:30:13.442]   [37/186] UID=31649618 (小无邪和猪小糖) -> 259,860 (更新1条视频)
[2026-07-25 03:30:14.124]   [38/186] UID=38829 (本气黑猫) -> 509,302 (更新1条视频)
[2026-07-25 03:30:14.832]   [39/186] UID=1369302793 (瓜哥超爱玩QAQ) -> 680,432 (更新1条视频)
[2026-07-25 03:30:15.332]   进度: 40/186
[2026-07-25 03:30:15.490]   [40/186] UID=384425347 (老油条说) -> 384,843 (更新1条视频)
[2026-07-25 03:30:16.158]   [41/186] UID=27534330 (崩坏3第一偶像爱酱) -> 4,912,562 (更新7条视频)
[2026-07-25 03:30:16.809]   [42/186] UID=3546742681241635 (Z-Arcade) -> 165,031 (更新1条视频)
[2026-07-25 03:30:17.338]   [43/186] UID=3461572842228424 (牛小豪吖) -> 2,798,570 (更新1条视频)
[2026-07-25 03:30:17.900]   [44/186] UID=230926815 (阿星and阿奇) -> 3,178,475 (更新1条视频)
[2026-07-25 03:30:18.406]   [45/186] UID=26032219 (FoFTG) -> 4,097,997 (更新2条视频)
[2026-07-25 03:30:19.287]   [46/186] UID=36046546 (时空小涵) -> 2,721,821 (更新1条视频)
[2026-07-25 03:30:20.239]   [47/186] UID=103416759 (马克Sparrow) -> 1,402,211 (更新1条视频)
[2026-07-25 03:30:20.827]   [48/186] UID=922151 (修片狂魔) -> 545,539 (更新1条视频)
[2026-07-25 03:30:21.518]   [49/186] UID=243654413 (羽翼天使の挽歌) -> 179,141 (更新1条视频)
[2026-07-25 03:30:22.143]   进度: 50/186
[2026-07-25 03:30:22.338]   [50/186] UID=419121167 (-勾魂公狒狒-) -> 2,445,120 (更新2条视频)
[2026-07-25 03:30:23.148]   [51/186] UID=429741851 (大老师Sam) -> 2,861,752 (更新4条视频)
[2026-07-25 03:30:23.955]   [52/186] UID=403072772 (在下油甘) -> 889,258 (更新1条视频)
[2026-07-25 03:30:24.472]   [53/186] UID=18472518 (三分钟推理) -> 548,857 (更新1条视频)
[2026-07-25 03:30:25.279]   [54/186] UID=6989655 (马鹿blyat) -> 3,629,173 (更新2条视频)
[2026-07-25 03:30:26.168]   [55/186] UID=406526866 (一米八的大龙猫) -> 23,951 (更新1条视频)
[2026-07-25 03:30:26.808]   [56/186] UID=1958342 (水无月菌) -> 2,740,827 (更新1条视频)
[2026-07-25 03:30:27.411]   [57/186] UID=1420982 (黑猫厨房) -> 4,877,384 (更新1条视频)
[2026-07-25 03:30:28.267]   [58/186] UID=3546581982775788 (虾仁不眨眼-游戏直播) -> 1,751,189 (更新1条视频)
[2026-07-25 03:30:28.869]   [59/186] UID=337176462 (小柠檬玩具) -> 55,062 (更新1条视频)
[2026-07-25 03:30:29.445]   进度: 60/186
[2026-07-25 03:30:29.618]   [60/186] UID=22335470 (酸子阿) -> 452,026 (更新1条视频)
[2026-07-25 03:30:30.505]   [61/186] UID=2142762 (老戴在此) -> 3,923,260 (更新1条视频)
[2026-07-25 03:30:31.367]   [62/186] UID=59905809 (哦呼w) -> 4,211,017 (更新1条视频)
[2026-07-25 03:30:32.199]   [63/186] UID=29252533 (幕川北) -> 3,286,520 (更新1条视频)
[2026-07-25 03:30:33.168]   [64/186] UID=183848092 (嬉皮怪客) -> 542,429 (更新1条视频)
[2026-07-25 03:30:33.798]   [65/186] UID=4571785 (折纸姬) -> 1,659,466 (更新1条视频)
[2026-07-25 03:30:34.575]   [66/186] UID=411581408 (这名玩家) -> 481,363 (更新1条视频)
[2026-07-25 03:30:35.182]   [67/186] UID=331514361 (苏醒游戏解说) -> 2,371,088 (更新1条视频)
[2026-07-25 03:30:35.712]   [68/186] UID=604710494 (长片短解) -> 2,729,349 (更新3条视频)
[2026-07-25 03:30:36.319]   [69/186] UID=58967158 (阿扣叩叩) -> 262,222 (更新1条视频)
[2026-07-25 03:30:36.936]   进度: 70/186
[2026-07-25 03:30:37.098]   [70/186] UID=37754047 (咻咻满) -> 2,760,606 (更新1条视频)
[2026-07-25 03:30:37.971]   [71/186] UID=13555375 (手折余弦丶) -> 338,945 (更新1条视频)
[2026-07-25 03:30:38.568]   [72/186] UID=35734399 (小橙子姐姐解说) -> 3,236,823 (更新2条视频)
[2026-07-25 03:30:39.319]   [73/186] UID=1013974803 (左屿昕) -> 19,561 (更新1条视频)
[2026-07-25 03:30:39.968]   [74/186] UID=3493089039616097 (手残但爱玩_) -> 20,886 (更新1条视频)
[2026-07-25 03:30:40.559]   [75/186] UID=390126641 (主播蛋白i) -> 2,850,988 (更新1条视频)
[2026-07-25 03:30:41.293]   [76/186] UID=92177646 (地瓜BB) -> 84,859 (更新1条视频)
[2026-07-25 03:30:42.040]   [77/186] UID=410100437 (运动station) -> 5,237 (更新1条视频)
[2026-07-25 03:30:42.524]   [78/186] UID=3546590029548355 (北冥的鱼Kun) -> 286,120 (更新1条视频)
[2026-07-25 03:30:43.111]   [79/186] UID=627888730 (星有野) -> 6,152,518 (更新1条视频)
[2026-07-25 03:30:43.523]   进度: 80/186
[2026-07-25 03:30:43.668]   [80/186] UID=154113956 (日向源) -> 1,612,717 (更新1条视频)
[2026-07-25 03:30:44.487]   [81/186] UID=17852174 (彩虹的花园) -> 317,038 (更新1条视频)
[2026-07-25 03:30:45.307]   [82/186] UID=1781347239 (胡老六动画) -> 158,275 (更新1条视频)
[2026-07-25 03:30:46.236]   [83/186] UID=26721635 (假装冷酷的起灵) -> 1,475,754 (更新1条视频)
[2026-07-25 03:30:46.759]   [84/186] UID=246370149 (33不是山山) -> 1,918,814 (更新1条视频)
[2026-07-25 03:30:47.262]   [粉丝-card] UID=39112946 code=-352 msg=-352
[2026-07-25 03:30:47.265]   [粉丝] UID=39112946 card API失败，尝试 relation API
[2026-07-25 03:30:47.747]   [85/186] UID=39112946 (_江之岛盾子_) -> 481,328 (更新1条视频)
[2026-07-25 03:30:48.311]   [粉丝-card] UID=14368720 code=-352 msg=-352
[2026-07-25 03:30:48.314]   [粉丝] UID=14368720 card API失败，尝试 relation API
[2026-07-25 03:30:49.087]   [86/186] UID=14368720 (黑人黑科技) -> 824,205 (更新1条视频)
[2026-07-25 03:30:49.811]   [粉丝-card] UID=3562949 code=-352 msg=-352
[2026-07-25 03:30:49.814]   [粉丝] UID=3562949 card API失败，尝试 relation API
[2026-07-25 03:30:50.516]   [87/186] UID=3562949 (梨子格格) -> 1,796,922 (更新1条视频)
[2026-07-25 03:30:51.152]   [粉丝-card] UID=1954120724 code=-352 msg=-352
[2026-07-25 03:30:51.155]   [粉丝] UID=1954120724 card API失败，尝试 relation API
[2026-07-25 03:30:51.737]   [88/186] UID=1954120724 (剑魂肝平台) -> 124,921 (更新1条视频)
[2026-07-25 03:30:52.372]   [粉丝-card] UID=7552204 code=-352 msg=-352
[2026-07-25 03:30:52.374]   [粉丝] UID=7552204 card API失败，尝试 relation API
[2026-07-25 03:30:53.046]   [89/186] UID=7552204 (啊吗粽) -> 4,924,519 (更新1条视频)
[2026-07-25 03:30:53.496]   进度: 90/186
[2026-07-25 03:30:53.622]   [粉丝-card] UID=454557163 code=-352 msg=-352
[2026-07-25 03:30:53.625]   [粉丝] UID=454557163 card API失败，尝试 relation API
[2026-07-25 03:30:54.277]   [90/186] UID=454557163 (稽木白柏cypress) -> 793,088 (更新2条视频)
[2026-07-25 03:30:54.930]   [粉丝-card] UID=16135497 code=-352 msg=-352
[2026-07-25 03:30:54.933]   [粉丝] UID=16135497 card API失败，尝试 relation API
[2026-07-25 03:30:55.551]   [91/186] UID=16135497 (盼之App) -> 1,810,229 (更新1条视频)
[2026-07-25 03:30:56.456]   [粉丝-card] UID=1636034895 code=-352 msg=-352
[2026-07-25 03:30:56.459]   [粉丝] UID=1636034895 card API失败，尝试 relation API
[2026-07-25 03:30:57.174]   [92/186] UID=1636034895 (绝区零) -> 7,926,505 (更新2条视频)
[2026-07-25 03:30:57.663]   [粉丝-card] UID=6159926 code=-352 msg=-352
[2026-07-25 03:30:57.665]   [粉丝] UID=6159926 card API失败，尝试 relation API
[2026-07-25 03:30:58.159]   [93/186] UID=6159926 (老子150) -> 430,699 (更新1条视频)
[2026-07-25 03:30:58.957]   [粉丝-card] UID=161775300 code=-352 msg=-352
[2026-07-25 03:30:58.960]   [粉丝] UID=161775300 card API失败，尝试 relation API
[2026-07-25 03:30:59.699]   [94/186] UID=161775300 (明日方舟) -> 7,396,682 (更新2条视频)
[2026-07-25 03:31:00.153]   [粉丝-card] UID=1780480185 code=-352 msg=-352
[2026-07-25 03:31:00.156]   [粉丝] UID=1780480185 card API失败，尝试 relation API
[2026-07-25 03:31:00.839]   [95/186] UID=1780480185 (飓多多StormCrew) -> 3,649,220 (更新1条视频)
[2026-07-25 03:31:01.393]   [粉丝-card] UID=454228982 code=-352 msg=-352
[2026-07-25 03:31:01.395]   [粉丝] UID=454228982 card API失败，尝试 relation API
[2026-07-25 03:31:02.083]   [96/186] UID=454228982 (贤良淑德列克星敦太太) -> 1,312,452 (更新1条视频)
[2026-07-25 03:31:02.600]   [粉丝-card] UID=11685197 code=-352 msg=-352
[2026-07-25 03:31:02.603]   [粉丝] UID=11685197 card API失败，尝试 relation API
[2026-07-25 03:31:03.294]   [97/186] UID=11685197 (不死な千咲) -> 214,325 (更新1条视频)
[2026-07-25 03:31:03.752]   [粉丝-card] UID=1487499165 code=-352 msg=-352
[2026-07-25 03:31:03.755]   [粉丝] UID=1487499165 card API失败，尝试 relation API
[2026-07-25 03:31:04.354]   [98/186] UID=1487499165 (万物皆剪侠) -> 22,237 (更新1条视频)
[2026-07-25 03:31:05.152]   [粉丝-card] UID=484494032 code=-352 msg=-352
[2026-07-25 03:31:05.155]   [粉丝] UID=484494032 card API失败，尝试 relation API
[2026-07-25 03:31:05.726]   [99/186] UID=484494032 (北窗遥望) -> 166,186 (更新1条视频)
[2026-07-25 03:31:06.425]   进度: 100/186
[2026-07-25 03:31:06.554]   [粉丝-card] UID=401742377 code=-352 msg=-352
[2026-07-25 03:31:06.557]   [粉丝] UID=401742377 card API失败，尝试 relation API
[2026-07-25 03:31:07.126]   [100/186] UID=401742377 (原神) -> 20,640,373 (更新4条视频)
[2026-07-25 03:31:07.993]   [粉丝-card] UID=22083989 code=-352 msg=-352
[2026-07-25 03:31:07.995]   [粉丝] UID=22083989 card API失败，尝试 relation API
[2026-07-25 03:31:08.735]   [101/186] UID=22083989 (节操Pro) -> 725,447 (更新1条视频)
[2026-07-25 03:31:09.166]   [粉丝-card] UID=519085498 code=-352 msg=-352
[2026-07-25 03:31:09.169]   [粉丝] UID=519085498 card API失败，尝试 relation API
[2026-07-25 03:31:09.717]   [102/186] UID=519085498 (晓宇导演) -> 180,540 (更新1条视频)
[2026-07-25 03:31:10.507]   [粉丝-card] UID=252935647 code=-352 msg=-352
[2026-07-25 03:31:10.510]   [粉丝] UID=252935647 card API失败，尝试 relation API
[2026-07-25 03:31:11.127]   [103/186] UID=252935647 (果冻卡哇) -> 922,264 (更新1条视频)
[2026-07-25 03:31:11.719]   [粉丝-card] UID=2828129 code=-352 msg=-352
[2026-07-25 03:31:11.721]   [粉丝] UID=2828129 card API失败，尝试 relation API
[2026-07-25 03:31:12.160]   [104/186] UID=2828129 (君扬兄) -> 1,662,652 (更新1条视频)
[2026-07-25 03:31:12.945]   [粉丝-card] UID=37439823 code=-352 msg=-352
[2026-07-25 03:31:12.948]   [粉丝] UID=37439823 card API失败，尝试 relation API
[2026-07-25 03:31:13.663]   [105/186] UID=37439823 (Crazy-face) -> 1,024,523 (更新1条视频)
[2026-07-25 03:31:14.244]   [粉丝-card] UID=1450192387 code=-352 msg=-352
[2026-07-25 03:31:14.247]   [粉丝] UID=1450192387 card API失败，尝试 relation API
[2026-07-25 03:31:15.067]   [106/186] UID=1450192387 (归唐) -> 131,016 (更新1条视频)
[2026-07-25 03:31:15.622]   [粉丝-card] UID=390527713 code=-352 msg=-352
[2026-07-25 03:31:15.625]   [粉丝] UID=390527713 card API失败，尝试 relation API
[2026-07-25 03:31:16.097]   [107/186] UID=390527713 (史蒂猪StevenPig) -> 3,198,194 (更新1条视频)
[2026-07-25 03:31:16.733]   [粉丝-card] UID=1265652806 code=-352 msg=-352
[2026-07-25 03:31:16.736]   [粉丝] UID=1265652806 card API失败，尝试 relation API
[2026-07-25 03:31:17.487]   [108/186] UID=1265652806 (明日方舟终末地) -> 4,840,664 (更新1条视频)
[2026-07-25 03:31:18.174]   [粉丝-card] UID=3546883884583650 code=-352 msg=-352
[2026-07-25 03:31:18.176]   [粉丝] UID=3546883884583650 card API失败，尝试 relation API
[2026-07-25 03:31:18.887]   [109/186] UID=3546883884583650 (穿越火线虹) -> 96,733 (更新1条视频)
[2026-07-25 03:31:19.689]   进度: 110/186
[2026-07-25 03:31:19.801]   [粉丝-card] UID=1403138 code=-352 msg=-352
[2026-07-25 03:31:19.804]   [粉丝] UID=1403138 card API失败，尝试 relation API
[2026-07-25 03:31:20.524]   [110/186] UID=1403138 (莉莎娜) -> 348,691 (更新1条视频)
[2026-07-25 03:31:21.142]   [粉丝-card] UID=3461578898803427 code=-352 msg=-352
[2026-07-25 03:31:21.145]   [粉丝] UID=3461578898803427 card API失败，尝试 relation API
[2026-07-25 03:31:22.037]   [111/186] UID=3461578898803427 (流量卡大曝料) -> 499,863 (更新1条视频)
[2026-07-25 03:31:22.773]   [粉丝-card] UID=37672137 code=-352 msg=-352
[2026-07-25 03:31:22.776]   [粉丝] UID=37672137 card API失败，尝试 relation API
[2026-07-25 03:31:23.339]   [112/186] UID=37672137 (名字君Montage) -> 547,477 (更新1条视频)
[2026-07-25 03:31:24.001]   [粉丝-card] UID=194053532 code=-352 msg=-352
[2026-07-25 03:31:24.003]   [粉丝] UID=194053532 card API失败，尝试 relation API
[2026-07-25 03:31:24.525]   [113/186] UID=194053532 (无我漂佩MY) -> 1,739,434 (更新1条视频)
[2026-07-25 03:31:25.331]   [粉丝-card] UID=9064879 code=-352 msg=-352
[2026-07-25 03:31:25.333]   [粉丝] UID=9064879 card API失败，尝试 relation API
[2026-07-25 03:31:25.940]   [114/186] UID=9064879 (紫雨carol) -> 1,751,866 (更新1条视频)
[2026-07-25 03:31:26.794]   [粉丝-card] UID=455983777 code=-352 msg=-352
[2026-07-25 03:31:26.797]   [粉丝] UID=455983777 card API失败，尝试 relation API
[2026-07-25 03:31:27.233]   [115/186] UID=455983777 (ALPHA-FISH) -> 259,184 (更新1条视频)
[2026-07-25 03:31:27.866]   [粉丝-card] UID=3546578497309525 code=-352 msg=-352
[2026-07-25 03:31:27.868]   [粉丝] UID=3546578497309525 card API失败，尝试 relation API
[2026-07-25 03:31:28.426]   [116/186] UID=3546578497309525 (大森子哈哈哈) -> 1,033,847 (更新1条视频)
[2026-07-25 03:31:29.242]   [粉丝-card] UID=21857 code=-352 msg=-352
[2026-07-25 03:31:29.246]   [粉丝] UID=21857 card API失败，尝试 relation API
[2026-07-25 03:31:29.968]   [117/186] UID=21857 (桐学罗) -> 1,265,475 (更新1条视频)
[2026-07-25 03:31:30.722]   [粉丝-card] UID=308175054 code=-352 msg=-352
[2026-07-25 03:31:30.725]   [粉丝] UID=308175054 card API失败，尝试 relation API
[2026-07-25 03:31:31.446]   [118/186] UID=308175054 (老丝儿宠粉) -> 116,971 (更新1条视频)
[2026-07-25 03:31:32.010]   [粉丝-card] UID=1740827542 code=-352 msg=-352
[2026-07-25 03:31:32.012]   [粉丝] UID=1740827542 card API失败，尝试 relation API
[2026-07-25 03:31:32.579]   [119/186] UID=1740827542 (KKOMDA) -> 1,119,569 (更新1条视频)
[2026-07-25 03:31:33.195]   进度: 120/186
[2026-07-25 03:31:33.330]   [粉丝-card] UID=585934475 code=-352 msg=-352
[2026-07-25 03:31:33.333]   [粉丝] UID=585934475 card API失败，尝试 relation API
[2026-07-25 03:31:33.834]   [120/186] UID=585934475 (INDIE_Live_Expo) -> 31,226 (更新1条视频)
[2026-07-25 03:31:34.294]   [粉丝-card] UID=2051679044 code=-352 msg=-352
[2026-07-25 03:31:34.297]   [粉丝] UID=2051679044 card API失败，尝试 relation API
[2026-07-25 03:31:34.728]   [121/186] UID=2051679044 (国创时光机) -> 185,183 (更新1条视频)
[2026-07-25 03:31:35.552]   [粉丝-card] UID=3046429 code=-352 msg=-352
[2026-07-25 03:31:35.556]   [粉丝] UID=3046429 card API失败，尝试 relation API
[2026-07-25 03:31:36.258]   [122/186] UID=3046429 (祖娅纳惜) -> 2,310,470 (更新1条视频)
[2026-07-25 03:31:37.031]   [粉丝-card] UID=172836666 code=-352 msg=-352
[2026-07-25 03:31:37.032]   [粉丝] UID=172836666 card API失败，尝试 relation API
[2026-07-25 03:31:37.653]   [123/186] UID=172836666 (超级无敌蘑菇羊) -> 485,758 (更新1条视频)
[2026-07-25 03:31:38.436]   [粉丝-card] UID=653768 code=-352 msg=-352
[2026-07-25 03:31:38.439]   [粉丝] UID=653768 card API失败，尝试 relation API
[2026-07-25 03:31:39.115]   [124/186] UID=653768 (赫箩的苹果) -> 1,264,959 (更新1条视频)
[2026-07-25 03:31:39.872]   [粉丝-card] UID=1871737115 code=-352 msg=-352
[2026-07-25 03:31:39.877]   [粉丝] UID=1871737115 card API失败，尝试 relation API
[2026-07-25 03:31:40.483]   [125/186] UID=1871737115 (纸嫁衣官方) -> 2,527,676 (更新1条视频)
[2026-07-25 03:31:41.142]   [粉丝-card] UID=1502905109 code=-352 msg=-352
[2026-07-25 03:31:41.147]   [粉丝] UID=1502905109 card API失败，尝试 relation API
[2026-07-25 03:31:41.708]   [126/186] UID=1502905109 (新剧好剧每天看) -> 9,430 (更新2条视频)
[2026-07-25 03:31:42.352]   [粉丝-card] UID=147546636 code=-352 msg=-352
[2026-07-25 03:31:42.355]   [粉丝] UID=147546636 card API失败，尝试 relation API
[2026-07-25 03:31:42.909]   [127/186] UID=147546636 (无畏契约) -> 1,255,367 (更新1条视频)
[2026-07-25 03:31:43.543]   [粉丝-card] UID=3461562299845038 code=-352 msg=-352
[2026-07-25 03:31:43.546]   [粉丝] UID=3461562299845038 card API失败，尝试 relation API
[2026-07-25 03:31:44.102]   [128/186] UID=3461562299845038 (爱追剧的哔哔机) -> 109,574 (更新1条视频)
[2026-07-25 03:31:45.012]   [粉丝-card] UID=485703766 code=-352 msg=-352
[2026-07-25 03:31:45.017]   [粉丝] UID=485703766 card API失败，尝试 relation API
[2026-07-25 03:31:45.717]   [129/186] UID=485703766 (英伟达GeForce) -> 738,276 (更新1条视频)
[2026-07-25 03:31:46.120]   进度: 130/186
[2026-07-25 03:31:46.262]   [粉丝-card] UID=33824345 code=-352 msg=-352
[2026-07-25 03:31:46.268]   [粉丝] UID=33824345 card API失败，尝试 relation API
[2026-07-25 03:31:47.005]   [130/186] UID=33824345 (M木糖M) -> 2,986,988 (更新2条视频)
[2026-07-25 03:31:47.493]   [粉丝-card] UID=493836206 code=-352 msg=-352
[2026-07-25 03:31:47.498]   [粉丝] UID=493836206 card API失败，尝试 relation API
[2026-07-25 03:31:47.996]   [131/186] UID=493836206 (Apple苹果酱喔) -> 612,421 (更新1条视频)
[2026-07-25 03:31:48.695]   [粉丝-card] UID=343086372 code=-352 msg=-352
[2026-07-25 03:31:48.701]   [粉丝] UID=343086372 card API失败，尝试 relation API
[2026-07-25 03:31:49.418]   [132/186] UID=343086372 (江鸽北主任) -> 3,449,420 (更新1条视频)
[2026-07-25 03:31:50.333]   [粉丝-card] UID=3546670857980714 code=-352 msg=-352
[2026-07-25 03:31:50.337]   [粉丝] UID=3546670857980714 card API失败，尝试 relation API
[2026-07-25 03:31:51.042]   [133/186] UID=3546670857980714 (小何动漫i) -> 996,597 (更新2条视频)
[2026-07-25 03:31:51.572]   [粉丝-card] UID=8864484 code=-352 msg=-352
[2026-07-25 03:31:51.581]   [粉丝] UID=8864484 card API失败，尝试 relation API
[2026-07-25 03:31:52.369]   [134/186] UID=8864484 (面粉社长) -> 2,099,111 (更新1条视频)
[2026-07-25 03:31:52.955]   [粉丝-card] UID=443337891 code=-352 msg=-352
[2026-07-25 03:31:52.966]   [粉丝] UID=443337891 card API失败，尝试 relation API
[2026-07-25 03:31:53.685]   [135/186] UID=443337891 (平平淡淡梁桑菌) -> 296,620 (更新1条视频)
[2026-07-25 03:31:54.542]   [粉丝-card] UID=1335713025 code=-352 msg=-352
[2026-07-25 03:31:54.546]   [粉丝] UID=1335713025 card API失败，尝试 relation API
[2026-07-25 03:31:55.233]   [136/186] UID=1335713025 (知了解压萌物) -> 4,351,386 (更新1条视频)
[2026-07-25 03:31:55.733]   [粉丝-card] UID=454802537 code=-352 msg=-352
[2026-07-25 03:31:55.749]   [粉丝] UID=454802537 card API失败，尝试 relation API
[2026-07-25 03:31:56.268]   [137/186] UID=454802537 (阿志-三国志战略版) -> 310,282 (更新1条视频)
[2026-07-25 03:31:56.953]   [粉丝-card] UID=478281534 code=-352 msg=-352
[2026-07-25 03:31:56.957]   [粉丝] UID=478281534 card API失败，尝试 relation API
[2026-07-25 03:31:57.625]   [138/186] UID=478281534 (我真是小熊Game) -> 2,348,587 (更新1条视频)
[2026-07-25 03:31:58.183]   [粉丝-card] UID=3546981102258873 code=-352 msg=-352
[2026-07-25 03:31:58.188]   [粉丝] UID=3546981102258873 card API失败，尝试 relation API
[2026-07-25 03:31:58.918]   [139/186] UID=3546981102258873 (奶龙玩蛋仔1) -> 149,692 (更新1条视频)
[2026-07-25 03:31:59.528]   进度: 140/186
[2026-07-25 03:31:59.672]   [粉丝-card] UID=481393564 code=-352 msg=-352
[2026-07-25 03:31:59.675]   [粉丝] UID=481393564 card API失败，尝试 relation API
[2026-07-25 03:32:00.169]   [140/186] UID=481393564 (钉钉DingTalk) -> 1,784,343 (更新1条视频)
[2026-07-25 03:32:01.072]   [粉丝-card] UID=163637592 code=-352 msg=-352
[2026-07-25 03:32:01.076]   [粉丝] UID=163637592 card API失败，尝试 relation API
[2026-07-25 03:32:01.741]   [141/186] UID=163637592 (老师好我叫何同学) -> 12,839,482 (更新4条视频)
[2026-07-25 03:32:02.542]   [粉丝-card] UID=300994119 code=-352 msg=-352
[2026-07-25 03:32:02.545]   [粉丝] UID=300994119 card API失败，尝试 relation API
[2026-07-25 03:32:03.160]   [142/186] UID=300994119 (沙雕网友咸叽叽) -> 4,535,350 (更新1条视频)
[2026-07-25 03:32:03.642]   [粉丝-card] UID=3079413 code=-352 msg=-352
[2026-07-25 03:32:03.645]   [粉丝] UID=3079413 card API失败，尝试 relation API
[2026-07-25 03:32:04.194]   [143/186] UID=3079413 (小x文) -> 396,128 (更新1条视频)
[2026-07-25 03:32:04.882]   [粉丝-card] UID=3494379073309365 code=-352 msg=-352
[2026-07-25 03:32:04.886]   [粉丝] UID=3494379073309365 card API失败，尝试 relation API
[2026-07-25 03:32:05.371]   [144/186] UID=3494379073309365 (无限大) -> 1,323,672 (更新1条视频)
[2026-07-25 03:32:06.242]   [粉丝-card] UID=289334440 code=-352 msg=-352
[2026-07-25 03:32:06.245]   [粉丝] UID=289334440 card API失败，尝试 relation API
[2026-07-25 03:32:06.784]   [145/186] UID=289334440 (屏幕另一边的迷云) -> 894,592 (更新1条视频)
[2026-07-25 03:32:07.413]   [粉丝-card] UID=416336281 code=-352 msg=-352
[2026-07-25 03:32:07.416]   [粉丝] UID=416336281 card API失败，尝试 relation API
[2026-07-25 03:32:08.001]   [146/186] UID=416336281 (pr零基础新手入门教程) -> 66,539 (更新1条视频)
[2026-07-25 03:32:08.693]   [粉丝-card] UID=226231535 code=-352 msg=-352
[2026-07-25 03:32:08.702]   [粉丝] UID=226231535 card API失败，尝试 relation API
[2026-07-25 03:32:09.277]   [147/186] UID=226231535 (智勇双全富贵君) -> 2,553,444 (更新2条视频)
[2026-07-25 03:32:10.063]   [粉丝-card] UID=5970160 code=-352 msg=-352
[2026-07-25 03:32:10.066]   [粉丝] UID=5970160 card API失败，尝试 relation API
[2026-07-25 03:32:10.762]   [148/186] UID=5970160 (小潮院长) -> 15,386,607 (更新3条视频)
[2026-07-25 03:32:11.462]   [粉丝-card] UID=1773346 code=-352 msg=-352
[2026-07-25 03:32:11.466]   [粉丝] UID=1773346 card API失败，尝试 relation API
[2026-07-25 03:32:11.993]   [149/186] UID=1773346 (莴苣某人) -> 5,542,408 (更新2条视频)
[2026-07-25 03:32:12.626]   进度: 150/186
[2026-07-25 03:32:12.794]   [粉丝-card] UID=271998748 code=-352 msg=-352
[2026-07-25 03:32:12.798]   [粉丝] UID=271998748 card API失败，尝试 relation API
[2026-07-25 03:32:13.570]   [150/186] UID=271998748 (清河一夏) -> 17,128 (更新1条视频)
[2026-07-25 03:32:14.518]   [粉丝-card] UID=353840826 code=-352 msg=-352
[2026-07-25 03:32:14.522]   [粉丝] UID=353840826 card API失败，尝试 relation API
[2026-07-25 03:32:15.208]   [151/186] UID=353840826 (公主连结ReDive) -> 1,962,090 (更新1条视频)
[2026-07-25 03:32:16.077]   [粉丝-card] UID=393709394 code=-352 msg=-352
[2026-07-25 03:32:16.078]   [粉丝] UID=393709394 card API失败，尝试 relation API
[2026-07-25 03:32:16.628]   [152/186] UID=393709394 (一串大福) -> 3,285,301 (更新1条视频)
[2026-07-25 03:32:17.261]   [粉丝-card] UID=365842307 code=-352 msg=-352
[2026-07-25 03:32:17.266]   [粉丝] UID=365842307 card API失败，尝试 relation API
[2026-07-25 03:32:17.729]   [153/186] UID=365842307 (流量卡表哥) -> 1,228,070 (更新1条视频)
[2026-07-25 03:32:18.642]   [粉丝-card] UID=1838326986 code=-352 msg=-352
[2026-07-25 03:32:18.646]   [粉丝] UID=1838326986 card API失败，尝试 relation API
[2026-07-25 03:32:19.374]   [154/186] UID=1838326986 (帅农鸟哥) -> 2,986,830 (更新1条视频)
[2026-07-25 03:32:20.307]   [粉丝-card] UID=525952604 code=-352 msg=-352
[2026-07-25 03:32:20.309]   [粉丝] UID=525952604 card API失败，尝试 relation API
[2026-07-25 03:32:20.772]   [155/186] UID=525952604 (柯洁) -> 3,187,960 (更新1条视频)
[2026-07-25 03:32:21.705]   [粉丝-card] UID=18937162 code=-352 msg=-352
[2026-07-25 03:32:21.709]   [粉丝] UID=18937162 card API失败，尝试 relation API
[2026-07-25 03:32:22.250]   [156/186] UID=18937162 (请不要叫我测评君) -> 583,415 (更新1条视频)
[2026-07-25 03:32:23.093]   [粉丝-card] UID=23620015 code=-352 msg=-352
[2026-07-25 03:32:23.095]   [粉丝] UID=23620015 card API失败，尝试 relation API
[2026-07-25 03:32:23.820]   [157/186] UID=23620015 (六月Aurora) -> 794,422 (更新1条视频)
[2026-07-25 03:32:24.313]   [粉丝-card] UID=699190253 code=-352 msg=-352
[2026-07-25 03:32:24.315]   [粉丝] UID=699190253 card API失败，尝试 relation API
[2026-07-25 03:32:25.051]   [158/186] UID=699190253 (祺谈怪论) -> 6,755 (更新1条视频)
[2026-07-25 03:32:25.585]   [粉丝-card] UID=522225381 code=-352 msg=-352
[2026-07-25 03:32:25.591]   [粉丝] UID=522225381 card API失败，尝试 relation API
[2026-07-25 03:32:26.509]   [159/186] UID=522225381 (橘子不不不咸) -> 3,250 (更新1条视频)
[2026-07-25 03:32:27.174]   进度: 160/186
[2026-07-25 03:32:27.303]   [粉丝-card] UID=478610686 code=-352 msg=-352
[2026-07-25 03:32:27.308]   [粉丝] UID=478610686 card API失败，尝试 relation API
[2026-07-25 03:32:27.843]   [160/186] UID=478610686 (郑凯伦伦伦) -> 2,437,415 (更新1条视频)
[2026-07-25 03:32:28.732]   [粉丝-card] UID=1581713332 code=-352 msg=-352
[2026-07-25 03:32:28.736]   [粉丝] UID=1581713332 card API失败，尝试 relation API
[2026-07-25 03:32:29.532]   [161/186] UID=1581713332 (赛博茶室) -> 132,519 (更新1条视频)
[2026-07-25 03:32:30.024]   [粉丝-card] UID=598464467 code=-352 msg=-352
[2026-07-25 03:32:30.028]   [粉丝] UID=598464467 card API失败，尝试 relation API
[2026-07-25 03:32:30.749]   [162/186] UID=598464467 (苏星河牛通) -> 3,145,677 (更新2条视频)
[2026-07-25 03:32:31.332]   [粉丝-card] UID=5294454 code=-352 msg=-352
[2026-07-25 03:32:31.335]   [粉丝] UID=5294454 card API失败，尝试 relation API
[2026-07-25 03:32:32.109]   [163/186] UID=5294454 (逗比的雀巢) -> 11,150,122 (更新1条视频)
[2026-07-25 03:32:32.911]   [粉丝-card] UID=3546640728197545 code=-352 msg=-352
[2026-07-25 03:32:32.916]   [粉丝] UID=3546640728197545 card API失败，尝试 relation API
[2026-07-25 03:32:33.529]   [164/186] UID=3546640728197545 (古董科技) -> 367,815 (更新1条视频)
[2026-07-25 03:32:34.103]   [粉丝-card] UID=1384681440 code=-352 msg=-352
[2026-07-25 03:32:34.108]   [粉丝] UID=1384681440 card API失败，尝试 relation API
[2026-07-25 03:32:34.747]   [165/186] UID=1384681440 (熊小欠的故事) -> 67,689 (更新1条视频)
[2026-07-25 03:32:35.614]   [粉丝-card] UID=5374954 code=-352 msg=-352
[2026-07-25 03:32:35.619]   [粉丝] UID=5374954 card API失败，尝试 relation API
[2026-07-25 03:32:36.211]   [166/186] UID=5374954 (深海色带鱼) -> 1,610,653 (更新1条视频)
[2026-07-25 03:32:37.103]   [粉丝-card] UID=410303832 code=-352 msg=-352
[2026-07-25 03:32:37.107]   [粉丝] UID=410303832 card API失败，尝试 relation API
[2026-07-25 03:32:37.853]   [167/186] UID=410303832 (我是E噔) -> 1,305,768 (更新1条视频)
[2026-07-25 03:32:38.645]   [粉丝-card] UID=493570956 code=-352 msg=-352
[2026-07-25 03:32:38.653]   [粉丝] UID=493570956 card API失败，尝试 relation API
[2026-07-25 03:32:39.373]   [168/186] UID=493570956 (欧阳春晓Aurora) -> 7,874,936 (更新1条视频)
[2026-07-25 03:32:40.097]   [粉丝-card] UID=182481858 code=-352 msg=-352
[2026-07-25 03:32:40.101]   [粉丝] UID=182481858 card API失败，尝试 relation API
[2026-07-25 03:32:40.775]   [169/186] UID=182481858 (唐尼是个der) -> 2,229,516 (更新1条视频)
[2026-07-25 03:32:41.331]   进度: 170/186
[2026-07-25 03:32:41.484]   [粉丝-card] UID=500465015 code=-352 msg=-352
[2026-07-25 03:32:41.490]   [粉丝] UID=500465015 card API失败，尝试 relation API
[2026-07-25 03:32:42.283]   [170/186] UID=500465015 (登迪DE) -> 12,375 (更新1条视频)
[2026-07-25 03:32:42.938]   [粉丝-card] UID=1640095931 code=-352 msg=-352
[2026-07-25 03:32:42.944]   [粉丝] UID=1640095931 card API失败，尝试 relation API
[2026-07-25 03:32:43.703]   [171/186] UID=1640095931 (罗老师哲学人生) -> 5,442,735 (更新1条视频)
[2026-07-25 03:32:44.676]   [粉丝-card] UID=1962043663 code=-352 msg=-352
[2026-07-25 03:32:44.682]   [粉丝] UID=1962043663 card API失败，尝试 relation API
[2026-07-25 03:32:45.334]   [172/186] UID=1962043663 (钧公子漫讲) -> 58,804 (更新1条视频)
[2026-07-25 03:32:46.277]   [粉丝-card] UID=178029850 code=-352 msg=-352
[2026-07-25 03:32:46.284]   [粉丝] UID=178029850 card API失败，尝试 relation API
[2026-07-25 03:32:46.954]   [173/186] UID=178029850 (杜海皇) -> 6,519,647 (更新1条视频)
[2026-07-25 03:32:47.423]   [粉丝-card] UID=1497330079 code=-352 msg=-352
[2026-07-25 03:32:47.426]   [粉丝] UID=1497330079 card API失败，尝试 relation API
[2026-07-25 03:32:48.213]   [174/186] UID=1497330079 (OK哥环球探海记) -> 2,714,797 (更新1条视频)
[2026-07-25 03:32:48.950]   [粉丝-card] UID=1375678265 code=-352 msg=-352
[2026-07-25 03:32:48.954]   [粉丝] UID=1375678265 card API失败，尝试 relation API
[2026-07-25 03:32:49.696]   [175/186] UID=1375678265 (大明白李淑芬) -> 532,231 (更新1条视频)
[2026-07-25 03:32:50.241]   [粉丝-card] UID=1306237635 code=-352 msg=-352
[2026-07-25 03:32:50.247]   [粉丝] UID=1306237635 card API失败，尝试 relation API
[2026-07-25 03:32:50.741]   [176/186] UID=1306237635 (爱丽丝电影) -> 53,775 (更新1条视频)
[2026-07-25 03:32:51.283]   [粉丝-card] UID=1249029768 code=-352 msg=-352
[2026-07-25 03:32:51.286]   [粉丝] UID=1249029768 card API失败，尝试 relation API
[2026-07-25 03:32:51.758]   [177/186] UID=1249029768 (野人少女79) -> 783,674 (更新1条视频)
[2026-07-25 03:32:52.223]   [粉丝-card] UID=470346704 code=-352 msg=-352
[2026-07-25 03:32:52.226]   [粉丝] UID=470346704 card API失败，尝试 relation API
[2026-07-25 03:32:52.953]   [178/186] UID=470346704 (孤鹜AH) -> 470,782 (更新1条视频)
[2026-07-25 03:32:53.641]   [粉丝-card] UID=1340190821 code=-352 msg=-352
[2026-07-25 03:32:53.645]   [粉丝] UID=1340190821 card API失败，尝试 relation API
[2026-07-25 03:32:54.204]   [179/186] UID=1340190821 (崩坏星穹铁道) -> 12,408,385 (更新1条视频)
[2026-07-25 03:32:54.743]   进度: 180/186
[2026-07-25 03:32:54.913]   [粉丝-card] UID=946974 code=-352 msg=-352
[2026-07-25 03:32:54.919]   [粉丝] UID=946974 card API失败，尝试 relation API
[2026-07-25 03:32:55.691]   [180/186] UID=946974 (影视飓风) -> 16,797,068 (更新2条视频)
[2026-07-25 03:32:56.183]   [粉丝-card] UID=431073645 code=-352 msg=-352
[2026-07-25 03:32:56.188]   [粉丝] UID=431073645 card API失败，尝试 relation API
[2026-07-25 03:32:56.949]   [181/186] UID=431073645 (你的影月月) -> 10,129,788 (更新1条视频)
[2026-07-25 03:32:57.623]   [粉丝-card] UID=304815404 code=-352 msg=-352
[2026-07-25 03:32:57.629]   [粉丝] UID=304815404 card API失败，尝试 relation API
[2026-07-25 03:32:58.407]   [182/186] UID=304815404 (流心影者) -> 566,265 (更新1条视频)
[2026-07-25 03:32:59.213]   [粉丝-card] UID=1879116 code=-352 msg=-352
[2026-07-25 03:32:59.217]   [粉丝] UID=1879116 card API失败，尝试 relation API
[2026-07-25 03:32:59.753]   [183/186] UID=1879116 (董城主) -> 38,315 (更新1条视频)
[2026-07-25 03:33:00.385]   [粉丝-card] UID=11742550 code=-352 msg=-352
[2026-07-25 03:33:00.389]   [粉丝] UID=11742550 card API失败，尝试 relation API
[2026-07-25 03:33:00.965]   [184/186] UID=11742550 (哈米伦的弄笛者) -> 2,842,112 (更新1条视频)
[2026-07-25 03:33:01.736]   [粉丝-card] UID=596842980 code=-352 msg=-352
[2026-07-25 03:33:01.746]   [粉丝] UID=596842980 card API失败，尝试 relation API
[2026-07-25 03:33:02.490]   [185/186] UID=596842980 (南翔) -> 7,120,452 (更新1条视频)
[2026-07-25 03:33:02.994]   [粉丝-card] UID=349524356 code=-352 msg=-352
[2026-07-25 03:33:02.999]   [粉丝] UID=349524356 card API失败，尝试 relation API
[2026-07-25 03:33:03.616]   [粉丝] UID=349524356 relation API失败，尝试 Playwright
[2026-07-25 03:33:10.175]   [粉丝-PW] UID=349524356 页面未找到粉丝数
[2026-07-25 03:33:10.179]   [粉丝] UID=349524356 三级回退全部失败
[2026-07-25 03:33:10.182]   [186/186] UID=349524356 (小菜鸟笑麽_bili) -> 获取失败
[2026-07-25 03:33:10.524] 
[完成] 粉丝数补充: 成功 185, 失败 1
[2026-07-25 03:33:10.526] 
==========================================================================================
[2026-07-25 03:33:10.528]   动量分析 (单次快照模式)
[2026-07-25 03:33:10.530] ==========================================================================================
[2026-07-25 03:33:10.532] 关键词: 全站热门
[2026-07-25 03:33:10.533] 显示数量: 999999
[2026-07-25 03:33:10.535] 评分维度: 播放速率(30%) + 粉丝转化(25%) + 互动密度(20%) + 新鲜度(15%) + 播放量(10%)
[2026-07-25 03:33:10.537] 
[2026-07-25 03:33:10.543] 
动量排行 Top 999999（按综合评分排序）
[2026-07-25 03:33:10.546] ------------------------------------------------------------------------------------------------------------------------------------------------------------------------------------
[2026-07-25 03:33:10.548] 排名   标题                                  播放量 UP主              粉丝      转化      速率/h     互动密度     视频年龄     历史增长     综合分
[2026-07-25 03:33:10.550] ------------------------------------------------------------------------------------------------------------------------------------------------------------------------------------
[2026-07-25 03:33:10.552] 1    《下一个是谁》第七季（2）                 1,524,623 474702359  3,086,012    0.5x     98402    0.434      16h      N/A   0.844
[2026-07-25 03:33:10.553] 2    指鸡为牛、移花接木：营销号看图说话有多离谱？        3,837,816 439478093  4,467,285    0.9x    118403    0.058       1天      N/A   0.724
[2026-07-25 03:33:10.555] 3    连续21天十点睡六点起，我真的会变健康吗？         3,771,461 407054668  6,407,429    0.6x    109335    0.071       1天      N/A   0.707
[2026-07-25 03:33:10.557] 4    《绝区零》蕾米埃尔角色展示 | 恰如往昔          1,907,676 163603489  7,926,505    0.2x    123135    0.139      16h      N/A   0.652
[2026-07-25 03:33:10.558] 5    树恨你                           8,169,933 15634833   30,370,000    0.3x     75725    0.312       4天      N/A   0.632
[2026-07-25 03:33:10.561] 6    成吉思鸡200卢比买一送一，我只要送的那份         3,281,353 158275764   599,329    5.5x     61385    0.084       2天      N/A   0.591
[2026-07-25 03:33:10.563] 7    年度大活！！峰哥cos沙僧，良子cos猪八戒！！！     1,639,489 433004026   329,226    5.0x     46079    0.072       1天      N/A   0.527
[2026-07-25 03:33:10.565] 8    老同学婚礼让我穿最贵的来？                 1,766,178 496116540   112,755   15.7x     43614    0.077       2天      N/A   0.525
[2026-07-25 03:33:10.568] 9    陪莉莉一起吃饭吧～                     1,277,140 118460438   498,147    2.6x     38927    0.103       1天      N/A   0.519
[2026-07-25 03:33:10.570] 10   🐔回 归 鸡 本 功⚡                   2,188,241 140415743   156,979   13.9x     34257    0.063       3天      N/A   0.501
[2026-07-25 03:33:10.572] 11   接着奏乐接着舞！Papi酱《生气了》KPOP版          79,023 1447736       9,084    8.7x     10543    0.134       8h      N/A   0.488
[2026-07-25 03:33:10.573] 12   见蛇不打三分罪？让我们来看看舟山眼镜蛇怎么说          930,630 140938025   646,424    1.4x     28076    0.091       1天      N/A   0.484
[2026-07-25 03:33:10.575] 13   成吉思鸡套餐！鸡佬的成吉思鸡套餐，吃了有力气          961,643 8680974    2,286,445    0.4x     27876    0.070       1天      N/A   0.425
[2026-07-25 03:33:10.578] 14   极寒末日96分钟无删减合集                 1,452,195 370699704    12,118  119.8x     14024    0.091       4天      N/A   0.418
[2026-07-25 03:33:10.580] 15   穿越回100年前，看看苏联建筑到底有多超前！？       1,285,998 8366990    5,856,127    0.2x     37281    0.127       1天      N/A   0.382
[2026-07-25 03:33:10.583] 16   直哉挑衅佐助  十尾空降涩谷                  163,897 349327919  1,297,991    0.1x     22406    0.234       7h      N/A   0.374
[2026-07-25 03:33:10.585] 17   监考小风波                           465,562 373388923  6,348,443    0.1x     49032    0.138      10h      N/A   0.373
[2026-07-25 03:33:10.587] 18   陈翔六点半：有人在这里被爱过，有人在这里学会了爱        268,637 19286458   3,656,925    0.1x     30494    0.113       9h      N/A   0.314
[2026-07-25 03:33:10.590] 19   西班牙赢麻，FIFA赚麻，特朗普乐麻，世界杯谁是输家      164,529 114067257  5,308,416    0.0x     33593    0.124       5h      N/A   0.305
[2026-07-25 03:33:10.592] 20   被3000名网友操控的青海之行，第一顿就吓哭了...      212,371 99157282   8,413,366    0.0x     22179    0.144      10h      N/A   0.284
[2026-07-25 03:33:10.595] ------------------------------------------------------------------------------------------------------------------------------------------------------------------------------------
[2026-07-25 03:33:10.597] 
提示: 综合分 = 播放速率(30%) + 粉丝转化(25%) + 互动密度(20%) + 新鲜度(15%) + 播放量(10%)
[2026-07-25 03:33:10.599]       历史增长列显示多次爬取后的真实增长率，首次爬取为 N/A
[2026-07-25 03:33:10.608] 
[导出] 动量分析结果已保存到 output\全站热门\momentum_20260725_033310.csv
[2026-07-25 03:33:10.612] 
================================================================================
[2026-07-25 03:33:10.614]   标签权重 Top 10 (关键词: 全站热门)
[2026-07-25 03:33:10.616] ================================================================================
[2026-07-25 03:33:10.619] 总视频数: 20 | 不同标签数: 140
[2026-07-25 03:33:10.621] 算法: 标签权重 = 出现视频数 × 平均动量分
[2026-07-25 03:33:10.623] --------------------------------------------------------------------------------
[2026-07-25 03:33:10.626] 排名   标签                       出现次数      覆盖率      平均动量分       标签权重
[2026-07-25 03:33:10.628] --------------------------------------------------------------------------------
[2026-07-25 03:33:10.629] 1    搞笑                          2    10.0%      0.738      1.476
[2026-07-25 03:33:10.632] 2    科普                          2    10.0%      0.716      1.431
[2026-07-25 03:33:10.633] 3    生活                          2    10.0%      0.686      1.371
[2026-07-25 03:33:10.635] 4    cos                         2    10.0%      0.522      1.045
[2026-07-25 03:33:10.636] 5    印度美食                        2    10.0%      0.508      1.016
[2026-07-25 03:33:10.637] 6    街头美食                        2    10.0%      0.508      1.016
[2026-07-25 03:33:10.640] 7    印度老吃家                       2    10.0%      0.508      1.016
[2026-07-25 03:33:10.641] 8    综艺                          1     5.0%      0.844      0.844
[2026-07-25 03:33:10.641] 9    游戏                          1     5.0%      0.844      0.844
[2026-07-25 03:33:10.642] 10   竞技                          1     5.0%      0.844      0.844
[2026-07-25 03:33:10.645] --------------------------------------------------------------------------------
[2026-07-25 03:33:10.647] 说明: 标签权重越高 = 该标签在高动量视频中出现越频繁，越值得关注
[2026-07-25 03:33:10.652] 
[导出] 标签分析已保存到 output\全站热门\tags_20260725_033310.txt
