[2026-07-24 20:39:47.862] 日志文件: logs\spider_20260724_203947.log
[2026-07-24 20:39:47.863] 
==========================================================================================
[2026-07-24 20:39:47.864]   动量分析 (单次快照模式)
[2026-07-24 20:39:47.865] ==========================================================================================
[2026-07-24 20:39:47.866] 关键词: 服饰
[2026-07-24 20:39:47.866] 显示数量: 5
[2026-07-24 20:39:47.867] 评分维度: 播放速率(30%) + 粉丝转化(25%) + 互动密度(20%) + 新鲜度(15%) + 播放量(10%)
[2026-07-24 20:39:47.868] 
[2026-07-24 20:39:47.871] 
动量排行 Top 5（按综合评分排序）
[2026-07-24 20:39:47.872] ------------------------------------------------------------------------------------------------------------------------------------------------------------------------------------
[2026-07-24 20:39:47.872] 排名   标题                                  播放量 UP主              粉丝      转化      速率/h     互动密度     视频年龄     历史增长     综合分
[2026-07-24 20:39:47.873] ------------------------------------------------------------------------------------------------------------------------------------------------------------------------------------
[2026-07-24 20:39:47.873] 1    穿搭测评交友                       14,074,553 480963436         -       -     12182    0.069      48天      N/A   0.443
[2026-07-24 20:39:47.873] 2    幸福了…幸福疯了！                     6,573,147 180926019     4,620 1422.8x       338    0.124     810天      N/A   0.388
[2026-07-24 20:39:47.874] 3    永远都不知道对手是什么“糕手”              11,756,506 354659103         -       -      5702    0.068      86天      N/A   0.270
[2026-07-24 20:39:47.875] 4    『从头看她』1920-2020，中国女性发型的百年变   15,085,101 297344797  1,950,000    7.7x       519    0.201    1212天      N/A   0.262
[2026-07-24 20:39:47.875] 5    No cap =)))                   9,679,011 354686025  9,679,000    1.0x      5619    0.071      72天      N/A   0.260
[2026-07-24 20:39:47.875] ------------------------------------------------------------------------------------------------------------------------------------------------------------------------------------
[2026-07-24 20:39:47.876] 
提示: 综合分 = 播放速率(30%) + 粉丝转化(25%) + 互动密度(20%) + 新鲜度(15%) + 播放量(10%)
[2026-07-24 20:39:47.876]       历史增长列显示多次爬取后的真实增长率，首次爬取为 N/A
