[2026-07-24 20:53:49.103] 日志文件: logs\spider_20260724_205349.log
[2026-07-24 20:53:49.104] ============================================================
[2026-07-24 20:53:49.106]   B站视频爬虫 (增强版)
[2026-07-24 20:53:49.108] ============================================================
[2026-07-24 20:53:49.109] 关键词: 穷人
[2026-07-24 20:53:49.110] 页数: 5
[2026-07-24 20:53:49.111] 排序: click
[2026-07-24 20:53:49.112] 线程数: 3
[2026-07-24 20:53:49.113] 延迟: 1.0s
[2026-07-24 20:53:49.114] 
[2026-07-24 20:53:49.351] [任务] 任务ID: 25
[2026-07-24 20:53:49.353] [搜索] 第 1/5 页...
[2026-07-24 20:53:50.006]   找到 20 个，新增 20 个
[2026-07-24 20:53:51.415] [搜索] 第 2/5 页...
[2026-07-24 20:53:51.906]   找到 20 个，新增 20 个
[2026-07-24 20:53:52.934] [搜索] 第 3/5 页...
[2026-07-24 20:53:53.495]   找到 20 个，新增 20 个
[2026-07-24 20:53:55.014] [搜索] 第 4/5 页...
[2026-07-24 20:53:55.543]   找到 20 个，新增 20 个
[2026-07-24 20:53:57.391] [搜索] 第 5/5 页...
[2026-07-24 20:53:57.898]   找到 20 个，新增 20 个
[2026-07-24 20:53:59.156] 
[搜索完成] 共 100 个视频，今日已爬 100 个，新增 0 个
[2026-07-24 20:53:59.158] [搜索统计] 搜索失败页数: 0
[2026-07-24 20:53:59.159] [完成] 没有新视频需要爬取
[2026-07-24 20:53:59.192] 
==========================================================================================
[2026-07-24 20:53:59.195]   动量分析 (单次快照模式)
[2026-07-24 20:53:59.197] ==========================================================================================
[2026-07-24 20:53:59.198] 关键词: 穷人
[2026-07-24 20:53:59.199] 显示数量: 20
[2026-07-24 20:53:59.201] 评分维度: 播放速率(30%) + 粉丝转化(25%) + 互动密度(20%) + 新鲜度(15%) + 播放量(10%)
[2026-07-24 20:53:59.202] 
[2026-07-24 20:53:59.214] 
动量排行 Top 20（按综合评分排序）
[2026-07-24 20:53:59.217] ------------------------------------------------------------------------------------------------------------------------------------------------------------------------------------
[2026-07-24 20:53:59.218] 排名   标题                                  播放量 UP主              粉丝      转化      速率/h     互动密度     视频年龄     历史增长     综合分
[2026-07-24 20:53:59.219] ------------------------------------------------------------------------------------------------------------------------------------------------------------------------------------
[2026-07-24 20:53:59.220] 1    “穷人最大的托举，是不让苦难代代相传”           5,310,226 354666139         -       -     10276    0.008      22天      N/A   0.364
[2026-07-24 20:53:59.222] 2    穷人版五星级餐厅，这套餐有力气               2,255,525 158275764   599,329    3.8x      7867    0.095      12天      N/A   0.360
[2026-07-24 20:53:59.224] 3    【emo】“穷人最大的托举， 是不让苦难代代相传”【    2,834,414 103762531         -       -      9696    0.004      12天      N/A   0.342
[2026-07-24 20:53:59.225] 4    【Reaction】穷人永远接触不到的场景         4,607,950 300994119  4,535,128    1.0x      5796    0.064      33天      N/A   0.263
[2026-07-24 20:53:59.227] 5    为什么美国的穷人害怕汉堡，却不多吃健康食品？        2,911,137 21480761         80 36389.2x        72    0.004    1686天      N/A   0.261
[2026-07-24 20:53:59.229] 6    热搜上被群嘲的“穷人自助餐”事件，暴露出多少人可笑的    3,684,191 30947486   1,216,647    3.0x      5868    0.024      26天      N/A   0.239
[2026-07-24 20:53:59.230] 7    热搜上恶毒的“穷人碳水脸”事件，暴露了多少“精神有钱    7,644,402 30947486   1,216,647    6.3x      5208    0.016      61天      N/A   0.224
[2026-07-24 20:53:59.231] 8    “1.7元红烧肉盒饭”被挂上热搜，暴露出“穷人梗”背   16,877,618 30947486   1,216,647   13.9x      3947    0.017     178天      N/A   0.215
[2026-07-24 20:53:59.234] 9    在美国的穷人和富人，会被区别对待吗？我分别测试了一下    5,052,580 78021099    336,663   15.0x      5376    0.017      39天      N/A   0.215
[2026-07-24 20:53:59.235] 10   我因批评数十万自称老奴的人被骂，但被骂再狠，我也不会    3,347,311 680677803  3,835,003    0.9x       108    0.241    1290天      N/A   0.211
[2026-07-24 20:53:59.237] 11   【半佛】买不起奢侈品就是穷人吗？不，是聪明人       10,356,778 37663924          -       -       181    0.187    2379天      N/A   0.209
[2026-07-24 20:53:59.238] 12   小某书上被群嘲的“穷人吃甜品”事件，炸出多少讨厌的“   16,246,100 30947486   1,216,647   13.3x      3504    0.022     193天      N/A   0.203
[2026-07-24 20:53:59.242] 13   为什么要远离地雷女？日本精神小妹有多可怕。。【世界女   19,429,319 6574487    4,810,071    4.0x      1767    0.045     458天      N/A   0.189
[2026-07-24 20:53:59.244] 14   疫情，正逼死美国穷人 | 剖析美国医保顽疾 + 中国    3,497,588 478269351   687,320    5.1x        63    0.210    2304天      N/A   0.185
[2026-07-24 20:53:59.246] 15   穷人是假的？农村人不可能长这样？我要用100个农民实    3,147,865 680677803  3,835,003    0.8x        94    0.206    1398天      N/A   0.181
[2026-07-24 20:53:59.247] 16   数万人争着当奴才，疯狂给少爷送礼，这是时代的悲哀！【    5,054,618 680677803  3,835,003    1.3x       163    0.145    1295天      N/A   0.143
[2026-07-24 20:53:59.249] 17   【围炉夜话】为何我们如此贫穷？不只是缺钱那么简单。     3,815,117 79577853   4,221,146    0.9x        91    0.154    1747天      N/A   0.141
[2026-07-24 20:53:59.251] 18   介绍一条穷人跨越阶级的可行之路（保证干货，非鸡汤）     2,128,105 312098823   690,515    3.1x        57    0.163    1548天      N/A   0.138
[2026-07-24 20:53:59.253] 19   逆天！美国人推出杀人合法日？为控制人口不惜自相残杀，    9,944,498 395991094         -       -      2299    0.022     180天      N/A   0.132
[2026-07-24 20:53:59.254] 20   鼠鼠很后悔，碰了穷人不配学的专业              3,793,144 2877695     535,021    7.1x       123    0.135    1281天      N/A   0.127
[2026-07-24 20:53:59.255] ------------------------------------------------------------------------------------------------------------------------------------------------------------------------------------
[2026-07-24 20:53:59.257] 
提示: 综合分 = 播放速率(30%) + 粉丝转化(25%) + 互动密度(20%) + 新鲜度(15%) + 播放量(10%)
[2026-07-24 20:53:59.258]       历史增长列显示多次爬取后的真实增长率，首次爬取为 N/A
[2026-07-24 20:53:59.262] 
[导出] 动量分析结果已保存到 output\穷人\momentum_20260724_205359.csv
[2026-07-24 20:53:59.274] 
[导出] 动量分析结果已保存到 output\穷人\momentum_20260724_205359.csv
