[2026-07-24 19:43:53.500] 日志文件: logs\spider_20260724_194353.log
[2026-07-24 19:43:53.501] ============================================================
[2026-07-24 19:43:53.502]   B站视频爬虫 (增强版)
[2026-07-24 19:43:53.502] ============================================================
[2026-07-24 19:43:53.503] 关键词: 服饰
[2026-07-24 19:43:53.504] 页数: 5
[2026-07-24 19:43:53.505] 排序: click
[2026-07-24 19:43:53.505] 线程数: 3
[2026-07-24 19:43:53.506] 延迟: 1.0s
[2026-07-24 19:43:53.507] 
[2026-07-24 19:43:53.543] [任务] 任务ID: 18
[2026-07-24 19:43:53.543] [搜索] 第 1/5 页...
[2026-07-24 19:43:53.982]   找到 20 个，新增 20 个
[2026-07-24 19:43:55.434] [搜索] 第 2/5 页...
[2026-07-24 19:43:55.656]   [限流] 第2页 等待 5 秒后重试 (1/3)...
[2026-07-24 19:44:00.802]   [限流] 第2页 等待 10 秒后重试 (2/3)...
[2026-07-24 19:44:10.919]   [限流] 第2页 等待 15 秒后重试 (3/3)...
[2026-07-24 19:44:25.922]   [失败] 第2页 超过最大重试次数
[2026-07-24 19:44:25.924]   失败，跳过
[2026-07-24 19:44:29.813] [搜索] 第 3/5 页...
[2026-07-24 19:44:30.331]   找到 20 个，新增 20 个
[2026-07-24 19:44:31.942] [搜索] 第 4/5 页...
[2026-07-24 19:44:32.119]   [限流] 第4页 等待 5 秒后重试 (1/3)...
[2026-07-24 19:44:37.284]   [限流] 第4页 等待 10 秒后重试 (2/3)...
[2026-07-24 19:44:47.454]   [限流] 第4页 等待 15 秒后重试 (3/3)...
