[2026-07-24 18:59:45.327] 日志文件: logs\spider_20260724_185945.log
[2026-07-24 18:59:45.355] ============================================================
[2026-07-24 18:59:45.357]   B站视频爬虫 (增强版)
[2026-07-24 18:59:45.358] ============================================================
[2026-07-24 18:59:45.359] 关键词: 服饰
[2026-07-24 18:59:45.360] 页数: 5
[2026-07-24 18:59:45.361] 排序: click
[2026-07-24 18:59:45.363] 线程数: 3
[2026-07-24 18:59:45.364] 延迟: 1.0s
[2026-07-24 18:59:45.365] 
[2026-07-24 18:59:45.376] [任务] 任务ID: 13
[2026-07-24 18:59:45.377] [搜索] 第 1/5 页...
[2026-07-24 18:59:45.830]   找到 20 个，新增 20 个
[2026-07-24 18:59:47.489] [搜索] 第 2/5 页...
[2026-07-24 18:59:47.617]   [限流] 第2页 等待 5 秒后重试 (1/3)...
[2026-07-24 18:59:52.989]   找到 20 个，新增 20 个
[2026-07-24 18:59:54.761] [搜索] 第 3/5 页...
[2026-07-24 18:59:54.917]   [限流] 第3页 等待 5 秒后重试 (1/3)...
[2026-07-24 19:00:00.079]   [限流] 第3页 等待 10 秒后重试 (2/3)...
[2026-07-24 19:00:10.411]   找到 20 个，新增 20 个
[2026-07-24 19:00:11.790] [搜索] 第 4/5 页...
[2026-07-24 19:00:11.918]   [限流] 第4页 等待 5 秒后重试 (1/3)...
[2026-07-24 19:00:17.152]   [限流] 第4页 等待 10 秒后重试 (2/3)...
[2026-07-24 19:00:27.269]   [限流] 第4页 等待 15 秒后重试 (3/3)...
[2026-07-24 19:00:42.271]   [失败] 第4页 超过最大重试次数
[2026-07-24 19:00:42.273]   失败，跳过
[2026-07-24 19:00:45.403] [搜索] 第 5/5 页...
[2026-07-24 19:00:45.754]   找到 20 个，新增 20 个
[2026-07-24 19:00:46.896] 
[搜索完成] 共 80 个视频，今日已爬 40 个，新增 40 个
[2026-07-24 19:00:46.898] [搜索统计] 搜索失败页数: 1
[2026-07-24 19:00:46.899] 
[详情获取] 使用 3 个线程获取视频详情...
[2026-07-24 19:00:49.124]   [1/40] av215376925 ✓
[2026-07-24 19:00:49.378]   [2/40] av116340983733006 ✓
[2026-07-24 19:00:49.718]   [3/40] av114046984524429 ✓
[2026-07-24 19:00:51.130]   [4/40] av904548876 ✓
[2026-07-24 19:00:52.078]   [5/40] av115293246522707 ✓
[2026-07-24 19:00:52.100]   [6/40] av273425877 ✓
[2026-07-24 19:00:52.865]   [7/40] av1304818047 ✓
[2026-07-24 19:00:54.457]   [8/40] av810524939 ✓
[2026-07-24 19:00:54.885]   [9/40] av215696148 ✓
[2026-07-24 19:00:55.350]   [10/40] av116679782697050 ✓
[2026-07-24 19:00:56.733]   [11/40] av719266891 ✓
[2026-07-24 19:00:57.112]   [12/40] av384548393 ✓
[2026-07-24 19:00:58.018]   [13/40] av740750654 ✓
[2026-07-24 19:00:59.602]   [14/40] av751852569 ✓
[2026-07-24 19:00:59.798]   [15/40] av517675878 ✓
[2026-07-24 19:01:00.251]   [16/40] av113714174890165 ✓
[2026-07-24 19:01:02.214]   [17/40] av788457794 ✓
[2026-07-24 19:01:02.271]   [18/40] av115302037717325 ✓
[2026-07-24 19:01:02.502]   [19/40] av115428621882667 ✓
[2026-07-24 19:01:04.518]   [20/40] av1555962819 ✓
[2026-07-24 19:01:04.718]   [21/40] av786818162 ✓
[2026-07-24 19:01:05.332]   [22/40] av544755544 ✓
[2026-07-24 19:01:06.928]   [23/40] av344550414 ✓
[2026-07-24 19:01:07.169]   [24/40] av609493369 ✓
[2026-07-24 19:01:07.392]   [25/40] av703138277 ✓
[2026-07-24 19:01:09.439]   [26/40] av460890334 ✓
[2026-07-24 19:01:09.734]   [27/40] av836805471 ✓
[2026-07-24 19:01:09.900]   [28/40] av116581887640996 ✓
[2026-07-24 19:01:11.774]   [29/40] av303712219 ✓
[2026-07-24 19:01:12.392]   [30/40] av875000124 ✓
[2026-07-24 19:01:12.831]   [31/40] av236886298 ✓
[2026-07-24 19:01:14.384]   [32/40] av601377608 ✓
[2026-07-24 19:01:14.713]   [33/40] av114447808991422 ✓
[2026-07-24 19:01:15.726]   [34/40] av1100587435 ✓
[2026-07-24 19:01:17.033]   [35/40] av116000003459986 ✓
[2026-07-24 19:01:17.265]   [36/40] av462617062 ✓
[2026-07-24 19:01:18.483]   [37/40] av499680325 ✓
[2026-07-24 19:01:19.483]   [38/40] av116770346109104 ✓
[2026-07-24 19:01:19.725]   [39/40] av605251331 ✓
[2026-07-24 19:01:20.708]   [40/40] av113242315690979 ✓
[2026-07-24 19:01:20.715] 
[完成] 成功: 40, 失败: 0
[2026-07-24 19:01:20.717] 
============================================================
[2026-07-24 19:01:20.717]   Top 10 热门视频
[2026-07-24 19:01:20.719] ============================================================
[2026-07-24 19:01:20.719] 
1. 能让裙子一秒遇光变色？是什么神奇的染料？
[2026-07-24 19:01:20.720]    播放: 5,858,257 | 弹幕: 39 | 收藏: 48,886 | 评论: 119
[2026-07-24 19:01:20.721] 
2. 请选择你的海岛度假穿搭！
[2026-07-24 19:01:20.724]    播放: 5,771,545 | 弹幕: 1,715 | 收藏: 87,384 | 评论: 2,473
[2026-07-24 19:01:20.728] 
3. 随机生成穿搭挑战｜ 穿成这样去见男朋友的父母可以吗？
[2026-07-24 19:01:20.729]    播放: 5,719,346 | 弹幕: 1,370 | 收藏: 21,822 | 评论: 1,830
[2026-07-24 19:01:20.731] 
4. 听说你们想看我穿红蓝洞洞裙？
[2026-07-24 19:01:20.732]    播放: 5,715,040 | 弹幕: 500 | 收藏: 18,732 | 评论: 949
[2026-07-24 19:01:20.734] 
5. 剪个头发还被调戏了～
[2026-07-24 19:01:20.735]    播放: 5,694,430 | 弹幕: 6,010 | 收藏: 35,328 | 评论: 3,159
[2026-07-24 19:01:20.738] 
6. 旗 袍 皮 肤 典 藏 版
[2026-07-24 19:01:20.740]    播放: 5,636,259 | 弹幕: 1,161 | 收藏: 50,288 | 评论: 3,548
[2026-07-24 19:01:20.744] 
7. 这个牌子是懂流苏裙该怎么做才好看的
[2026-07-24 19:01:20.747]    播放: 5,622,741 | 弹幕: 3,151 | 收藏: 134,224 | 评论: 2,127
[2026-07-24 19:01:20.749] 
8. 盘点全网六大潮流男神，你认为哪个帅？
[2026-07-24 19:01:20.752]    播放: 5,610,787 | 弹幕: 132 | 收藏: 57,589 | 评论: 60
[2026-07-24 19:01:20.754] 
9. 18岁的大叔，谁不爱呢
[2026-07-24 19:01:20.758]    播放: 5,603,006 | 弹幕: 4,408 | 收藏: 32,859 | 评论: 3,899
[2026-07-24 19:01:20.759] 
10. 是泳装cos！
[2026-07-24 19:01:20.762]    播放: 5,574,172 | 弹幕: 3,628 | 收藏: 185,341 | 评论: 4,538
[2026-07-24 19:01:20.764] 
================================================================================
[2026-07-24 19:01:20.766]   动量分析 (增强版)
[2026-07-24 19:01:20.767] ================================================================================
[2026-07-24 19:01:20.771] 关键词: 服饰
[2026-07-24 19:01:20.774] 指标: play_nums
[2026-07-24 19:01:20.778] 显示数量: 5
[2026-07-24 19:01:20.780] 
[2026-07-24 19:01:20.787] 
动量排行 Top 5（按综合评分排序）
[2026-07-24 19:01:20.788] --------------------------------------------------------------------------------------------------------------------------------------------
[2026-07-24 19:01:20.792] 排名   标题                                         当前播放量 UP主                    粉丝数        转化率       总增长%        日均%    数据点 状态          
[2026-07-24 19:01:20.793] --------------------------------------------------------------------------------------------------------------------------------------------
[2026-07-24 19:01:20.794] 1    摆脱春夏内衣“闷热”！与内衣和解，小胸显大不空杯！             22,790,190 457226461                -          -        N/A        N/A      0 无历史数据       
[2026-07-24 19:01:20.796] 2    『从头看她』1920-2020，中国女性发型的百年变迁           15,085,101 297344797                -          -        N/A        N/A      0 无历史数据       
[2026-07-24 19:01:20.797] 3    1920-2020 百年变迁，我眼中的中国女性真实之美。          14,190,477 297344797                -          -        N/A        N/A      0 无历史数据       
[2026-07-24 19:01:20.799] 4    穿搭测评交友                                14,074,553 480963436                -          -        N/A        N/A      0 无历史数据       
[2026-07-24 19:01:20.799] 5    “他们不像是走秀，倒像是来赴宴的......”| 前方高能·国风大     13,524,237 11860785                 -          -        N/A        N/A      0 无历史数据       
[2026-07-24 19:01:20.802] --------------------------------------------------------------------------------------------------------------------------------------------
