[2026-07-25 02:17:26.429] 日志文件: logs\spider_20260725_021726.log
[2026-07-25 02:17:26.432] ============================================================
[2026-07-25 02:17:26.434]   B站视频爬虫 (增强版)
[2026-07-25 02:17:26.437] ============================================================
[2026-07-25 02:17:26.439] 关键词: 降价
[2026-07-25 02:17:26.440] 页数: 5
[2026-07-25 02:17:26.442] 排序: click
[2026-07-25 02:17:26.445] 线程数: 5
[2026-07-25 02:17:26.446] 延迟: 1.0s
[2026-07-25 02:17:26.447] 
[2026-07-25 02:17:26.592] [任务] 任务ID: 41
[2026-07-25 02:17:26.597] [搜索] 第 1/5 页...
[2026-07-25 02:17:27.475]   找到 20 个，新增 20 个
[2026-07-25 02:17:28.866] [搜索] 第 2/5 页...
[2026-07-25 02:17:29.334]   找到 20 个，新增 20 个
[2026-07-25 02:17:31.323] [搜索] 第 3/5 页...
[2026-07-25 02:17:31.975]   找到 20 个，新增 20 个
[2026-07-25 02:17:33.065] [搜索] 第 4/5 页...
[2026-07-25 02:17:33.684]   找到 20 个，新增 20 个
[2026-07-25 02:17:34.747] [搜索] 第 5/5 页...
[2026-07-25 02:17:35.220]   找到 20 个，新增 20 个
[2026-07-25 02:17:36.905] 
[搜索完成] 共 100 个视频，今日已爬 2 个，新增 98 个
[2026-07-25 02:17:36.910] [搜索统计] 搜索失败页数: 0
[2026-07-25 02:17:36.915] 
[详情获取] 使用 5 个线程获取视频详情...
[2026-07-25 02:17:38.286]   [评论限流] av536771359 等待 3 秒后重试 (1/3)...
[2026-07-25 02:17:38.528]   [评论限流] av359993380 等待 3 秒后重试 (1/3)...
[2026-07-25 02:17:38.632]   [评论限流] av113860036003132 等待 3 秒后重试 (1/3)...
[2026-07-25 02:17:38.841]   [评论限流] av254744797 等待 3 秒后重试 (1/3)...
[2026-07-25 02:17:39.051]   [评论限流] av435837037 等待 3 秒后重试 (1/3)...
[2026-07-25 02:17:41.642]   [评论限流] av536771359 等待 6 秒后重试 (2/3)...
[2026-07-25 02:17:41.991]   [评论限流] av359993380 等待 6 秒后重试 (2/3)...
[2026-07-25 02:17:42.034]   [评论限流] av113860036003132 等待 6 秒后重试 (2/3)...
[2026-07-25 02:17:42.215]   [评论限流] av254744797 等待 6 秒后重试 (2/3)...
[2026-07-25 02:17:42.396]   [评论限流] av435837037 等待 6 秒后重试 (2/3)...
[2026-07-25 02:17:48.095]   [1/98] av536771359 ✓
[2026-07-25 02:17:48.454]   [2/98] av359993380 ✓
[2026-07-25 02:17:48.472]   [3/98] av113860036003132 ✓
[2026-07-25 02:17:48.718]   [4/98] av254744797 ✓
[2026-07-25 02:17:48.808]   [5/98] av435837037 ✓
[2026-07-25 02:17:49.399]   [评论限流] av113626799148948 等待 3 秒后重试 (1/3)...
[2026-07-25 02:17:50.021]   [评论限流] av113582641513974 等待 3 秒后重试 (1/3)...
[2026-07-25 02:17:50.196]   [评论限流] av116751874461133 等待 3 秒后重试 (1/3)...
[2026-07-25 02:17:50.457]   [评论限流] av357919373 等待 3 秒后重试 (1/3)...
[2026-07-25 02:17:50.471]   [评论限流] av115466538388645 等待 3 秒后重试 (1/3)...
[2026-07-25 02:17:52.823]   [评论限流] av113626799148948 等待 6 秒后重试 (2/3)...
[2026-07-25 02:17:53.450]   [评论限流] av113582641513974 等待 6 秒后重试 (2/3)...
[2026-07-25 02:17:53.568]   [评论限流] av116751874461133 等待 6 秒后重试 (2/3)...
[2026-07-25 02:17:53.833]   [评论限流] av115466538388645 等待 6 秒后重试 (2/3)...
[2026-07-25 02:17:53.862]   [评论限流] av357919373 等待 6 秒后重试 (2/3)...
[2026-07-25 02:17:59.440]   [6/98] av113626799148948 ✓
[2026-07-25 02:17:59.847]   [7/98] av113582641513974 ✓
[2026-07-25 02:18:00.076]   [8/98] av116751874461133 ✓
[2026-07-25 02:18:00.246]   [9/98] av357919373 ✓
[2026-07-25 02:18:00.275]   [10/98] av115466538388645 ✓
[2026-07-25 02:18:01.437]   [评论限流] av116775412834224 等待 3 秒后重试 (1/3)...
[2026-07-25 02:18:01.673]   [评论限流] av211747764 等待 3 秒后重试 (1/3)...
[2026-07-25 02:18:01.821]   [评论限流] av1505808276 等待 3 秒后重试 (1/3)...
[2026-07-25 02:18:02.051]   [评论限流] av1701209665 等待 3 秒后重试 (1/3)...
[2026-07-25 02:18:02.089]   [评论限流] av568987400 等待 3 秒后重试 (1/3)...
[2026-07-25 02:18:04.783]   [评论限流] av116775412834224 等待 6 秒后重试 (2/3)...
[2026-07-25 02:18:05.151]   [评论限流] av211747764 等待 6 秒后重试 (2/3)...
[2026-07-25 02:18:05.173]   [评论限流] av1505808276 等待 6 秒后重试 (2/3)...
[2026-07-25 02:18:05.365]   [评论限流] av1701209665 等待 6 秒后重试 (2/3)...
[2026-07-25 02:18:05.477]   [评论限流] av568987400 等待 6 秒后重试 (2/3)...
[2026-07-25 02:18:11.209]   [11/98] av116775412834224 ✓
[2026-07-25 02:18:11.611]   [12/98] av211747764 ✓
[2026-07-25 02:18:11.777]   [13/98] av1701209665 ✓
[2026-07-25 02:18:11.789]   [14/98] av1505808276 ✓
[2026-07-25 02:18:11.906]   [15/98] av568987400 ✓
[2026-07-25 02:18:12.679]   [评论限流] av1401839645 等待 3 秒后重试 (1/3)...
[2026-07-25 02:18:13.365]   [评论限流] av382260407 等待 3 秒后重试 (1/3)...
[2026-07-25 02:18:13.372]   [评论限流] av113219666449194 等待 3 秒后重试 (1/3)...
[2026-07-25 02:18:13.392]   [评论限流] av1304441445 等待 3 秒后重试 (1/3)...
[2026-07-25 02:18:13.431]   [评论限流] av1901242711 等待 3 秒后重试 (1/3)...
[2026-07-25 02:18:16.080]   [评论限流] av1401839645 等待 6 秒后重试 (2/3)...
[2026-07-25 02:18:16.724]   [评论限流] av382260407 等待 6 秒后重试 (2/3)...
[2026-07-25 02:18:16.829]   [评论限流] av1901242711 等待 6 秒后重试 (2/3)...
[2026-07-25 02:18:16.839]   [评论限流] av113219666449194 等待 6 秒后重试 (2/3)...
[2026-07-25 02:18:16.871]   [评论限流] av1304441445 等待 6 秒后重试 (2/3)...
[2026-07-25 02:18:22.488]   [16/98] av1401839645 ✓
[2026-07-25 02:18:23.174]   [17/98] av382260407 ✓
[2026-07-25 02:18:23.372]   [18/98] av1304441445 ✓
[2026-07-25 02:18:23.413]   [19/98] av1901242711 ✓
[2026-07-25 02:18:23.418]   [20/98] av113219666449194 ✓
[2026-07-25 02:18:24.256]   [评论限流] av245182921 等待 3 秒后重试 (1/3)...
[2026-07-25 02:18:24.970]   [评论限流] av1052871138 等待 3 秒后重试 (1/3)...
[2026-07-25 02:18:25.152]   [评论限流] av207042838 等待 3 秒后重试 (1/3)...
[2026-07-25 02:18:25.373]   [评论限流] av741604450 等待 3 秒后重试 (1/3)...
[2026-07-25 02:18:25.421]   [评论限流] av634781506 等待 3 秒后重试 (1/3)...
[2026-07-25 02:18:27.580]   [评论限流] av245182921 等待 6 秒后重试 (2/3)...
[2026-07-25 02:18:28.332]   [评论限流] av1052871138 等待 6 秒后重试 (2/3)...
[2026-07-25 02:18:28.600]   [评论限流] av207042838 等待 6 秒后重试 (2/3)...
[2026-07-25 02:18:28.742]   [评论限流] av741604450 等待 6 秒后重试 (2/3)...
[2026-07-25 02:18:28.812]   [评论限流] av634781506 等待 6 秒后重试 (2/3)...
[2026-07-25 02:18:34.038]   [21/98] av245182921 ✓
[2026-07-25 02:18:34.765]   [22/98] av1052871138 ✓
[2026-07-25 02:18:35.089]   [23/98] av207042838 ✓
[2026-07-25 02:18:35.226]   [24/98] av634781506 ✓
[2026-07-25 02:18:35.276]   [25/98] av741604450 ✓
[2026-07-25 02:18:35.501]   [评论限流] av1703028910 等待 3 秒后重试 (1/3)...
[2026-07-25 02:18:36.214]   [评论限流] av1101369135 等待 3 秒后重试 (1/3)...
[2026-07-25 02:18:36.350]   [评论限流] av904023550 等待 3 秒后重试 (1/3)...
[2026-07-25 02:18:36.801]   [评论限流] av115439191462968 等待 3 秒后重试 (1/3)...
[2026-07-25 02:18:36.842]   [评论限流] av994918569 等待 3 秒后重试 (1/3)...
[2026-07-25 02:18:38.792]   [评论限流] av1703028910 等待 6 秒后重试 (2/3)...
[2026-07-25 02:18:39.632]   [评论限流] av1101369135 等待 6 秒后重试 (2/3)...
[2026-07-25 02:18:39.703]   [评论限流] av904023550 等待 6 秒后重试 (2/3)...
[2026-07-25 02:18:40.191]   [评论限流] av115439191462968 等待 6 秒后重试 (2/3)...
[2026-07-25 02:18:40.223]   [评论限流] av994918569 等待 6 秒后重试 (2/3)...
[2026-07-25 02:18:45.226]   [26/98] av1703028910 ✓
[2026-07-25 02:18:46.082]   [27/98] av904023550 ✓
[2026-07-25 02:18:46.104]   [28/98] av1101369135 ✓
[2026-07-25 02:18:46.625]   [29/98] av115439191462968 ✓
[2026-07-25 02:18:46.633]   [30/98] av994918569 ✓
[2026-07-25 02:18:47.009]   [评论限流] av1603939915 等待 3 秒后重试 (1/3)...
[2026-07-25 02:18:47.733]   [评论限流] av1151017741 等待 3 秒后重试 (1/3)...
[2026-07-25 02:18:47.840]   [评论限流] av878645931 等待 3 秒后重试 (1/3)...
[2026-07-25 02:18:48.082]   [评论限流] av619925724 等待 3 秒后重试 (1/3)...
[2026-07-25 02:18:48.360]   [评论限流] av523433950 等待 3 秒后重试 (1/3)...
[2026-07-25 02:18:50.460]   [评论限流] av1603939915 等待 6 秒后重试 (2/3)...
[2026-07-25 02:18:51.026]   [评论限流] av1151017741 等待 6 秒后重试 (2/3)...
[2026-07-25 02:18:51.165]   [评论限流] av878645931 等待 6 秒后重试 (2/3)...
[2026-07-25 02:18:51.376]   [评论限流] av619925724 等待 6 秒后重试 (2/3)...
[2026-07-25 02:18:51.870]   [31/98] av523433950 ✓
[2026-07-25 02:18:53.501]   [评论限流] av116576317606691 等待 3 秒后重试 (1/3)...
[2026-07-25 02:18:56.785]   [32/98] av1603939915 ✓
[2026-07-25 02:18:56.832]   [评论限流] av116576317606691 等待 6 秒后重试 (2/3)...
[2026-07-25 02:18:57.701]   [33/98] av1151017741 ✓
[2026-07-25 02:18:57.706]   [34/98] av878645931 ✓
[2026-07-25 02:18:57.719]   [35/98] av619925724 ✓
[2026-07-25 02:18:58.020]   [评论限流] av534029789 等待 3 秒后重试 (1/3)...
[2026-07-25 02:18:59.296]   [评论限流] av78617329 等待 3 秒后重试 (1/3)...
[2026-07-25 02:18:59.324]   [评论限流] av114833768849058 等待 3 秒后重试 (1/3)...
[2026-07-25 02:18:59.352]   [评论限流] av113824619369429 等待 3 秒后重试 (1/3)...
[2026-07-25 02:19:01.460]   [评论限流] av534029789 等待 6 秒后重试 (2/3)...
[2026-07-25 02:19:02.711]   [评论限流] av114833768849058 等待 6 秒后重试 (2/3)...
[2026-07-25 02:19:02.721]   [评论限流] av78617329 等待 6 秒后重试 (2/3)...
[2026-07-25 02:19:02.761]   [评论限流] av113824619369429 等待 6 秒后重试 (2/3)...
[2026-07-25 02:19:03.174]   [36/98] av116576317606691 ✓
[2026-07-25 02:19:04.520]   [评论限流] av114564360309494 等待 3 秒后重试 (1/3)...
[2026-07-25 02:19:07.852]   [评论限流] av114564360309494 等待 6 秒后重试 (2/3)...
[2026-07-25 02:19:07.879]   [37/98] av534029789 ✓
[2026-07-25 02:19:09.055]   [38/98] av114833768849058 ✓
[2026-07-25 02:19:09.138]   [39/98] av113824619369429 ✓
[2026-07-25 02:19:09.178]   [40/98] av78617329 ✓
[2026-07-25 02:19:09.599]   [评论限流] av1806499015 等待 3 秒后重试 (1/3)...
[2026-07-25 02:19:10.536]   [评论限流] av115506803710640 等待 3 秒后重试 (1/3)...
[2026-07-25 02:19:10.744]   [评论限流] av1800822732 等待 3 秒后重试 (1/3)...
[2026-07-25 02:19:10.928]   [评论限流] av116815091013298 等待 3 秒后重试 (1/3)...
[2026-07-25 02:19:12.902]   [评论限流] av1806499015 等待 6 秒后重试 (2/3)...
[2026-07-25 02:19:13.837]   [评论限流] av115506803710640 等待 6 秒后重试 (2/3)...
[2026-07-25 02:19:14.077]   [评论限流] av1800822732 等待 6 秒后重试 (2/3)...
[2026-07-25 02:19:14.233]   [41/98] av114564360309494 ✓
[2026-07-25 02:19:14.241]   [评论限流] av116815091013298 等待 6 秒后重试 (2/3)...
[2026-07-25 02:19:16.002]   [评论限流] av115991547747043 等待 3 秒后重试 (1/3)...
[2026-07-25 02:19:19.267]   [42/98] av1806499015 ✓
[2026-07-25 02:19:19.361]   [评论限流] av115991547747043 等待 6 秒后重试 (2/3)...
[2026-07-25 02:19:20.217]   [43/98] av115506803710640 ✓
[2026-07-25 02:19:20.584]   [44/98] av1800822732 ✓
[2026-07-25 02:19:20.740]   [45/98] av116815091013298 ✓
[2026-07-25 02:19:21.131]   [评论限流] av1356003743 等待 3 秒后重试 (1/3)...
[2026-07-25 02:19:21.895]   [评论限流] av115177617889289 等待 3 秒后重试 (1/3)...
[2026-07-25 02:19:22.009]   [评论限流] av115186023342055 等待 3 秒后重试 (1/3)...
[2026-07-25 02:19:22.420]   [评论限流] av1954264176 等待 3 秒后重试 (1/3)...
[2026-07-25 02:19:24.441]   [评论限流] av1356003743 等待 6 秒后重试 (2/3)...
[2026-07-25 02:19:25.261]   [评论限流] av115177617889289 等待 6 秒后重试 (2/3)...
[2026-07-25 02:19:25.442]   [评论限流] av115186023342055 等待 6 秒后重试 (2/3)...
[2026-07-25 02:19:25.757]   [46/98] av115991547747043 ✓
[2026-07-25 02:19:25.850]   [评论限流] av1954264176 等待 6 秒后重试 (2/3)...
[2026-07-25 02:19:27.756]   [评论限流] av673775405 等待 3 秒后重试 (1/3)...
[2026-07-25 02:19:30.782]   [47/98] av1356003743 ✓
[2026-07-25 02:19:31.162]   [评论限流] av673775405 等待 6 秒后重试 (2/3)...
[2026-07-25 02:19:31.690]   [48/98] av115177617889289 ✓
[2026-07-25 02:19:31.834]   [49/98] av115186023342055 ✓
[2026-07-25 02:19:32.233]   [50/98] av1954264176 ✓
[2026-07-25 02:19:32.569]   [评论限流] av614439624 等待 3 秒后重试 (1/3)...
[2026-07-25 02:19:33.427]   [评论限流] av1650886322 等待 3 秒后重试 (1/3)...
[2026-07-25 02:19:33.794]   [评论限流] av400193339 等待 3 秒后重试 (1/3)...
[2026-07-25 02:19:33.950]   [评论限流] av1100187722 等待 3 秒后重试 (1/3)...
[2026-07-25 02:19:36.073]   [评论限流] av614439624 等待 6 秒后重试 (2/3)...
[2026-07-25 02:19:36.881]   [评论限流] av1650886322 等待 6 秒后重试 (2/3)...
[2026-07-25 02:19:37.208]   [评论限流] av400193339 等待 6 秒后重试 (2/3)...
[2026-07-25 02:19:37.311]   [评论限流] av1100187722 等待 6 秒后重试 (2/3)...
[2026-07-25 02:19:37.556]   [51/98] av673775405 ✓
[2026-07-25 02:19:38.980]   [评论限流] av985638233 等待 3 秒后重试 (1/3)...
[2026-07-25 02:19:42.335]   [评论限流] av985638233 等待 6 秒后重试 (2/3)...
[2026-07-25 02:19:42.468]   [52/98] av614439624 ✓
[2026-07-25 02:19:43.292]   [53/98] av1650886322 ✓
[2026-07-25 02:19:43.648]   [54/98] av1100187722 ✓
[2026-07-25 02:19:43.653]   [55/98] av400193339 ✓
[2026-07-25 02:19:43.931]   [评论限流] av1756053587 等待 3 秒后重试 (1/3)...
[2026-07-25 02:19:44.730]   [评论限流] av1906301806 等待 3 秒后重试 (1/3)...
[2026-07-25 02:19:45.267]   [评论限流] av402026390 等待 3 秒后重试 (1/3)...
[2026-07-25 02:19:45.314]   [评论限流] av114948088795826 等待 3 秒后重试 (1/3)...
[2026-07-25 02:19:47.227]   [评论限流] av1756053587 等待 6 秒后重试 (2/3)...
[2026-07-25 02:19:48.061]   [评论限流] av1906301806 等待 6 秒后重试 (2/3)...
[2026-07-25 02:19:48.644]   [评论限流] av114948088795826 等待 6 秒后重试 (2/3)...
[2026-07-25 02:19:48.651]   [评论限流] av402026390 等待 6 秒后重试 (2/3)...
[2026-07-25 02:19:48.660]   [56/98] av985638233 ✓
[2026-07-25 02:19:50.089]   [评论限流] av544410123 等待 3 秒后重试 (1/3)...
[2026-07-25 02:19:53.469]   [评论限流] av544410123 等待 6 秒后重试 (2/3)...
[2026-07-25 02:19:53.627]   [57/98] av1756053587 ✓
[2026-07-25 02:19:54.443]   [58/98] av1906301806 ✓
[2026-07-25 02:19:54.943]   [59/98] av402026390 ✓
[2026-07-25 02:19:54.979]   [60/98] av114948088795826 ✓
[2026-07-25 02:19:55.044]   [评论限流] av993158969 等待 3 秒后重试 (1/3)...
[2026-07-25 02:19:56.295]   [评论限流] av389307710 等待 3 秒后重试 (1/3)...
[2026-07-25 02:19:56.432]   [评论限流] av1400933323 等待 3 秒后重试 (1/3)...
[2026-07-25 02:19:56.510]   [评论限流] av113083670398990 等待 3 秒后重试 (1/3)...
[2026-07-25 02:19:58.463]   [评论限流] av993158969 等待 6 秒后重试 (2/3)...
[2026-07-25 02:19:59.831]   [61/98] av389307710 ✓
[2026-07-25 02:19:59.932]   [评论限流] av1400933323 等待 6 秒后重试 (2/3)...
[2026-07-25 02:19:59.960]   [评论限流] av113083670398990 等待 6 秒后重试 (2/3)...
[2026-07-25 02:19:59.986]   [62/98] av544410123 ✓
[2026-07-25 02:20:01.539]   [评论限流] av113501691445689 等待 3 秒后重试 (1/3)...
[2026-07-25 02:20:01.610]   [评论限流] av114109311950717 等待 3 秒后重试 (1/3)...
[2026-07-25 02:20:04.886]   [63/98] av993158969 ✓
[2026-07-25 02:20:04.894]   [评论限流] av113501691445689 等待 6 秒后重试 (2/3)...
[2026-07-25 02:20:05.031]   [评论限流] av114109311950717 等待 6 秒后重试 (2/3)...
[2026-07-25 02:20:06.311]   [评论限流] av115484875885720 等待 3 秒后重试 (1/3)...
[2026-07-25 02:20:06.357]   [64/98] av1400933323 ✓
[2026-07-25 02:20:06.389]   [65/98] av113083670398990 ✓
[2026-07-25 02:20:07.834]   [评论限流] av115517289402899 等待 3 秒后重试 (1/3)...
[2026-07-25 02:20:07.936]   [评论限流] av114397024421956 等待 3 秒后重试 (1/3)...
[2026-07-25 02:20:09.662]   [评论限流] av115484875885720 等待 6 秒后重试 (2/3)...
[2026-07-25 02:20:11.331]   [评论限流] av115517289402899 等待 6 秒后重试 (2/3)...
[2026-07-25 02:20:11.341]   [评论限流] av114397024421956 等待 6 秒后重试 (2/3)...
[2026-07-25 02:20:11.376]   [66/98] av113501691445689 ✓
[2026-07-25 02:20:11.485]   [67/98] av114109311950717 ✓
[2026-07-25 02:20:12.910]   [评论限流] av114098893228844 等待 3 秒后重试 (1/3)...
[2026-07-25 02:20:13.095]   [评论限流] av496203419 等待 3 秒后重试 (1/3)...
[2026-07-25 02:20:16.060]   [68/98] av115484875885720 ✓
[2026-07-25 02:20:16.274]   [评论限流] av114098893228844 等待 6 秒后重试 (2/3)...
[2026-07-25 02:20:16.427]   [评论限流] av496203419 等待 6 秒后重试 (2/3)...
[2026-07-25 02:20:17.648]   [评论限流] av115506854104134 等待 3 秒后重试 (1/3)...
[2026-07-25 02:20:17.723]   [69/98] av115517289402899 ✓
[2026-07-25 02:20:17.737]   [70/98] av114397024421956 ✓
[2026-07-25 02:20:19.840]   [评论限流] av355184350 等待 3 秒后重试 (1/3)...
[2026-07-25 02:20:19.879]   [评论限流] av568011324 等待 3 秒后重试 (1/3)...
[2026-07-25 02:20:21.001]   [评论限流] av115506854104134 等待 6 秒后重试 (2/3)...
[2026-07-25 02:20:22.715]   [71/98] av114098893228844 ✓
[2026-07-25 02:20:22.819]   [72/98] av496203419 ✓
[2026-07-25 02:20:23.272]   [评论限流] av355184350 等待 6 秒后重试 (2/3)...
[2026-07-25 02:20:23.310]   [评论限流] av568011324 等待 6 秒后重试 (2/3)...
[2026-07-25 02:20:24.392]   [评论限流] av1200809670 等待 3 秒后重试 (1/3)...
[2026-07-25 02:20:24.452]   [评论限流] av114985535672183 等待 3 秒后重试 (1/3)...
[2026-07-25 02:20:27.354]   [73/98] av115506854104134 ✓
[2026-07-25 02:20:27.799]   [评论限流] av1200809670 等待 6 秒后重试 (2/3)...
[2026-07-25 02:20:27.930]   [评论限流] av114985535672183 等待 6 秒后重试 (2/3)...
[2026-07-25 02:20:29.276]   [评论限流] av511525899 等待 3 秒后重试 (1/3)...
[2026-07-25 02:20:29.650]   [74/98] av355184350 ✓
[2026-07-25 02:20:29.654]   [75/98] av568011324 ✓
[2026-07-25 02:20:31.121]   [评论限流] av114352933832885 等待 3 秒后重试 (1/3)...
[2026-07-25 02:20:31.244]   [评论限流] av506764063 等待 3 秒后重试 (1/3)...
[2026-07-25 02:20:32.675]   [评论限流] av511525899 等待 6 秒后重试 (2/3)...
[2026-07-25 02:20:34.220]   [76/98] av1200809670 ✓
[2026-07-25 02:20:34.368]   [77/98] av114985535672183 ✓
[2026-07-25 02:20:34.510]   [评论限流] av114352933832885 等待 6 秒后重试 (2/3)...
[2026-07-25 02:20:34.567]   [评论限流] av506764063 等待 6 秒后重试 (2/3)...
[2026-07-25 02:20:35.692]   [评论限流] av1856349346 等待 3 秒后重试 (1/3)...
[2026-07-25 02:20:36.381]   [评论限流] av988403084 等待 3 秒后重试 (1/3)...
[2026-07-25 02:20:39.077]   [78/98] av511525899 ✓
[2026-07-25 02:20:39.081]   [评论限流] av1856349346 等待 6 秒后重试 (2/3)...
[2026-07-25 02:20:39.846]   [评论限流] av988403084 等待 6 秒后重试 (2/3)...
[2026-07-25 02:20:40.598]   [评论限流] av1103017083 等待 3 秒后重试 (1/3)...
[2026-07-25 02:20:40.849]   [79/98] av114352933832885 ✓
[2026-07-25 02:20:40.946]   [80/98] av506764063 ✓
[2026-07-25 02:20:42.382]   [评论限流] av115994081170939 等待 3 秒后重试 (1/3)...
[2026-07-25 02:20:42.769]   [评论限流] av113428962283561 等待 3 秒后重试 (1/3)...
[2026-07-25 02:20:43.953]   [评论限流] av1103017083 等待 6 秒后重试 (2/3)...
[2026-07-25 02:20:45.505]   [81/98] av1856349346 ✓
[2026-07-25 02:20:45.828]   [82/98] av115994081170939 ✓
[2026-07-25 02:20:46.159]   [评论限流] av113428962283561 等待 6 秒后重试 (2/3)...
[2026-07-25 02:20:46.474]   [83/98] av988403084 ✓
[2026-07-25 02:20:46.946]   [评论限流] av1951501638 等待 3 秒后重试 (1/3)...
[2026-07-25 02:20:47.248]   [评论限流] av457296947 等待 3 秒后重试 (1/3)...
[2026-07-25 02:20:47.977]   [评论限流] av116576351230913 等待 3 秒后重试 (1/3)...
[2026-07-25 02:20:50.314]   [评论限流] av1951501638 等待 6 秒后重试 (2/3)...
[2026-07-25 02:20:50.367]   [84/98] av1103017083 ✓
[2026-07-25 02:20:50.617]   [评论限流] av457296947 等待 6 秒后重试 (2/3)...
[2026-07-25 02:20:51.352]   [评论限流] av116576351230913 等待 6 秒后重试 (2/3)...
[2026-07-25 02:20:52.017]   [评论限流] av548267362 等待 3 秒后重试 (1/3)...
[2026-07-25 02:20:52.476]   [85/98] av113428962283561 ✓
[2026-07-25 02:20:54.276]   [评论限流] av1101633020 等待 3 秒后重试 (1/3)...
[2026-07-25 02:20:55.372]   [评论限流] av548267362 等待 6 秒后重试 (2/3)...
[2026-07-25 02:20:56.891]   [86/98] av1951501638 ✓
[2026-07-25 02:20:56.957]   [87/98] av457296947 ✓
[2026-07-25 02:20:57.678]   [评论限流] av1101633020 等待 6 秒后重试 (2/3)...
[2026-07-25 02:20:57.754]   [88/98] av116576351230913 ✓
[2026-07-25 02:20:58.130]   [评论限流] av809757706 等待 3 秒后重试 (1/3)...
[2026-07-25 02:20:58.371]   [评论限流] av251823742 等待 3 秒后重试 (1/3)...
[2026-07-25 02:20:59.267]   [评论限流] av1001134581 等待 3 秒后重试 (1/3)...
[2026-07-25 02:21:01.524]   [评论限流] av809757706 等待 6 秒后重试 (2/3)...
[2026-07-25 02:21:01.733]   [评论限流] av251823742 等待 6 秒后重试 (2/3)...
[2026-07-25 02:21:01.777]   [89/98] av548267362 ✓
[2026-07-25 02:21:02.749]   [评论限流] av1001134581 等待 6 秒后重试 (2/3)...
[2026-07-25 02:21:03.415]   [评论限流] av113486155809082 等待 3 秒后重试 (1/3)...
[2026-07-25 02:21:04.146]   [90/98] av1101633020 ✓
[2026-07-25 02:21:05.526]   [评论限流] av1555645610 等待 3 秒后重试 (1/3)...
[2026-07-25 02:21:06.874]   [评论限流] av113486155809082 等待 6 秒后重试 (2/3)...
[2026-07-25 02:21:07.912]   [91/98] av809757706 ✓
[2026-07-25 02:21:08.170]   [92/98] av251823742 ✓
[2026-07-25 02:21:08.898]   [评论限流] av1555645610 等待 6 秒后重试 (2/3)...
[2026-07-25 02:21:09.192]   [93/98] av1001134581 ✓
[2026-07-25 02:21:09.476]   [评论限流] av113548717982411 等待 3 秒后重试 (1/3)...
[2026-07-25 02:21:09.703]   [评论限流] av116169990213370 等待 3 秒后重试 (1/3)...
[2026-07-25 02:21:11.077]   [评论限流] av702399055 等待 3 秒后重试 (1/3)...
[2026-07-25 02:21:12.868]   [评论限流] av113548717982411 等待 6 秒后重试 (2/3)...
[2026-07-25 02:21:13.112]   [评论限流] av116169990213370 等待 6 秒后重试 (2/3)...
[2026-07-25 02:21:13.278]   [94/98] av113486155809082 ✓
[2026-07-25 02:21:14.465]   [评论限流] av702399055 等待 6 秒后重试 (2/3)...
[2026-07-25 02:21:15.444]   [95/98] av1555645610 ✓
[2026-07-25 02:21:19.258]   [96/98] av113548717982411 ✓
[2026-07-25 02:21:19.520]   [97/98] av116169990213370 ✓
[2026-07-25 02:21:20.880]   [98/98] av702399055 ✓
[2026-07-25 02:21:20.890] 
[完成] 成功: 98, 失败: 0
[2026-07-25 02:21:20.894] 
============================================================
[2026-07-25 02:21:20.896]   Top 10 热门视频
[2026-07-25 02:21:20.897] ============================================================
[2026-07-25 02:21:20.900] 
1. 领导视察见牛肉降价想买两斤，谁知肉贩子死活不卖
[2026-07-25 02:21:20.903]    播放: 5,293,897 | 弹幕: 2,879 | 收藏: 5,414 | 评论: 6,282
[2026-07-25 02:21:20.904] 
2. 从30到4块，新茶饮集体降价，为何都向蜜雪冰城看齐？
[2026-07-25 02:21:20.905]    播放: 5,029,254 | 弹幕: 670 | 收藏: 9,709 | 评论: 951
[2026-07-25 02:21:20.908] 
3. 短兵相接！隔壁摊卖冰淇淋，我趁势降价抢占市场
[2026-07-25 02:21:20.910]    播放: 5,026,577 | 弹幕: 614 | 收藏: 7,008 | 评论: 596
[2026-07-25 02:21:20.912] 
4. 显卡暴跌！最迟618，必全面回归原价！
[2026-07-25 02:21:20.913]    播放: 2,898,976 | 弹幕: 11,801 | 收藏: 8,088 | 评论: 9,905
[2026-07-25 02:21:20.914] 
5. 保时捷车价跌破40万，这是不准备给BBA留活路了？
[2026-07-25 02:21:20.915]    播放: 2,835,062 | 弹幕: 5,189 | 收藏: 6,115 | 评论: 6,021
[2026-07-25 02:21:20.917] 
6. 新车崩盘 1万块全场随便挑
[2026-07-25 02:21:20.918]    播放: 2,335,640 | 弹幕: 6,253 | 收藏: 9,431 | 评论: 2,160
[2026-07-25 02:21:20.919] 
7. 比k70更有性价比？只能是降价后的k60
[2026-07-25 02:21:20.920]    播放: 2,323,976 | 弹幕: 2,411 | 收藏: 4,915 | 评论: 7,676
[2026-07-25 02:21:20.921] 
8. 三款便宜高端却爆冷的神机，降价之后更适合捡漏了！ #学生党 #数码科技 #二手手机
[2026-07-25 02:21:20.922]    播放: 2,072,426 | 弹幕: 98 | 收藏: 173,764 | 评论: 301
[2026-07-25 02:21:20.923] 
9. 混动省油？省个屁！！
[2026-07-25 02:21:20.924]    播放: 2,007,870 | 弹幕: 13,718 | 收藏: 15,387 | 评论: 19,196
[2026-07-25 02:21:20.925] 
10. 曾要价520一小时的咬米，如今终于降价至50，可惜仍然没人点单
[2026-07-25 02:21:20.928]    播放: 1,910,825 | 弹幕: 486 | 收藏: 1,598 | 评论: 2,145
[2026-07-25 02:21:20.941] [修复] 已修正 223 条视频的评论数 (comment_count <- review)
[2026-07-25 02:21:20.946] 
============================================================
[2026-07-25 02:21:20.948]   自动检测并补充粉丝数
[2026-07-25 02:21:20.950] ============================================================
[2026-07-25 02:21:20.953] 待补充UP主数: 0
[2026-07-25 02:21:20.954] [完成] 所有UP主已有粉丝数据
[2026-07-25 02:21:20.955] 
==========================================================================================
[2026-07-25 02:21:20.958]   动量分析 (单次快照模式)
[2026-07-25 02:21:20.959] ==========================================================================================
[2026-07-25 02:21:20.960] 关键词: 降价
[2026-07-25 02:21:20.961] 显示数量: 999999
[2026-07-25 02:21:20.962] 评分维度: 播放速率(30%) + 粉丝转化(25%) + 互动密度(20%) + 新鲜度(15%) + 播放量(10%)
[2026-07-25 02:21:20.964] 
[2026-07-25 02:21:20.969] 
动量排行 Top 999999（按综合评分排序）
[2026-07-25 02:21:20.971] ------------------------------------------------------------------------------------------------------------------------------------------------------------------------------------
[2026-07-25 02:21:20.972] 排名   标题                                  播放量 UP主              粉丝      转化      速率/h     互动密度     视频年龄     历史增长     综合分
[2026-07-25 02:21:20.974] ------------------------------------------------------------------------------------------------------------------------------------------------------------------------------------
[2026-07-25 02:21:20.976] 1    绝密巴克什跑刀：房卡大降价，喜欢高尚叔叔的雷霆爆率么      994,731 188476769   241,823    4.1x      1174    0.042      35天      N/A   0.546
[2026-07-25 02:21:20.976] 2    史上少有离谱的夏促背刺？上次史低游戏180，这次直接    1,121,517 253992474   877,499    1.3x      1642    0.048      28天      N/A   0.520
[2026-07-25 02:21:20.978] 3    混动省油？省个屁！！                    2,007,870 186775910   731,005    2.8x       112    0.150     748天      N/A   0.492
[2026-07-25 02:21:20.979] 4    串讲干货：6月油车价格大降价！看看哪些车型能入手      1,485,883 354672474  1,572,676    0.9x      1562    0.062      40天      N/A   0.491
[2026-07-25 02:21:20.980] 5    短兵相接！隔壁摊卖冰淇淋，我趁势降价抢占市场        5,026,577 538922970   266,016   18.9x       659    0.004     318天      N/A   0.469
[2026-07-25 02:21:20.982] 6    三款便宜高端却爆冷的神机，降价之后更适合捡漏了！ #    2,072,426 627040687   106,978   19.4x        81    0.112    1071天      N/A   0.440
[2026-07-25 02:21:20.982] 7    领导视察见牛肉降价想买两斤，谁知肉贩子死活不卖       5,293,897 353712331  2,239,328    2.4x       436    0.025     506天      N/A   0.426
[2026-07-25 02:21:20.984] 8    房子降价我加仓，平摊下来每套房就少亏了           1,310,161 2041787     380,842    3.4x       212    0.093     258天      N/A   0.422
[2026-07-25 02:21:20.986] 9    从30到4块，新茶饮集体降价，为何都向蜜雪冰城看齐？    5,029,254 168574628   488,288   10.3x       290    0.004     721天      N/A   0.403
[2026-07-25 02:21:20.987] 10   工地10元盒饭降价了，7元一荤一素成为了挂壁盒饭！     1,436,198 501692936   491,873    2.9x        50    0.087    1191天      N/A   0.387
[2026-07-25 02:21:20.990] 11   新买的iphone17三小时降价1000元！？       1,749,733 259358419  2,400,494    0.7x      1032    0.059      71天      N/A   0.376
[2026-07-25 02:21:20.991] 12   最近内存条的行情，接下来可有好戏看了！#DIY电脑#    1,224,098 433835783    86,586   14.1x       293    0.048     174天      N/A   0.373
[2026-07-25 02:21:20.993] 13   新能源汽车集体大降价，兄弟们要抄底吗？           1,500,415 345824160     3,951  379.8x        71    0.068     883天      N/A   0.366
[2026-07-25 02:21:20.994] 14   Win10任务栏卡死，无响应，冻结，解决方案，三秒钟    1,056,243 442654160   216,586    4.9x        26    0.080    1683天      N/A   0.364
[2026-07-25 02:21:20.995] 15   新车崩盘 1万块全场随便挑                 2,335,640 65654171    622,844    3.8x       121    0.037     804天      N/A   0.354
[2026-07-25 02:21:20.997] 16   主播囤了3000根内存 ，内存降价    《后续》     1,020,552 19608551     11,917   85.6x       245    0.041     173天      N/A   0.350
[2026-07-25 02:21:20.998] 17   今年的汽车降价浪潮真是一波接一波              1,377,153 420727854     3,407  404.2x        65    0.058     882天      N/A   0.349
[2026-07-25 02:21:20.999] 18   新车价格探底，才发现冤种竟是我自己。大型纪录片《冤种    1,227,582 600080639    10,621  115.6x        58    0.058     876天      N/A   0.344
[2026-07-25 02:21:21.001] 19   原神迎来了史上最严重的降价狂潮，深度刨析其背后的原因      974,863 212049508   166,034    5.9x        34    0.064    1192天      N/A   0.343
[2026-07-25 02:21:21.002] 20   比k70更有性价比？只能是降价后的k60          2,323,976 207548554    77,864   29.9x       109    0.028     885天      N/A   0.339
[2026-07-25 02:21:21.003] 21   北京冬奥会闭幕式当天，黄牛降价80%多，含泪甩卖冰墩    1,007,254 126770908     1,736  580.2x        26    0.061    1615天      N/A   0.337
[2026-07-25 02:21:21.004] 22   二手车再这样下去要完蛋！拖更十几天的我彻底懵逼了，2    1,292,602 603152551   378,934    3.4x        61    0.044     883天      N/A   0.327
[2026-07-25 02:21:21.006] 23   爽剧反转？女方按规矩要彩礼30万，男方分手女方降价！    1,287,268 196922090   342,236    3.8x        62    0.043     858天      N/A   0.326
[2026-07-25 02:21:21.007] 24   爆降5千多？无极250RR Free版来了，降价不减    1,109,212 317498196    40,802   27.2x        55    0.046     833天      N/A   0.325
[2026-07-25 02:21:21.008] 25   遇到同行恶意降价，分享两个处理方式             1,335,858 43068649     87,614   15.2x        45    0.043    1234天      N/A   0.324
[2026-07-25 02:21:21.010] 26   【无人机平台】600万→380万，降价最离谱钥匙      1,572,338 354661460   106,977   14.7x       183    0.019     358天      N/A   0.323
[2026-07-25 02:21:21.010] 27   不得不服，这台宝马，诠释了我们对车的核心需求        1,329,762 349979684    48,579   27.4x        60    0.040     924天      N/A   0.323
[2026-07-25 02:21:21.011] 28   特朗普官宣药品降价 医药公司高管当场晕倒            989,123 6250993     400,570    2.5x       159    0.049     260天      N/A   0.318
[2026-07-25 02:21:21.012] 29   多款型号降价，等等党的胜利！2023年618全价位羽    1,357,282 395971280   226,314    6.0x        49    0.036    1154天      N/A   0.316
[2026-07-25 02:21:21.013] 30   战备是问题吗？现在问题不是大红降价吗？             989,078 8002889       5,219  189.5x       130    0.031     316天      N/A   0.316
[2026-07-25 02:21:21.014] 31   就连兰博基尼毒药都降价这么猛，是大环境不好了吗？      1,689,259 493858883     4,916  343.6x        92    0.023     761天      N/A   0.315
[2026-07-25 02:21:21.016] 32   热成像还会降价吗，太好用了                 1,014,976 515904830     2,278  445.6x        91    0.032     463天      N/A   0.310
[2026-07-25 02:21:21.017] 33   大型纪录片《钟薛高降价》                  1,064,308 354638575    44,154   24.1x        44    0.035    1006天      N/A   0.307
[2026-07-25 02:21:21.018] 34   曾要价520一小时的咬米，如今终于降价至50，可惜仍    1,910,825 22791640      8,516  224.4x        44    0.018    1816天      N/A   0.304
[2026-07-25 02:21:21.019] 35   这下该你叫了吧？                      1,022,135 90387291      1,362  750.5x        57    0.031     743天      N/A   0.303
[2026-07-25 02:21:21.020] 36   老用户值得升级吗？Steamdeck OLED终于降    1,076,796 89524850     35,347   30.5x        54    0.029     830天      N/A   0.302
[2026-07-25 02:21:21.021] 37   这游戏刚降价又骨折？！开发商是要跑路吗？          1,443,797 2136132     686,166    2.1x        43    0.068    1403天      N/A   0.299
[2026-07-25 02:21:21.023] 38   瓶装水巨头开启价格战，究竟是因何而起？跌破1元能卷出    1,689,036 168574628   488,288    3.5x        99    0.008     709天      N/A   0.296
[2026-07-25 02:21:21.024] 39   周杰伦演唱会炒到数万元，黄牛不愿降价宁肯烧掉1700    1,797,488 31391701     64,504   27.9x        67    0.011    1119天      N/A   0.295
[2026-07-25 02:21:21.025] 40   5.8W的秦王连胎毛细都是优点               1,180,522 489922507     1,763  669.6x        56    0.022     880天      N/A   0.294
[2026-07-25 02:21:21.026] 41   闺女真是个活宝，给爷爷理发还要收费，理的不好还降价，    1,779,468 686877862   189,058    9.4x       105    0.003     705天      N/A   0.292
[2026-07-25 02:21:21.027] 42   德国政府一夜间取消新能源补贴，比亚迪：我不装了，降价    1,197,873 8838905      18,645   64.2x        54    0.019     923天      N/A   0.291
[2026-07-25 02:21:21.027] 43   比小米14更有性价比？只能是降价后的小米13        1,149,342 207548554    77,864   14.8x        57    0.019     837天      N/A   0.291
[2026-07-25 02:21:21.029] 44   第7期|拜托，站位怎么会腻？那可是经典电影！感谢上汽    1,060,138 354657944     4,775  222.0x        55    0.021     806天      N/A   0.290
[2026-07-25 02:21:21.030] 45   原价1999的嘎子手机，怎么又又又降价了！         1,508,264 452915165    28,292   53.3x        59    0.011    1068天      N/A   0.288
[2026-07-25 02:21:21.031] 46   大乱斗设计师最完美的设计就是帽子降价            1,006,832 434873769    80,813   12.5x        75    0.018     557天      N/A   0.288
[2026-07-25 02:21:21.033] 47   【选购指南】京东云大降价 2025云服务器闭眼入攻略    1,439,168 66715613     10,354  139.0x       118    0.004     508天      N/A   0.287
[2026-07-25 02:21:21.033] 48   当比亚迪降价后                       1,509,537 354663817   661,147    2.3x        72    0.039     871天      N/A   0.284
[2026-07-25 02:21:21.033] 49   当特斯拉降价后。。。                    1,002,201 349313967     4,797  208.9x        69    0.014     605天      N/A   0.283
[2026-07-25 02:21:21.036] 50   降价卖自己的房子有错吗                   1,106,459 18188227      3,195  346.3x        29    0.018    1592天      N/A   0.282
[2026-07-25 02:21:21.037] 51   牛肉大降价之后的88元无限牛肉自助！你能吃回本吗？     1,387,923 1659154     326,853    4.2x        75    0.005     769天      N/A   0.280
[2026-07-25 02:21:21.038] 52   5年前花光积蓄买的房子，现在只能降价100万卖，全家    1,400,504 414086175    80,039   17.5x        94    0.002     623天      N/A   0.280
[2026-07-25 02:21:21.039] 53   还在等？妙界按摩仪大降价啦！！！                982,303 354658272     2,066  475.5x        90    0.010     456天      N/A   0.280
[2026-07-25 02:21:21.040] 54   最近鳗鱼有所降价，今天买了半条分享潮汕特色做法，好吃    1,141,053 485188780   155,420    7.3x        37    0.013    1276天      N/A   0.279
[2026-07-25 02:21:21.041] 55   降价卷王大横评！8万预算，油电谁好？            1,038,931 702014294   616,487    1.7x        49    0.087     875天      N/A   0.279
[2026-07-25 02:21:21.042] 56   三亚市最具科幻感的烂尾楼盘，至今还有4000套！        989,087 278983113     7,122  138.9x        27    0.016    1532天      N/A   0.277
[2026-07-25 02:21:21.044] 57   钝刀子割肉？猪肉汽油蔬菜都降价，中国人3个月存了9.    1,829,537 432597324   915,974    2.0x        64    0.049    1197天      N/A   0.277
[2026-07-25 02:21:21.044] 58   【钟薛高】钟薛高网红“雪糕刺客”跳楼式降价，欠薪裁员    1,025,459 408663169   424,487    2.4x        49    0.036     867天      N/A   0.276
[2026-07-25 02:21:21.046] 59   新车崩盘 二手车怎么买？                  1,404,036 65654171    622,844    2.2x        72    0.025     815天      N/A   0.260
[2026-07-25 02:21:21.047] 60   保时捷车价跌破40万，这是不准备给BBA留活路了？     2,835,062 151482404  1,830,878    1.6x       192    0.025     614天      N/A   0.251
[2026-07-25 02:21:21.048] 61   苹果深夜官宣，降价！“授权店已收通知”！iPhone    1,051,653 522653994  1,800,197    0.6x       620    0.040      71天      N/A   0.246
[2026-07-25 02:21:21.049] 62   猪也会被卡脖子？史诗级降价背后的巨大危机！         1,039,209 4134324     473,086    2.2x        25    0.021    1708天      N/A   0.232
[2026-07-25 02:21:21.050] 63   库存都超过60天！车贩子降价都卖不掉的4个爹，到底会      979,999 456869112   477,396    2.0x        22    0.028    1854天      N/A   0.227
[2026-07-25 02:21:21.052] 64   如何让出租车司机心甘情愿降价                1,439,715 168680794  1,197,270    1.2x       228    0.041     263天      N/A   0.215
[2026-07-25 02:21:21.054] 65   【睡前消息190】心脏支架降价93%，蚂蚁金服要跌多    1,402,674 316568752  2,205,594    0.6x        28    0.100    2086天      N/A   0.206
[2026-07-25 02:21:21.055] 66   显卡暴跌！最迟618，必全面回归原价！           2,898,976 35359510   3,609,211    0.8x        76    0.053    1597天      N/A   0.202
[2026-07-25 02:21:21.056] 67   喜讯，AMD和英伟达的显卡一起降价，这只是一个开始     1,028,667 46825573    550,964    1.9x        35    0.012    1220天      N/A   0.192
[2026-07-25 02:21:21.057] 68   听说全聚德被骂到大降价了？我们去总店看看          1,126,488 506761354   913,844    1.2x        34    0.050    1371天      N/A   0.188
[2026-07-25 02:21:21.057] 69   小七火影忍者：经过我不懈的努力，魔方说自来也考虑降价      974,048 619039634   551,664    1.8x        24    0.017    1706天      N/A   0.186
[2026-07-25 02:21:21.059] 70   三角洲大红大量降价，玩不起来！               1,572,164 393091539  1,569,153    1.0x       186    0.031     352天      N/A   0.180
[2026-07-25 02:21:21.060] 71   自行车市场崩盘了？暴跌一万，降价三千，骑行圈真的凉了    1,414,337 303740257  1,397,364    1.0x       156    0.032     378天      N/A   0.173
[2026-07-25 02:21:21.061] 72   牛肉降价之后，寿喜烧自助完全失去性价比，没人吃了      1,509,035 156338586  1,231,997    1.2x       102    0.021     616天      N/A   0.170
[2026-07-25 02:21:21.062] 73   国家砸钱补贴！3.4亿辆车、30亿台家电迎来“换新潮    1,023,785 432597324   915,974    1.1x        49    0.042     876天      N/A   0.167
[2026-07-25 02:21:21.063] 74   小龙虾、猪肉大降价，为什么餐馆的菜价永远只涨不跌？     1,000,396 432597324   915,974    1.1x        36    0.044    1146天      N/A   0.165
[2026-07-25 02:21:21.064] 75   【邓肯】三起诡异租房事件！红衣女子现身、房东主动降价    1,221,816 24490535   2,619,117    0.5x       191    0.059     266天      N/A   0.162
[2026-07-25 02:21:21.064] 76   客单价跌回7年前！网红酸菜鱼，没人吃了？          1,581,105 531131239  1,687,698    0.9x        96    0.033     687天      N/A   0.160
[2026-07-25 02:21:21.066] 77   破天荒的新史低！！庆祝1000万销量，这款神作在绷了    1,197,639 4186021    1,438,250    0.8x        44    0.053    1141天      N/A   0.159
[2026-07-25 02:21:21.067] 78   年度游戏竞争者重量级新低+免费畅玩！而且还有超夸张幅      963,662 4186021    1,438,250    0.7x       155    0.045     260天      N/A   0.148
[2026-07-25 02:21:21.068] 79   市场规模4000亿，一年吃掉300万吨，小龙虾，为啥    1,345,643 531131239  1,687,698    0.8x        94    0.036     599天      N/A   0.146
[2026-07-25 02:21:21.069] 80   【JUMP】特斯拉用降价暴打汽车行业。           1,401,275 651039864  2,256,376    0.6x        28    0.056    2120天      N/A   0.146
[2026-07-25 02:21:21.070] 81   ID.3中国卖价连德国一半都不到，德国网友破防了      1,141,900 151482404  1,830,878    0.6x        46    0.058    1031天      N/A   0.146
[2026-07-25 02:21:21.072] 82   三角洲行动 最低只要13万！子弹降价30%！版本中远    1,102,851 52717408   1,693,434    0.7x       108    0.048     426天      N/A   0.145
[2026-07-25 02:21:21.073] 83   猪肉降到10块钱一斤，国家喊你多吃点！【雪鸡快评】     1,043,782 490494088  1,609,326    0.7x        25    0.058    1757天      N/A   0.142
[2026-07-25 02:21:21.074] 84   奔驰求你别降价                       1,030,038 355596637  1,330,782    0.8x        22    0.048    1968天      N/A   0.140
[2026-07-25 02:21:21.074] 85   听说猪肉降价了!  去菜市场买了3斤五花肉烤 真香～    1,592,268 227107602  1,798,389    0.9x        27    0.029    2419天      N/A   0.137
[2026-07-25 02:21:21.075] 86   【36氪】人人都在降价，为啥你星巴克越卖越贵？       1,701,132 90183256   2,529,960    0.7x        54    0.037    1311天      N/A   0.137
[2026-07-25 02:21:21.076] 87   亏损1.6亿，闭店283家！中国高端零食，为啥一败涂      977,953 14781644   2,276,520    0.4x       286    0.028     142天      N/A   0.129
[2026-07-25 02:21:21.077] 88   我的世界：群体骨折机，啥也不用干，村民全自动降价      1,109,987 470839152  2,156,720    0.5x        35    0.054    1325天      N/A   0.128
[2026-07-25 02:21:21.077] 89   这也行？！上个月刚新史低的神作，居然又降价“背刺”了    1,003,174 4186021    1,438,250    0.7x        33    0.043    1274天      N/A   0.127
[2026-07-25 02:21:21.078] 90   二手车商崩了：新车降价旧车积压，卖不出去毫无保值率【    1,134,420 490494088  1,609,326    0.7x        72    0.034     657天      N/A   0.126
[2026-07-25 02:21:21.079] 91   【JUMP】比亚迪降价，同行都吓傻             1,234,968 651039864  2,256,376    0.6x        53    0.044     962天      N/A   0.124
[2026-07-25 02:21:21.079] 92   从300元1斤到30元2斤！继阳光玫瑰后，又一贵族水    1,228,340 531131239  1,687,698    0.7x        93    0.026     550天      N/A   0.124
[2026-07-25 02:21:21.080] 93   凯迪拉克CT6月销一台，雷克萨斯不再加价，二线豪车还    1,152,783 151482404  1,830,878    0.6x        81    0.034     592天      N/A   0.121
[2026-07-25 02:21:21.081] 94   【卢克说】谈谈东风集团汽车大降价              1,478,917 438173577  4,610,134    0.3x        50    0.052    1234天      N/A   0.119
[2026-07-25 02:21:21.082] 95   【建议收藏】2025年11.11笔记本电脑选购指南：    1,021,156 367877     2,736,910    0.4x       157    0.035     271天      N/A   0.111
[2026-07-25 02:21:21.082] 96   这配置性价比高吧~还能再优化！3060、3070Ti    1,354,593 35359510   3,609,211    0.4x        35    0.040    1591天      N/A   0.102
[2026-07-25 02:21:21.083] 97   降价、烧钱、开店10000家，8.8元库迪大战瑞幸咖    1,067,305 486287787  2,746,982    0.4x        52    0.031     863天      N/A   0.089
[2026-07-25 02:21:21.083] 98   4080 SUPER评测：为降价而生，就比4080提    1,048,563 25876945   5,373,790    0.2x        48    0.045     905天      N/A   0.089
[2026-07-25 02:21:21.085] ------------------------------------------------------------------------------------------------------------------------------------------------------------------------------------
[2026-07-25 02:21:21.086] 
提示: 综合分 = 播放速率(30%) + 粉丝转化(25%) + 互动密度(20%) + 新鲜度(15%) + 播放量(10%)
[2026-07-25 02:21:21.086]       历史增长列显示多次爬取后的真实增长率，首次爬取为 N/A
[2026-07-25 02:21:21.090] 
[导出] 动量分析结果已保存到 output\降价\momentum_20260725_022121.csv
