[2026-07-25 11:33:17.951] 日志文件: logs\spider_20260725_113317.log
[2026-07-25 11:33:17.952] ============================================================
[2026-07-25 11:33:17.954]   B站视频爬虫 (增强版)
[2026-07-25 11:33:17.956] ============================================================
[2026-07-25 11:33:17.957] 关键词: 熬夜
[2026-07-25 11:33:17.957] 页数: 10
[2026-07-25 11:33:17.958] 排序: click
[2026-07-25 11:33:17.960] 线程数: 5
[2026-07-25 11:33:17.961] 延迟: 1.0s
[2026-07-25 11:33:17.962] 
[2026-07-25 11:33:17.972] [任务] 任务ID: 55
[2026-07-25 11:33:17.972] [搜索] 第 1/10 页...
[2026-07-25 11:33:18.497]   找到 20 个，新增 20 个
[2026-07-25 11:33:20.453] [搜索] 第 2/10 页...
[2026-07-25 11:33:20.908]   找到 20 个，新增 20 个
[2026-07-25 11:33:22.417] [搜索] 第 3/10 页...
[2026-07-25 11:33:22.867]   找到 20 个，新增 20 个
[2026-07-25 11:33:23.923] [搜索] 第 4/10 页...
[2026-07-25 11:33:24.504]   找到 20 个，新增 20 个
[2026-07-25 11:33:25.813] [搜索] 第 5/10 页...
[2026-07-25 11:33:26.287]   找到 20 个，新增 20 个
[2026-07-25 11:33:28.005] [搜索] 第 6/10 页...
[2026-07-25 11:33:28.459]   找到 20 个，新增 20 个
[2026-07-25 11:33:29.606] [搜索] 第 7/10 页...
[2026-07-25 11:33:30.019]   找到 20 个，新增 20 个
[2026-07-25 11:33:31.539] [搜索] 第 8/10 页...
[2026-07-25 11:33:32.068]   找到 20 个，新增 20 个
[2026-07-25 11:33:33.992] [搜索] 第 9/10 页...
[2026-07-25 11:33:34.456]   找到 20 个，新增 20 个
[2026-07-25 11:33:35.492] [搜索] 第 10/10 页...
[2026-07-25 11:33:35.948]   找到 20 个，新增 20 个
[2026-07-25 11:33:37.233] 
[搜索完成] 共 200 个视频，今日已爬 1 个，新增 199 个
[2026-07-25 11:33:37.236] [搜索统计] 搜索失败页数: 0
[2026-07-25 11:33:37.237] 
[详情获取] 使用 5 个线程获取视频详情...
[2026-07-25 11:33:39.082]   [1/199] av492100708 ✓
[2026-07-25 11:33:39.181]   [2/199] av1006385328 ✓
[2026-07-25 11:33:39.313]   [3/199] av718039989 ✓
[2026-07-25 11:33:39.655]   [4/199] av116270703909560 ✓
[2026-07-25 11:33:39.663]   [5/199] av689043181 ✓
[2026-07-25 11:33:41.298]   [6/199] av694992182 ✓
[2026-07-25 11:33:41.305]   [7/199] av510465311 ✓
[2026-07-25 11:33:41.423]   [8/199] av115880079982924 ✓
[2026-07-25 11:33:41.516]   [9/199] av654782351 ✓
[2026-07-25 11:33:41.559]   [10/199] av116137006407282 ✓
[2026-07-25 11:33:43.013]   [11/199] av422369610 ✓
[2026-07-25 11:33:43.293]   [12/199] av113362239231115 ✓
[2026-07-25 11:33:43.658]   [13/199] av855397340 ✓
[2026-07-25 11:33:43.684]   [14/199] av113532074984316 ✓
[2026-07-25 11:33:43.901]   [15/199] av372463932 ✓
[2026-07-25 11:33:44.973]   [16/199] av233578762 ✓
[2026-07-25 11:33:45.145]   [17/199] av1050674179 ✓
[2026-07-25 11:33:45.536]   [18/199] av861627587 ✓
[2026-07-25 11:33:45.617]   [19/199] av729681023 ✓
[2026-07-25 11:33:45.767]   [20/199] av593003542 ✓
[2026-07-25 11:33:46.995]   [21/199] av784144278 ✓
[2026-07-25 11:33:47.052]   [22/199] av114307400537047 ✓
[2026-07-25 11:33:47.091]   [23/199] av813247964 ✓
[2026-07-25 11:33:47.412]   [24/199] av983585129 ✓
[2026-07-25 11:33:48.047]   [25/199] av854243299 ✓
[2026-07-25 11:33:48.962]   [26/199] av293209442 ✓
[2026-07-25 11:33:49.000]   [27/199] av113842688367048 ✓
[2026-07-25 11:33:49.406]   [28/199] av843181329 ✓
[2026-07-25 11:33:49.413]   [29/199] av83612600 ✓
[2026-07-25 11:33:50.108]   [30/199] av1156267917 ✓
[2026-07-25 11:33:51.054]   [31/199] av427671989 ✓
[2026-07-25 11:33:51.213]   [32/199] av225805606 ✓
[2026-07-25 11:33:51.393]   [33/199] av221242320 ✓
[2026-07-25 11:33:51.443]   [34/199] av229197838 ✓
[2026-07-25 11:33:51.703]   [35/199] av116129993331044 ✓
[2026-07-25 11:33:52.869]   [36/199] av215147655 ✓
[2026-07-25 11:33:53.242]   [37/199] av113389300946805 ✓
[2026-07-25 11:33:53.295]   [38/199] av402422644 ✓
[2026-07-25 11:33:53.605]   [39/199] av116298067480660 ✓
[2026-07-25 11:33:53.724]   [40/199] av372244495 ✓
[2026-07-25 11:33:55.259]   [41/199] av115751113464014 ✓
[2026-07-25 11:33:55.477]   [42/199] av115982739772830 ✓
[2026-07-25 11:33:55.500]   [43/199] av113582071224803 ✓
[2026-07-25 11:33:55.528]   [44/199] av114591757507636 ✓
[2026-07-25 11:33:55.902]   [45/199] av114154543385075 ✓
[2026-07-25 11:33:57.203]   [46/199] av114425562403531 ✓
[2026-07-25 11:33:57.626]   [47/199] av115309268699840 ✓
[2026-07-25 11:33:57.635]   [48/199] av1702403097 ✓
[2026-07-25 11:33:57.831]   [49/199] av1200115970 ✓
[2026-07-25 11:33:58.168]   [50/199] av115134517287734 ✓
[2026-07-25 11:33:59.026]   [51/199] av977408999 ✓
[2026-07-25 11:33:59.700]   [52/199] av850675779 ✓
[2026-07-25 11:33:59.707]   [53/199] av778095830 ✓
[2026-07-25 11:33:59.817]   [54/199] av334637428 ✓
[2026-07-25 11:33:59.897]   [55/199] av975721286 ✓
[2026-07-25 11:34:00.976]   [56/199] av536884772 ✓
[2026-07-25 11:34:01.556]   [57/199] av207577772 ✓
[2026-07-25 11:34:01.822]   [58/199] av321672515 ✓
[2026-07-25 11:34:01.831]   [59/199] av1505959808 ✓
[2026-07-25 11:34:01.841]   [60/199] av823843277 ✓
[2026-07-25 11:34:02.956]   [61/199] av116334356600698 ✓
[2026-07-25 11:34:03.419]   [62/199] av358511732 ✓
[2026-07-25 11:34:03.581]   [63/199] av971965138 ✓
[2026-07-25 11:34:03.750]   [64/199] av562743010 ✓
[2026-07-25 11:34:03.998]   [65/199] av528778434 ✓
[2026-07-25 11:34:04.718]   [66/199] av894743155 ✓
[2026-07-25 11:34:05.662]   [67/199] av116254564162265 ✓
[2026-07-25 11:34:05.686]   [68/199] av621203445 ✓
[2026-07-25 11:34:05.691]   [69/199] av115756247287282 ✓
[2026-07-25 11:34:05.946]   [70/199] av115796428724324 ✓
[2026-07-25 11:34:06.333]   [71/199] av635804571 ✓
[2026-07-25 11:34:07.850]   [72/199] av746127550 ✓
[2026-07-25 11:34:08.127]   [73/199] av572461966 ✓
[2026-07-25 11:34:08.130]   [74/199] av480468207 ✓
[2026-07-25 11:34:08.225]   [75/199] av115456690100238 ✓
[2026-07-25 11:34:08.267]   [76/199] av116058992154057 ✓
[2026-07-25 11:34:09.754]   [77/199] av792492794 ✓
[2026-07-25 11:34:09.767]   [78/199] av1055548402 ✓
[2026-07-25 11:34:09.833]   [79/199] av116068320280624 ✓
[2026-07-25 11:34:10.514]   [80/199] av114596790669021 ✓
[2026-07-25 11:34:10.581]   [81/199] av1653280235 ✓
[2026-07-25 11:34:11.763]   [82/199] av984841125 ✓
[2026-07-25 11:34:11.770]   [83/199] av463785956 ✓
[2026-07-25 11:34:12.251]   [84/199] av668113368 ✓
[2026-07-25 11:34:12.369]   [85/199] av1755784564 ✓
[2026-07-25 11:34:12.680]   [86/199] av602183333 ✓
[2026-07-25 11:34:13.394]   [87/199] av674318691 ✓
[2026-07-25 11:34:13.441]   [88/199] av113615625524505 ✓
[2026-07-25 11:34:13.968]   [89/199] av115053449779129 ✓
[2026-07-25 11:34:14.490]   [90/199] av591505418 ✓
[2026-07-25 11:34:14.720]   [91/199] av116900755408216 ✓
[2026-07-25 11:34:15.723]   [92/199] av114460408684010 ✓
[2026-07-25 11:34:16.002]   [93/199] av116855037694421 ✓
[2026-07-25 11:34:16.010]   [94/199] av114782480893604 ✓
[2026-07-25 11:34:16.400]   [95/199] av977955705 ✓
[2026-07-25 11:34:17.528]   [96/199] av683036010 ✓
[2026-07-25 11:34:17.568]   [97/199] av416272026 ✓
[2026-07-25 11:34:17.727]   [98/199] av115909423275627 ✓
[2026-07-25 11:34:17.739]   [99/199] av680492833 ✓
[2026-07-25 11:34:18.304]   [100/199] av113974037185986 ✓
[2026-07-25 11:34:19.462]   [101/199] av701375788 ✓
[2026-07-25 11:34:19.636]   [102/199] av114171974779746 ✓
[2026-07-25 11:34:19.988]   [103/199] av774275187 ✓
[2026-07-25 11:34:20.074]   [104/199] av78793139 ✓
[2026-07-25 11:34:20.080]   [105/199] av892762699 ✓
[2026-07-25 11:34:21.623]   [106/199] av727420627 ✓
[2026-07-25 11:34:21.966]   [评论限流] av114822863783408 等待 3 秒后重试 (1/3)...
[2026-07-25 11:34:21.966]   [107/199] av983432790 ✓
[2026-07-25 11:34:22.061]   [108/199] av114856233540709 ✓
[2026-07-25 11:34:22.068]   [109/199] av1452617587 ✓
[2026-07-25 11:34:23.421]   [110/199] av470024330 ✓
[2026-07-25 11:34:23.980]   [111/199] av114473595575447 ✓
[2026-07-25 11:34:23.989]   [112/199] av114222642043506 ✓
[2026-07-25 11:34:24.123]   [113/199] av378980445 ✓
[2026-07-25 11:34:25.596]   [114/199] av114822863783408 ✓
[2026-07-25 11:34:25.629]   [115/199] av453688267 ✓
[2026-07-25 11:34:25.637]   [116/199] av670229380 ✓
[2026-07-25 11:34:25.871]   [117/199] av61332246 ✓
[2026-07-25 11:34:26.376]   [118/199] av447831288 ✓
[2026-07-25 11:34:27.192]   [评论限流] av356375172 等待 3 秒后重试 (1/3)...
[2026-07-25 11:34:27.371]   [评论限流] av547249483 等待 3 秒后重试 (1/3)...
[2026-07-25 11:34:27.569]   [119/199] av802511396 ✓
[2026-07-25 11:34:28.283]   [120/199] av115937994872809 ✓
[2026-07-25 11:34:28.583]   [评论限流] av593297969 等待 3 秒后重试 (1/3)...
[2026-07-25 11:34:29.632]   [121/199] av116798531899654 ✓
[2026-07-25 11:34:30.255]   [122/199] av816516870 ✓
[2026-07-25 11:34:30.720]   [123/199] av356375172 ✓
[2026-07-25 11:34:30.933]   [124/199] av547249483 ✓
[2026-07-25 11:34:31.156]   [评论限流] av425939993 等待 3 秒后重试 (1/3)...
[2026-07-25 11:34:31.927]   [评论限流] av593297969 等待 6 秒后重试 (2/3)...
[2026-07-25 11:34:32.175]   [125/199] av116175728020420 ✓
[2026-07-25 11:34:32.674]   [评论限流] av953896129 等待 3 秒后重试 (1/3)...
[2026-07-25 11:34:33.026]   [评论限流] av293925775 等待 3 秒后重试 (1/3)...
[2026-07-25 11:34:34.281]   [评论限流] av1456031200 等待 3 秒后重试 (1/3)...
[2026-07-25 11:34:34.516]   [评论限流] av425939993 等待 6 秒后重试 (2/3)...
[2026-07-25 11:34:36.004]   [评论限流] av953896129 等待 6 秒后重试 (2/3)...
[2026-07-25 11:34:37.191]   [126/199] av293925775 ✓
[2026-07-25 11:34:37.558]   [评论限流] av1456031200 等待 6 秒后重试 (2/3)...
[2026-07-25 11:34:38.267]   [127/199] av593297969 ✓
[2026-07-25 11:34:38.697]   [128/199] av612158869 ✓
[2026-07-25 11:34:40.024]   [评论限流] av285299159 等待 3 秒后重试 (1/3)...
[2026-07-25 11:34:40.077]   [评论限流] av549632168 等待 3 秒后重试 (1/3)...
[2026-07-25 11:34:41.272]   [129/199] av425939993 ✓
[2026-07-25 11:34:42.598]   [130/199] av953896129 ✓
[2026-07-25 11:34:42.870]   [评论限流] av543662798 等待 3 秒后重试 (1/3)...
[2026-07-25 11:34:43.368]   [评论限流] av285299159 等待 6 秒后重试 (2/3)...
[2026-07-25 11:34:43.408]   [评论限流] av549632168 等待 6 秒后重试 (2/3)...
[2026-07-25 11:34:43.943]   [131/199] av1456031200 ✓
[2026-07-25 11:34:44.124]   [评论限流] av447627731 等待 3 秒后重试 (1/3)...
[2026-07-25 11:34:45.739]   [评论限流] av207862283 等待 3 秒后重试 (1/3)...
[2026-07-25 11:34:46.179]   [评论限流] av543662798 等待 6 秒后重试 (2/3)...
[2026-07-25 11:34:47.451]   [评论限流] av447627731 等待 6 秒后重试 (2/3)...
[2026-07-25 11:34:49.049]   [评论限流] av207862283 等待 6 秒后重试 (2/3)...
[2026-07-25 11:34:49.731]   [132/199] av285299159 ✓
[2026-07-25 11:34:49.754]   [133/199] av549632168 ✓
[2026-07-25 11:34:51.547]   [评论限流] av526448445 等待 3 秒后重试 (1/3)...
[2026-07-25 11:34:51.603]   [评论限流] av389103559 等待 3 秒后重试 (1/3)...
[2026-07-25 11:34:52.549]   [134/199] av543662798 ✓
[2026-07-25 11:34:53.827]   [135/199] av447627731 ✓
[2026-07-25 11:34:54.673]   [评论限流] av113490048123424 等待 3 秒后重试 (1/3)...
[2026-07-25 11:34:54.828]   [评论限流] av526448445 等待 6 秒后重试 (2/3)...
[2026-07-25 11:34:55.016]   [评论限流] av389103559 等待 6 秒后重试 (2/3)...
[2026-07-25 11:34:55.531]   [136/199] av207862283 ✓
[2026-07-25 11:34:55.817]   [评论限流] av723283702 等待 3 秒后重试 (1/3)...
[2026-07-25 11:34:57.249]   [评论限流] av116414165884189 等待 3 秒后重试 (1/3)...
[2026-07-25 11:34:57.987]   [评论限流] av113490048123424 等待 6 秒后重试 (2/3)...
[2026-07-25 11:34:59.187]   [137/199] av723283702 ✓
[2026-07-25 11:35:00.495]   [评论限流] av116414165884189 等待 6 秒后重试 (2/3)...
[2026-07-25 11:35:01.141]   [138/199] av526448445 ✓
[2026-07-25 11:35:01.321]   [139/199] av389103559 ✓
[2026-07-25 11:35:01.337]   [评论限流] av115688450558709 等待 3 秒后重试 (1/3)...
[2026-07-25 11:35:02.853]   [评论限流] av213363519 等待 3 秒后重试 (1/3)...
[2026-07-25 11:35:03.616]   [评论限流] av429629892 等待 3 秒后重试 (1/3)...
[2026-07-25 11:35:04.387]   [140/199] av113490048123424 ✓
[2026-07-25 11:35:04.674]   [评论限流] av115688450558709 等待 6 秒后重试 (2/3)...
[2026-07-25 11:35:06.046]   [评论限流] av114356993987607 等待 3 秒后重试 (1/3)...
[2026-07-25 11:35:06.205]   [评论限流] av213363519 等待 6 秒后重试 (2/3)...
[2026-07-25 11:35:06.808]   [141/199] av116414165884189 ✓
[2026-07-25 11:35:06.976]   [评论限流] av429629892 等待 6 秒后重试 (2/3)...
[2026-07-25 11:35:08.833]   [评论限流] av597509379 等待 3 秒后重试 (1/3)...
[2026-07-25 11:35:09.425]   [评论限流] av114356993987607 等待 6 秒后重试 (2/3)...
[2026-07-25 11:35:11.087]   [142/199] av115688450558709 ✓
[2026-07-25 11:35:12.221]   [评论限流] av597509379 等待 6 秒后重试 (2/3)...
[2026-07-25 11:35:12.693]   [143/199] av213363519 ✓
[2026-07-25 11:35:13.213]   [评论限流] av632910919 等待 3 秒后重试 (1/3)...
[2026-07-25 11:35:13.339]   [144/199] av429629892 ✓
[2026-07-25 11:35:14.136]   [评论限流] av922625481 等待 3 秒后重试 (1/3)...
[2026-07-25 11:35:15.545]   [评论限流] av242569827 等待 3 秒后重试 (1/3)...
[2026-07-25 11:35:15.766]   [145/199] av114356993987607 ✓
[2026-07-25 11:35:16.568]   [评论限流] av632910919 等待 6 秒后重试 (2/3)...
[2026-07-25 11:35:17.479]   [评论限流] av922625481 等待 6 秒后重试 (2/3)...
[2026-07-25 11:35:17.755]   [评论限流] av1855813393 等待 3 秒后重试 (1/3)...
[2026-07-25 11:35:18.790]   [146/199] av597509379 ✓
[2026-07-25 11:35:18.907]   [评论限流] av242569827 等待 6 秒后重试 (2/3)...
[2026-07-25 11:35:20.595]   [评论限流] av113128666891252 等待 3 秒后重试 (1/3)...
[2026-07-25 11:35:21.067]   [评论限流] av1855813393 等待 6 秒后重试 (2/3)...
[2026-07-25 11:35:22.892]   [147/199] av632910919 ✓
[2026-07-25 11:35:23.927]   [评论限流] av113128666891252 等待 6 秒后重试 (2/3)...
[2026-07-25 11:35:24.008]   [148/199] av922625481 ✓
[2026-07-25 11:35:24.723]   [评论限流] av114686783654813 等待 3 秒后重试 (1/3)...
[2026-07-25 11:35:25.255]   [149/199] av242569827 ✓
[2026-07-25 11:35:26.016]   [评论限流] av287945942 等待 3 秒后重试 (1/3)...
[2026-07-25 11:35:27.450]   [150/199] av1855813393 ✓
[2026-07-25 11:35:27.544]   [评论限流] av272663884 等待 3 秒后重试 (1/3)...
[2026-07-25 11:35:28.038]   [评论限流] av114686783654813 等待 6 秒后重试 (2/3)...
[2026-07-25 11:35:29.238]   [评论限流] av114659319420597 等待 3 秒后重试 (1/3)...
[2026-07-25 11:35:29.397]   [评论限流] av287945942 等待 6 秒后重试 (2/3)...
[2026-07-25 11:35:30.301]   [151/199] av113128666891252 ✓
[2026-07-25 11:35:30.872]   [评论限流] av272663884 等待 6 秒后重试 (2/3)...
[2026-07-25 11:35:32.181]   [评论限流] av547236473 等待 3 秒后重试 (1/3)...
[2026-07-25 11:35:32.624]   [评论限流] av114659319420597 等待 6 秒后重试 (2/3)...
[2026-07-25 11:35:34.476]   [152/199] av114686783654813 ✓
[2026-07-25 11:35:35.514]   [评论限流] av547236473 等待 6 秒后重试 (2/3)...
[2026-07-25 11:35:35.790]   [153/199] av287945942 ✓
[2026-07-25 11:35:36.216]   [评论限流] av929602766 等待 3 秒后重试 (1/3)...
[2026-07-25 11:35:37.270]   [154/199] av272663884 ✓
[2026-07-25 11:35:37.714]   [评论限流] av1803632565 等待 3 秒后重试 (1/3)...
[2026-07-25 11:35:39.117]   [评论限流] av591789566 等待 3 秒后重试 (1/3)...
[2026-07-25 11:35:39.152]   [155/199] av114659319420597 ✓
[2026-07-25 11:35:39.555]   [评论限流] av929602766 等待 6 秒后重试 (2/3)...
[2026-07-25 11:35:40.919]   [评论限流] av507234098 等待 3 秒后重试 (1/3)...
[2026-07-25 11:35:41.048]   [评论限流] av1803632565 等待 6 秒后重试 (2/3)...
[2026-07-25 11:35:41.930]   [156/199] av547236473 ✓
[2026-07-25 11:35:42.475]   [评论限流] av591789566 等待 6 秒后重试 (2/3)...
[2026-07-25 11:35:43.977]   [评论限流] av634601045 等待 3 秒后重试 (1/3)...
[2026-07-25 11:35:44.318]   [评论限流] av507234098 等待 6 秒后重试 (2/3)...
[2026-07-25 11:35:46.043]   [157/199] av929602766 ✓
[2026-07-25 11:35:47.358]   [评论限流] av634601045 等待 6 秒后重试 (2/3)...
[2026-07-25 11:35:47.430]   [158/199] av1803632565 ✓
[2026-07-25 11:35:48.124]   [评论限流] av945701055 等待 3 秒后重试 (1/3)...
[2026-07-25 11:35:48.873]   [159/199] av591789566 ✓
[2026-07-25 11:35:49.514]   [评论限流] av1855979301 等待 3 秒后重试 (1/3)...
[2026-07-25 11:35:50.769]   [160/199] av507234098 ✓
[2026-07-25 11:35:51.048]   [评论限流] av114551240589617 等待 3 秒后重试 (1/3)...
[2026-07-25 11:35:51.468]   [评论限流] av945701055 等待 6 秒后重试 (2/3)...
[2026-07-25 11:35:52.777]   [评论限流] av323647366 等待 3 秒后重试 (1/3)...
[2026-07-25 11:35:52.838]   [评论限流] av1855979301 等待 6 秒后重试 (2/3)...
[2026-07-25 11:35:53.688]   [161/199] av634601045 ✓
[2026-07-25 11:35:54.385]   [评论限流] av114551240589617 等待 6 秒后重试 (2/3)...
[2026-07-25 11:35:55.667]   [评论限流] av362231260 等待 3 秒后重试 (1/3)...
[2026-07-25 11:35:56.086]   [评论限流] av323647366 等待 6 秒后重试 (2/3)...
[2026-07-25 11:35:58.025]   [162/199] av945701055 ✓
[2026-07-25 11:35:59.056]   [评论限流] av362231260 等待 6 秒后重试 (2/3)...
[2026-07-25 11:35:59.253]   [163/199] av1855979301 ✓
[2026-07-25 11:35:59.543]   [评论限流] av527195038 等待 3 秒后重试 (1/3)...
[2026-07-25 11:36:00.730]   [164/199] av114551240589617 ✓
[2026-07-25 11:36:00.946]   [评论限流] av1905815038 等待 3 秒后重试 (1/3)...
[2026-07-25 11:36:02.504]   [165/199] av323647366 ✓
[2026-07-25 11:36:02.916]   [评论限流] av91283912 等待 3 秒后重试 (1/3)...
[2026-07-25 11:36:02.956]   [评论限流] av527195038 等待 6 秒后重试 (2/3)...
[2026-07-25 11:36:03.598]   [粉丝-card] UID=458683 code=-352 msg=-352
[2026-07-25 11:36:03.601]   [粉丝] UID=458683 card API失败，尝试 relation API
[2026-07-25 11:36:04.315]   [评论限流] av1905815038 等待 6 秒后重试 (2/3)...
[2026-07-25 11:36:04.994]   [评论限流] av426128202 等待 3 秒后重试 (1/3)...
[2026-07-25 11:36:05.361]   [166/199] av362231260 ✓
[2026-07-25 11:36:06.235]   [评论限流] av91283912 等待 6 秒后重试 (2/3)...
[2026-07-25 11:36:06.459]   [粉丝-card] UID=105203349 code=-352 msg=-352
[2026-07-25 11:36:06.463]   [粉丝] UID=105203349 card API失败，尝试 relation API
[2026-07-25 11:36:07.607]   [评论限流] av630798818 等待 3 秒后重试 (1/3)...
[2026-07-25 11:36:08.306]   [评论限流] av426128202 等待 6 秒后重试 (2/3)...
[2026-07-25 11:36:09.253]   [167/199] av527195038 ✓
[2026-07-25 11:36:10.369]   [粉丝-card] UID=1238329219 code=-352 msg=-352
[2026-07-25 11:36:10.371]   [粉丝] UID=1238329219 card API失败，尝试 relation API
[2026-07-25 11:36:10.655]   [168/199] av1905815038 ✓
[2026-07-25 11:36:10.869]   [评论限流] av630798818 等待 6 秒后重试 (2/3)...
[2026-07-25 11:36:11.754]   [评论限流] av827773096 等待 3 秒后重试 (1/3)...
[2026-07-25 11:36:12.526]   [评论限流] av114379173400559 等待 3 秒后重试 (1/3)...
[2026-07-25 11:36:12.548]   [169/199] av91283912 ✓
[2026-07-25 11:36:13.788]   [粉丝-card] UID=482213447 code=-352 msg=-352
[2026-07-25 11:36:13.790]   [粉丝] UID=482213447 card API失败，尝试 relation API
[2026-07-25 11:36:14.603]   [170/199] av426128202 ✓
[2026-07-25 11:36:15.004]   [评论限流] av1405563688 等待 3 秒后重试 (1/3)...
[2026-07-25 11:36:15.126]   [评论限流] av827773096 等待 6 秒后重试 (2/3)...
[2026-07-25 11:36:15.761]   [粉丝-card] UID=3546756514056252 code=-352 msg=-352
[2026-07-25 11:36:15.765]   [粉丝] UID=3546756514056252 card API失败，尝试 relation API
[2026-07-25 11:36:15.848]   [评论限流] av114379173400559 等待 6 秒后重试 (2/3)...
[2026-07-25 11:36:17.086]   [评论限流] av114668345629785 等待 3 秒后重试 (1/3)...
[2026-07-25 11:36:17.236]   [171/199] av630798818 ✓
[2026-07-25 11:36:18.310]   [评论限流] av1405563688 等待 6 秒后重试 (2/3)...
[2026-07-25 11:36:18.547]   [粉丝-card] UID=549772707 code=-352 msg=-352
[2026-07-25 11:36:18.550]   [粉丝] UID=549772707 card API失败，尝试 relation API
[2026-07-25 11:36:19.857]   [评论限流] av467444054 等待 3 秒后重试 (1/3)...
[2026-07-25 11:36:20.388]   [评论限流] av114668345629785 等待 6 秒后重试 (2/3)...
[2026-07-25 11:36:21.431]   [172/199] av827773096 ✓
[2026-07-25 11:36:22.280]   [173/199] av114379173400559 ✓
[2026-07-25 11:36:22.784]   [评论限流] av115433201996436 等待 3 秒后重试 (1/3)...
[2026-07-25 11:36:23.183]   [评论限流] av467444054 等待 6 秒后重试 (2/3)...
[2026-07-25 11:36:23.297]   [粉丝-card] UID=3493111189736293 code=-352 msg=-352
[2026-07-25 11:36:23.299]   [粉丝] UID=3493111189736293 card API失败，尝试 relation API
[2026-07-25 11:36:24.611]   [174/199] av1405563688 ✓
[2026-07-25 11:36:24.615]   [评论限流] av116448961829764 等待 3 秒后重试 (1/3)...
[2026-07-25 11:36:25.598]   [粉丝-card] UID=1491746526 code=-352 msg=-352
[2026-07-25 11:36:25.601]   [粉丝] UID=1491746526 card API失败，尝试 relation API
[2026-07-25 11:36:26.091]   [评论限流] av115433201996436 等待 6 秒后重试 (2/3)...
[2026-07-25 11:36:26.736]   [175/199] av114668345629785 ✓
[2026-07-25 11:36:26.747]   [评论限流] av932800601 等待 3 秒后重试 (1/3)...
[2026-07-25 11:36:27.937]   [评论限流] av116448961829764 等待 6 秒后重试 (2/3)...
[2026-07-25 11:36:28.464]   [评论限流] av857849672 等待 3 秒后重试 (1/3)...
[2026-07-25 11:36:29.480]   [176/199] av467444054 ✓
[2026-07-25 11:36:30.057]   [评论限流] av932800601 等待 6 秒后重试 (2/3)...
[2026-07-25 11:36:30.567]   [粉丝-card] UID=1957489700 code=-352 msg=-352
[2026-07-25 11:36:30.571]   [粉丝] UID=1957489700 card API失败，尝试 relation API
[2026-07-25 11:36:31.671]   [评论限流] av116151048733109 等待 3 秒后重试 (1/3)...
[2026-07-25 11:36:31.766]   [评论限流] av857849672 等待 6 秒后重试 (2/3)...
[2026-07-25 11:36:32.374]   [177/199] av115433201996436 ✓
[2026-07-25 11:36:34.047]   [评论限流] av115144952649178 等待 3 秒后重试 (1/3)...
[2026-07-25 11:36:34.225]   [178/199] av116448961829764 ✓
[2026-07-25 11:36:35.016]   [评论限流] av116151048733109 等待 6 秒后重试 (2/3)...
[2026-07-25 11:36:36.018]   [评论限流] av1703483102 等待 3 秒后重试 (1/3)...
[2026-07-25 11:36:36.388]   [179/199] av932800601 ✓
[2026-07-25 11:36:37.360]   [评论限流] av115144952649178 等待 6 秒后重试 (2/3)...
[2026-07-25 11:36:37.512]   [粉丝-card] UID=104777016 code=-352 msg=-352
[2026-07-25 11:36:37.515]   [粉丝] UID=104777016 card API失败，尝试 relation API
[2026-07-25 11:36:38.110]   [180/199] av857849672 ✓
[2026-07-25 11:36:38.599]   [评论限流] av1706322615 等待 3 秒后重试 (1/3)...
[2026-07-25 11:36:39.286]   [粉丝-card] UID=1010192911 code=-352 msg=-352
[2026-07-25 11:36:39.288]   [粉丝] UID=1010192911 card API失败，尝试 relation API
[2026-07-25 11:36:39.335]   [评论限流] av1703483102 等待 6 秒后重试 (2/3)...
[2026-07-25 11:36:40.558]   [评论限流] av836698030 等待 3 秒后重试 (1/3)...
[2026-07-25 11:36:41.284]   [181/199] av116151048733109 ✓
[2026-07-25 11:36:41.859]   [评论限流] av1706322615 等待 6 秒后重试 (2/3)...
[2026-07-25 11:36:42.707]   [评论限流] av605519921 等待 3 秒后重试 (1/3)...
[2026-07-25 11:36:43.635]   [182/199] av115144952649178 ✓
[2026-07-25 11:36:43.916]   [评论限流] av836698030 等待 6 秒后重试 (2/3)...
[2026-07-25 11:36:44.627]   [粉丝-card] UID=2063125832 code=-352 msg=-352
[2026-07-25 11:36:44.629]   [粉丝] UID=2063125832 card API失败，尝试 relation API
[2026-07-25 11:36:45.744]   [183/199] av1703483102 ✓
[2026-07-25 11:36:45.795]   [评论限流] av856297082 等待 3 秒后重试 (1/3)...
[2026-07-25 11:36:46.003]   [评论限流] av605519921 等待 6 秒后重试 (2/3)...
[2026-07-25 11:36:47.845]   [评论限流] av1006045574 等待 3 秒后重试 (1/3)...
[2026-07-25 11:36:48.170]   [184/199] av1706322615 ✓
[2026-07-25 11:36:49.210]   [评论限流] av856297082 等待 6 秒后重试 (2/3)...
[2026-07-25 11:36:49.970]   [评论限流] av114594961953471 等待 3 秒后重试 (1/3)...
[2026-07-25 11:36:50.314]   [185/199] av836698030 ✓
[2026-07-25 11:36:51.186]   [评论限流] av1006045574 等待 6 秒后重试 (2/3)...
[2026-07-25 11:36:52.008]   [评论限流] av885671696 等待 3 秒后重试 (1/3)...
[2026-07-25 11:36:52.401]   [186/199] av605519921 ✓
[2026-07-25 11:36:53.379]   [评论限流] av114594961953471 等待 6 秒后重试 (2/3)...
[2026-07-25 11:36:53.579]   [粉丝-card] UID=315846984 code=-352 msg=-352
[2026-07-25 11:36:53.584]   [粉丝] UID=315846984 card API失败，尝试 relation API
[2026-07-25 11:36:55.024]   [评论限流] av890853767 等待 3 秒后重试 (1/3)...
[2026-07-25 11:36:55.464]   [评论限流] av885671696 等待 6 秒后重试 (2/3)...
[2026-07-25 11:36:55.547]   [187/199] av856297082 ✓
[2026-07-25 11:36:57.438]   [评论限流] av430366092 等待 3 秒后重试 (1/3)...
[2026-07-25 11:36:57.495]   [188/199] av1006045574 ✓
[2026-07-25 11:36:58.505]   [评论限流] av890853767 等待 6 秒后重试 (2/3)...
[2026-07-25 11:36:59.049]   [粉丝-card] UID=316927624 code=-352 msg=-352
[2026-07-25 11:36:59.057]   [粉丝] UID=316927624 card API失败，尝试 relation API
[2026-07-25 11:36:59.805]   [189/199] av114594961953471 ✓
[2026-07-25 11:37:00.406]   [评论限流] av1800746052 等待 3 秒后重试 (1/3)...
[2026-07-25 11:37:00.789]   [评论限流] av430366092 等待 6 秒后重试 (2/3)...
[2026-07-25 11:37:01.903]   [190/199] av885671696 ✓
[2026-07-25 11:37:02.078]   [评论限流] av716971037 等待 3 秒后重试 (1/3)...
[2026-07-25 11:37:03.753]   [评论限流] av1800746052 等待 6 秒后重试 (2/3)...
[2026-07-25 11:37:03.855]   [评论限流] av115893048840546 等待 3 秒后重试 (1/3)...
[2026-07-25 11:37:04.773]   [191/199] av890853767 ✓
[2026-07-25 11:37:05.471]   [评论限流] av716971037 等待 6 秒后重试 (2/3)...
[2026-07-25 11:37:06.079]   [粉丝-card] UID=1176972733 code=-352 msg=-352
[2026-07-25 11:37:06.084]   [粉丝] UID=1176972733 card API失败，尝试 relation API
[2026-07-25 11:37:07.338]   [评论限流] av895059913 等待 3 秒后重试 (1/3)...
[2026-07-25 11:37:07.349]   [评论限流] av115893048840546 等待 6 秒后重试 (2/3)...
[2026-07-25 11:37:07.394]   [192/199] av430366092 ✓
[2026-07-25 11:37:09.281]   [评论限流] av805567290 等待 3 秒后重试 (1/3)...
[2026-07-25 11:37:10.145]   [193/199] av1800746052 ✓
[2026-07-25 11:37:10.670]   [评论限流] av895059913 等待 6 秒后重试 (2/3)...
[2026-07-25 11:37:11.269]   [粉丝-card] UID=3493270520859091 code=-352 msg=-352
[2026-07-25 11:37:11.278]   [粉丝] UID=3493270520859091 card API失败，尝试 relation API
[2026-07-25 11:37:12.046]   [194/199] av716971037 ✓
[2026-07-25 11:37:12.700]   [评论限流] av805567290 等待 6 秒后重试 (2/3)...
[2026-07-25 11:37:12.701]   [评论限流] av113133532224228 等待 3 秒后重试 (1/3)...
[2026-07-25 11:37:13.699]   [评论限流] av114081965021870 等待 3 秒后重试 (1/3)...
[2026-07-25 11:37:13.771]   [195/199] av115893048840546 ✓
[2026-07-25 11:37:15.997]   [评论限流] av113133532224228 等待 6 秒后重试 (2/3)...
[2026-07-25 11:37:17.112]   [196/199] av895059913 ✓
[2026-07-25 11:37:17.143]   [评论限流] av114081965021870 等待 6 秒后重试 (2/3)...
[2026-07-25 11:37:19.035]   [197/199] av805567290 ✓
[2026-07-25 11:37:22.370]   [198/199] av113133532224228 ✓
[2026-07-25 11:37:23.609]   [199/199] av114081965021870 ✓
[2026-07-25 11:37:23.623] 
[搜索完成] 成功: 199, 失败: 0
[2026-07-25 11:37:23.633] 
============================================================
[2026-07-25 11:37:23.636]   Top 10 热门视频
[2026-07-25 11:37:23.638] ============================================================
[2026-07-25 11:37:23.643] 
1. 宿舍熬夜哥
[2026-07-25 11:37:23.646]    播放: 20,623,431 | 弹幕: 1,896 | 收藏: 311,139 | 评论: 2,919
[2026-07-25 11:37:23.648] 
2. 退钱！喝它女朋友凌晨三点还不让我睡觉！！！
[2026-07-25 11:37:23.650]    播放: 12,893,323 | 弹幕: 169 | 收藏: 36,537 | 评论: 247
[2026-07-25 11:37:23.653] 
3. 【医学博士】每天凌晨3点睡，多少天会死？| 如何把熬夜危害控制到最小？
[2026-07-25 11:37:23.655]    播放: 12,224,054 | 弹幕: 17,632 | 收藏: 230,970 | 评论: 19,552
[2026-07-25 11:37:23.657] 
4. 【连续熬夜365天】我的身体发生了什么变化!
[2026-07-25 11:37:23.661]    播放: 10,101,963 | 弹幕: 16,633 | 收藏: 183,983 | 评论: 17,307
[2026-07-25 11:37:23.663] 
5. 不会吧？不会现在还有人在熬夜吧？
[2026-07-25 11:37:23.664]    播放: 9,862,483 | 弹幕: 1,148 | 收藏: 104,088 | 评论: 3,025
[2026-07-25 11:37:23.666] 
6. 亲身实测！熬夜48小时，我的身体出现了变化……
[2026-07-25 11:37:23.668]    播放: 9,107,466 | 弹幕: 84,747 | 收藏: 148,541 | 评论: 20,027
[2026-07-25 11:37:23.671] 
7. 【花小烙】长期熬夜会让你的身体发生什么改变？
[2026-07-25 11:37:23.676]    播放: 9,020,722 | 弹幕: 4,076 | 收藏: 76,998 | 评论: 7,511
[2026-07-25 11:37:23.678] 
8. 为了不熬夜玩手机，我们做了这个...
[2026-07-25 11:37:23.680]    播放: 9,004,794 | 弹幕: 3,344 | 收藏: 95,685 | 评论: 4,860
[2026-07-25 11:37:23.680] 
9. 原来熬夜还可以防小偷！
[2026-07-25 11:37:23.684]    播放: 8,815,634 | 弹幕: 157 | 收藏: 25,281 | 评论: 825
[2026-07-25 11:37:23.685] 
10. 【医学博士】熬夜到几点会猝死？I 请为自己看完这个视频
[2026-07-25 11:37:23.689]    播放: 8,696,507 | 弹幕: 36,776 | 收藏: 312,390 | 评论: 19,057
[2026-07-25 11:37:23.706] [修复] 已修正 343 条视频的评论数 (comment_count <- review)
[2026-07-25 11:37:23.709] 
============================================================
[2026-07-25 11:37:23.711]   自动检测并补充粉丝数
[2026-07-25 11:37:23.713] ============================================================
[2026-07-25 11:37:23.715] 待补充UP主数: 16
[2026-07-25 11:37:23.889]   [粉丝-card] UID=458683 code=-352 msg=-352
[2026-07-25 11:37:23.893]   [粉丝] UID=458683 card API失败，尝试 relation API
[2026-07-25 11:37:24.426]   [1/16] UID=458683 (樱桃小嘴巴114) -> 137,061 (更新1条视频)
[2026-07-25 11:37:25.394]   [粉丝-card] UID=105203349 code=-352 msg=-352
[2026-07-25 11:37:25.400]   [粉丝] UID=105203349 card API失败，尝试 relation API
[2026-07-25 11:37:25.889]   [2/16] UID=105203349 (万宁叔vv) -> 548,254 (更新1条视频)
[2026-07-25 11:37:26.680]   [粉丝-card] UID=1238329219 code=-352 msg=-352
[2026-07-25 11:37:26.686]   [粉丝] UID=1238329219 card API失败，尝试 relation API
[2026-07-25 11:37:27.320]   [3/16] UID=1238329219 (觅2) -> 1,441,166 (更新1条视频)
[2026-07-25 11:37:28.040]   [粉丝-card] UID=482213447 code=-352 msg=-352
[2026-07-25 11:37:28.052]   [粉丝] UID=482213447 card API失败，尝试 relation API
[2026-07-25 11:37:28.745]   [4/16] UID=482213447 (闪电侠-flash) -> 2,066,094 (更新1条视频)
[2026-07-25 11:37:29.480]   [粉丝-card] UID=3546756514056252 code=-352 msg=-352
[2026-07-25 11:37:29.486]   [粉丝] UID=3546756514056252 card API失败，尝试 relation API
[2026-07-25 11:37:29.970]   [5/16] UID=3546756514056252 (猫meme团子) -> 747,612 (更新1条视频)
[2026-07-25 11:37:30.599]   [粉丝-card] UID=549772707 code=-352 msg=-352
[2026-07-25 11:37:30.604]   [粉丝] UID=549772707 card API失败，尝试 relation API
[2026-07-25 11:37:31.111]   [6/16] UID=549772707 (摆货小天才) -> 1,187,522 (更新1条视频)
[2026-07-25 11:37:31.628]   [粉丝-card] UID=3493111189736293 code=-352 msg=-352
[2026-07-25 11:37:31.634]   [粉丝] UID=3493111189736293 card API失败，尝试 relation API
[2026-07-25 11:37:32.459]   [7/16] UID=3493111189736293 (心理能量1101) -> 442,864 (更新1条视频)
[2026-07-25 11:37:33.199]   [粉丝-card] UID=1491746526 code=-352 msg=-352
[2026-07-25 11:37:33.203]   [粉丝] UID=1491746526 card API失败，尝试 relation API
[2026-07-25 11:37:33.808]   [8/16] UID=1491746526 (自在中医说) -> 11,818 (更新1条视频)
[2026-07-25 11:37:34.650]   [粉丝-card] UID=1957489700 code=-352 msg=-352
[2026-07-25 11:37:34.663]   [粉丝] UID=1957489700 card API失败，尝试 relation API
[2026-07-25 11:37:35.294]   [9/16] UID=1957489700 (浪子mn) -> 107,358 (更新1条视频)
[2026-07-25 11:37:35.781]   进度: 10/16
[2026-07-25 11:37:35.999]   [粉丝-card] UID=104777016 code=-352 msg=-352
[2026-07-25 11:37:36.002]   [粉丝] UID=104777016 card API失败，尝试 relation API
[2026-07-25 11:37:36.708]   [10/16] UID=104777016 (小孩曾卓君) -> 754,541 (更新1条视频)
[2026-07-25 11:37:37.682]   [粉丝-card] UID=1010192911 code=-352 msg=-352
[2026-07-25 11:37:37.689]   [粉丝] UID=1010192911 card API失败，尝试 relation API
[2026-07-25 11:37:38.323]   [11/16] UID=1010192911 (账号已注销) -> 30,622 (更新1条视频)
[2026-07-25 11:37:39.261]   [粉丝-card] UID=2063125832 code=-352 msg=-352
[2026-07-25 11:37:39.265]   [粉丝] UID=2063125832 card API失败，尝试 relation API
[2026-07-25 11:37:40.055]   [12/16] UID=2063125832 (学个小知识-) -> 73,272 (更新1条视频)
[2026-07-25 11:37:40.989]   [粉丝-card] UID=315846984 code=-352 msg=-352
[2026-07-25 11:37:40.993]   [粉丝] UID=315846984 card API失败，尝试 relation API
[2026-07-25 11:37:41.559]   [13/16] UID=315846984 (歌白说Geslook) -> 1,656,719 (更新1条视频)
[2026-07-25 11:37:42.148]   [粉丝-card] UID=316927624 code=-352 msg=-352
[2026-07-25 11:37:42.156]   [粉丝] UID=316927624 card API失败，尝试 relation API
[2026-07-25 11:37:42.920]   [14/16] UID=316927624 (哇宝宝独一无二) -> 69,021 (更新1条视频)
[2026-07-25 11:37:43.848]   [粉丝-card] UID=1176972733 code=-352 msg=-352
[2026-07-25 11:37:43.854]   [粉丝] UID=1176972733 card API失败，尝试 relation API
[2026-07-25 11:37:44.512]   [15/16] UID=1176972733 (张煜东East) -> 785,962 (更新1条视频)
[2026-07-25 11:37:45.439]   [粉丝-card] UID=3493270520859091 code=-352 msg=-352
[2026-07-25 11:37:45.443]   [粉丝] UID=3493270520859091 card API失败，尝试 relation API
[2026-07-25 11:37:46.029]   [16/16] UID=3493270520859091 (不吃香菜c减肥版) -> 8,424 (更新1条视频)
[2026-07-25 11:37:46.810] 
[完成] 粉丝数补充: 成功 16, 失败 0
[2026-07-25 11:37:46.813] 
==========================================================================================
[2026-07-25 11:37:46.816]   动量分析 (单次快照模式)
[2026-07-25 11:37:46.819] ==========================================================================================
[2026-07-25 11:37:46.822] 关键词: 熬夜
[2026-07-25 11:37:46.825] 显示数量: 999999
[2026-07-25 11:37:46.827] 评分维度: 播放速率(30%) + 粉丝转化(25%) + 互动密度(20%) + 新鲜度(15%) + 播放量(10%)
[2026-07-25 11:37:46.828] 
[2026-07-25 11:37:46.847] 
动量排行 Top 999999（按综合评分排序）
[2026-07-25 11:37:46.849] ------------------------------------------------------------------------------------------------------------------------------------------------------------------------------------
[2026-07-25 11:37:46.854] 排名   标题                                  播放量 UP主              粉丝      转化      速率/h     互动密度     视频年龄     历史增长     综合分
[2026-07-25 11:37:46.857] ------------------------------------------------------------------------------------------------------------------------------------------------------------------------------------
[2026-07-25 11:37:46.859] 1    你可以熬夜，但第二天必须去做这些恢复。           7,391,197 349311118   442,864   16.7x      3293    0.212      94天      N/A   0.499
[2026-07-25 11:37:46.860] 2    带猫熬夜不让它睡觉，结果。。。               3,377,733 165517497   286,639   11.8x      6455    0.049      22天      N/A   0.484
[2026-07-25 11:37:46.862] 3    转发给你天天熬夜的朋友                   1,972,543 354672449   405,888    4.9x      5986    0.129      14天      N/A   0.477
[2026-07-25 11:37:46.863] 4    宿舍熬夜哥                        20,623,431 252935647   922,264   22.4x      2965    0.036     290天      N/A   0.454
[2026-07-25 11:37:46.867] 5    熬夜密码！                         3,926,306 458683      137,061   28.6x       106    0.186    1543天      N/A   0.410
[2026-07-25 11:37:46.870] 6    熬夜玩小手机差点被抓住了                  3,492,136 195748970   107,358   32.5x       996    0.079     146天      N/A   0.371
[2026-07-25 11:37:46.872] 7    我不能熬夜啦！！！                     3,410,227 391385961    95,943   35.5x       959    0.079     148天      N/A   0.368
[2026-07-25 11:37:46.876] 8    熬夜的好处，你知道的太晚了                 5,557,882 149174652    11,818  470.3x       130    0.109    1782天      N/A   0.366
[2026-07-25 11:37:46.882] 9    为什么有时候明明很累，躺床上却还要报复性熬夜？       2,235,407 82528901     76,549   29.2x       433    0.111     215天      N/A   0.358
[2026-07-25 11:37:46.885] 10   通宵熬夜后生物钟乱了可以这样调整              3,336,420 182707729    90,110   37.0x       108    0.109    1285天      N/A   0.354
[2026-07-25 11:37:46.889] 11   退钱！喝它女朋友凌晨三点还不让我睡觉！！！        12,893,323 349307669     4,461 2890.2x       403    0.022    1332天      N/A   0.345
[2026-07-25 11:37:46.893] 12   【科学熬夜】8分钟搞定超高效睡眠法则            2,306,115 13873513     63,987   36.0x        38    0.103    2553天      N/A   0.340
[2026-07-25 11:37:46.896] 13   这些动作正在让你变丑！                   3,370,808 211160472    59,852   56.3x      1409    0.011     100天      N/A   0.332
[2026-07-25 11:37:46.901] 14   关心朋友                          2,450,023 206312583    73,272   33.4x        70    0.087    1462天      N/A   0.329
[2026-07-25 11:37:46.903] 15   跟我一起念几遍，接着熬夜算你狠               2,335,178 306477238    69,395   33.6x        86    0.078    1134天      N/A   0.321
[2026-07-25 11:37:46.905] 16   生前何必久睡，死后必定长眠                 2,798,824 455149497    10,455  267.7x        71    0.075    1652天      N/A   0.321
[2026-07-25 11:37:46.908] 17   原来熬夜还可以防小偷！                   8,815,634 158673680   225,269   39.1x       326    0.020    1127天      N/A   0.319
[2026-07-25 11:37:46.910] 18   原来熬夜带来的伤害是可以被抵消的？             8,448,275 158161684   357,717   23.6x       917    0.050     384天      N/A   0.316
[2026-07-25 11:37:46.911] 19   熬夜恐怖故事一则                      2,289,221 511844821    87,534   26.1x       251    0.101     381天      N/A   0.316
[2026-07-25 11:37:46.913] 20   快转发给你爱熬夜的朋友                   3,713,207 108727891     4,273  869.0x       105    0.060    1473天      N/A   0.314
[2026-07-25 11:37:46.917] 21   【科普】一天只睡四小时，多少天会死？？！！         4,795,874 62403292     11,432  419.5x       118    0.051    1693天      N/A   0.313
[2026-07-25 11:37:46.919] 22   我终于不熬夜啦！！！                    2,735,165 391385961    95,943   28.5x      1007    0.029     113天      N/A   0.313
[2026-07-25 11:37:46.922] 23   30岁也要熬夜打的游戏，专治电子ed的5款神作       2,734,076 1516596      64,101   42.6x       258    0.054     442天      N/A   0.311
[2026-07-25 11:37:46.924] 24   脸蛋洗得干干净净的男孩子真的很加分！甩掉大油田全靠它    5,270,597 349327052     8,424  625.7x       323    0.030     679天      N/A   0.308
[2026-07-25 11:37:46.926] 25   大型纪录片《熬夜传奇》精彩奉献！              3,166,097 353712056     6,863  461.3x       127    0.054    1038天      N/A   0.308
[2026-07-25 11:37:46.929] 26   【爱情公寓超长爆笑合集】“没有什么烦恼是一小时的爱情    4,255,780 349436608    56,401   75.5x       167    0.039    1064天      N/A   0.303
[2026-07-25 11:37:46.931] 27   熬夜背梗还是比不过先天抽象圣体               2,150,487 354675590       219 9819.6x       147    0.050     609天      N/A   0.300
[2026-07-25 11:37:46.935] 28   蛋仔派对：晚上熬夜看爽文，谁知道……            2,910,025 368128556    48,573   59.9x       626    0.017     194天      N/A   0.298
[2026-07-25 11:37:46.938] 29   当代熬夜人最怕听到的声音，清晨上早八            2,467,075 354675215       126 19580.0x       162    0.043     634天      N/A   0.296
[2026-07-25 11:37:46.941] 30   【科普】熬夜如何改变你的脸？                4,909,303 20829945    237,343   20.7x        99    0.113    2070天      N/A   0.287
[2026-07-25 11:37:46.943] 31   求求你了！熬夜做了好几个晚上，让我通过吧！第70集P    2,907,440 316927624    69,021   42.1x       136    0.031     889天      N/A   0.287
[2026-07-25 11:37:46.947] 32   别让熬夜成为习惯，早点睡觉，好好生活！           3,122,858 354689276    25,246  123.7x       571    0.005     228天      N/A   0.287
[2026-07-25 11:37:46.950] 33   你因为熬夜玩假山海经，第二天竟重生成了一条黄鳝       4,637,259 346158295    20,078  231.0x       146    0.018    1320天      N/A   0.286
[2026-07-25 11:37:46.951] 34   PDD熬夜看华语乐坛神仙过招  节目效果拉满（弹幕版    1,985,547 3676199         678 2928.5x        58    0.032    1432天      N/A   0.280
[2026-07-25 11:37:46.955] 35   年轻人少熬夜，真的会越长越丑                5,311,501 280102190       491 10817.7x        94    0.008    2343天      N/A   0.279
[2026-07-25 11:37:46.956] 36   可口可乐新品名字遭吐槽，“夏枯草”一出，劝退中国人     2,502,251 121011311    39,667   63.1x        70    0.025    1500天      N/A   0.277
[2026-07-25 11:37:46.959] 37   耐心看完，你就知道你的头发怎么救了             2,242,989 249866611     2,047 1095.7x       126    0.023     743天      N/A   0.277
[2026-07-25 11:37:46.962] 38   本以为只有我熬夜修仙，结果妈妈才是隐藏的熬夜王者      2,299,824 109687193    40,421   56.9x       224    0.014     429天      N/A   0.274
[2026-07-25 11:37:46.966] 39   再也不敢熬夜了                       2,436,229 58357698     76,118   32.0x       312    0.006     326天      N/A   0.272
[2026-07-25 11:37:46.968] 40   【脱口秀合集】30分钟爆笑脱口秀精选！不容错过的电子    2,728,652 101019291    30,622   89.1x       125    0.012     913天      N/A   0.270
[2026-07-25 11:37:46.970] 41   明星的公主病：袁雨萱得知要熬夜崩溃大哭，导演怒批杨颖    2,205,743 696343450     4,474  493.0x        53    0.014    1726天      N/A   0.266
[2026-07-25 11:37:46.972] 42   外甥熬夜玩游戏，故意让他用包包接听电话，结果吓出一身    2,962,087 270386449    61,393   48.2x        86    0.004    1434天      N/A   0.263
[2026-07-25 11:37:46.974] 43   人类失去睡眠能力，爱熬夜的人活的最久？大脑洞科幻电影    1,980,160 13226737     16,223  122.1x        47    0.002    1766天      N/A   0.254
[2026-07-25 11:37:46.976] 44   熬夜辅助床                         3,126,442 677572824   114,656   27.3x        74    0.017    1763天      N/A   0.251
[2026-07-25 11:37:46.978] 45   严于律友，宽以待己！我熬夜行，你熬夜不行！         2,765,904 174682844   149,494   18.5x        77    0.086    1499天      N/A   0.234
[2026-07-25 11:37:46.980] 46   我最喜欢熬夜啦！                      3,886,461 383444910   929,782    4.2x        70    0.221    2302天      N/A   0.234
[2026-07-25 11:37:46.983] 47   为了不熬夜玩手机，我们做了这个...            9,004,794 163637592  12,839,482    0.7x      2936    0.059     128天      N/A   0.230
[2026-07-25 11:37:46.984] 48   以我为戒，警惕熬夜。。。                  4,166,333 280127123   298,174   14.0x       118    0.106    1467天      N/A   0.223
[2026-07-25 11:37:46.986] 49   在深渊里起舞，在崩溃中举杯                 2,189,145 354675835  1,662,865    1.3x       216    0.239     422天      N/A   0.222
[2026-07-25 11:37:46.986] 50   熬夜之后如何科学恢复                    3,983,894 381374122   368,043   10.8x        69    0.136    2419天      N/A   0.218
[2026-07-25 11:37:46.988] 51   熬夜会失去寿命，但熬夜时已经比别人多活了呀？        6,460,460 137567826   532,231   12.1x      1835    0.008     147天      N/A   0.217
[2026-07-25 11:37:46.991] 52   【医学博士】熬夜到几点会猝死？I 请为自己看完这个视    8,696,507 7788379    8,100,559    1.1x       253    0.182    1435天      N/A   0.209
[2026-07-25 11:37:46.992] 53   现代人精神内耗的解药                    2,127,940 354675835  1,662,865    1.3x       237    0.222     374天      N/A   0.209
[2026-07-25 11:37:46.994] 54   熬夜暗沉？黄气色斑？如何改善，亲测有效！          4,987,819 517948340   256,728   19.4x       114    0.029    1831天      N/A   0.208
[2026-07-25 11:37:46.994] 55   【万能爷爷｜科普篇】荔枝的正确养生吃法，适合熬夜和常    7,423,948 354675651   747,612    9.9x       758    0.070     408天      N/A   0.206
[2026-07-25 11:37:46.996] 56   天天熬夜都没黑眼圈，远离干纹细纹！告别无效眼霜！解锁    2,549,827 124154098   135,438   18.8x        63    0.045    1696天      N/A   0.201
[2026-07-25 11:37:46.997] 57   熬夜看完全部场次的真球迷举个手               2,148,075 16754498   1,073,204    2.0x      2816    0.030      32天      N/A   0.199
[2026-07-25 11:37:46.999] 58   拒绝熬夜！                         2,183,596 354638360   179,754   12.2x       134    0.106     680天      N/A   0.197
[2026-07-25 11:37:47.002] 59   【医学博士】危急情况如何自救？I 这条视频关键时刻能    2,205,967 7788379    8,100,559    0.3x        69    0.227    1337天      N/A   0.197
[2026-07-25 11:37:47.003] 60   这也太踏实了。。。。                    5,436,771 349310446   698,912    7.8x       299    0.117     757天      N/A   0.196
[2026-07-25 11:37:47.004] 61   亲身实测！熬夜48小时，我的身体出现了变化……       9,107,466 407054668  6,407,429    1.4x      1172    0.108     324天      N/A   0.196
[2026-07-25 11:37:47.006] 62   没有让熬夜支持我的家人们失望                4,056,392 104777016   754,541    5.4x       237    0.151     712天      N/A   0.194
[2026-07-25 11:37:47.008] 63   熬夜好，熬夜是通往二次元的大门               2,217,917 349310666   430,504    5.2x        95    0.172     976天      N/A   0.193
[2026-07-25 11:37:47.009] 64   熬夜的延迟反应                       3,544,643 543931452  2,460,150    1.4x       201    0.194     736天      N/A   0.192
[2026-07-25 11:37:47.011] 65   【医学博士】死亡前的征兆是什么？I 猝死前如何正确自    5,829,030 7788379    8,100,559    0.7x       120    0.188    2018天      N/A   0.190
[2026-07-25 11:37:47.012] 66   熬夜！！差点要了我的命！！                 2,567,598 28480937    182,552   14.1x        59    0.079    1815天      N/A   0.189
[2026-07-25 11:37:47.013] 67   肝火旺没精神？熬夜喝酒警惕肝脏亮红灯！护肝到底有多重    6,942,685 471959769   533,222   13.0x       228    0.044    1271天      N/A   0.183
[2026-07-25 11:37:47.014] 68   熬  夜  波  比                    2,722,812 39886742    176,475   15.4x        64    0.052    1772天      N/A   0.179
[2026-07-25 11:37:47.015] 69   【睡眠科学】哪有什么熬夜不老？都是大脑透支在负重前行    3,031,099 314021327   867,206    3.5x       119    0.164    1064天      N/A   0.177
[2026-07-25 11:37:47.018] 70   在阎王面前做假账                      2,719,531 4191359    1,026,132    2.6x       133    0.164     849天      N/A   0.170
[2026-07-25 11:37:47.020] 71   我在首尔熬夜24小时，韩国人真把睡眠进化掉了！？      8,441,115 11097284   1,648,176    5.1x      1289    0.037     273天      N/A   0.168
[2026-07-25 11:37:47.021] 72   熬夜变成黄脸婆？吃它抗衰回春！找回年轻好状态！       2,192,471 180396335   129,101   17.0x       101    0.017     901天      N/A   0.162
[2026-07-25 11:37:47.022] 73   老人熬夜直播到手仅百元？up主实锤幕后团队造假！【下    2,469,987 11097284   1,648,176    1.5x        79    0.167    1308天      N/A   0.159
[2026-07-25 11:37:47.024] 74   【花小烙】长期熬夜会让你的身体发生什么改变？        9,020,722 402576555  5,725,094    1.6x      1399    0.049     269天      N/A   0.157
[2026-07-25 11:37:47.025] 75   熬夜后该如何补救？熬夜方式不同，事后补救的方法也应该    2,110,373 511148568   841,555    2.5x        46    0.157    1927天      N/A   0.155
[2026-07-25 11:37:47.026] 76   【医学博士】每天凌晨3点睡，多少天会死？| 如何把熬   12,224,054 7788379    8,100,559    1.5x       680    0.064     749天      N/A   0.153
[2026-07-25 11:37:47.028] 77   熬夜传奇，明天ICU我和你                 3,239,631 689279517   400,586    8.1x       131    0.087    1027天      N/A   0.153
[2026-07-25 11:37:47.030] 78   【歌白】人是怎样通过熬夜把自己作死的？熬夜无法补救！    5,204,005 315846984  1,656,719    3.1x       123    0.118    1756天      N/A   0.148
[2026-07-25 11:37:47.032] 79   为什么当代年轻人戒不掉熬夜？                3,099,257 627888730  6,152,518    0.5x       111    0.158    1160天      N/A   0.147
[2026-07-25 11:37:47.032] 80   【连续熬夜365天】我的身体发生了什么变化!       10,101,963 66391032   4,283,401    2.4x       256    0.086    1647天      N/A   0.147
[2026-07-25 11:37:47.034] 81   【医学博士】18岁以后还能长高吗？I 熬夜会影响身高    5,732,944 7788379    8,100,559    0.7x       135    0.137    1772天      N/A   0.147
[2026-07-25 11:37:47.035] 82   老熬夜对心脏不好，看完早点睡觉               4,260,066 526053465   505,250    8.4x       107    0.071    1659天      N/A   0.147
[2026-07-25 11:37:47.036] 83   【干货】如何在8小时内睡够3小时              2,306,757 482213447  2,066,094    1.1x       124    0.154     773天      N/A   0.146
[2026-07-25 11:37:47.038] 84   放弃熬夜，做清晨的霸主（人生效率的巨变）          2,342,216 239688446   916,903    2.5x        78    0.142    1247天      N/A   0.146
[2026-07-25 11:37:47.039] 85   当你只睡了4小时早起吃早餐belike           3,161,821 439975888   497,922    6.3x       749    0.058     176天      N/A   0.143
[2026-07-25 11:37:47.041] 86   熬夜时，最怕听到的声音                   2,287,203 168680794  1,197,270    1.9x       125    0.142     763天      N/A   0.143
[2026-07-25 11:37:47.042] 87   【你为什么总是很累?】如何高效休息!            4,785,945 66391032   4,283,401    1.1x       141    0.133    1415天      N/A   0.143
[2026-07-25 11:37:47.043] 88   【医学博士】你一边熬夜一边担心猝死的样子真朋克啊！I    2,200,616 7788379    8,100,559    0.3x        44    0.160    2107天      N/A   0.139
[2026-07-25 11:37:47.046] 89   为什么学霸永远不会困？？如何上课不困、下课不累、做题    2,804,010 350632501  1,410,404    2.0x        51    0.138    2286天      N/A   0.139
[2026-07-25 11:37:47.047] 90   哪些症状是真正的猝死信号？不同程度的症状如何区别补救    3,531,981 511148568   841,555    4.2x        82    0.107    1786天      N/A   0.137
[2026-07-25 11:37:47.049] 91   正在熬夜的你刷到真是太幸福了                4,715,016 137567826   532,231    8.9x       237    0.044     828天      N/A   0.137
[2026-07-25 11:37:47.051] 92   【小魔】如何在3小时内睡够8小时？             8,691,598 87190721   1,924,877    4.5x       861    0.026     421天      N/A   0.136
[2026-07-25 11:37:47.052] 93   蛋仔派对：熬夜到凌晨睡觉会梦游？身体不受控制，后果很    5,331,527 341024691  1,491,929    3.6x      1777    0.006     125天      N/A   0.135
[2026-07-25 11:37:47.055] 94   【医学博士】你每天这样吃饭，简直是在慢性自杀！I 胃    6,996,540 7788379    8,100,559    0.9x       242    0.107    1204天      N/A   0.135
[2026-07-25 11:37:47.056] 95   好险！！20岁小伙通宵玩游戏，“死亡”十分钟后又复活    2,040,978 403207842   203,989   10.0x        48    0.053    1781天      N/A   0.130
[2026-07-25 11:37:47.058] 96   不会吧？不会现在还有人在熬夜吧？              9,862,483 230926815  3,178,475    3.1x       244    0.060    1687天      N/A   0.130
[2026-07-25 11:37:47.061] 97   危！骗女友送她梦幻城堡…结果让她熬夜拼乐高！她暴怒！    2,907,874 285571498  2,019,915    1.4x        67    0.131    1814天      N/A   0.130
[2026-07-25 11:37:47.063] 98   不是所有的熬夜都叫熬夜！这几个熬夜补救大法赶紧收藏！    5,234,444 28760071    755,249    6.9x       642    0.029     340天      N/A   0.130
[2026-07-25 11:37:47.064] 99   从此告别熬夜，爱上清晨12min冥想+拉伸，一次高效    3,720,716 63486758   2,790,572    1.3x       127    0.122    1221天      N/A   0.129
[2026-07-25 11:37:47.065] 100  【小心肝～】加班996熬夜党必看！酒精人偷偷内卷背后    6,048,504 206561551   706,333    8.6x       178    0.030    1417天      N/A   0.126
[2026-07-25 11:37:47.066] 101  当你半夜消费不小心用到妈妈的亲情卡             2,626,554 186875842   340,505    7.7x       772    0.027     142天      N/A   0.126
[2026-07-25 11:37:47.067] 102  "熬叶"                          2,200,664 21568298    880,526    2.5x        74    0.119    1231天      N/A   0.125
[2026-07-25 11:37:47.068] 103  【医学博士】“感冒”一个月没治，最后截肢了... |    2,456,334 7788379    8,100,559    0.3x       115    0.137     889天      N/A   0.125
[2026-07-25 11:37:47.070] 104  【医学博士】晚睡晚起算不算熬夜？I 如何科学熬夜？     2,609,257 7788379    8,100,559    0.3x        53    0.137    2041天      N/A   0.123
[2026-07-25 11:37:47.071] 105  熬夜又不伤身的办法来了！大数据请把这条推给夜猫子们！    3,530,053 349314017   450,818    7.8x       155    0.049     950天      N/A   0.122
[2026-07-25 11:37:47.073] 106  千万别给狗子买太大的零食，否则她会熬夜啃          2,113,305 433944295   284,607    7.4x        90    0.064     978天      N/A   0.121
[2026-07-25 11:37:47.075] 107  假如世界禁止熬夜                      3,453,055 549772707  1,187,522    2.9x        91    0.100    1588天      N/A   0.121
[2026-07-25 11:37:47.076] 108  原来熬夜带来的伤害很容易就能被抵消！            4,264,416 137567826   532,231    8.0x       403    0.027     441天      N/A   0.120
[2026-07-25 11:37:47.079] 109  【脱发怎么办】熬夜脱发还能长出来吗？            3,189,875 654391      301,243   10.6x        65    0.027    2042天      N/A   0.120
[2026-07-25 11:37:47.082] 110  年轻人！熬夜真的会要你的命！                3,038,427 15052693    998,029    3.0x        64    0.102    1967天      N/A   0.120
[2026-07-25 11:37:47.085] 111  睡眠真相：抱歉，我们无法补救熬夜【人体简史】第八集     4,245,614 38598226   3,129,159    1.4x        98    0.108    1813天      N/A   0.119
[2026-07-25 11:37:47.088] 112  【医学博士】如何快速瘦肚子？| 三个“好”习惯，“摧    6,077,918 7788379    8,100,559    0.8x       427    0.083     594天      N/A   0.117
[2026-07-25 11:37:47.089] 113  熬夜最恐怖的Buff叠满了                 2,827,006 319274146  2,698,669    1.1x       166    0.114     710天      N/A   0.117
[2026-07-25 11:37:47.090] 114  爷有熬夜的资本，你有吗                   2,234,827 16248639   1,114,115    2.0x        56    0.113    1664天      N/A   0.116
[2026-07-25 11:37:47.094] 115  晚上睡不着，是该继续躺着还是起来玩手机？          2,205,738 195767613   357,674    6.2x        62    0.072    1493天      N/A   0.116
[2026-07-25 11:37:47.098] 116  【医学博士】脖子酸痛？测测你是否有颈椎病 I 颈椎病    1,964,025 7788379    8,100,559    0.2x        41    0.133    1973天      N/A   0.116
[2026-07-25 11:37:47.102] 117  当我熬夜熬出了最佳作息                   2,317,951 482673878  1,304,603    1.8x       463    0.092     209天      N/A   0.115
[2026-07-25 11:37:47.106] 118  【医学博士】熬夜后这四个迹象！说明你的身体已经到极限    5,947,383 7788379    8,100,559    0.7x       213    0.091    1162天      N/A   0.114
[2026-07-25 11:37:47.108] 119  宿舍熬夜哥                         3,559,943 269415122   763,519    4.7x       181    0.068     820天      N/A   0.113
[2026-07-25 11:37:47.111] 120  连续熬夜了十年，现在开始早睡早起，还来得及吗？       2,762,666 283753310  1,129,933    2.4x        73    0.099    1568天      N/A   0.111
[2026-07-25 11:37:47.113] 121  因为长期熬夜，我被告知很难有小孩...           3,583,468 207257798  1,290,499    2.8x       331    0.075     451天      N/A   0.110
[2026-07-25 11:37:47.117] 122  熬 夜 波 比 【LOL小剧场】              1,999,606 181082386   340,058    5.9x        51    0.069    1649天      N/A   0.110
[2026-07-25 11:37:47.121] 123  艺术家熬夜图鉴                       2,040,703 117697273   785,962    2.6x        54    0.101    1583天      N/A   0.110
[2026-07-25 11:37:47.123] 124  离谱！假装陪女友熬夜熬出重病…女友看到偷换的假体检报    2,046,112 285571498  2,019,915    1.0x        63    0.116    1347天      N/A   0.109
[2026-07-25 11:37:47.125] 125  【每天早晨5点起床】我的身体发生了什么变化?!       8,033,368 66391032   4,283,401    1.9x       322    0.054    1040天      N/A   0.108
[2026-07-25 11:37:47.128] 126  【焕白功课】长期熬夜？痘印暗沉？冬季如何快速焕亮的功    2,300,481 471959769   533,222    4.3x        57    0.081    1691天      N/A   0.108
[2026-07-25 11:37:47.131] 127  危！同时送女友熬夜织的毛线包和万元LV包？让她选一个    2,377,359 285571498  2,019,915    1.2x        59    0.111    1666天      N/A   0.108
[2026-07-25 11:37:47.133] 128  24岁，熬夜，中风。                    5,872,013 698057488   897,772    6.5x       122    0.031    2007天      N/A   0.107
[2026-07-25 11:37:47.138] 129  当你熬穿了企图骗过妈妈                   2,038,055 186875842   340,505    6.0x       528    0.037     161天      N/A   0.106
[2026-07-25 11:37:47.139] 130  连续熬夜一年，你的身体会发生什么变化？【第一集】      5,868,252 119528423  3,626,643    1.6x       155    0.075    1573天      N/A   0.105
[2026-07-25 11:37:47.143] 131  熬夜熬成仙？各位肝士这期一定要看！半小时进入深度睡眠    3,427,637 471959769   533,222    6.4x       104    0.045    1379天      N/A   0.104
[2026-07-25 11:37:47.145] 132  让你不敢再熬夜的睡眠真相：用5种伤害把自己作死，无法    2,594,419 230983435  1,365,412    1.9x        63    0.097    1709天      N/A   0.103
[2026-07-25 11:37:47.149] 133  【医学博士】遗传性脱发真的没救了？I 每天洗头会导致    6,315,021 7788379    8,100,559    0.8x       285    0.070     924天      N/A   0.102
[2026-07-25 11:37:47.154] 134  【烟酰胺水乳】熬夜肌肤状态差？如何快速改善熬夜肌的方    3,865,667 471959769   533,222    7.2x        90    0.033    1793天      N/A   0.102
[2026-07-25 11:37:47.159] 135  【医学博士】每天3点睡，多少天会死？｜晚睡晚起，算熬    2,257,077 7788379    8,100,559    0.3x       204    0.105     462天      N/A   0.101
[2026-07-25 11:37:47.162] 136  市面上常见蛋白棒测评，熬夜测得，希望对各位小伙伴有帮    2,689,978 411379495  1,528,157    1.8x        75    0.094    1485天      N/A   0.101
[2026-07-25 11:37:47.166] 137  运动会死人吗？普通人如何避免心力衰竭悲剧｜运动学博士    2,205,711 138759268  1,189,776    1.9x       766    0.058     120天      N/A   0.101
[2026-07-25 11:37:47.168] 138  晚上闭眼躺着但一直睡不着，算熬夜吗？            2,584,893 472110205   357,116    7.2x       217    0.031     496天      N/A   0.100
[2026-07-25 11:37:47.170] 139  什么是顶级损友！上完厕所回来发现地形变弯了？熬夜熬出    2,698,164 203302998   382,338    7.1x       612    0.011     184天      N/A   0.100
[2026-07-25 11:37:47.174] 140  爸爸既然喜欢熬夜，那就让他熬到底吧~            4,139,183 176036097   480,656    8.6x       290    0.003     594天      N/A   0.099
[2026-07-25 11:37:47.175] 141  医学博士：晚睡晚起到底行不行？ I 晚睡晚起是熬夜吗    4,787,459 7788379    8,100,559    0.6x        84    0.090    2381天      N/A   0.099
[2026-07-25 11:37:47.179] 142  不同学生熬夜后上学                     3,126,184 105203349   548,254    5.7x        69    0.049    1882天      N/A   0.098
[2026-07-25 11:37:47.181] 143  宝贝为啥不回话？                      5,713,562 230926815  3,178,475    1.8x       210    0.063    1132天      N/A   0.098
[2026-07-25 11:37:47.181] 144  如何杀死一个脂肪细胞？                   6,880,560 119528423  3,626,643    1.9x       299    0.047     959天      N/A   0.096
[2026-07-25 11:37:47.186] 145  晚上两点睡早上十点起算熬夜吗                2,565,103 103287116   427,844    6.0x       105    0.043    1019天      N/A   0.094
[2026-07-25 11:37:47.192] 146  【医学博士】熬夜对脱发有多大伤害？｜ 秃发还能救回来    3,419,341 7788379    8,100,559    0.4x        82    0.093    1735天      N/A   0.093
[2026-07-25 11:37:47.194] 147  喜欢熬夜？把成年人哄睡是什么体验。。            3,422,157 19642758   4,295,955    0.8x       103    0.086    1378天      N/A   0.091
[2026-07-25 11:37:47.195] 148  【医学博士】护肝片真的有用吗？| 出现这4种表现，说    2,246,453 7788379    8,100,559    0.3x        87    0.098    1078天      N/A   0.090
[2026-07-25 11:37:47.197] 149  【一次一勺】懒人必备|痛经告别无情热水！经期手脚冰凉    3,905,884 206561551   706,333    5.5x        98    0.033    1660天      N/A   0.089
[2026-07-25 11:37:47.199] 150  【医学博士】吃了100粒安眠药后，终于... | 误    2,826,283 7788379    8,100,559    0.3x       156    0.088     756天      N/A   0.089
[2026-07-25 11:37:47.203] 151  身体：我命由天...不由我！                3,131,676 321422126  5,882,829    0.5x       262    0.079     498天      N/A   0.089
[2026-07-25 11:37:47.205] 152  我一周只睡了十几个小时！达芬奇睡眠法真的有用么？      3,833,845 9824766    9,157,378    0.4x        75    0.085    2135天      N/A   0.089
[2026-07-25 11:37:47.208] 153  【医学博士】荨麻疹是如何杀人的？| 荨麻疹会跟一辈子    2,031,551 7788379    8,100,559    0.2x       111    0.096     763天      N/A   0.088
[2026-07-25 11:37:47.211] 154  用科学的方式起夜                      3,102,295 70429299   2,093,417    1.5x       117    0.076    1103天      N/A   0.087
[2026-07-25 11:37:47.212] 155  【每天6杯咖啡】我的身体发生了什么变化?!         5,085,993 66391032   4,283,401    1.2x       184    0.062    1153天      N/A   0.087
[2026-07-25 11:37:47.214] 156  你完全不了解梦有多重要！记忆力、创造力、伤痛疗愈，深    1,982,817 230983435  1,365,412    1.4x        68    0.085    1222天      N/A   0.087
[2026-07-25 11:37:47.215] 157  蛋仔派对：熬夜的危害，南瓜最困的一集            3,038,509 64621079    817,917    3.7x       780    0.016     162天      N/A   0.086
[2026-07-25 11:37:47.218] 158  【医学博士】越想睡 越失眠？看完这个视频就能入睡！I    2,633,081 7788379    8,100,559    0.3x        60    0.091    1821天      N/A   0.085
[2026-07-25 11:37:47.222] 159  凭什么韩国人熬夜不脱发 英国满街是秃头？          4,164,557 15892313   3,106,996    1.3x       184    0.063     945天      N/A   0.084
[2026-07-25 11:37:47.223] 160  30秒体验熬夜心脏暴毙                   2,086,590 123832921  1,441,166    1.4x        77    0.081    1123天      N/A   0.084
[2026-07-25 11:37:47.225] 161  最痛苦的一觉be like：                2,514,863 482673878  1,304,603    1.9x       483    0.050     217天      N/A   0.084
[2026-07-25 11:37:47.228] 162  这届年轻人靠“熬夜水”续命？一瓶25元，究竟是不是智    2,269,740 478691043  4,144,482    0.6x        61    0.088    1555天      N/A   0.083
[2026-07-25 11:37:47.230] 163  长期吃饭不规律，是怎么迫害你的？              6,770,841 119528423  3,626,643    1.9x       234    0.033    1204天      N/A   0.080
[2026-07-25 11:37:47.231] 164  主人强行拉着哈士奇一起熬夜，会发生什么？          2,355,106 414702734  1,053,053    2.2x        43    0.066    2269天      N/A   0.078
[2026-07-25 11:37:47.232] 165  边熬夜边健身，你的身体会发生哪些变化？           4,952,199 119528423  3,626,643    1.4x       150    0.052    1372天      N/A   0.078
[2026-07-25 11:37:47.234] 166  熬夜什么的，最喜欢了！｜ 原创动画 ｜ 我的爸爸是条    2,509,287 611693868  1,538,591    1.6x        61    0.069    1728天      N/A   0.077
[2026-07-25 11:37:47.235] 167  人类无法共情熬夜时的自己！万字拉片式拆解《某种物质》    2,236,389 84706708   1,358,226    1.6x       151    0.066     616天      N/A   0.077
[2026-07-25 11:37:47.238] 168  【轰】医生！急诊室来了个这玩意儿啊啊！！          5,395,516 349308997  3,648,994    1.5x       297    0.038     756天      N/A   0.077
[2026-07-25 11:37:47.239] 169  如果你的朋友喜欢熬夜，记得这样关心他            3,496,714 431313625  1,771,670    2.0x        85    0.057    1719天      N/A   0.076
[2026-07-25 11:37:47.241] 170  睡不着闭眼硬躺，算熬夜还是算休息？             2,278,639 137567826   532,231    4.3x       506    0.018     188天      N/A   0.076
[2026-07-25 11:37:47.243] 171  猝死前有哪些征兆？该如何进行自救？ 哪些习惯会增加猝    3,220,934 38598226   3,129,159    1.0x       162    0.063     826天      N/A   0.075
[2026-07-25 11:37:47.245] 172  【医学博士】为什么你越来越不行了？I 如何提高身体素    4,684,796 7788379    8,100,559    0.6x       142    0.058    1379天      N/A   0.075
[2026-07-25 11:37:47.247] 173  史上最伟大的发明！人类是怎么拥有熬夜自由的？        5,762,759 192090     2,837,528    2.0x       163    0.031    1477天      N/A   0.071
[2026-07-25 11:37:47.248] 174  坏了，让他演爽了                      3,015,139 298054634  1,513,664    2.0x       310    0.040     405天      N/A   0.070
[2026-07-25 11:37:47.249] 175  【医学博士】总在一个地方长痘？说明你身体出了这样的问    2,964,997 7788379    8,100,559    0.4x       242    0.060     511天      N/A   0.070
[2026-07-25 11:37:47.250] 176  这么好的儿子我也是第一次养…… | 原创动画 | 我    5,474,682 611693868  1,538,591    3.6x       143    0.017    1597天      N/A   0.069
[2026-07-25 11:37:47.252] 177  暑假熬夜时的尴尬                      2,453,226 68439967   3,216,817    0.8x        71    0.067    1435天      N/A   0.069
[2026-07-25 11:37:47.255] 178  整活！趁女友熟睡偷偷把她带到恐怖哀牢山熬夜…她整个人    4,194,781 285571498  2,019,915    2.1x       274    0.031     638天      N/A   0.068
[2026-07-25 11:37:47.256] 179  医生出120遇到的都是什么狗血剧情？打120怎么沟通    3,569,637 208130286  2,355,313    1.5x       124    0.048    1200天      N/A   0.067
[2026-07-25 11:37:47.258] 180  别再让你的手机熬夜了！                   4,293,660 481393564  1,784,343    2.4x       163    0.032    1096天      N/A   0.067
[2026-07-25 11:37:47.260] 181  韩国人不需要睡觉吗？为什么熬夜还那么有精神         4,760,513 15892313   3,106,996    1.5x       132    0.031    1504天      N/A   0.060
[2026-07-25 11:37:47.263] 182  熬夜出油，痘痘闭口不停歇？泊本姜黄素水乳8小时长效控    2,087,618 523978853   450,755    4.6x       103    0.019     842天      N/A   0.060
[2026-07-25 11:37:47.263] 183  【梗百科】怀民亦未寝是啥梗？                2,473,250 154400839  2,343,802    1.1x        61    0.048    1677天      N/A   0.054
[2026-07-25 11:37:47.268] 184  刺激！女友突然逼我吃枸杞…我把她带香港熬夜一整晚…她    2,026,549 285571498  2,019,915    1.0x       109    0.048     774天      N/A   0.054
[2026-07-25 11:37:47.271] 185  【医学博士】为什么你总是这么累？｜男人花期短？如何将    2,141,044 7788379    8,100,559    0.3x       212    0.048     421天      N/A   0.053
[2026-07-25 11:37:47.273] 186  挑战明星作息，一周内每天只睡4小时，现在只剩后悔!     2,469,548 285499073  5,280,451    0.5x        89    0.051    1161天      N/A   0.053
[2026-07-25 11:37:47.274] 187  《 熬 夜 冠 军 自 救 指 南 》           2,353,971 641591444  1,922,806    1.2x        47    0.046    2091天      N/A   0.053
[2026-07-25 11:37:47.275] 188  蛋仔派对：熬夜蛋和早起蛋？一个熬了一夜又一夜，一个好    3,904,123 488734970  1,369,476    2.9x       345    0.003     472天      N/A   0.053
[2026-07-25 11:37:47.280] 189  谁说每天熬夜的不算英雄                   4,234,781 230926815  3,178,475    1.3x       113    0.028    1560天      N/A   0.052
[2026-07-25 11:37:47.284] 190  “遗憾吗，那个陪你熬夜，和你说早安晚安，干什么都会告    2,048,255 164009593  5,442,735    0.4x        74    0.051    1152天      N/A   0.050
[2026-07-25 11:37:47.288] 191  你的耳朵，设计得有多牛哔？                 4,402,584 119528423  3,626,643    1.2x       111    0.025    1648天      N/A   0.050
[2026-07-25 11:37:47.290] 192  陈翔六点半:熬夜一时爽，上班就想躺             2,853,498 19286458   3,656,925    0.8x       620    0.011     192天      N/A   0.050
[2026-07-25 11:37:47.293] 193  熬夜吃辣还喝酒 为什么韩国人皮肤还那么好          2,429,414 15892313   3,106,996    0.8x        68    0.043    1497天      N/A   0.048
[2026-07-25 11:37:47.296] 194  【医学博士】都2025年了，防脱洗发水还在卖？｜洗头    1,966,040 7788379    8,100,559    0.2x       202    0.036     406天      N/A   0.042
[2026-07-25 11:37:47.297] 195  连续72小时不睡觉，你的大脑会发生什么？          2,048,102 119528423  3,626,643    0.6x       161    0.034     531天      N/A   0.041
[2026-07-25 11:37:47.300] 196  【半佛】疯狂熬夜，身体还能撑多久？             2,661,241 37663924   7,718,038    0.3x       242    0.024     459天      N/A   0.038
[2026-07-25 11:37:47.302] 197  卧谈第3期：熬夜大赏！各国夜生活大PK【非正式会谈第    2,814,905 15080107   1,315,927    2.1x        77    0.013    1527天      N/A   0.037
[2026-07-25 11:37:47.303] 198  给我床上安摄像头了？？？？                 2,130,527 297242063  4,511,362    0.5x       160    0.027     554天      N/A   0.035
[2026-07-25 11:37:47.305] 199  陈翔六点半：熬夜的危害竟然这么大              2,636,099 19286458   3,656,925    0.7x       226    0.011     487天      N/A   0.030
[2026-07-25 11:37:47.309] ------------------------------------------------------------------------------------------------------------------------------------------------------------------------------------
[2026-07-25 11:37:47.312] 
提示: 综合分 = 播放速率(30%) + 粉丝转化(25%) + 互动密度(20%) + 新鲜度(15%) + 播放量(10%)
[2026-07-25 11:37:47.314]       历史增长列显示多次爬取后的真实增长率，首次爬取为 N/A
[2026-07-25 11:37:47.328] 
[导出] 动量分析结果已保存到 output\熬夜\momentum_20260725_113747.csv
[2026-07-25 11:37:47.334] 
================================================================================
[2026-07-25 11:37:47.335]   标签权重 Top 10 (关键词: 熬夜)
[2026-07-25 11:37:47.338] ================================================================================
[2026-07-25 11:37:47.342] 总视频数: 199 | 不同标签数: 770
[2026-07-25 11:37:47.343] 算法: 标签权重 = 出现视频数 × 平均动量分
[2026-07-25 11:37:47.344] --------------------------------------------------------------------------------
[2026-07-25 11:37:47.345] 排名   标签                       出现次数      覆盖率      平均动量分       标签权重
[2026-07-25 11:37:47.349] --------------------------------------------------------------------------------
[2026-07-25 11:37:47.352] 1    熬夜                        107    53.8%      0.151     16.127
[2026-07-25 11:37:47.356] 2    搞笑                         64    32.2%      0.133      8.538
[2026-07-25 11:37:47.359] 3    健康                         50    25.1%      0.141      7.036
[2026-07-25 11:37:47.363] 4    睡眠                         29    14.6%      0.178      5.160
[2026-07-25 11:37:47.367] 5    科普                         31    15.6%      0.157      4.856
[2026-07-25 11:37:47.371] 6    沙雕                         29    14.6%      0.120      3.466
[2026-07-25 11:37:47.373] 7    生活                         19     9.5%      0.159      3.022
[2026-07-25 11:37:47.376] 8    万物研究所                      24    12.1%      0.124      2.966
[2026-07-25 11:37:47.379] 9    失眠                         17     8.5%      0.168      2.863
[2026-07-25 11:37:47.380] 10   医学                         22    11.1%      0.119      2.624
[2026-07-25 11:37:47.382] --------------------------------------------------------------------------------
[2026-07-25 11:37:47.383] 说明: 标签权重越高 = 该标签在高动量视频中出现越频繁，越值得关注
[2026-07-25 11:37:47.394] 
[导出] 标签分析已保存到 output\熬夜\tags_20260725_113747.txt
