[2026-07-24 19:41:06.142] 日志文件: logs\spider_20260724_194106.log
[2026-07-24 19:41:06.143] ============================================================
[2026-07-24 19:41:06.144]   B站视频爬虫 (增强版)
[2026-07-24 19:41:06.144] ============================================================
[2026-07-24 19:41:06.144] 关键词: 服饰
[2026-07-24 19:41:06.145] 页数: 5
[2026-07-24 19:41:06.146] 排序: click
[2026-07-24 19:41:06.147] 线程数: 3
[2026-07-24 19:41:06.147] 延迟: 1.0s
[2026-07-24 19:41:06.148] 
[2026-07-24 19:41:06.172] [任务] 任务ID: 16
[2026-07-24 19:41:06.173] [搜索] 第 1/5 页...
[2026-07-24 19:41:06.624]   找到 20 个，新增 20 个
[2026-07-24 19:41:08.477] [搜索] 第 2/5 页...
[2026-07-24 19:41:08.898]   找到 20 个，新增 20 个
[2026-07-24 19:41:10.816] [搜索] 第 3/5 页...
[2026-07-24 19:41:10.974]   [限流] 第3页 等待 5 秒后重试 (1/3)...
[2026-07-24 19:41:16.442]   找到 20 个，新增 20 个
[2026-07-24 19:41:17.698] [搜索] 第 4/5 页...
[2026-07-24 19:41:18.182]   找到 20 个，新增 20 个
[2026-07-24 19:41:19.767] [搜索] 第 5/5 页...
[2026-07-24 19:41:20.385]   找到 20 个，新增 20 个
[2026-07-24 19:41:21.988] 
[搜索完成] 共 100 个视频，今日已爬 100 个，新增 0 个
[2026-07-24 19:41:21.989] [搜索统计] 搜索失败页数: 0
[2026-07-24 19:41:21.989] [完成] 没有新视频需要爬取
[2026-07-24 19:41:22.019] 
================================================================================
[2026-07-24 19:41:22.020]   动量分析 (增强版)
[2026-07-24 19:41:22.021] ================================================================================
[2026-07-24 19:41:22.023] 关键词: 服饰
[2026-07-24 19:41:22.023] 指标: play_nums
[2026-07-24 19:41:22.024] 显示数量: 10
[2026-07-24 19:41:22.024] 
[2026-07-24 19:41:22.030] 
动量排行 Top 10（按综合评分排序）
[2026-07-24 19:41:22.032] --------------------------------------------------------------------------------------------------------------------------------------------------------------------------
[2026-07-24 19:41:22.032] 排名   标题                                  当前播放量 UP主               粉丝数      转化率       播放速率      评论数     总增长%      日均% 状态        
[2026-07-24 19:41:22.032] --------------------------------------------------------------------------------------------------------------------------------------------------------------------------
[2026-07-24 19:41:22.034] 1    摆脱春夏内衣“闷热”！与内衣和解，小胸显大不空杯！      22,790,190 457226461           -        -          -        -      N/A      N/A 无历史数据     
[2026-07-24 19:41:22.035] 2    『从头看她』1920-2020，中国女性发型的百年变迁    15,085,101 297344797    1,950,000     7.7x          -        -      N/A      N/A 无历史数据     
[2026-07-24 19:41:22.036] 3    1920-2020 百年变迁，我眼中的中国女性真实之美。   14,190,477 297344797    1,950,000     7.3x          -        -      N/A      N/A 无历史数据     
[2026-07-24 19:41:22.037] 4    幸福了…幸福疯了！                       6,573,147 180926019       4,620  1422.8x          -        -      N/A      N/A 无历史数据     
[2026-07-24 19:41:22.038] 5    穿搭测评交友                         14,074,553 480963436           -        -          -        -      N/A      N/A 无历史数据     
[2026-07-24 19:41:22.038] 6    “他们不像是走秀，倒像是来赴宴的......”| 前方高   13,524,237 11860785            -        -          -        -      N/A      N/A 无历史数据     
[2026-07-24 19:41:22.039] 7    耗时半年复刻电影里灰姑娘公主裙！每个女孩的公主梦都应该被   12,147,649 350975070           -        -          -        -      N/A      N/A 无历史数据     
[2026-07-24 19:41:22.040] 8    永远都不知道对手是什么“糕手”                11,756,506 35465910340         -        -          -        -      N/A      N/A 无历史数据     
[2026-07-24 19:41:22.040] 9    Zara今年的衣服绝了，这种请问谁能穿！           11,238,112 303713614           -        -          -        -      N/A      N/A 无历史数据     
[2026-07-24 19:41:22.041] 10   海澜之家空中变装                       11,007,022 166326710           -        -          -        -      N/A      N/A 无历史数据     
[2026-07-24 19:41:22.042] --------------------------------------------------------------------------------------------------------------------------------------------------------------------------
