[2026-07-24 18:58:50.955] 日志文件: logs\spider_20260724_185850.log
[2026-07-24 18:58:50.955] ============================================================
[2026-07-24 18:58:50.957]   B站视频爬虫 (增强版)
[2026-07-24 18:58:50.957] ============================================================
[2026-07-24 18:58:50.959] 关键词: 游戏
[2026-07-24 18:58:50.961] 页数: 2
[2026-07-24 18:58:50.963] 排序: click
[2026-07-24 18:58:50.964] 线程数: 3
[2026-07-24 18:58:50.965] 延迟: 1.0s
[2026-07-24 18:58:50.965] 
[2026-07-24 18:58:50.970] [任务] 任务ID: 12
[2026-07-24 18:58:50.973] [搜索] 第 1/2 页...
[2026-07-24 18:58:51.573]   找到 20 个，新增 20 个
[2026-07-24 18:58:52.990] [搜索] 第 2/2 页...
[2026-07-24 18:58:53.342]   找到 20 个，新增 20 个
[2026-07-24 18:58:54.718] 
[搜索完成] 共 40 个视频，今日已爬 40 个，新增 0 个
[2026-07-24 18:58:54.721] [搜索统计] 搜索失败页数: 0
[2026-07-24 18:58:54.722] [完成] 没有新视频需要爬取
[2026-07-24 18:58:54.750] 
[导出] CSV 已保存到 output\游戏\20260724_185854.csv
[2026-07-24 18:58:54.753] [记录] 共 320 条数据
