[2026-07-24 19:49:20.651] 日志文件: logs\spider_20260724_194920.log
[2026-07-24 19:49:20.652] ============================================================
[2026-07-24 19:49:20.652]   B站视频爬虫 (增强版)
[2026-07-24 19:49:20.653] ============================================================
[2026-07-24 19:49:20.653] 关键词: 服饰
[2026-07-24 19:49:20.653] 页数: 1
[2026-07-24 19:49:20.655] 排序: click
[2026-07-24 19:49:20.655] 线程数: 3
[2026-07-24 19:49:20.656] 延迟: 1.0s
[2026-07-24 19:49:20.657] 
[2026-07-24 19:49:20.694] [任务] 任务ID: 19
[2026-07-24 19:49:20.696] [搜索] 第 1/1 页...
[2026-07-24 19:49:21.229]   找到 20 个，新增 20 个
[2026-07-24 19:49:23.046] 
[搜索完成] 共 20 个视频，今日已爬 20 个，新增 0 个
[2026-07-24 19:49:23.049] [搜索统计] 搜索失败页数: 0
[2026-07-24 19:49:23.049] [完成] 没有新视频需要爬取
[2026-07-24 19:49:23.055] 
============================================================
[2026-07-24 19:49:23.056]   补充评论数据和播放速率
[2026-07-24 19:49:23.057] ============================================================
[2026-07-24 19:49:23.059] 待处理视频数: 100
[2026-07-24 19:49:30.504]   进度: 10/100
[2026-07-24 19:49:40.008]   进度: 20/100
[2026-07-24 19:49:48.586]   进度: 30/100
[2026-07-24 19:49:57.955]   进度: 40/100
[2026-07-24 19:50:06.580]   进度: 50/100
