[2026-07-24 19:42:26.791] 日志文件: logs\spider_20260724_194226.log
[2026-07-24 19:42:26.792] ============================================================
[2026-07-24 19:42:26.793]   B站视频爬虫 (增强版)
[2026-07-24 19:42:26.793] ============================================================
[2026-07-24 19:42:26.794] 关键词: 服饰
[2026-07-24 19:42:26.795] 页数: 5
[2026-07-24 19:42:26.795] 排序: click
[2026-07-24 19:42:26.797] 线程数: 3
[2026-07-24 19:42:26.797] 延迟: 1.0s
[2026-07-24 19:42:26.798] 
[2026-07-24 19:42:26.809] [任务] 任务ID: 17
[2026-07-24 19:42:26.810] [搜索] 第 1/5 页...
[2026-07-24 19:42:27.356]   找到 20 个，新增 20 个
[2026-07-24 19:42:29.255] [搜索] 第 2/5 页...
[2026-07-24 19:42:29.462]   [限流] 第2页 等待 5 秒后重试 (1/3)...
[2026-07-24 19:42:34.566]   [限流] 第2页 等待 10 秒后重试 (2/3)...
[2026-07-24 19:42:44.766]   [限流] 第2页 等待 15 秒后重试 (3/3)...
[2026-07-24 19:42:59.768]   [失败] 第2页 超过最大重试次数
[2026-07-24 19:42:59.771]   失败，跳过
[2026-07-24 19:43:01.823] [搜索] 第 3/5 页...
[2026-07-24 19:43:02.048]   [限流] 第3页 等待 5 秒后重试 (1/3)...
[2026-07-24 19:43:07.201]   [限流] 第3页 等待 10 秒后重试 (2/3)...
[2026-07-24 19:43:17.383]   [限流] 第3页 等待 15 秒后重试 (3/3)...
[2026-07-24 19:43:32.385]   [失败] 第3页 超过最大重试次数
[2026-07-24 19:43:32.387]   失败，跳过
[2026-07-24 19:43:35.805] [搜索] 第 4/5 页...
[2026-07-24 19:43:36.251]   找到 20 个，新增 20 个
[2026-07-24 19:43:37.706] [搜索] 第 5/5 页...
[2026-07-24 19:43:38.110]   找到 20 个，新增 20 个
[2026-07-24 19:43:39.737] 
[搜索完成] 共 60 个视频，今日已爬 60 个，新增 0 个
[2026-07-24 19:43:39.738] [搜索统计] 搜索失败页数: 2
[2026-07-24 19:43:39.739] [完成] 没有新视频需要爬取
[2026-07-24 19:43:39.748] 
================================================================================
[2026-07-24 19:43:39.751]   动量分析 (增强版)
[2026-07-24 19:43:39.753] ================================================================================
[2026-07-24 19:43:39.753] 关键词: 服饰
[2026-07-24 19:43:39.756] 指标: play_nums
[2026-07-24 19:43:39.759] 显示数量: 10
[2026-07-24 19:43:39.760] 
[2026-07-24 19:43:39.765] 
动量排行 Top 10（按综合评分排序）
[2026-07-24 19:43:39.766] --------------------------------------------------------------------------------------------------------------------------------------------------------------------------
[2026-07-24 19:43:39.768] 排名   标题                                  当前播放量 UP主               粉丝数      转化率       播放速率      评论数     总增长%      日均% 状态        
[2026-07-24 19:43:39.768] --------------------------------------------------------------------------------------------------------------------------------------------------------------------------
[2026-07-24 19:43:39.769] 1    摆脱春夏内衣“闷热”！与内衣和解，小胸显大不空杯！      22,790,190 457226461           -        -          -        -      N/A      N/A 无历史数据     
[2026-07-24 19:43:39.771] 2    『从头看她』1920-2020，中国女性发型的百年变迁    15,085,101 297344797    1,950,000     7.7x          -        -      N/A      N/A 无历史数据     
[2026-07-24 19:43:39.773] 3    1920-2020 百年变迁，我眼中的中国女性真实之美。   14,190,477 297344797    1,950,000     7.3x          -        -      N/A      N/A 无历史数据     
[2026-07-24 19:43:39.775] 4    幸福了…幸福疯了！                       6,573,147 180926019       4,620  1422.8x          -        -      N/A      N/A 无历史数据     
[2026-07-24 19:43:39.775] 5    穿搭测评交友                         14,074,553 480963436           -        -          -        -      N/A      N/A 无历史数据     
[2026-07-24 19:43:39.778] 6    “他们不像是走秀，倒像是来赴宴的......”| 前方高   13,524,237 11860785            -        -          -        -      N/A      N/A 无历史数据     
[2026-07-24 19:43:39.779] 7    耗时半年复刻电影里灰姑娘公主裙！每个女孩的公主梦都应该被   12,147,649 350975070           -        -          -        -      N/A      N/A 无历史数据     
[2026-07-24 19:43:39.780] 8    永远都不知道对手是什么“糕手”                11,756,506 35465910340         -        -          -        -      N/A      N/A 无历史数据     
[2026-07-24 19:43:39.781] 9    Zara今年的衣服绝了，这种请问谁能穿！           11,238,112 303713614           -        -          -        -      N/A      N/A 无历史数据     
[2026-07-24 19:43:39.782] 10   海澜之家空中变装                       11,007,022 166326710           -        -          -        -      N/A      N/A 无历史数据     
[2026-07-24 19:43:39.783] --------------------------------------------------------------------------------------------------------------------------------------------------------------------------
[2026-07-24 19:43:39.785] 
[导出] 动量分析结果已保存到 output\服饰\momentum_20260724_194339.csv
