[2026-07-24 22:58:17.641] 日志文件: logs\spider_20260724_225817.log
[2026-07-24 22:58:17.642] ============================================================
[2026-07-24 22:58:17.643]   B站视频爬虫 (增强版)
[2026-07-24 22:58:17.645] ============================================================
[2026-07-24 22:58:17.645] 关键词: 富人
[2026-07-24 22:58:17.647] 页数: 5
[2026-07-24 22:58:17.648] 排序: click
[2026-07-24 22:58:17.648] 线程数: 3
[2026-07-24 22:58:17.650] 延迟: 1.0s
[2026-07-24 22:58:17.652] 
[2026-07-24 22:58:17.666] [任务] 任务ID: 28
[2026-07-24 22:58:17.667] [搜索] 第 1/5 页...
[2026-07-24 22:58:18.403]   找到 20 个，新增 20 个
[2026-07-24 22:58:20.256] [搜索] 第 2/5 页...
[2026-07-24 22:58:20.800]   找到 20 个，新增 20 个
[2026-07-24 22:58:21.943] [搜索] 第 3/5 页...
[2026-07-24 22:58:22.481]   找到 20 个，新增 20 个
[2026-07-24 22:58:24.359] [搜索] 第 4/5 页...
[2026-07-24 22:58:24.948]   找到 20 个，新增 19 个
[2026-07-24 22:58:26.388] [搜索] 第 5/5 页...
[2026-07-24 22:58:26.906]   找到 20 个，新增 20 个
[2026-07-24 22:58:28.247] 
[搜索完成] 共 99 个视频，今日已爬 99 个，新增 0 个
[2026-07-24 22:58:28.250] [搜索统计] 搜索失败页数: 0
[2026-07-24 22:58:28.250] [完成] 没有新视频需要爬取
[2026-07-24 22:58:28.282] 
============================================================
[2026-07-24 22:58:28.284]   自动检测并补充粉丝数
[2026-07-24 22:58:28.285] ============================================================
[2026-07-24 22:58:28.287] 待补充UP主数: 0
[2026-07-24 22:58:28.289] [完成] 所有UP主已有粉丝数据
[2026-07-24 22:58:28.290] 
==========================================================================================
[2026-07-24 22:58:28.291]   动量分析 (单次快照模式)
[2026-07-24 22:58:28.293] ==========================================================================================
[2026-07-24 22:58:28.296] 关键词: 富人
[2026-07-24 22:58:28.298] 显示数量: 999999
[2026-07-24 22:58:28.298] 评分维度: 播放速率(30%) + 粉丝转化(25%) + 互动密度(20%) + 新鲜度(15%) + 播放量(10%)
[2026-07-24 22:58:28.299] 
[2026-07-24 22:58:28.303] 
动量排行 Top 999999（按综合评分排序）
[2026-07-24 22:58:28.304] ------------------------------------------------------------------------------------------------------------------------------------------------------------------------------------
[2026-07-24 22:58:28.306] 排名   标题                                  播放量 UP主              粉丝      转化      速率/h     互动密度     视频年龄     历史增长     综合分
[2026-07-24 22:58:28.307] ------------------------------------------------------------------------------------------------------------------------------------------------------------------------------------
[2026-07-24 22:58:28.309] 1    走过路过，不要错过！我们的品质，普普通通，我们的价格   10,930,532 1532165    9,321,262    1.2x      3609    0.135     126天      N/A   0.541
[2026-07-24 22:58:28.309] 2    一天花掉当地一个月工资！我在破产国家当富豪，混进印度    5,935,949 354666654   467,105   12.7x      3912    0.021      63天      N/A   0.398
[2026-07-24 22:58:28.310] 3    富人：戒了烟我不习惯⚡️没有你我怎么办😭          2,916,132 354669694     6,064  480.9x      1867    0.087      65天      N/A   0.297
[2026-07-24 22:58:28.310] 4    看着是贫民窟，上海最有钱的富人区              3,550,651 242088772       248 14317.1x        55    0.007    2670天      N/A   0.284
[2026-07-24 22:58:28.311] 5    被吹捧的西方教育公平，只存在于富人的世界里         2,909,201 206691155   581,682    5.0x      2869    0.012      42天      N/A   0.274
[2026-07-24 22:58:28.311] 6    博士要是没了，那就是真的没了！               1,698,859 405845641   678,578    2.5x      1238    0.123      57天      N/A   0.271
[2026-07-24 22:58:28.312] 7    富人：多托雷！没有你我怎么活啊！？             1,978,966 57847089    253,801    7.8x      1395    0.103      59天      N/A   0.262
[2026-07-24 22:58:28.315] 8    戒了烟我不习惯！✋😭🤚                   1,628,437 7086918      30,231   53.9x      1036    0.108      65天      N/A   0.237
[2026-07-24 22:58:28.317] 9    全程干货！我们如何才能赚很多很多钱？            3,723,416 79577853   4,221,146    0.9x        95    0.164    1630天      N/A   0.230
[2026-07-24 22:58:28.318] 10   一街之隔，贫民窟VS顶级财阀！韩国贫富差距有多大？     8,097,761 389400079  1,025,629    7.9x      1783    0.012     189天      N/A   0.222
[2026-07-24 22:58:28.319] 11   消失的普通人物：中国电视剧现在只认同富人？         3,603,819 490494088  1,609,326    2.2x        83    0.130    1803天      N/A   0.187
[2026-07-24 22:58:28.320] 12   网友都说它是富人的游戏。所有人都在演戏，但这两个少年    8,091,468 354637983   214,616   37.7x       888    0.029     379天      N/A   0.174
[2026-07-24 22:58:28.322] 13   【极乐空间】未来世界，富人上太空享乐，贫民在地球苟活    3,824,573 304815404   566,239    6.8x      1446    0.022     110天      N/A   0.162
[2026-07-24 22:58:28.323] 14   被富养vs穷养长大的女生，后来怎么样了？ | 真富人    1,850,732 16385920   1,893,865    1.0x        44    0.126    1755天      N/A   0.159
[2026-07-24 22:58:28.324] 15   【马云X马化腾】富 人 抬 棺               4,065,367 25911961    722,201    5.6x        74    0.093    2285天      N/A   0.145
[2026-07-24 22:58:28.330] 16   钟离与富人必有一战？博士“亵渎”前代草神？愚人众冬夜    2,392,232 14546601   1,057,424    2.3x        68    0.097    1473天      N/A   0.132
[2026-07-24 22:58:28.332] 17   一天五万，伦敦的真实富人生活是怎么样的？          2,859,772 644255470  1,695,248    1.7x       517    0.064     230天      N/A   0.131
[2026-07-24 22:58:28.333] 18   加州大火肆虐富人区 保险公司全面拒保 囚犯消防集体出    1,668,006 346563107  5,555,090    0.3x       124    0.087     561天      N/A   0.117
[2026-07-24 22:58:28.334] 19   富豪真的节俭吗                       4,500,895 141400212     4,092 1099.9x       110    0.046    1709天      N/A   0.115
[2026-07-24 22:58:28.335] 20   E220 普通人穷孩子难以理解的秘密，送礼的哲学，交    2,080,488 765413      691,473    3.0x        68    0.081    1274天      N/A   0.108
[2026-07-24 22:58:28.336] 21   在墨西哥富人区街采，这里中上产阶级生活怎样？        1,943,689 176037767  6,120,396    0.3x        52    0.083    1568天      N/A   0.108
[2026-07-24 22:58:28.338] 22   30000元体验一天日本富人生活【1w雪景酒店+90    2,881,573 644255470  1,695,248    1.7x       206    0.061     583天      N/A   0.104
[2026-07-24 22:58:28.339] 23   当我穿进富人写的穷鬼世界                  1,729,347 349437742   629,476    2.8x       124    0.072     582天      N/A   0.098
[2026-07-24 22:58:28.340] 24   如果有一天你突然有钱了，请记住这十件事，守住财运      2,321,789 349328089    27,930   83.1x        94    0.067    1026天      N/A   0.098
[2026-07-24 22:58:28.341] 25   地球最后的净土，居然是一座人类养殖场，专门用来给富人    5,852,339 688872987    78,069   75.0x       159    0.027    1530天      N/A   0.092
[2026-07-24 22:58:28.341] 26   熊大快跑又更新了！彻底沦为了富人的玩具。          2,255,047 349311100    27,495   82.0x       705    0.022     133天      N/A   0.089
[2026-07-24 22:58:28.343] 27   在富人区垃圾桶能捡到这么多好东西？             2,397,459 369097228    21,642  110.8x       697    0.020     143天      N/A   0.088
[2026-07-24 22:58:28.343] 28   叫我遇到搬家嘞！重生了，我在富人区捡垃圾-寻宝笔记     5,033,199 356406755    10,265  490.3x       274    0.015     766天      N/A   0.085
[2026-07-24 22:58:28.344] 29   18年前赢得“富人游戏”的农村娃，一句清醒发言看哭无    5,410,388 298219655    50,232  107.7x       260    0.018     868天      N/A   0.085
[2026-07-24 22:58:28.345] 30   就这？在印度富人区生活一天，新德里真能跟北京比？      2,623,401 354666654   467,105    5.6x       351    0.037     311天      N/A   0.083
[2026-07-24 22:58:28.345] 31   "人生，易如反掌！" 90后辍学女大生瞒天过海混入富    2,821,279 568089240  1,334,664    2.1x        71    0.052    1666天      N/A   0.082
[2026-07-24 22:58:28.346] 32   我混进了会费百万的俱乐部里....凭什么高尔夫是富人    2,180,901 644255470  1,695,248    1.3x       146    0.051     622天      N/A   0.079
[2026-07-24 22:58:28.347] 33   揭秘日本贫民窟vs顶级富人区住宅！             2,094,082 644255470  1,695,248    1.2x       161    0.048     541天      N/A   0.076
[2026-07-24 22:58:28.348] 34   走进美国最富社区之一，这里竟然肯德基都没有！        3,943,509 176037767  6,120,396    0.6x        61    0.036    2703天      N/A   0.074
[2026-07-24 22:58:28.349] 35   咱是越靠近中央商务区房价越贵，加拿大好嘛你敢卖富人都    1,699,888 128901211   851,842    2.0x       107    0.051     663天      N/A   0.071
[2026-07-24 22:58:28.349] 36   又一全网爆火的“富人饭”，正在收割一大批焦虑的中国年    1,994,350 30947486   1,216,647    1.6x        96    0.049     867天      N/A   0.071
[2026-07-24 22:58:28.351] 37   真实的富二代和网上的富二代                 2,454,019 493805437   561,046    4.4x        52    0.046    1960天      N/A   0.070
[2026-07-24 22:58:28.351] 38   山西富人平时都在哪吃饭？                  1,734,077 150819045   384,503    4.5x       232    0.040     311天      N/A   0.068
[2026-07-24 22:58:28.352] 39   一夜之间，有钱人全都得死？富人抢着捐款，只为了保住性    2,721,665 10119428   8,028,964    0.3x       234    0.031     484天      N/A   0.068
[2026-07-24 22:58:28.352] 40   假如富人是社会底层                     1,884,849 161295813   988,317    1.9x       281    0.035     279天      N/A   0.067
[2026-07-24 22:58:28.353] 41   满级大佬怒闯新手村，55岁富翁从0创业赚100万，他    1,757,044 80900494   1,275,012    1.4x       209    0.035     350天      N/A   0.061
[2026-07-24 22:58:28.354] 42   富人举办了一场游戏，吃一口牛排就给1万元，可参加的人    2,393,441 703128101    25,655   93.3x        55    0.037    1829天      N/A   0.060
[2026-07-24 22:58:28.354] 43   在亚洲最穷的国家，花1000块钱当富人，被超级白富美    2,924,472 89428840    286,598   10.2x       167    0.024     730天      N/A   0.056
[2026-07-24 22:58:28.356] 44   英国向富人低头，靠福利吸引全球富人续命。          2,041,431 438173577  4,610,134    0.4x       346    0.020     246天      N/A   0.056
[2026-07-24 22:58:28.356] 45   韩国富人区只给“美人”进夜店 女子当场被拒         1,700,966 15892313   3,106,996    0.6x        46    0.039    1539天      N/A   0.052
[2026-07-24 22:58:28.357] 46   韩国顶级富人区江南区什么样？                1,812,841 4249401    1,177,692    1.5x        58    0.035    1295天      N/A   0.050
[2026-07-24 22:58:28.357] 47   男人为什么要努力                      3,472,775 25150941   3,523,730    1.0x        62    0.021    2351天      N/A   0.050
[2026-07-24 22:58:28.358] 48   《花钱师》豆瓣9.0分                   1,973,816 507554171    93,165   21.2x        43    0.032    1892天      N/A   0.046
[2026-07-24 22:58:28.359] 49   当我和闺蜜勇闯富人超市猜价格…               2,374,773 150926890    54,224   43.8x       141    0.021     700天      N/A   0.045
[2026-07-24 22:58:28.360] 50   服务费专把富人欺？7000饭钱700服务费，顾客：除    2,285,368 647940953   471,009    4.8x       267    0.013     356天      N/A   0.043
[2026-07-24 22:58:28.361] 51   如果你很富有但你却不知道，会发生什么            3,131,769 482709661   183,551   17.1x        91    0.014    1437天      N/A   0.040
[2026-07-24 22:58:28.362] 52   上海富人区天价保姆火了：哪有人能“躺着挣钱”？       2,754,459 30947486   1,216,647    2.3x        60    0.017    1915天      N/A   0.037
[2026-07-24 22:58:28.362] 53   富人才玩得起的游戏，每颗弹珠都是金子，赢了带走所有，    2,113,416 257653626     4,729  446.9x        61    0.015    1449天      N/A   0.036
[2026-07-24 22:58:28.364] 54   小偷模拟器12：第一次偷富人区，这家是真的肥啊       2,300,430 324565891  1,020,592    2.2x        51    0.020    1861天      N/A   0.035
[2026-07-24 22:58:28.365] 55   《变形计》：她尝试过安逸之后染上公主病，富人游戏，她    2,011,084 371394153     1,732 1161.1x        29    0.006    2865天      N/A   0.034
[2026-07-24 22:58:28.366] 56   原神愚人众11位执行官全体名单出炉             1,858,618 6915553      19,719   94.3x        53    0.020    1474天      N/A   0.033
[2026-07-24 22:58:28.366] 57   如果你不能操控自己的思维，就只能被人操控你的人生！     2,299,172 166740843    46,769   49.2x        74    0.015    1298天      N/A   0.032
[2026-07-24 22:58:28.369] 58   如果你很有钱你会做什么                   1,700,550 482709661   183,551    9.3x        50    0.022    1426天      N/A   0.031
[2026-07-24 22:58:28.370] 59   小偷模拟器20：这家的防御太严了，没想到是富人区的隐    2,023,072 324565891  1,020,592    2.0x        45    0.017    1854天      N/A   0.029
[2026-07-24 22:58:28.371] 60   在诡异餐厅打工，富人疯狂争吃的招牌菜，竟是一块腐肉（    1,686,942 128423524   925,762    1.8x        40    0.019    1756天      N/A   0.027
[2026-07-24 22:58:28.371] 61   为什么穷人越穷？富人越富？                 1,663,303 349311341   572,380    2.9x        54    0.018    1288天      N/A   0.027
[2026-07-24 22:58:28.372] 62   实拍印度首都富人区购物广场，随处可见高种姓美女，颜值    1,923,105 350605014   133,772   14.4x        32    0.011    2486天      N/A   0.020
[2026-07-24 22:58:28.373] 63   待满48小时就能得一套房？富人最怕遇到的小偷，法国职    2,590,855 73884967     30,550   84.8x        66    0.002    1648天      N/A   0.020
[2026-07-24 22:58:28.373] 64   人类历史最有钱的男人：非洲国王曼萨穆萨，坐拥全世界一    2,386,914 168574628   488,288    4.9x        56    0.005    1764天      N/A   0.019
[2026-07-24 22:58:28.374] 65   印度富人区女孩的生活，穿着时尚堪比明星，一般人都娶不    1,748,858 297968417     3,851  454.1x        24    0.005    3008天      N/A   0.017
[2026-07-24 22:58:28.375] 66   如果你是全球首富但你却不知道，会发生什么（第九集）     1,823,872 482709661   183,551    9.9x        52    0.008    1460天      N/A   0.016
[2026-07-24 22:58:28.376] 67   如何判断自己是富人思维还是穷人思维             1,650,601 407427280   193,028    8.6x        84    0.008     823天      N/A   0.016
[2026-07-24 22:58:28.376] 68   揭秘迪拜王子的奢华生活，全球男性都羡慕的天敌：哈曼丹    1,890,275 168574628   488,288    3.9x        41    0.008    1916天      N/A   0.016
[2026-07-24 22:58:28.377] 69   近期热门韩剧，解密韩国富人提前出狱的套路，难以想象！    2,078,554 102414403   168,938   12.3x        47    0.003    1854天      N/A   0.012
[2026-07-24 22:58:28.377] 70   印度富人的一顿早餐，竟能吃掉穷人半年工资，简直不要太    1,664,868 114331441     8,354  199.3x        39    0.003    1763天      N/A   0.011
[2026-07-24 22:58:28.378] 71   迷你世界：只能救一个！明星富人朋友和妈妈，我该救哪一    1,736,371 118611512   259,873    6.7x        47    0.003    1537天      N/A   0.009
[2026-07-24 22:58:28.379] ------------------------------------------------------------------------------------------------------------------------------------------------------------------------------------
[2026-07-24 22:58:28.381] 
提示: 综合分 = 播放速率(30%) + 粉丝转化(25%) + 互动密度(20%) + 新鲜度(15%) + 播放量(10%)
[2026-07-24 22:58:28.381]       历史增长列显示多次爬取后的真实增长率，首次爬取为 N/A
[2026-07-24 22:58:28.385] 
[导出] 动量分析结果已保存到 output\富人\momentum_20260724_225828.csv
