[2026-07-25 01:00:22.925] 日志文件: logs\spider_20260725_010022.log
[2026-07-25 01:00:22.926] ============================================================
[2026-07-25 01:00:22.927]   B站视频爬虫 (增强版)
[2026-07-25 01:00:22.929] ============================================================
[2026-07-25 01:00:22.930] 关键词: 鸣潮
[2026-07-25 01:00:22.931] 页数: 2
[2026-07-25 01:00:22.931] 排序: click
[2026-07-25 01:00:22.932] 线程数: 5
[2026-07-25 01:00:22.934] 延迟: 1.0s
[2026-07-25 01:00:22.935] 
[2026-07-25 01:00:22.950] [任务] 任务ID: 35
[2026-07-25 01:00:22.951] [搜索] 第 1/2 页...
[2026-07-25 01:00:23.732]   找到 20 个，新增 20 个
[2026-07-25 01:00:25.180] [搜索] 第 2/2 页...
[2026-07-25 01:00:25.665]   找到 20 个，新增 20 个
[2026-07-25 01:00:27.370] 
[搜索完成] 共 40 个视频，今日已爬 1 个，新增 39 个
[2026-07-25 01:00:27.372] [搜索统计] 搜索失败页数: 0
[2026-07-25 01:00:27.374] 
[详情获取] 使用 5 个线程获取视频详情...
[2026-07-25 01:00:28.828]   [1/39] av116329893923479 ✓
[2026-07-25 01:00:29.005]   [2/39] av116530935239061 ✓
[2026-07-25 01:00:29.198]   [3/39] av115911067442748 ✓
[2026-07-25 01:00:29.204]   [4/39] av116491609513532 ✓
[2026-07-25 01:00:29.460]   [5/39] av1055251469 ✓
[2026-07-25 01:00:30.531]   [6/39] av114668345498844 ✓
[2026-07-25 01:00:30.536]   [7/39] av1955285657 ✓
[2026-07-25 01:00:30.740]   [8/39] av113684814762788 ✓
[2026-07-25 01:00:31.035]   [9/39] av1004897843 ✓
[2026-07-25 01:00:31.340]   [10/39] av116339926698828 ✓
[2026-07-25 01:00:32.315]   [11/39] av113553398827699 ✓
[2026-07-25 01:00:32.453]   [12/39] av114232221765677 ✓
[2026-07-25 01:00:32.998]   [13/39] av503615265 ✓
[2026-07-25 01:00:33.007]   [14/39] av115816813036756 ✓
[2026-07-25 01:00:33.071]   [15/39] av115859242681458 ✓
[2026-07-25 01:00:33.675]   [16/39] av114580449664775 ✓
[2026-07-25 01:00:34.128]   [17/39] av836391011 ✓
[2026-07-25 01:00:34.541]   [18/39] av1806329816 ✓
[2026-07-25 01:00:34.862]   [19/39] av114119629871841 ✓
[2026-07-25 01:00:35.317]   [20/39] av115011288569167 ✓
[2026-07-25 01:00:35.584]   [21/39] av1805993589 ✓
[2026-07-25 01:00:36.118]   [22/39] av1305400332 ✓
[2026-07-25 01:00:36.523]   [23/39] av115892360839448 ✓
[2026-07-25 01:00:36.536]   [24/39] av1204972541 ✓
[2026-07-25 01:00:36.923]   [25/39] av114114747698953 ✓
[2026-07-25 01:00:37.137]   [26/39] av90782208 ✓
[2026-07-25 01:00:37.651]   [27/39] av116015723713789 ✓
[2026-07-25 01:00:38.032]   [28/39] av115904188782750 ✓
[2026-07-25 01:00:38.337]   [29/39] av1455767827 ✓
[2026-07-25 01:00:38.361]   [30/39] av116084443190543 ✓
[2026-07-25 01:00:38.879]   [31/39] av115778577766360 ✓
[2026-07-25 01:00:39.323]   [32/39] av113756436693513 ✓
[2026-07-25 01:00:39.683]   [33/39] av1604819051 ✓
[2026-07-25 01:00:39.749]   [34/39] av113475250553235 ✓
[2026-07-25 01:00:40.124]   [35/39] av596985148 ✓
[2026-07-25 01:00:40.680]   [36/39] av1054968533 ✓
[2026-07-25 01:00:41.177]   [37/39] av113218827588533 ✓
[2026-07-25 01:00:41.216]   [38/39] av113994337621885 ✓
[2026-07-25 01:00:41.229]   [39/39] av113775797669632 ✓
[2026-07-25 01:00:41.234] 
[完成] 成功: 39, 失败: 0
[2026-07-25 01:00:41.235] 
============================================================
[2026-07-25 01:00:41.237]   Top 10 热门视频
[2026-07-25 01:00:41.238] ============================================================
[2026-07-25 01:00:41.238] 
1. 原神代肝代练价格表，6.5空之神殿价格表，全程直播，接官b国际服，探索，托管，挪德卡莱，须弥，枫丹，
[2026-07-25 01:00:41.241]    播放: 19,356,158 | 弹幕: 156,540 | 收藏: 817,748 | 评论: 52,998
[2026-07-25 01:00:41.243] 
2. 【鸣潮】瑝珑十大区域公测100%一条龙全收集，奇藏，宝箱，风景点，声匣，观景点，飞猎手！
[2026-07-25 01:00:41.244]    播放: 16,114,011 | 弹幕: 218,387 | 收藏: 321,528 | 评论: 19,408
[2026-07-25 01:00:41.245] 
3. 为了拍cos，我去学了“杂技”？
[2026-07-25 01:00:41.246]    播放: 13,475,723 | 弹幕: 788 | 收藏: 268,796 | 评论: 1,632
[2026-07-25 01:00:41.247] 
4. 【鸣潮】3.0罗伊冰原地图全收集一条龙，宝箱/隐藏宝箱/终声残卷/日灵/藏宝地/成就/隐藏成就/智造
[2026-07-25 01:00:41.248]    播放: 11,722,869 | 弹幕: 58,868 | 收藏: 85,288 | 评论: 12,915
[2026-07-25 01:00:41.249] 
5. 《鸣潮》公测PV | Waking of a World
[2026-07-25 01:00:41.250]    播放: 10,901,775 | 弹幕: 6,415 | 收藏: 51,144 | 评论: 27,710
[2026-07-25 01:00:41.251] 
6. 当你问二次元寝室都玩什么游戏..
[2026-07-25 01:00:41.251]    播放: 9,600,768 | 弹幕: 3,566 | 收藏: 65,809 | 评论: 21,036
[2026-07-25 01:00:41.252] 
7. 这TM才叫无缝衔接 ！！！
[2026-07-25 01:00:41.253]    播放: 8,524,236 | 弹幕: 30,333 | 收藏: 354,701 | 评论: 6,977
[2026-07-25 01:00:41.254] 
8. 【鸣潮】2.4版本七丘地图全收集一条龙，宝箱+成就+隐藏任务宝箱+探索度相关藏宝地/染秽之梦/英雄的
[2026-07-25 01:00:41.255]    播放: 8,220,897 | 弹幕: 45,050 | 收藏: 85,227 | 评论: 6,466
[2026-07-25 01:00:41.256] 
9. 《鸣潮》「奏鸣测试」实机PV | 致新世界
[2026-07-25 01:00:41.257]    播放: 7,777,969 | 弹幕: 6,390 | 收藏: 27,226 | 评论: 18,382
[2026-07-25 01:00:41.258] 
10. “我那个时代，高手如云！”
[2026-07-25 01:00:41.259]    播放: 7,420,297 | 弹幕: 1,939 | 收藏: 134,209 | 评论: 7,768
[2026-07-25 01:00:41.268] [修复] 已修正 70 条视频的评论数 (comment_count <- review)
[2026-07-25 01:00:41.269] 
============================================================
[2026-07-25 01:00:41.270]   自动检测并补充粉丝数
[2026-07-25 01:00:41.270] ============================================================
[2026-07-25 01:00:41.273] 待补充UP主数: 0
[2026-07-25 01:00:41.273] [完成] 所有UP主已有粉丝数据
[2026-07-25 01:00:41.274] 
==========================================================================================
[2026-07-25 01:00:41.275]   动量分析 (单次快照模式)
[2026-07-25 01:00:41.276] ==========================================================================================
[2026-07-25 01:00:41.277] 关键词: 鸣潮
[2026-07-25 01:00:41.278] 显示数量: 999999
[2026-07-25 01:00:41.279] 评分维度: 播放速率(30%) + 粉丝转化(25%) + 互动密度(20%) + 新鲜度(15%) + 播放量(10%)
[2026-07-25 01:00:41.280] 
[2026-07-25 01:00:41.283] 
动量排行 Top 999999（按综合评分排序）
[2026-07-25 01:00:41.284] ------------------------------------------------------------------------------------------------------------------------------------------------------------------------------------
[2026-07-25 01:00:41.285] 排名   标题                                  播放量 UP主              粉丝      转化      速率/h     互动密度     视频年龄     历史增长     综合分
[2026-07-25 01:00:41.285] ------------------------------------------------------------------------------------------------------------------------------------------------------------------------------------
[2026-07-25 01:00:41.286] 1    当你问二次元寝室都玩什么游戏..              9,600,768 143759941   785,173   12.2x      3561    0.080     112天      N/A   0.663
[2026-07-25 01:00:41.286] 2    原神代肝代练价格表，6.5空之神殿价格表，全程直播，   19,356,158 698833599    52,404  369.4x       432    0.197    1868天      N/A   0.586
[2026-07-25 01:00:41.289] 3    “我那个时代，高手如云！”                 7,420,297 187046814   210,733   35.2x      2710    0.050     114天      N/A   0.545
[2026-07-25 01:00:41.290] 4    【鸣潮】3.0罗伊冰原地图全收集一条龙，宝箱/隐藏宝   11,722,869 403072772   889,203   13.2x      2310    0.036     211天      N/A   0.527
[2026-07-25 01:00:41.291] 5    【鸣潮】瑝珑十大区域公测100%一条龙全收集，奇藏，   16,114,011 403072772   889,203   18.1x       847    0.084     792天      N/A   0.484
[2026-07-25 01:00:41.292] 6    这TM才叫无缝衔接 ！！！                 8,524,236 36117352    452,749   18.8x       151    0.193    2345天      N/A   0.483
[2026-07-25 01:00:41.294] 7    “青梅竹马VS偷腥猫”                   6,869,999 30898527    801,413    8.6x       464    0.167     618天      N/A   0.471
[2026-07-25 01:00:41.295] 8    这是我带过最差一届的学生！                 7,059,308 192090801   808,039    8.7x      1537    0.057     191天      N/A   0.451
[2026-07-25 01:00:41.298] 9    【鸣潮】3.3黯原地图全收集一条龙，宝箱/奇藏/终声    5,091,909 403072772   889,203    5.7x      2480    0.031      86天      N/A   0.438
[2026-07-25 01:00:41.298] 10   为了拍cos，我去学了“杂技”？             13,475,723 354662413   281,584   47.9x       929    0.042     604天      N/A   0.429
[2026-07-25 01:00:41.299] 11   《鸣潮》×《赛博朋克：边缘行者》联动预告｜早上好，索    6,025,788 195589708  5,323,717    1.1x      3195    0.082      79天      N/A   0.418
[2026-07-25 01:00:41.303] 12   “珂莱塔二小姐想让我告白~”                5,855,892 30898527    801,413    7.3x       429    0.147     569天      N/A   0.410
[2026-07-25 01:00:41.305] 13   “可惜你不玩游戏，不了解这个视频的含金量！”        5,862,895 7594110     462,196   12.7x       308    0.123     793天      N/A   0.406
[2026-07-25 01:00:41.306] 14   揭开角色的遮羞布！火爆全网的菲比？同人背后居然还隐藏    5,565,285 503521442   783,402    7.1x      1134    0.091     205天      N/A   0.404
[2026-07-25 01:00:41.308] 15   【鸣潮】2.4版本七丘地图全收集一条龙，宝箱+成就+    8,220,897 403072772   889,203    9.2x       840    0.048     408天      N/A   0.391
[2026-07-25 01:00:41.309] 16   💕你还要捏到什么时候💕                   5,246,158 123030657   182,463   28.8x       433    0.086     504天      N/A   0.374
[2026-07-25 01:00:41.309] 17   往那一站被人唠了一辈子                   5,340,567 551358482     5,926  901.2x       641    0.057     347天      N/A   0.364
[2026-07-25 01:00:41.311] 18   【鸣潮】1.3版本黑海岸群岛/泰缇斯之底/全收集一条    7,316,662 403072772   889,203    8.2x       459    0.038     664天      N/A   0.340
[2026-07-25 01:00:41.312] 19   【鸣潮】3.1罗伊冰原上方地图全收集+开图一条龙，宝    5,403,605 403072772   889,203    6.1x      1328    0.042     170天      N/A   0.339
[2026-07-25 01:00:41.313] 20   【IGN】《鸣潮》共鸣者「爱弥斯」演示           7,089,063 652239032  1,993,647    3.6x      1502    0.081     197天      N/A   0.330
[2026-07-25 01:00:41.314] 21   回家过年的小爱同学也是开上工地机甲了……          5,235,227 31968078   1,391,162    3.8x      1385    0.088     157天      N/A   0.320
[2026-07-25 01:00:41.315] 22   “当她裙里拔枪的那一刻，世界都惊呆了！”          5,627,846 30898527    801,413    7.0x       415    0.055     565天      N/A   0.305
[2026-07-25 01:00:41.316] 23   【鸣潮】2.2黎那汐塔-贝奥海域/阿维纽林100%全    5,951,764 403072772   889,203    6.7x       512    0.050     485天      N/A   0.301
[2026-07-25 01:00:41.318] 24   你有我没有3.0                      6,710,954 42019920   1,232,653    5.4x       553    0.067     505天      N/A   0.289
[2026-07-25 01:00:41.318] 25   【鸣潮】2.1黎那汐塔-下层金库/黎乔利群岛100%    5,631,391 403072772   889,203    6.3x       446    0.042     527天      N/A   0.275
[2026-07-25 01:00:41.319] 26   《鸣潮》动画短片 | 拯救                 6,524,754 195589708  5,323,717    1.2x      1449    0.083     188天      N/A   0.254
[2026-07-25 01:00:41.320] 27   《鸣潮》动画短片 | 天明                 7,306,794 195589708  5,323,717    1.4x       720    0.116     423天      N/A   0.235
[2026-07-25 01:00:41.322] 28   【梗百科】我也要死吗是啥梗？                5,409,599 154400839  2,343,802    2.3x      1191    0.045     189天      N/A   0.218
[2026-07-25 01:00:41.323] 29   《鸣潮》公测PV | Waking of a Wor   10,901,775 195589708  5,323,717    2.0x       571    0.034     796天      N/A   0.184
[2026-07-25 01:00:41.324] 30   【鸣潮】瑝珑全区域探索度100%一条龙全收集(含宝箱    5,283,897 635041     1,621,370    3.3x       281    0.055     783天      N/A   0.179
[2026-07-25 01:00:41.325] 31   《鸣潮》共鸣者「长离」展示PV丨执棋            5,756,365 195589708  5,323,717    1.1x       326    0.087     736天      N/A   0.153
[2026-07-25 01:00:41.326] 32   《鸣潮》动画短片 | 今昔                 6,839,948 195589708  5,323,717    1.3x       373    0.068     765天      N/A   0.151
[2026-07-25 01:00:41.327] 33   《鸣潮》共鸣者「今汐」展示PV丨清平之愿          6,291,215 195589708  5,323,717    1.2x       346    0.068     759天      N/A   0.142
[2026-07-25 01:00:41.327] 34   《鸣潮》「奏鸣测试」实机PV | 致新世界         7,777,969 195589708  5,323,717    1.5x       353    0.046     919天      N/A   0.139
[2026-07-25 01:00:41.328] 35   《鸣潮》概念CG  |  昼前               6,761,199 195589708  5,323,717    1.3x       185    0.068    1520天      N/A   0.135
[2026-07-25 01:00:41.330] 36   《鸣潮》2.0版本PV | 致缄默以欢歌          5,860,622 195589708  5,323,717    1.1x       421    0.060     580天      N/A   0.134
[2026-07-25 01:00:41.330] 37   鸣潮公式是什么梗【梗指南】                 5,335,506 94510621   4,843,865    1.1x       285    0.066     781天      N/A   0.125
[2026-07-25 01:00:41.331] 38   《鸣潮》共鸣者「吟霖」展示PV丨收网            5,901,516 195589708  5,323,717    1.1x       316    0.056     779天      N/A   0.123
[2026-07-25 01:00:41.332] 39   《鸣潮》共鸣者「忌炎」展示PV丨与长夜同行         5,753,931 195589708  5,323,717    1.1x       302    0.042     794天      N/A   0.105
[2026-07-25 01:00:41.332] ------------------------------------------------------------------------------------------------------------------------------------------------------------------------------------
[2026-07-25 01:00:41.333] 
提示: 综合分 = 播放速率(30%) + 粉丝转化(25%) + 互动密度(20%) + 新鲜度(15%) + 播放量(10%)
[2026-07-25 01:00:41.333]       历史增长列显示多次爬取后的真实增长率，首次爬取为 N/A
[2026-07-25 01:00:41.337] 
[导出] 动量分析结果已保存到 output\鸣潮\momentum_20260725_010041.csv
