[2026-07-25 03:36:09.890] 日志文件: logs\spider_20260725_033609.log
[2026-07-25 03:36:09.893] ============================================================
[2026-07-25 03:36:09.895]   B站全站热门视频爬取
[2026-07-25 03:36:09.897] ============================================================
[2026-07-25 03:36:09.898] 页数: 2
[2026-07-25 03:36:09.900] 线程数: 5
[2026-07-25 03:36:09.913] 延迟: 1.0s
[2026-07-25 03:36:09.915] 
[2026-07-25 03:36:09.957] [任务] 任务ID: 53
[2026-07-25 03:36:09.959] [热门] 第 1/2 页...
[2026-07-25 03:36:10.318]   找到 20 个，新增 20 个
[2026-07-25 03:36:11.928] [热门] 第 2/2 页...
[2026-07-25 03:36:12.227]   找到 20 个，新增 17 个
[2026-07-25 03:36:14.091] 
[搜索完成] 共 37 个视频，已有 8 个，新增 29 个
[2026-07-25 03:36:14.096] [搜索统计] 失败页数: 0
[2026-07-25 03:36:14.100] 
[详情获取] 使用 5 个线程获取视频详情...
[2026-07-25 03:36:16.516]   [1/29] av116974541608126 ✓
[2026-07-25 03:36:16.524]   [2/29] av116967159629281 ✓
[2026-07-25 03:36:16.542]   [3/29] av116969995044465 ✓
[2026-07-25 03:36:16.551]   [4/29] av116951724594222 ✓
[2026-07-25 03:36:16.659]   [5/29] av116962411680078 ✓
[2026-07-25 03:36:18.158]   [6/29] av116967042324360 ✓
[2026-07-25 03:36:18.386]   [7/29] av116956271285989 ✓
[2026-07-25 03:36:18.718]   [8/29] av116963116652282 ✓
[2026-07-25 03:36:18.724]   [9/29] av116964374612957 ✓
[2026-07-25 03:36:18.781]   [10/29] av116974457724461 ✓
[2026-07-25 03:36:19.865]   [11/29] av116968468318425 ✓
[2026-07-25 03:36:20.435]   [12/29] av116974139021109 ✓
[2026-07-25 03:36:20.508]   [13/29] av116918673544420 ✓
[2026-07-25 03:36:20.784]   [14/29] av116969558769868 ✓
[2026-07-25 03:36:20.987]   [15/29] av116963619635236 ✓
[2026-07-25 03:36:21.985]   [16/29] av116974793265608 ✓
[2026-07-25 03:36:22.127]   [17/29] av116968652867214 ✓
[2026-07-25 03:36:22.134]   [18/29] av116951489710626 ✓
[2026-07-25 03:36:22.877]   [19/29] av116957865057680 ✓
[2026-07-25 03:36:23.050]   [20/29] av116972964611820 ✓
[2026-07-25 03:36:23.812]   [21/29] av116974122174388 ✓
[2026-07-25 03:36:24.026]   [22/29] av116961874809056 ✓
[2026-07-25 03:36:24.193]   [23/29] av116967092523182 ✓
[2026-07-25 03:36:24.697]   [24/29] av116972947775120 ✓
[2026-07-25 03:36:24.849]   [25/29] av116969558837591 ✓
[2026-07-25 03:36:25.876]   [26/29] av116951892430901 ✓
[2026-07-25 03:36:26.091]   [27/29] av116973216276213 ✓
[2026-07-25 03:36:26.122]   [28/29] av116967042256903 ✓
[2026-07-25 03:36:26.868]   [29/29] av116968048893675 ✓
[2026-07-25 03:36:26.874] 
[完成] 成功: 29, 失败: 0
[2026-07-25 03:36:26.884] [修复] 已修正 173 条视频的评论数 (comment_count <- review)
[2026-07-25 03:36:26.886] 
============================================================
[2026-07-25 03:36:26.886]   自动检测并补充粉丝数
[2026-07-25 03:36:26.888] ============================================================
[2026-07-25 03:36:26.891] 待补充UP主数: 1
[2026-07-25 03:36:27.054]   [粉丝] UID=349524356 card API失败，尝试 relation API
[2026-07-25 03:36:27.735]   [粉丝] UID=349524356 relation API失败，尝试 Playwright
[2026-07-25 03:36:33.649]   [粉丝-PW] UID=349524356 页面未找到粉丝数
[2026-07-25 03:36:33.651]   [粉丝] UID=349524356 三级回退全部失败
[2026-07-25 03:36:33.653]   [1/1] UID=349524356 (小菜鸟笑麽_bili) -> 获取失败
[2026-07-25 03:36:34.187] 
[完成] 粉丝数补充: 成功 0, 失败 1
[2026-07-25 03:36:34.189] 
============================================================
[2026-07-25 03:36:34.190]   自动检测并补充视频标签
[2026-07-25 03:36:34.190] ============================================================
[2026-07-25 03:36:34.193] 待补充标签视频数: 0
[2026-07-25 03:36:34.193] [完成] 所有视频已有标签数据
[2026-07-25 03:36:34.194] 
==========================================================================================
[2026-07-25 03:36:34.195]   动量分析 (单次快照模式)
[2026-07-25 03:36:34.196] ==========================================================================================
[2026-07-25 03:36:34.197] 关键词: 全站热门
[2026-07-25 03:36:34.197] 显示数量: 999999
[2026-07-25 03:36:34.199] 评分维度: 播放速率(30%) + 粉丝转化(25%) + 互动密度(20%) + 新鲜度(15%) + 播放量(10%)
[2026-07-25 03:36:34.200] 
[2026-07-25 03:36:34.203] 
动量排行 Top 999999（按综合评分排序）
[2026-07-25 03:36:34.204] ------------------------------------------------------------------------------------------------------------------------------------------------------------------------------------
[2026-07-25 03:36:34.208] 排名   标题                                  播放量 UP主              粉丝      转化      速率/h     互动密度     视频年龄     历史增长     综合分
[2026-07-25 03:36:34.209] ------------------------------------------------------------------------------------------------------------------------------------------------------------------------------------
[2026-07-25 03:36:34.210] 1    大狗嚼  这一口会很疯狂！                 9,796,711 166148056   128,918   76.0x     92806    0.104       4天      N/A   0.699
[2026-07-25 03:36:34.211] 2    ⚡一战成名⚡我把风扇立在了一支笔上             2,799,149 354684159    34,835   80.3x     77080    0.169       2天      N/A   0.656
[2026-07-25 03:36:34.211] 3    《下一个是谁》第七季（2）                 1,524,623 474702359  3,086,012    0.5x     98402    0.434      16h      N/A   0.616
[2026-07-25 03:36:34.213] 4    《绝区零》蕾米埃尔角色展示 | 恰如往昔          1,907,676 163603489  7,926,505    0.2x    123135    0.139      16h      N/A   0.538
[2026-07-25 03:36:34.214] 5    老同学婚礼让我穿最贵的来？                 1,766,178 496116540   112,755   15.7x     43614    0.077       2天      N/A   0.522
[2026-07-25 03:36:34.215] 6    ⚡赤石科技！⚡牢大复活机                  1,286,390 395971149    10,599  121.4x     23328    0.150       2天      N/A   0.501
[2026-07-25 03:36:34.215] 7    🐔回 归 鸡 本 功⚡                   2,188,241 140415743   156,979   13.9x     34257    0.063       3天      N/A   0.497
[2026-07-25 03:36:34.216] 8    树恨你                           8,169,933 15634833   30,370,000    0.3x     75725    0.312       4天      N/A   0.493
[2026-07-25 03:36:34.217] 9    指鸡为牛、移花接木：营销号看图说话有多离谱？        3,837,816 439478093  4,467,285    0.9x    118403    0.058       1天      N/A   0.486
[2026-07-25 03:36:34.218] 10   大学10大谣言                         492,865 136870492    31,850   15.5x     16490    0.161       1天      N/A   0.481
[2026-07-25 03:36:34.219] 11   连续21天十点睡六点起，我真的会变健康吗？         3,771,461 407054668  6,407,429    0.6x    109335    0.071       1天      N/A   0.463
[2026-07-25 03:36:34.220] 12   🐔好 坤 不 挑 曲⚡                   3,013,345 140415743   156,979   19.2x     28285    0.082       4天      N/A   0.462
[2026-07-25 03:36:34.222] 13   大家猜猜我是谁                       1,485,930 477676711  2,483,276    0.6x     96199    0.105      15h      N/A   0.461
[2026-07-25 03:36:34.223] 14   成吉思鸡200卢比买一送一，我只要送的那份         3,281,353 158275764   599,329    5.5x     61385    0.084       2天      N/A   0.458
[2026-07-25 03:36:34.225] 15   接着奏乐接着舞！Papi酱《生气了》KPOP版          79,023 1447736       9,084    8.7x     10543    0.134       8h      N/A   0.434
[2026-07-25 03:36:34.225] 16   请问哪一处会扣分？                     1,553,704 354639084    55,228   28.1x     14862    0.122       4天      N/A   0.433
[2026-07-25 03:36:34.226] 17   极寒末日96分钟无删减合集                 1,452,195 370699704    12,118  119.8x     14024    0.091       4天      N/A   0.415
[2026-07-25 03:36:34.226] 18   【第48版】如果“豆包”死掉你会怎样-【AI全民制作    1,104,026 88177556    105,755   10.4x     13768    0.117       3天      N/A   0.409
[2026-07-25 03:36:34.227] 19   当你穿进老钱班30                     3,287,653 503058735  2,503,136    1.3x     82063    0.068       2天      N/A   0.406
[2026-07-25 03:36:34.229] 20   乌克兰大变天了                       1,146,426 430426421  4,416,230    0.3x     72692    0.108      16h      N/A   0.394
[2026-07-25 03:36:34.231] 21   年度大活！！峰哥cos沙僧，良子cos猪八戒！！！     1,639,489 433004026   329,226    5.0x     46079    0.072       1天      N/A   0.387
[2026-07-25 03:36:34.232] 22   Verity 官方配音演员回答网友最想知道的问题        298,928 370703598   216,984    1.4x     20804    0.302      14h      N/A   0.373
[2026-07-25 03:36:34.233] 23   德国最难建的车站在哪？【神奇组织52】           2,408,038 23947287   10,817,746    0.2x     59302    0.116       2天      N/A   0.340
[2026-07-25 03:36:34.234] 24   监考小风波                           465,562 373388923  6,348,443    0.1x     49032    0.138      10h      N/A   0.339
[2026-07-25 03:36:34.236] 25   刚买的李子丢进水里，直接长出了一层透明壳？？        2,459,933 489763089  2,401,750    1.0x     60619    0.052       2天      N/A   0.332
[2026-07-25 03:36:34.236] 26   陪莉莉一起吃饭吧～                     1,277,140 118460438   498,147    2.6x     38927    0.103       1天      N/A   0.325
[2026-07-25 03:36:34.237] 27   今天花2万包5000斤的鱼塘，塘主的举动让人暖心      2,614,367 349326009  4,196,040    0.6x     45731    0.114       2天      N/A   0.317
[2026-07-25 03:36:34.238] 28   直哉挑衅佐助  十尾空降涩谷                  163,897 349327919  1,297,991    0.1x     22406    0.234       7h      N/A   0.316
[2026-07-25 03:36:34.240] 29   《败犬共鸣者太多了！》                     494,556 30898527    801,413    0.6x     14690    0.321       1天      N/A   0.315
[2026-07-25 03:36:34.240] 30   晚上在店里加班处理金枪鱼，顺便切点边角料偷偷做个晚餐      382,925 472229397  1,692,447    0.2x     36686    0.128      10h      N/A   0.306
[2026-07-25 03:36:34.242] 31   从24℃到46℃，零跑A10被高温打回原形吗？         358,845 497525820  1,845,980    0.2x     51130    0.043       7h      N/A   0.302
[2026-07-25 03:36:34.243] 32   玩剑魔打蒙多能忍住不笑的，你是这个👍            1,044,761 358607628   777,647    1.3x     35002    0.123       1天      N/A   0.295
[2026-07-25 03:36:34.245] 33   西班牙赢麻，FIFA赚麻，特朗普乐麻，世界杯谁是输家      164,529 114067257  5,308,416    0.0x     33593    0.124       5h      N/A   0.291
[2026-07-25 03:36:34.245] 34   陈翔六点半：有人在这里被爱过，有人在这里学会了爱        268,637 19286458   3,656,925    0.1x     30494    0.113       9h      N/A   0.280
[2026-07-25 03:36:34.247] 35   穿越回100年前，看看苏联建筑到底有多超前！？       1,285,998 8366990    5,856,127    0.2x     37281    0.127       1天      N/A   0.280
[2026-07-25 03:36:34.248] 36   2026年的外设还是太抽象了                  101,769 652137183   901,102    0.1x     12109    0.197       8h      N/A   0.273
[2026-07-25 03:36:34.249] 37   被3000名网友操控的青海之行，第一顿就吓哭了...      212,371 99157282   8,413,366    0.0x     22179    0.144      10h      N/A   0.272
[2026-07-25 03:36:34.250] 38   旭旭宝宝争议事件：掉粉近80万，他错在哪一步？         276,449 278761367  1,929,397    0.1x     31573    0.083       9h      N/A   0.270
[2026-07-25 03:36:34.252] 39   aespa《KISS N TELL》MV            530,370 349308578   940,718    0.6x     18540    0.206       1天      N/A   0.270
[2026-07-25 03:36:34.253] 40   100天亏掉40%？理财大赛S2结果公布！         1,388,073 125526     4,408,091    0.3x     35048    0.101       2天      N/A   0.265
[2026-07-25 03:36:34.254] 41   见蛇不打三分罪？让我们来看看舟山眼镜蛇怎么说          930,630 140938025   646,424    1.4x     28076    0.091       1天      N/A   0.264
[2026-07-25 03:36:34.255] 42   12个电饭锅的正确打开方式～                  420,271 17495873   2,726,480    0.1x     23870    0.088      18h      N/A   0.256
[2026-07-25 03:36:34.256] 43   “弦起敦煌，壁画再世！”【鸿音】                143,961 35579222   1,872,103    0.1x     13745    0.140      10h      N/A   0.250
[2026-07-25 03:36:34.257] 44   【巫师】一字断魂刀，绞杀国家队，中国第一游资徐翔的资      148,639 472747194  4,307,876    0.0x     15472    0.124      10h      N/A   0.246
[2026-07-25 03:36:34.258] 45   这是张震岳最被低估的一张专辑丨HOPICO十分专辑       144,208 261485584  2,607,861    0.1x     14270    0.125      10h      N/A   0.244
[2026-07-25 03:36:34.259] 46   成吉思鸡套餐！鸡佬的成吉思鸡套餐，吃了有力气          961,643 8680974    2,286,445    0.4x     27876    0.070       1天      N/A   0.232
[2026-07-25 03:36:34.260] 47   跟着中国第一个旅游博主徐霞客的足迹去旅行，看看400    3,720,125 3816626    4,707,710    0.8x     23308    0.087       7天      N/A   0.227
[2026-07-25 03:36:34.261] 48   上课打游戏 期末考段位？电竞专业真有这么爽吗？         811,514 470962000  2,735,935    0.3x     24148    0.028       1天      N/A   0.198
[2026-07-25 03:36:34.262] 49   连唱了十首最吊奥特曼主题曲！！每首都夯爆了           628,974 23957550    422,485    1.5x      7912    0.064       3天      N/A   0.163
[2026-07-25 03:36:34.262] ------------------------------------------------------------------------------------------------------------------------------------------------------------------------------------
[2026-07-25 03:36:34.263] 
提示: 综合分 = 播放速率(30%) + 粉丝转化(25%) + 互动密度(20%) + 新鲜度(15%) + 播放量(10%)
[2026-07-25 03:36:34.264]       历史增长列显示多次爬取后的真实增长率，首次爬取为 N/A
[2026-07-25 03:36:34.269] 
[导出] 动量分析结果已保存到 output\全站热门\momentum_20260725_033634.csv
[2026-07-25 03:36:34.270] 
================================================================================
[2026-07-25 03:36:34.271]   标签权重 Top 10 (关键词: 全站热门)
[2026-07-25 03:36:34.272] ================================================================================
[2026-07-25 03:36:34.272] 总视频数: 49 | 不同标签数: 287
[2026-07-25 03:36:34.274] 算法: 标签权重 = 出现视频数 × 平均动量分
[2026-07-25 03:36:34.276] --------------------------------------------------------------------------------
[2026-07-25 03:36:34.277] 排名   标签                       出现次数      覆盖率      平均动量分       标签权重
[2026-07-25 03:36:34.278] --------------------------------------------------------------------------------
[2026-07-25 03:36:34.278] 1    搞笑                          5    10.2%      0.416      2.082
[2026-07-25 03:36:34.279] 2    生活                          4     8.2%      0.482      1.929
[2026-07-25 03:36:34.280] 3    生活记录                        4     8.2%      0.437      1.748
[2026-07-25 03:36:34.281] 4    科普                          4     8.2%      0.419      1.675
[2026-07-25 03:36:34.282] 5    原创                          3     6.1%      0.499      1.496
[2026-07-25 03:36:34.284] 6    高能                          3     6.1%      0.438      1.315
[2026-07-25 03:36:34.285] 7    游戏                          3     6.1%      0.420      1.259
[2026-07-25 03:36:34.287] 8    知识                          3     6.1%      0.399      1.196
[2026-07-25 03:36:34.288] 9    短片                          3     6.1%      0.343      1.028
[2026-07-25 03:36:34.289] 10   鬼畜                          2     4.1%      0.479      0.959
[2026-07-25 03:36:34.289] --------------------------------------------------------------------------------
[2026-07-25 03:36:34.290] 说明: 标签权重越高 = 该标签在高动量视频中出现越频繁，越值得关注
[2026-07-25 03:36:34.292] 
[导出] 标签分析已保存到 output\全站热门\tags_20260725_033634.txt
