[2026-07-24 20:26:03.255] 日志文件: logs\spider_20260724_202603.log
[2026-07-24 20:26:03.256] ============================================================
[2026-07-24 20:26:03.259]   B站视频爬虫 (增强版)
[2026-07-24 20:26:03.260] ============================================================
[2026-07-24 20:26:03.261] 关键词: 手机
[2026-07-24 20:26:03.266] 页数: 5
[2026-07-24 20:26:03.268] 排序: click
[2026-07-24 20:26:03.269] 线程数: 3
[2026-07-24 20:26:03.270] 延迟: 1.0s
[2026-07-24 20:26:03.270] 
[2026-07-24 20:26:03.310] [任务] 任务ID: 23
[2026-07-24 20:26:03.311] [搜索] 第 1/5 页...
[2026-07-24 20:26:03.975]   找到 20 个，新增 20 个
[2026-07-24 20:26:05.246] [搜索] 第 2/5 页...
[2026-07-24 20:26:05.791]   找到 20 个，新增 20 个
[2026-07-24 20:26:07.103] [搜索] 第 3/5 页...
[2026-07-24 20:26:07.964]   找到 20 个，新增 20 个
[2026-07-24 20:26:09.799] [搜索] 第 4/5 页...
[2026-07-24 20:26:10.372]   找到 20 个，新增 20 个
[2026-07-24 20:26:12.340] [搜索] 第 5/5 页...
[2026-07-24 20:26:12.955]   找到 20 个，新增 20 个
[2026-07-24 20:26:14.880] 
[搜索完成] 共 100 个视频，今日已爬 23 个，新增 77 个
[2026-07-24 20:26:14.882] [搜索统计] 搜索失败页数: 0
[2026-07-24 20:26:14.883] 
[详情获取] 使用 3 个线程获取视频详情...
[2026-07-24 20:26:16.691]   [1/77] av114346457827980 ✓
[2026-07-24 20:26:16.745]   [2/77] av114353370043703 ✓
[2026-07-24 20:26:16.801]   [3/77] av57880560 ✓
[2026-07-24 20:26:18.718]   [4/77] av501689188 ✓
[2026-07-24 20:26:18.771]   [5/77] av813246115 ✓
[2026-07-24 20:26:18.777]   [6/77] av205360034 ✓
[2026-07-24 20:26:20.878]   [7/77] av1256464919 ✓
[2026-07-24 20:26:20.885]   [8/77] av116102495475391 ✓
[2026-07-24 20:26:20.913]   [9/77] av766522796 ✓
[2026-07-24 20:26:22.644]   [10/77] av974314686 ✓
[2026-07-24 20:26:22.712]   [11/77] av230326825 ✓
[2026-07-24 20:26:22.786]   [12/77] av114515790336130 ✓
[2026-07-24 20:26:24.620]   [13/77] av114470659559117 ✓
[2026-07-24 20:26:24.791]   [14/77] av911913767 ✓
[2026-07-24 20:26:24.907]   [15/77] av547796211 ✓
[2026-07-24 20:26:26.457]   [16/77] av115246773572740 ✓
[2026-07-24 20:26:26.464]   [17/77] av114952366989017 ✓
[2026-07-24 20:26:26.705]   [18/77] av1206307594 ✓
[2026-07-24 20:26:28.337]   [19/77] av85169536 ✓
[2026-07-24 20:26:28.352]   [20/77] av246051041 ✓
[2026-07-24 20:26:28.411]   [21/77] av113882198708489 ✓
[2026-07-24 20:26:30.019]   [22/77] av876210733 ✓
[2026-07-24 20:26:30.143]   [23/77] av114425411405250 ✓
[2026-07-24 20:26:30.176]   [24/77] av764915145 ✓
[2026-07-24 20:26:31.952]   [25/77] av485294693 ✓
[2026-07-24 20:26:31.957]   [26/77] av990505478 ✓
[2026-07-24 20:26:32.051]   [27/77] av383697922 ✓
[2026-07-24 20:26:34.030]   [28/77] av97573313 ✓
[2026-07-24 20:26:34.035]   [29/77] av115502106090855 ✓
[2026-07-24 20:26:34.220]   [30/77] av745905701 ✓
[2026-07-24 20:26:35.720]   [31/77] av725021167 ✓
[2026-07-24 20:26:35.756]   [32/77] av113841950163476 ✓
[2026-07-24 20:26:36.022]   [33/77] av113170257612964 ✓
[2026-07-24 20:26:37.509]   [34/77] av115024693562770 ✓
[2026-07-24 20:26:37.531]   [35/77] av847886430 ✓
[2026-07-24 20:26:37.687]   [36/77] av100092877 ✓
[2026-07-24 20:26:39.796]   [37/77] av115621375252562 ✓
[2026-07-24 20:26:39.800]   [38/77] av114839171108783 ✓
[2026-07-24 20:26:39.804]   [39/77] av499398202 ✓
[2026-07-24 20:26:41.667]   [40/77] av845534966 ✓
[2026-07-24 20:26:41.735]   [41/77] av622355569 ✓
[2026-07-24 20:26:41.776]   [42/77] av1556326901 ✓
[2026-07-24 20:26:43.821]   [43/77] av805517570 ✓
[2026-07-24 20:26:43.869]   [44/77] av234118573 ✓
[2026-07-24 20:26:44.128]   [45/77] av114765720454733 ✓
[2026-07-24 20:26:45.452]   [46/77] av96169217 ✓
[2026-07-24 20:26:45.683]   [47/77] av443357531 ✓
[2026-07-24 20:26:46.222]   [48/77] av1303890936 ✓
[2026-07-24 20:26:47.458]   [49/77] av1851792873 ✓
[2026-07-24 20:26:47.688]   [50/77] av835731214 ✓
[2026-07-24 20:26:48.732]   [51/77] av768197037 ✓
[2026-07-24 20:26:49.019]   [52/77] av400664449 ✓
[2026-07-24 20:26:49.659]   [53/77] av200866744 ✓
[2026-07-24 20:26:50.549]   [54/77] av113888674779183 ✓
[2026-07-24 20:26:50.619]   [55/77] av116067649197872 ✓
[2026-07-24 20:26:51.673]   [56/77] av116278052260766 ✓
[2026-07-24 20:26:52.571]   [57/77] av113361685581807 ✓
[2026-07-24 20:26:52.599]   [58/77] av546788069 ✓
[2026-07-24 20:26:53.939]   [59/77] av114907320229417 ✓
[2026-07-24 20:26:54.713]   [60/77] av437800204 ✓
[2026-07-24 20:26:54.784]   [61/77] av420097232 ✓
[2026-07-24 20:26:55.827]   [62/77] av768280609 ✓
[2026-07-24 20:26:56.689]   [63/77] av114957769252558 ✓
[2026-07-24 20:26:56.813]   [64/77] av114182745752705 ✓
[2026-07-24 20:26:57.723]   [65/77] av308121671 ✓
[2026-07-24 20:26:58.841]   [66/77] av1105575966 ✓
[2026-07-24 20:26:58.847]   [67/77] av670726753 ✓
[2026-07-24 20:26:59.719]   [68/77] av219404688 ✓
[2026-07-24 20:27:01.232]   [69/77] av115586914912929 ✓
[2026-07-24 20:27:01.330]   [70/77] av808624610 ✓
[2026-07-24 20:27:02.168]   [71/77] av836734814 ✓
[2026-07-24 20:27:03.131]   [72/77] av935826118 ✓
[2026-07-24 20:27:03.141]   [73/77] av857527108 ✓
[2026-07-24 20:27:04.182]   [74/77] av14266061 ✓
[2026-07-24 20:27:05.163]   [75/77] av115218420078806 ✓
[2026-07-24 20:27:05.197]   [76/77] av253352981 ✓
[2026-07-24 20:27:06.251]   [77/77] av1305449391 ✓
[2026-07-24 20:27:06.258] 
[完成] 成功: 77, 失败: 0
[2026-07-24 20:27:06.260] 
============================================================
[2026-07-24 20:27:06.262]   Top 10 热门视频
[2026-07-24 20:27:06.263] ============================================================
[2026-07-24 20:27:06.266] 
1. 带着华为 Mate XT 非凡大师出门是种什么体验（请不要叫我测评君出品）
[2026-07-24 20:27:06.267]    播放: 24,841,580 | 弹幕: 7,370 | 收藏: 105,219 | 评论: 5,413
[2026-07-24 20:27:06.269] 
2. 威力不亚于原子弹
[2026-07-24 20:27:06.270]    播放: 24,819,951 | 弹幕: 3,994 | 收藏: 165,612 | 评论: 1,468
[2026-07-24 20:27:06.271] 
3. 我敢打赌，99%的人没有用过这些手机！
[2026-07-24 20:27:06.272]    播放: 23,917,013 | 弹幕: 9,493 | 收藏: 449,526 | 评论: 4,775
[2026-07-24 20:27:06.274] 
4. 学生藏手机 vs 老师查手机！
[2026-07-24 20:27:06.277]    播放: 23,079,280 | 弹幕: 2,120 | 收藏: 125,579 | 评论: 1,415
[2026-07-24 20:27:06.278] 
5. 《收手机是你的谎言》
[2026-07-24 20:27:06.282]    播放: 22,887,781 | 弹幕: 3,078 | 收藏: 212,106 | 评论: 3,001
[2026-07-24 20:27:06.283] 
6. 一刀封神！万叶挡住雷神一刀！总会有地上的生灵，敢于直面雷霆的威光！
[2026-07-24 20:27:06.285]    播放: 22,481,795 | 弹幕: 32,639 | 收藏: 527,700 | 评论: 37,233
[2026-07-24 20:27:06.286] 
7. 手机炸弹
[2026-07-24 20:27:06.288]    播放: 21,362,045 | 弹幕: 30,090 | 收藏: 267,516 | 评论: 6,789
[2026-07-24 20:27:06.292] 
8. 猛男必看榜排名第1！主角光环也抵挡不了黑道大佬的的魅力！
[2026-07-24 20:27:06.294]    播放: 20,952,967 | 弹幕: 1,316 | 收藏: 71,692 | 评论: 1,125
[2026-07-24 20:27:06.295] 
9. 在5g时代再看2g广告。。
[2026-07-24 20:27:06.297]    播放: 20,759,063 | 弹幕: 10,264 | 收藏: 64,981 | 评论: 7,839
[2026-07-24 20:27:06.297] 
10. 【明日方舟 中文字幕】佩佩角色PV [Mystic Light Quest]【2024夏活前瞻】
[2026-07-24 20:27:06.299]    播放: 20,308,400 | 弹幕: 112,255 | 收藏: 395,655 | 评论: 330,099
[2026-07-24 20:27:06.300] 
================================================================================
[2026-07-24 20:27:06.301]   动量分析 (增强版)
[2026-07-24 20:27:06.302] ================================================================================
[2026-07-24 20:27:06.303] 关键词: 手机
[2026-07-24 20:27:06.303] 指标: play_nums
[2026-07-24 20:27:06.305] 显示数量: 20
[2026-07-24 20:27:06.306] 
[2026-07-24 20:27:06.312] 
动量排行 Top 20（按综合评分排序）
[2026-07-24 20:27:06.315] --------------------------------------------------------------------------------------------------------------------------------------------------------------------------
[2026-07-24 20:27:06.316] 排名   标题                                  当前播放量 UP主               粉丝数      转化率       播放速率      评论数     总增长%      日均% 状态        
[2026-07-24 20:27:06.317] --------------------------------------------------------------------------------------------------------------------------------------------------------------------------
[2026-07-24 20:27:06.318] 1    带着华为 Mate XT 非凡大师出门是种什么体验（请不   24,841,580 18937162            -        -   1540.5/h        3      N/A      N/A 首次采集，仅显示  
[2026-07-24 20:27:06.319] 2    威力不亚于原子弹                       24,819,951 226231535           -        -   8538.1/h       19      N/A      N/A 首次采集，仅显示  
[2026-07-24 20:27:06.320] 3    我敢打赌，99%的人没有用过这些手机！            23,917,013 35466407281         -        -   1397.4/h       20      N/A      N/A 首次采集，仅显示  
[2026-07-24 20:27:06.321] 4    学生藏手机 vs 老师查手机！                23,079,280 393709394           -        -   3697.0/h       20      N/A      N/A 首次采集，仅显示  
[2026-07-24 20:27:06.322] 5    《收手机是你的谎言》                     22,887,781 478610686           -        -   3990.8/h        3      N/A      N/A 首次采集，仅显示  
[2026-07-24 20:27:06.323] 6    一刀封神！万叶挡住雷神一刀！总会有地上的生灵，敢于直面雷   22,481,795 3079413             -        -    524.4/h        3      N/A      N/A 首次采集，仅显示  
[2026-07-24 20:27:06.324] 7    手机炸弹                           21,362,045 5970160             -        -    748.5/h        3      N/A      N/A 首次采集，仅显示  
[2026-07-24 20:27:06.324] 8    猛男必看榜排名第1！主角光环也抵挡不了黑道大佬的的魅力！   20,952,967 604710494           -        -   2444.8/h       20      N/A      N/A 首次采集，仅显示  
[2026-07-24 20:27:06.325] 9    在5g时代再看2g广告。。                  20,759,063 522225381           -        -    374.6/h        3      N/A      N/A 首次采集，仅显示  
[2026-07-24 20:27:06.326] 10   【明日方舟 中文字幕】佩佩角色PV [Mystic Li   20,308,400 289334440           -        -   1164.4/h        3      N/A      N/A 首次采集，仅显示  
[2026-07-24 20:27:06.327] 11   【原神】2.0稻妻 宝箱全收集  (成就数358）鸣神岛   19,994,974 1773346             -        -    455.5/h        3      N/A      N/A 首次采集，仅显示  
[2026-07-24 20:27:06.328] 12   《崩坏3》动画短片「阿波卡利斯如是说」            19,964,775 27534330            -        -    505.6/h       19      N/A      N/A 首次采集，仅显示  
[2026-07-24 20:27:06.328] 13   “杀神”和他那群“狼”崽子，杀穿警察局！           19,858,415 304815404           -        -   3375.6/h       20      N/A      N/A 首次采集，仅显示  
[2026-07-24 20:27:06.329] 14   【苏星河】我的这个微信，你们没人用过             19,310,275 598464467           -        -    565.4/h        3      N/A      N/A 首次采集，仅显示  
[2026-07-24 20:27:06.331] 15   以前的小孩玩手机 VS 现在的小孩玩手机           19,278,889 8864484             -        -   1738.2/h        3      N/A      N/A 首次采集，仅显示  
[2026-07-24 20:27:06.332] 16   全球扑克牌降临，你却获得了隐藏王牌？             18,713,922 35466708579         -        -   1766.4/h       19      N/A      N/A 首次采集，仅显示  
[2026-07-24 20:27:06.333] 17   当手机中的贪吃蛇来到现实会怎样？搞笑动画《贪吃蛇》      18,544,826 1962043663          -        -    494.7/h       20      N/A      N/A 首次采集，仅显示  
[2026-07-24 20:27:06.333] 18   洁宝 借我用一下你手机                    18,469,726 525952604           -        -   1390.9/h        3      N/A      N/A 首次采集，仅显示  
[2026-07-24 20:27:06.334] 19   被这离谱的主播笑拥了                     18,167,744 5374954             -        -    734.7/h       19      N/A      N/A 首次采集，仅显示  
[2026-07-24 20:27:06.335] 20   男孩穿着裙子，被妈妈拖进急诊室，他表面玩着手机，内心慌得   17,764,415 1306237635          -        -   1159.9/h       20      N/A      N/A 首次采集，仅显示  
[2026-07-24 20:27:06.336] --------------------------------------------------------------------------------------------------------------------------------------------------------------------------
[2026-07-24 20:27:06.340] 
[导出] 动量分析结果已保存到 output\手机\momentum_20260724_202706.csv
[2026-07-24 20:27:06.345] 
[导出] 动量分析结果已保存到 output\手机\momentum_20260724_202706.csv
