[2026-07-25 03:45:50.614] 日志文件: logs\spider_20260725_034550.log
[2026-07-25 03:45:50.643] ============================================================
[2026-07-25 03:45:50.645]   B站全站热门视频爬取
[2026-07-25 03:45:50.646] ============================================================
[2026-07-25 03:45:50.647] 页数: 2
[2026-07-25 03:45:50.650] 线程数: 5
[2026-07-25 03:45:50.652] 延迟: 1.0s
[2026-07-25 03:45:50.655] 
[2026-07-25 03:45:50.667] [任务] 任务ID: 54
[2026-07-25 03:45:50.670] [热门] 第 1/2 页...
[2026-07-25 03:45:51.055]   找到 20 个，新增 20 个
[2026-07-25 03:45:52.962] [热门] 第 2/2 页...
[2026-07-25 03:45:53.289]   找到 20 个，新增 17 个
[2026-07-25 03:45:54.813] 
[搜索完成] 共 37 个视频，已有 24 个，新增 13 个
[2026-07-25 03:45:54.815] [搜索统计] 失败页数: 0
[2026-07-25 03:45:54.817] 
[详情获取] 使用 5 个线程获取视频详情...
[2026-07-25 03:45:56.843]   [1/13] av116969642657850 ✓
[2026-07-25 03:45:56.848]   [2/13] av116966471766229 ✓
[2026-07-25 03:45:56.916]   [3/13] av116963418312973 ✓
[2026-07-25 03:45:56.966]   [4/13] av116962847891171 ✓
[2026-07-25 03:45:56.988]   [5/13] av116951842160777 ✓
[2026-07-25 03:45:58.744]   [6/13] av116969592325637 ✓
[2026-07-25 03:45:58.891]   [7/13] av116962696956059 ✓
[2026-07-25 03:45:59.072]   [8/13] av116956204240916 ✓
[2026-07-25 03:45:59.079]   [9/13] av116974138952610 ✓
[2026-07-25 03:45:59.345]   [10/13] av116957982498221 ✓
[2026-07-25 03:46:00.364]   [11/13] av116957160413054 ✓
[2026-07-25 03:46:00.840]   [12/13] av116972847106316 ✓
[2026-07-25 03:46:00.846]   [13/13] av116968686360193 ✓
[2026-07-25 03:46:00.854] 
[热门完成] 成功: 13, 失败: 0
[2026-07-25 03:46:00.866] [修复] 已修正 157 条视频的评论数 (comment_count <- review)
[2026-07-25 03:46:00.868] 
============================================================
[2026-07-25 03:46:00.870]   自动检测并补充粉丝数
[2026-07-25 03:46:00.871] ============================================================
[2026-07-25 03:46:00.872] 待补充UP主数: 1
[2026-07-25 03:46:01.020]   [粉丝] UID=349524356 card API失败，尝试 relation API
[2026-07-25 03:46:01.478]   [粉丝] UID=349524356 relation API失败，尝试 Playwright
[2026-07-25 03:46:07.880]   [粉丝-PW] UID=349524356 页面未找到粉丝数
[2026-07-25 03:46:07.883]   [粉丝] UID=349524356 三级回退全部失败
[2026-07-25 03:46:07.884]   [1/1] UID=349524356 (小菜鸟笑麽_bili) -> 获取失败
[2026-07-25 03:46:08.617] 
[完成] 粉丝数补充: 成功 0, 失败 1
[2026-07-25 03:46:08.618] 
============================================================
[2026-07-25 03:46:08.620]   自动检测并补充视频标签
[2026-07-25 03:46:08.620] ============================================================
[2026-07-25 03:46:08.622] 待补充标签视频数: 0
[2026-07-25 03:46:08.624] [完成] 所有视频已有标签数据
[2026-07-25 03:46:08.626] 
====================================================================================================
[2026-07-25 03:46:08.626]   价值分析 (独立评分)
[2026-07-25 03:46:08.628] ====================================================================================================
[2026-07-25 03:46:08.629] 关键词: 全站热门
[2026-07-25 03:46:08.630] 评分维度: 深度互动比(35%) + 互动密度(25%) + 收藏率(20%) + 粉丝转化(10%) + 分享率(10%)
[2026-07-25 03:46:08.632] 说明: 价值评分衡量视频的长期内容质量，不受视频年龄/新鲜度影响
[2026-07-25 03:46:08.634] 
[2026-07-25 03:46:08.634] 
价值排行 Top 62（按价值综合评分排序）
[2026-07-25 03:46:08.637] ----------------------------------------------------------------------------------------------------------------------------------------------------------------------------------------------
[2026-07-25 03:46:08.637] 排名   标题                                  播放量 UP主              粉丝    深/浅比     互动密度     收藏率      转化     分享率    深互动分    互动分    收藏分    转化分    分享分     价值分
[2026-07-25 03:46:08.638] ----------------------------------------------------------------------------------------------------------------------------------------------------------------------------------------------
[2026-07-25 03:46:08.639] 1    《下一个是谁》第七季（2）                 1,524,623 自来卷三木      3,086,012    1.68    0.434   0.057    0.5x   0.006   1.000  1.000  0.862  0.004  0.180   0.791
[2026-07-25 03:46:08.640] 2    极寒末日96分钟无删减合集                 1,452,195 华萧AIGC       12,118    1.61    0.091   0.030  119.8x   0.008   0.959  0.156  0.430  0.987  0.229   0.583
[2026-07-25 03:46:08.641] 3    ⚡赤石科技！⚡牢大复活机                  1,286,390 栋子子子         10,599    0.87    0.150   0.065  121.4x   0.008   0.495  0.301  1.000  1.000  0.245   0.573
[2026-07-25 03:46:08.645] 4    袜学导论：从脚踝到大腿，袜子如何成就二次元的顶级暗示    1,172,184 泛式         6,686,203    1.06    0.236   0.041    0.2x   0.020   0.616  0.513  0.610  0.001  0.593   0.525
[2026-07-25 03:46:08.645] 5    《败犬共鸣者太多了！》                     494,556 汐汐不想睡大街     801,413    0.68    0.321   0.050    0.6x   0.018   0.373  0.722  0.758  0.005  0.537   0.517
[2026-07-25 03:46:08.647] 6    树恨你                           8,169,933 鲤鱼Ace      30,370,000    0.97    0.312   0.039    0.3x   0.009   0.555  0.701  0.575  0.002  0.250   0.510
[2026-07-25 03:46:08.649] 7    Verity 官方配音演员回答网友最想知道的问题        298,928 JustWhisp   216,984    0.64    0.302   0.059    1.4x   0.003   0.346  0.675  0.895  0.011  0.072   0.477
[2026-07-25 03:46:08.649] 8    【巫师】一字断魂刀，绞杀国家队，中国第一游资徐翔的资      148,639 巫师财经       4,307,876    1.02    0.124   0.032    0.0x   0.014   0.588  0.238  0.465  0.000  0.412   0.400
[2026-07-25 03:46:08.650] 9    “弦起敦煌，壁画再世！”【鸿音】                143,961 紫颜-小仙紫     1,872,103    0.90    0.140   0.044    0.1x   0.003   0.515  0.276  0.660  0.000  0.094   0.391
[2026-07-25 03:46:08.652] 10   直哉挑衅佐助  十尾空降涩谷                  163,897 牙牙的包裹      1,297,991    0.76    0.234   0.028    0.1x   0.009   0.424  0.508  0.404  0.001  0.262   0.382
[2026-07-25 03:46:08.652] 11   “人生不需要赢下每一场比赛”                   90,934 CSGO国服     1,632,560    0.59    0.223   0.033    0.1x   0.011   0.316  0.481  0.487  0.000  0.335   0.362
[2026-07-25 03:46:08.653] 12   aespa《KISS N TELL》MV            530,370 SMTOWN      940,718    0.65    0.206   0.022    0.6x   0.016   0.355  0.440  0.298  0.004  0.461   0.340
[2026-07-25 03:46:08.655] 13   森罗物语扩展包/沉浸式吃播展示 （部分）          1,194,124 拾依CC         16,472    0.43    0.118   0.034   72.5x   0.009   0.217  0.223  0.489  0.597  0.261   0.315
[2026-07-25 03:46:08.656] 14   《绝区零》蕾米埃尔角色展示 | 恰如往昔          1,907,676 绝区零        7,926,505    0.82    0.139   0.018    0.2x   0.011   0.464  0.274  0.237  0.002  0.318   0.310
[2026-07-25 03:46:08.658] 15   颠覆行业？索尼FX5深度评测                1,439,188 影视飓风       16,797,068    0.84    0.136   0.017    0.1x   0.009   0.478  0.268  0.220  0.000  0.251   0.303
[2026-07-25 03:46:08.659] 16   被3000名网友操控的青海之行，第一顿就吓哭了...      212,371 盗月社食遇记     8,413,366    0.69    0.144   0.019    0.0x   0.010   0.379  0.286  0.262  0.000  0.305   0.287
[2026-07-25 03:46:08.660] 17   接着奏乐接着舞！Papi酱《生气了》KPOP版          79,023 吉事堡           9,084    0.57    0.134   0.015    8.7x   0.022   0.308  0.263  0.196  0.071  0.647   0.285
[2026-07-25 03:46:08.662] 18   大学10大谣言                         492,865 子阳老学长        31,850    0.36    0.161   0.040   15.5x   0.002   0.171  0.330  0.595  0.127  0.064   0.280
[2026-07-25 03:46:08.664] 19   大狗嚼  这一口会很疯狂！                 9,796,711 颖杏遗传being   128,918    0.41    0.104   0.025   76.0x   0.005   0.203  0.189  0.354  0.626  0.131   0.265
[2026-07-25 03:46:08.667] 20   这是张震岳最被低估的一张专辑丨HOPICO十分专辑       144,208 HOPICO     2,607,861    0.59    0.125   0.025    0.1x   0.005   0.321  0.239  0.353  0.000  0.151   0.258
[2026-07-25 03:46:08.668] 21   【陶笛】The other side of para    1,980,727 音乐之声生不息      26,213    0.20    0.207   0.018   75.6x   0.002   0.071  0.441  0.246  0.623  0.047   0.251
[2026-07-25 03:46:08.669] 22   2026年的外设还是太抽象了                  101,769 六分超超        901,102    0.40    0.197   0.024    0.1x   0.001   0.196  0.417  0.341  0.001  0.028   0.244
[2026-07-25 03:46:08.669] 23   【第48版】如果“豆包”死掉你会怎样-【AI全民制作    1,104,026 牛斗niudous   105,755    0.54    0.117   0.022   10.4x   0.004   0.285  0.220  0.306  0.086  0.108   0.235
[2026-07-25 03:46:08.670] 24   西班牙赢麻，FIFA赚麻，特朗普乐麻，世界杯谁是输家      164,529 小王Albert   5,308,416    0.53    0.124   0.023    0.0x   0.001   0.283  0.238  0.319  0.000  0.031   0.225
[2026-07-25 03:46:08.672] 25   德国最难建的车站在哪？【神奇组织52】           2,408,038 小约翰可汗      10,817,746    0.62    0.116   0.015    0.2x   0.002   0.338  0.218  0.194  0.002  0.063   0.218
[2026-07-25 03:46:08.673] 26   100天亏掉40%？理财大赛S2结果公布！         1,388,073 -LKs-      4,408,091    0.62    0.101   0.010    0.3x   0.011   0.334  0.181  0.104  0.002  0.329   0.216
[2026-07-25 03:46:08.673] 27   老己，借下你的干员                       472,888 糖幽685        10,303    0.35    0.108   0.020   45.9x   0.004   0.168  0.198  0.275  0.378  0.102   0.212
[2026-07-25 03:46:08.675] 28   ⚡一战成名⚡我把风扇立在了一支笔上             2,799,149 自律小爽子        34,835    0.12    0.169   0.013   80.4x   0.006   0.024  0.348  0.153  0.662  0.160   0.208
[2026-07-25 03:46:08.676] 29   连续21天十点睡六点起，我真的会变健康吗？         3,771,461 亿点点不一样     6,407,429    0.62    0.071   0.014    0.6x   0.008   0.339  0.107  0.173  0.005  0.245   0.205
[2026-07-25 03:46:08.676] 30   穿越回100年前，看看苏联建筑到底有多超前！？       1,285,998 -欣小萌-      5,856,127    0.39    0.127   0.023    0.2x   0.004   0.190  0.246  0.315  0.002  0.103   0.202
[2026-07-25 03:46:08.678] 31   我婚礼上要放这个                      5,008,237 Vinheteir  3,293,560    0.29    0.138   0.019    1.5x   0.009   0.130  0.271  0.262  0.012  0.267   0.194
[2026-07-25 03:46:08.679] 32   12个电饭锅的正确打开方式～                  420,271 胡仔一人食      2,726,480    0.44    0.088   0.025    0.2x   0.002   0.224  0.150  0.349  0.001  0.068   0.193
[2026-07-25 03:46:08.680] 33   跟着中国第一个旅游博主徐霞客的足迹去旅行，看看400    3,720,125 Linksphot  4,707,710    0.56    0.087   0.013    0.8x   0.005   0.297  0.147  0.160  0.006  0.158   0.189
[2026-07-25 03:46:08.682] 34   嘎子哥抽象电影诠释何为硬汉の顶点！心脏被打爆都不死？      288,336 文西与阿漆      4,174,190    0.38    0.160   0.012    0.1x   0.002   0.188  0.325  0.151  0.000  0.057   0.183
[2026-07-25 03:46:08.684] 35   大家猜猜我是谁                       1,485,930 田一名sir     2,483,276    0.11    0.105   0.008    0.6x   0.034   0.018  0.192  0.073  0.005  1.000   0.169
[2026-07-25 03:46:08.686] 36   请问哪一处会扣分？                     1,553,704 阿汤哥1989      55,228    0.18    0.123   0.014   28.1x   0.009   0.063  0.234  0.167  0.232  0.271   0.164
[2026-07-25 03:46:08.687] 37   和养蜈蚣的苗族coser同居是什么样的体验？          154,773 林带鱼w        859,408    0.22    0.148   0.018    0.2x   0.000   0.084  0.298  0.241  0.001  0.008   0.153
[2026-07-25 03:46:08.687] 38   陈翔六点半：有人在这里被爱过，有人在这里学会了爱        268,637 陈翔六点半      3,656,925    0.38    0.113   0.010    0.1x   0.003   0.188  0.211  0.118  0.000  0.086   0.151
[2026-07-25 03:46:08.688] 39   乌克兰大变天了                       1,146,426 燕三嘤嘤嘤      4,416,230    0.39    0.108   0.012    0.3x   0.001   0.191  0.199  0.144  0.002  0.025   0.148
[2026-07-25 03:46:08.689] 40   人浪的传播速度是多少？                   2,346,624 无关茉莉星        28,506    0.36    0.031   0.006   82.3x   0.001   0.171  0.008  0.042  0.678  0.013   0.140
[2026-07-25 03:46:08.689] 41   玩剑魔打蒙多能忍住不笑的，你是这个             1,044,761 三桥qzg       777,647    0.39    0.123   0.004    1.3x   0.003   0.190  0.236  0.007  0.011  0.084   0.136
[2026-07-25 03:46:08.690] 42   好 坤 不 挑 曲⚡                    3,013,345 浪迹天涯的小光     156,979    0.28    0.082   0.009   19.2x   0.005   0.121  0.135  0.099  0.158  0.154   0.127
[2026-07-25 03:46:08.690] 43   美国看世界杯总决赛，解锁人生新体验！            1,014,079 蓝战非OvO     1,860,493    0.22    0.113   0.009    0.5x   0.005   0.085  0.209  0.089  0.004  0.138   0.114
[2026-07-25 03:46:08.692] 44   监考小风波                           465,562 脱缰凯Kk      6,348,443    0.15    0.138   0.012    0.1x   0.001   0.042  0.272  0.136  0.000  0.025   0.113
[2026-07-25 03:46:08.692] 45   回 归 鸡 本 功⚡                    2,188,241 浪迹天涯的小光     156,979    0.30    0.063   0.007   13.9x   0.005   0.133  0.088  0.068  0.115  0.150   0.109
[2026-07-25 03:46:08.694] 46   旭旭宝宝争议事件：掉粉近80万，他错在哪一步？         276,449 唯一讲述者      1,929,397    0.30    0.083   0.009    0.1x   0.002   0.134  0.136  0.101  0.001  0.065   0.108
[2026-07-25 03:46:08.694] 47   从24℃到46℃，零跑A10被高温打回原形吗？         358,845 所长Wy       1,845,980    0.50    0.043   0.005    0.2x   0.000   0.261  0.039  0.032  0.001  0.000   0.108
[2026-07-25 03:46:08.695] 48   晚上在店里加班处理金枪鱼，顺便切点边角料偷偷做个晚餐      382,925 张森的下班料理    1,692,447    0.14    0.128   0.009    0.2x   0.004   0.038  0.247  0.092  0.002  0.113   0.105
[2026-07-25 03:46:08.696] 49   专访菲尔兹奖获得者邓煜：收到获奖邮件时，正在看小说       637,929 环球人物新媒体      29,733    0.29    0.041   0.007   21.5x   0.006   0.129  0.033  0.057  0.177  0.180   0.100
[2026-07-25 03:46:08.697] 50   连唱了十首最吊奥特曼主题曲！！每首都夯爆了           628,974 野生小叔        422,485    0.28    0.064   0.012    1.5x   0.001   0.124  0.091  0.138  0.012  0.022   0.097
[2026-07-25 03:46:08.699] 51   成吉思鸡200卢比买一送一，我只要送的那份         3,281,353 印度老吃家       599,329    0.19    0.084   0.011    5.5x   0.002   0.065  0.140  0.128  0.045  0.053   0.093
[2026-07-25 03:46:08.699] 52   【蓝牙耳机推荐2026】 7月大合集！含音质和降噪测    3,567,715 知音剑客        159,466    0.26    0.057   0.007   22.4x   0.001   0.110  0.073  0.068  0.184  0.028   0.092
[2026-07-25 03:46:08.700] 53   今天花2万包5000斤的鱼塘，塘主的举动让人暖心      2,614,367 李维刚的日常     4,196,040    0.23    0.114   0.003    0.6x   0.001   0.092  0.213  0.005  0.005  0.038   0.091
[2026-07-25 03:46:08.701] 54   见蛇不打三分罪？让我们来看看舟山眼镜蛇怎么说          930,630 ZGL蛇语者      646,424    0.17    0.092   0.010    1.4x   0.002   0.054  0.158  0.105  0.012  0.065   0.087
[2026-07-25 03:46:08.701] 55   年度大活！！峰哥cos沙僧，良子cos猪八戒！！！     1,639,489 卡秃噜皮君       329,226    0.12    0.072   0.006    5.0x   0.011   0.023  0.110  0.053  0.041  0.317   0.082
[2026-07-25 03:46:08.703] 56   指鸡为牛、移花接木：营销号看图说话有多离谱？        3,837,816 中国食品报融媒体   4,467,285    0.24    0.058   0.010    0.9x   0.001   0.099  0.075  0.106  0.007  0.018   0.077
[2026-07-25 03:46:08.706] 57   陪莉莉一起吃饭吧～                     1,277,140 小奶酪酪子       498,147    0.09    0.103   0.006    2.6x   0.002   0.003  0.185  0.052  0.021  0.046   0.064
[2026-07-25 03:46:08.707] 58   刚买的李子丢进水里，直接长出了一层透明壳？？        2,459,933 毕的二阶导      2,401,750    0.23    0.052   0.007    1.0x   0.001   0.090  0.061  0.059  0.008  0.014   0.061
[2026-07-25 03:46:08.708] 59   老同学婚礼让我穿最贵的来？                 1,766,178 三个大比兜啊      112,755    0.08    0.078   0.005   15.7x   0.001   0.000  0.123  0.030  0.129  0.017   0.051
[2026-07-25 03:46:08.709] 60   成吉思鸡套餐！鸡佬的成吉思鸡套餐，吃了有力气          961,643 干饭三健客      2,286,445    0.12    0.070   0.005    0.4x   0.002   0.025  0.106  0.025  0.003  0.061   0.047
[2026-07-25 03:46:08.709] 61   上课打游戏 期末考段位？电竞专业真有这么爽吗？         811,514 落九川        2,735,935    0.22    0.027   0.003    0.3x   0.002   0.084  0.000  0.000  0.002  0.044   0.034
[2026-07-25 03:46:08.711] 62   当你穿进老钱班30                     3,287,653 侯绿萝        2,503,136    0.09    0.068   0.004    1.3x   0.001   0.005  0.100  0.016  0.011  0.018   0.033
[2026-07-25 03:46:08.712] ----------------------------------------------------------------------------------------------------------------------------------------------------------------------------------------------
[2026-07-25 03:46:08.713] 
提示: 价值分 = 深度互动比(35%) + 互动密度(25%) + 收藏率(20%) + 粉丝转化(10%) + 分享率(10%)
[2026-07-25 03:46:08.714]       深度互动比 = (投币+收藏)/点赞，>1.0 表示用户愿意付出成本的认可超过浅层点赞
[2026-07-25 03:46:08.714]       与动量分析互补：动量看'速度'，价值看'质量'
[2026-07-25 03:46:08.718] 
================================================================================
[2026-07-25 03:46:08.718]   标签权重 Top 10 (关键词: 全站热门)
[2026-07-25 03:46:08.719] ================================================================================
[2026-07-25 03:46:08.720] 总视频数: 62 | 不同标签数: 361
[2026-07-25 03:46:08.721] 算法: 标签权重 = 出现视频数 × 平均价值分
[2026-07-25 03:46:08.721] --------------------------------------------------------------------------------
[2026-07-25 03:46:08.721] 排名   标签                       出现次数      覆盖率      平均价值分       标签权重
[2026-07-25 03:46:08.722] --------------------------------------------------------------------------------
[2026-07-25 03:46:08.723] 1    搞笑                          7    11.3%      0.413      2.889
[2026-07-25 03:46:08.724] 2    游戏                          3     4.8%      0.459      1.376
[2026-07-25 03:46:08.724] 3    生活                          4     6.5%      0.297      1.188
[2026-07-25 03:46:08.725] 4    科普                          6     9.7%      0.193      1.156
[2026-07-25 03:46:08.726] 5    原创                          4     6.5%      0.272      1.087
[2026-07-25 03:46:08.727] 6    挑战                          2     3.2%      0.503      1.007
[2026-07-25 03:46:08.728] 7    4K                          3     4.8%      0.300      0.899
[2026-07-25 03:46:08.728] 8    生活记录                        5     8.1%      0.179      0.894
[2026-07-25 03:46:08.729] 9    沙盒游戏                        2     3.2%      0.444      0.888
[2026-07-25 03:46:08.730] 10   我的世界                        2     3.2%      0.396      0.792
[2026-07-25 03:46:08.731] --------------------------------------------------------------------------------
[2026-07-25 03:46:08.733] 说明: 标签权重越高 = 该标签在高质量视频中出现越频繁，越值得重点关注
[2026-07-25 03:46:08.741] 
[导出] 标签分析已保存到 output\全站热门\tags_20260725_034608.txt
[2026-07-25 03:46:08.746] 
[导出] 价值分析结果已保存到 output\全站热门\value_20260725_034608.csv
