[2026-07-25 03:12:00.790] 日志文件: logs\spider_20260725_031200.log
[2026-07-25 03:12:00.791] ============================================================
[2026-07-25 03:12:00.792]   B站视频爬虫 (增强版)
[2026-07-25 03:12:00.793] ============================================================
[2026-07-25 03:12:00.793] 关键词: 青岛
[2026-07-25 03:12:00.793] 页数: 8
[2026-07-25 03:12:00.794] 排序: click
[2026-07-25 03:12:00.795] 线程数: 3
[2026-07-25 03:12:00.795] 延迟: 1.0s
[2026-07-25 03:12:00.796] 
[2026-07-25 03:12:00.834] [任务] 任务ID: 49
[2026-07-25 03:12:00.835] [搜索] 第 1/8 页...
[2026-07-25 03:12:01.438]   找到 20 个，新增 20 个
[2026-07-25 03:12:03.280] [搜索] 第 2/8 页...
[2026-07-25 03:12:03.965]   找到 20 个，新增 20 个
[2026-07-25 03:12:04.989] [搜索] 第 3/8 页...
[2026-07-25 03:12:05.618]   找到 20 个，新增 20 个
[2026-07-25 03:12:07.063] [搜索] 第 4/8 页...
[2026-07-25 03:12:07.580]   找到 20 个，新增 20 个
[2026-07-25 03:12:08.978] [搜索] 第 5/8 页...
[2026-07-25 03:12:09.553]   找到 20 个，新增 20 个
[2026-07-25 03:12:11.198] [搜索] 第 6/8 页...
[2026-07-25 03:12:11.730]   找到 20 个，新增 20 个
[2026-07-25 03:12:13.712] [搜索] 第 7/8 页...
[2026-07-25 03:12:14.220]   找到 20 个，新增 20 个
[2026-07-25 03:12:15.945] [搜索] 第 8/8 页...
[2026-07-25 03:12:16.433]   找到 20 个，新增 20 个
[2026-07-25 03:12:17.968] 
[搜索完成] 共 160 个视频，今日已爬 0 个，新增 160 个
[2026-07-25 03:12:17.969] [搜索统计] 搜索失败页数: 0
[2026-07-25 03:12:17.970] 
[详情获取] 使用 3 个线程获取视频详情...
[2026-07-25 03:12:19.942]   [评论限流] av83481718 等待 3 秒后重试 (1/3)...
[2026-07-25 03:12:20.150]   [评论限流] av452294527 等待 3 秒后重试 (1/3)...
[2026-07-25 03:12:20.221]   [评论限流] av113089710196623 等待 3 秒后重试 (1/3)...
[2026-07-25 03:12:23.291]   [评论限流] av83481718 等待 6 秒后重试 (2/3)...
[2026-07-25 03:12:23.472]   [评论限流] av452294527 等待 6 秒后重试 (2/3)...
[2026-07-25 03:12:23.582]   [评论限流] av113089710196623 等待 6 秒后重试 (2/3)...
[2026-07-25 03:12:29.779]   [1/160] av83481718 ✓
[2026-07-25 03:12:29.817]   [2/160] av452294527 ✓
[2026-07-25 03:12:29.884]   [3/160] av113089710196623 ✓
[2026-07-25 03:12:31.626]   [4/160] av860765273 ✓
[2026-07-25 03:12:31.685]   [评论限流] av116142106476647 等待 3 秒后重试 (1/3)...
[2026-07-25 03:12:31.895]   [评论限流] av272950393 等待 3 秒后重试 (1/3)...
[2026-07-25 03:12:33.484]   [评论限流] av58502774 等待 3 秒后重试 (1/3)...
[2026-07-25 03:12:35.032]   [评论限流] av116142106476647 等待 6 秒后重试 (2/3)...
[2026-07-25 03:12:35.259]   [评论限流] av272950393 等待 6 秒后重试 (2/3)...
[2026-07-25 03:12:36.742]   [评论限流] av58502774 等待 6 秒后重试 (2/3)...
[2026-07-25 03:12:41.384]   [5/160] av116142106476647 ✓
[2026-07-25 03:12:41.682]   [6/160] av272950393 ✓
[2026-07-25 03:12:43.199]   [7/160] av58502774 ✓
[2026-07-25 03:12:43.433]   [评论限流] av318179320 等待 3 秒后重试 (1/3)...
[2026-07-25 03:12:43.770]   [评论限流] av729785061 等待 3 秒后重试 (1/3)...
[2026-07-25 03:12:44.823]   [评论限流] av82837069 等待 3 秒后重试 (1/3)...
[2026-07-25 03:12:46.734]   [评论限流] av318179320 等待 6 秒后重试 (2/3)...
[2026-07-25 03:12:47.037]   [评论限流] av729785061 等待 6 秒后重试 (2/3)...
[2026-07-25 03:12:48.142]   [评论限流] av82837069 等待 6 秒后重试 (2/3)...
[2026-07-25 03:12:53.247]   [8/160] av318179320 ✓
[2026-07-25 03:12:53.353]   [9/160] av729785061 ✓
[2026-07-25 03:12:54.512]   [10/160] av82837069 ✓
[2026-07-25 03:12:54.762]   [评论限流] av789220164 等待 3 秒后重试 (1/3)...
[2026-07-25 03:12:55.080]   [评论限流] av31645824 等待 3 秒后重试 (1/3)...
[2026-07-25 03:12:56.575]   [评论限流] av270297566 等待 3 秒后重试 (1/3)...
[2026-07-25 03:12:58.148]   [评论限流] av789220164 等待 6 秒后重试 (2/3)...
[2026-07-25 03:12:58.491]   [评论限流] av31645824 等待 6 秒后重试 (2/3)...
[2026-07-25 03:12:59.888]   [评论限流] av270297566 等待 6 秒后重试 (2/3)...
[2026-07-25 03:13:04.665]   [11/160] av789220164 ✓
[2026-07-25 03:13:04.787]   [12/160] av31645824 ✓
[2026-07-25 03:13:06.195]   [评论限流] av567971887 等待 3 秒后重试 (1/3)...
[2026-07-25 03:13:06.294]   [13/160] av270297566 ✓
[2026-07-25 03:13:06.547]   [评论限流] av78306487 等待 3 秒后重试 (1/3)...
[2026-07-25 03:13:08.170]   [评论限流] av1251114471 等待 3 秒后重试 (1/3)...
[2026-07-25 03:13:09.622]   [评论限流] av567971887 等待 6 秒后重试 (2/3)...
[2026-07-25 03:13:09.890]   [评论限流] av78306487 等待 6 秒后重试 (2/3)...
[2026-07-25 03:13:11.504]   [评论限流] av1251114471 等待 6 秒后重试 (2/3)...
[2026-07-25 03:13:15.966]   [14/160] av567971887 ✓
[2026-07-25 03:13:16.294]   [15/160] av78306487 ✓
[2026-07-25 03:13:17.900]   [16/160] av1251114471 ✓
[2026-07-25 03:13:18.140]   [评论限流] av992584809 等待 3 秒后重试 (1/3)...
[2026-07-25 03:13:18.352]   [评论限流] av572480058 等待 3 秒后重试 (1/3)...
[2026-07-25 03:13:19.865]   [评论限流] av113881880007773 等待 3 秒后重试 (1/3)...
[2026-07-25 03:13:21.472]   [评论限流] av992584809 等待 6 秒后重试 (2/3)...
[2026-07-25 03:13:21.712]   [评论限流] av572480058 等待 6 秒后重试 (2/3)...
[2026-07-25 03:13:23.204]   [评论限流] av113881880007773 等待 6 秒后重试 (2/3)...
[2026-07-25 03:13:27.788]   [17/160] av992584809 ✓
[2026-07-25 03:13:28.032]   [18/160] av572480058 ✓
[2026-07-25 03:13:29.669]   [19/160] av113881880007773 ✓
[2026-07-25 03:13:29.802]   [评论限流] av395536849 等待 3 秒后重试 (1/3)...
[2026-07-25 03:13:30.042]   [评论限流] av716462746 等待 3 秒后重试 (1/3)...
[2026-07-25 03:13:31.632]   [评论限流] av273451657 等待 3 秒后重试 (1/3)...
[2026-07-25 03:13:33.243]   [评论限流] av395536849 等待 6 秒后重试 (2/3)...
[2026-07-25 03:13:33.345]   [评论限流] av716462746 等待 6 秒后重试 (2/3)...
[2026-07-25 03:13:34.990]   [评论限流] av273451657 等待 6 秒后重试 (2/3)...
[2026-07-25 03:13:39.613]   [20/160] av395536849 ✓
[2026-07-25 03:13:39.651]   [21/160] av716462746 ✓
[2026-07-25 03:13:41.317]   [22/160] av273451657 ✓
[2026-07-25 03:13:41.401]   [评论限流] av1903932119 等待 3 秒后重试 (1/3)...
[2026-07-25 03:13:41.631]   [评论限流] av1803244550 等待 3 秒后重试 (1/3)...
[2026-07-25 03:13:43.432]   [评论限流] av116181533003906 等待 3 秒后重试 (1/3)...
[2026-07-25 03:13:44.690]   [评论限流] av1903932119 等待 6 秒后重试 (2/3)...
[2026-07-25 03:13:44.932]   [评论限流] av1803244550 等待 6 秒后重试 (2/3)...
[2026-07-25 03:13:46.764]   [评论限流] av116181533003906 等待 6 秒后重试 (2/3)...
[2026-07-25 03:13:51.076]   [23/160] av1903932119 ✓
[2026-07-25 03:13:51.299]   [24/160] av1803244550 ✓
[2026-07-25 03:13:52.968]   [评论限流] av976104710 等待 3 秒后重试 (1/3)...
[2026-07-25 03:13:53.155]   [评论限流] av115009795459927 等待 3 秒后重试 (1/3)...
[2026-07-25 03:13:53.155]   [25/160] av116181533003906 ✓
[2026-07-25 03:13:54.953]   [评论限流] av1003027710 等待 3 秒后重试 (1/3)...
[2026-07-25 03:13:56.322]   [评论限流] av976104710 等待 6 秒后重试 (2/3)...
[2026-07-25 03:13:56.547]   [评论限流] av115009795459927 等待 6 秒后重试 (2/3)...
[2026-07-25 03:13:58.343]   [评论限流] av1003027710 等待 6 秒后重试 (2/3)...
[2026-07-25 03:14:02.688]   [26/160] av976104710 ✓
[2026-07-25 03:14:02.837]   [27/160] av115009795459927 ✓
[2026-07-25 03:14:04.742]   [28/160] av1003027710 ✓
[2026-07-25 03:14:05.044]   [评论限流] av115064136795684 等待 3 秒后重试 (1/3)...
[2026-07-25 03:14:05.131]   [评论限流] av116714880699166 等待 3 秒后重试 (1/3)...
[2026-07-25 03:14:06.611]   [评论限流] av116748904897457 等待 3 秒后重试 (1/3)...
[2026-07-25 03:14:08.372]   [评论限流] av115064136795684 等待 6 秒后重试 (2/3)...
[2026-07-25 03:14:08.493]   [评论限流] av116714880699166 等待 6 秒后重试 (2/3)...
[2026-07-25 03:14:09.945]   [评论限流] av116748904897457 等待 6 秒后重试 (2/3)...
[2026-07-25 03:14:14.792]   [29/160] av115064136795684 ✓
[2026-07-25 03:14:14.859]   [30/160] av116714880699166 ✓
[2026-07-25 03:14:16.410]   [31/160] av116748904897457 ✓
[2026-07-25 03:14:16.852]   [评论限流] av115140238252260 等待 3 秒后重试 (1/3)...
[2026-07-25 03:14:16.903]   [评论限流] av31984095 等待 3 秒后重试 (1/3)...
[2026-07-25 03:14:18.502]   [评论限流] av521488849 等待 3 秒后重试 (1/3)...
[2026-07-25 03:14:20.133]   [评论限流] av115140238252260 等待 6 秒后重试 (2/3)...
[2026-07-25 03:14:20.263]   [评论限流] av31984095 等待 6 秒后重试 (2/3)...
[2026-07-25 03:14:21.833]   [评论限流] av521488849 等待 6 秒后重试 (2/3)...
[2026-07-25 03:14:26.583]   [32/160] av115140238252260 ✓
[2026-07-25 03:14:26.612]   [33/160] av31984095 ✓
[2026-07-25 03:14:28.222]   [评论限流] av113603529152011 等待 3 秒后重试 (1/3)...
[2026-07-25 03:14:28.256]   [34/160] av521488849 ✓
[2026-07-25 03:14:28.462]   [评论限流] av113417989915829 等待 3 秒后重试 (1/3)...
[2026-07-25 03:14:30.423]   [评论限流] av869938889 等待 3 秒后重试 (1/3)...
[2026-07-25 03:14:31.704]   [评论限流] av113603529152011 等待 6 秒后重试 (2/3)...
[2026-07-25 03:14:31.884]   [评论限流] av113417989915829 等待 6 秒后重试 (2/3)...
[2026-07-25 03:14:33.750]   [评论限流] av869938889 等待 6 秒后重试 (2/3)...
[2026-07-25 03:14:38.303]   [35/160] av113603529152011 ✓
[2026-07-25 03:14:38.361]   [36/160] av113417989915829 ✓
[2026-07-25 03:14:40.374]   [37/160] av869938889 ✓
[2026-07-25 03:14:40.423]   [评论限流] av761478973 等待 3 秒后重试 (1/3)...
[2026-07-25 03:14:40.453]   [评论限流] av287454992 等待 3 秒后重试 (1/3)...
[2026-07-25 03:14:42.723]   [评论限流] av1855716104 等待 3 秒后重试 (1/3)...
[2026-07-25 03:14:43.814]   [评论限流] av761478973 等待 6 秒后重试 (2/3)...
[2026-07-25 03:14:43.838]   [评论限流] av287454992 等待 6 秒后重试 (2/3)...
[2026-07-25 03:14:46.144]   [评论限流] av1855716104 等待 6 秒后重试 (2/3)...
[2026-07-25 03:14:50.141]   [38/160] av761478973 ✓
[2026-07-25 03:14:50.170]   [39/160] av287454992 ✓
[2026-07-25 03:14:51.726]   [评论限流] av1655901743 等待 3 秒后重试 (1/3)...
[2026-07-25 03:14:51.801]   [评论限流] av737801942 等待 3 秒后重试 (1/3)...
[2026-07-25 03:14:52.379]   [40/160] av1855716104 ✓
[2026-07-25 03:14:54.083]   [评论限流] av116645188076594 等待 3 秒后重试 (1/3)...
[2026-07-25 03:14:55.106]   [评论限流] av1655901743 等待 6 秒后重试 (2/3)...
[2026-07-25 03:14:55.202]   [评论限流] av737801942 等待 6 秒后重试 (2/3)...
[2026-07-25 03:14:57.372]   [评论限流] av116645188076594 等待 6 秒后重试 (2/3)...
[2026-07-25 03:15:01.640]   [41/160] av737801942 ✓
[2026-07-25 03:15:01.886]   [42/160] av1655901743 ✓
[2026-07-25 03:15:03.667]   [评论限流] av116633058152383 等待 3 秒后重试 (1/3)...
[2026-07-25 03:15:03.731]   [43/160] av116645188076594 ✓
[2026-07-25 03:15:04.064]   [评论限流] av1156176434 等待 3 秒后重试 (1/3)...
[2026-07-25 03:15:05.848]   [44/160] av1151851283 ✓
[2026-07-25 03:15:07.239]   [45/160] av116633058152383 ✓
[2026-07-25 03:15:07.407]   [评论限流] av281632447 等待 3 秒后重试 (1/3)...
[2026-07-25 03:15:07.443]   [评论限流] av1156176434 等待 6 秒后重试 (2/3)...
[2026-07-25 03:15:08.758]   [评论限流] av115234794636593 等待 3 秒后重试 (1/3)...
[2026-07-25 03:15:10.655]   [评论限流] av281632447 等待 6 秒后重试 (2/3)...
[2026-07-25 03:15:12.100]   [46/160] av115234794636593 ✓
[2026-07-25 03:15:13.470]   [评论限流] av761290505 等待 3 秒后重试 (1/3)...
[2026-07-25 03:15:13.724]   [47/160] av1156176434 ✓
[2026-07-25 03:15:15.132]   [48/160] av113395139352391 ✓
[2026-07-25 03:15:16.914]   [49/160] av761290505 ✓
[2026-07-25 03:15:16.976]   [50/160] av377669612 ✓
[2026-07-25 03:15:17.124]   [51/160] av281632447 ✓
[2026-07-25 03:15:18.550]   [评论限流] av115107220688622 等待 3 秒后重试 (1/3)...
[2026-07-25 03:15:18.626]   [52/160] av115202397896807 ✓
[2026-07-25 03:15:18.695]   [53/160] av113892952970337 ✓
[2026-07-25 03:15:20.538]   [54/160] av535905552 ✓
[2026-07-25 03:15:20.942]   [55/160] av759192757 ✓
[2026-07-25 03:15:21.990]   [56/160] av115107220688622 ✓
[2026-07-25 03:15:22.470]   [57/160] av113296019560996 ✓
[2026-07-25 03:15:22.772]   [评论限流] av113000270793222 等待 3 秒后重试 (1/3)...
[2026-07-25 03:15:23.742]   [58/160] av64135570 ✓
[2026-07-25 03:15:24.181]   [59/160] av691948832 ✓
[2026-07-25 03:15:25.157]   [评论限流] av829338439 等待 3 秒后重试 (1/3)...
[2026-07-25 03:15:25.772]   [评论限流] av286045059 等待 3 秒后重试 (1/3)...
[2026-07-25 03:15:26.190]   [60/160] av113000270793222 ✓
[2026-07-25 03:15:27.680]   [评论限流] av113123918878281 等待 3 秒后重试 (1/3)...
[2026-07-25 03:15:28.710]   [61/160] av829338439 ✓
[2026-07-25 03:15:29.206]   [62/160] av286045059 ✓
[2026-07-25 03:15:30.570]   [63/160] av838920979 ✓
[2026-07-25 03:15:30.808]   [64/160] av386313870 ✓
[2026-07-25 03:15:31.409]   [65/160] av113123918878281 ✓
[2026-07-25 03:15:32.322]   [66/160] av275446005 ✓
[2026-07-25 03:15:32.377]   [67/160] av12835718 ✓
[2026-07-25 03:15:32.965]   [68/160] av116423661723094 ✓
[2026-07-25 03:15:33.995]   [69/160] av699907811 ✓
[2026-07-25 03:15:34.072]   [70/160] av993495850 ✓
[2026-07-25 03:15:35.005]   [71/160] av115523530528799 ✓
[2026-07-25 03:15:35.885]   [72/160] av113712396505114 ✓
[2026-07-25 03:15:35.935]   [73/160] av326293503 ✓
[2026-07-25 03:15:36.432]   [74/160] av410607124 ✓
[2026-07-25 03:15:37.390]   [评论限流] av448438373 等待 3 秒后重试 (1/3)...
[2026-07-25 03:15:37.862]   [评论限流] av71773906 等待 3 秒后重试 (1/3)...
[2026-07-25 03:15:38.287]   [75/160] av115105794623018 ✓
[2026-07-25 03:15:40.160]   [评论限流] av113660672414411 等待 3 秒后重试 (1/3)...
[2026-07-25 03:15:40.917]   [76/160] av448438373 ✓
[2026-07-25 03:15:41.332]   [77/160] av71773906 ✓
[2026-07-25 03:15:42.982]   [78/160] av1706285631 ✓
[2026-07-25 03:15:43.363]   [79/160] av1304945876 ✓
[2026-07-25 03:15:43.552]   [80/160] av113660672414411 ✓
[2026-07-25 03:15:44.401]   [评论限流] av324011504 等待 3 秒后重试 (1/3)...
[2026-07-25 03:15:45.252]   [评论限流] av116583565431841 等待 3 秒后重试 (1/3)...
[2026-07-25 03:15:45.467]   [81/160] av116243088540020 ✓
[2026-07-25 03:15:47.400]   [82/160] av969130354 ✓
[2026-07-25 03:15:47.814]   [83/160] av324011504 ✓
[2026-07-25 03:15:48.746]   [84/160] av115829429572734 ✓
[2026-07-25 03:15:48.753]   [85/160] av116583565431841 ✓
[2026-07-25 03:15:49.561]   [86/160] av424736265 ✓
[2026-07-25 03:15:50.577]   [87/160] av114556642923231 ✓
[2026-07-25 03:15:50.672]   [88/160] av114057218623576 ✓
[2026-07-25 03:15:51.327]   [89/160] av1106485976 ✓
[2026-07-25 03:15:52.314]   [评论限流] av116262935989252 等待 3 秒后重试 (1/3)...
[2026-07-25 03:15:52.333]   [90/160] av1003968091 ✓
[2026-07-25 03:15:53.096]   [91/160] av719681462 ✓
[2026-07-25 03:15:53.989]   [92/160] av115173759127146 ✓
[2026-07-25 03:15:55.077]   [93/160] av76184409 ✓
[2026-07-25 03:15:55.775]   [94/160] av71161206 ✓
[2026-07-25 03:15:55.783]   [95/160] av116262935989252 ✓
[2026-07-25 03:15:56.703]   [96/160] av58521983 ✓
[2026-07-25 03:15:57.732]   [97/160] av782152487 ✓
[2026-07-25 03:15:57.746]   [98/160] av632130894 ✓
[2026-07-25 03:15:58.232]   [99/160] av1303441631 ✓
[2026-07-25 03:15:59.461]   [100/160] av113801231864271 ✓
[2026-07-25 03:15:59.648]   [101/160] av503923808 ✓
[2026-07-25 03:15:59.724]   [102/160] av113169016036961 ✓
[2026-07-25 03:16:01.367]   [评论限流] av115020264378897 等待 3 秒后重试 (1/3)...
[2026-07-25 03:16:01.763]   [103/160] av114726747047314 ✓
[2026-07-25 03:16:01.915]   [104/160] av112614109679429 ✓
[2026-07-25 03:16:03.568]   [105/160] av460824958 ✓
[2026-07-25 03:16:03.764]   [106/160] av839343171 ✓
[2026-07-25 03:16:04.674]   [评论限流] av115020264378897 等待 6 秒后重试 (2/3)...
[2026-07-25 03:16:05.453]   [评论限流] av8011828 等待 3 秒后重试 (1/3)...
[2026-07-25 03:16:05.532]   [评论限流] av1502824933 等待 3 秒后重试 (1/3)...
[2026-07-25 03:16:08.913]   [107/160] av8011828 ✓
[2026-07-25 03:16:08.974]   [108/160] av1502824933 ✓
[2026-07-25 03:16:10.690]   [109/160] av304383595 ✓
[2026-07-25 03:16:10.934]   [110/160] av1606528175 ✓
[2026-07-25 03:16:11.167]   [111/160] av115020264378897 ✓
[2026-07-25 03:16:12.830]   [评论限流] av645618997 等待 3 秒后重试 (1/3)...
[2026-07-25 03:16:12.855]   [评论限流] av62496264 等待 3 秒后重试 (1/3)...
[2026-07-25 03:16:13.173]   [112/160] av58173971 ✓
[2026-07-25 03:16:14.973]   [113/160] av366511996 ✓
[2026-07-25 03:16:16.115]   [评论限流] av645618997 等待 6 秒后重试 (2/3)...
[2026-07-25 03:16:16.366]   [114/160] av62496264 ✓
[2026-07-25 03:16:16.556]   [评论限流] av116572358251699 等待 3 秒后重试 (1/3)...
[2026-07-25 03:16:18.252]   [115/160] av360551040 ✓
[2026-07-25 03:16:19.983]   [116/160] av116572358251699 ✓
[2026-07-25 03:16:20.226]   [117/160] av114807294400231 ✓
[2026-07-25 03:16:21.921]   [118/160] av364306665 ✓
[2026-07-25 03:16:21.980]   [119/160] av115241337752763 ✓
[2026-07-25 03:16:22.750]   [120/160] av645618997 ✓
[2026-07-25 03:16:24.002]   [121/160] av115026908154775 ✓
[2026-07-25 03:16:24.055]   [122/160] av231245259 ✓
[2026-07-25 03:16:24.728]   [123/160] av1153602770 ✓
[2026-07-25 03:16:25.443]   [评论限流] av761822325 等待 3 秒后重试 (1/3)...
[2026-07-25 03:16:25.838]   [124/160] av642748524 ✓
[2026-07-25 03:16:26.634]   [125/160] av114715237814029 ✓
[2026-07-25 03:16:27.464]   [126/160] av404958169 ✓
[2026-07-25 03:16:28.264]   [127/160] av806590789 ✓
[2026-07-25 03:16:28.807]   [128/160] av761822325 ✓
[2026-07-25 03:16:29.302]   [129/160] av743187364 ✓
[2026-07-25 03:16:29.934]   [130/160] av787850081 ✓
[2026-07-25 03:16:30.692]   [131/160] av1956149300 ✓
[2026-07-25 03:16:31.048]   [132/160] av113928185054007 ✓
[2026-07-25 03:16:31.751]   [133/160] av983990221 ✓
[2026-07-25 03:16:32.477]   [134/160] av115156847693067 ✓
[2026-07-25 03:16:32.704]   [135/160] av115501602834406 ✓
[2026-07-25 03:16:34.023]   [136/160] av1005834179 ✓
[2026-07-25 03:16:34.234]   [评论限流] av35841654 等待 3 秒后重试 (1/3)...
[2026-07-25 03:16:34.596]   [137/160] av31227953 ✓
[2026-07-25 03:16:35.557]   [138/160] av115258953894556 ✓
[2026-07-25 03:16:36.280]   [139/160] av1706059074 ✓
[2026-07-25 03:16:37.573]   [140/160] av474851265 ✓
[2026-07-25 03:16:37.768]   [141/160] av35841654 ✓
[2026-07-25 03:16:38.090]   [评论限流] av24976971 等待 3 秒后重试 (1/3)...
[2026-07-25 03:16:39.525]   [142/160] av575703555 ✓
[2026-07-25 03:16:39.532]   [143/160] av361159437 ✓
[2026-07-25 03:16:41.074]   [评论限流] av855210944 等待 3 秒后重试 (1/3)...
[2026-07-25 03:16:41.087]   [144/160] av114477521444032 ✓
[2026-07-25 03:16:41.553]   [145/160] av24976971 ✓
[2026-07-25 03:16:43.006]   [146/160] av113854482746950 ✓
[2026-07-25 03:16:43.443]   [评论限流] av115067542573072 等待 3 秒后重试 (1/3)...
[2026-07-25 03:16:44.476]   [147/160] av855210944 ✓
[2026-07-25 03:16:44.511]   [评论限流] av343342885 等待 3 秒后重试 (1/3)...
[2026-07-25 03:16:46.357]   [148/160] av1355876683 ✓
[2026-07-25 03:16:46.674]   [评论限流] av115067542573072 等待 6 秒后重试 (2/3)...
[2026-07-25 03:16:47.802]   [评论限流] av343342885 等待 6 秒后重试 (2/3)...
[2026-07-25 03:16:47.861]   [149/160] av114957618257624 ✓
[2026-07-25 03:16:49.458]   [150/160] av1753617033 ✓
[2026-07-25 03:16:51.564]   [151/160] av98721850 ✓
[2026-07-25 03:16:53.052]   [评论限流] av470042813 等待 3 秒后重试 (1/3)...
[2026-07-25 03:16:53.127]   [152/160] av115067542573072 ✓
[2026-07-25 03:16:54.246]   [153/160] av343342885 ✓
[2026-07-25 03:16:54.912]   [154/160] av632575574 ✓
[2026-07-25 03:16:56.475]   [155/160] av1403728993 ✓
[2026-07-25 03:16:56.520]   [156/160] av470042813 ✓
[2026-07-25 03:16:56.534]   [评论限流] av1053778983 等待 3 秒后重试 (1/3)...
[2026-07-25 03:16:58.181]   [评论限流] av115252545000574 等待 3 秒后重试 (1/3)...
[2026-07-25 03:16:58.332]   [157/160] av114284734449021 ✓
[2026-07-25 03:16:59.901]   [评论限流] av114421049334749 等待 3 秒后重试 (1/3)...
[2026-07-25 03:17:00.068]   [158/160] av1053778983 ✓
[2026-07-25 03:17:01.668]   [159/160] av115252545000574 ✓
[2026-07-25 03:17:03.155]   [评论限流] av114421049334749 等待 6 秒后重试 (2/3)...
[2026-07-25 03:17:09.679]   [160/160] av114421049334749 ✓
[2026-07-25 03:17:09.686] 
[完成] 成功: 160, 失败: 0
[2026-07-25 03:17:09.687] 
============================================================
[2026-07-25 03:17:09.688]   Top 10 热门视频
[2026-07-25 03:17:09.689] ============================================================
[2026-07-25 03:17:09.690] 
1. 青岛大学毕业典礼一首高音版《起风了》点燃全场，这才是青春该有的样子
[2026-07-25 03:17:09.691]    播放: 30,510,684 | 弹幕: 149,491 | 收藏: 575,443 | 评论: 17,843
[2026-07-25 03:17:09.692] 
2. 数据结构与算法基础（青岛大学-王卓）
[2026-07-25 03:17:09.692]    播放: 16,332,302 | 弹幕: 305,785 | 收藏: 432,547 | 评论: 12,930
[2026-07-25 03:17:09.692] 
3. 《极限挑战第一季》第8期：迷失青岛
[2026-07-25 03:17:09.693]    播放: 12,628,049 | 弹幕: 58,665 | 收藏: 4,200 | 评论: 1,505
[2026-07-25 03:17:09.694] 
4. 找老万给labubu打个黄金项圈和腰带
[2026-07-25 03:17:09.696]    播放: 7,545,081 | 弹幕: 429 | 收藏: 31,389 | 评论: 588
[2026-07-25 03:17:09.698] 
5. 青岛钓鱼佬的午餐
[2026-07-25 03:17:09.700]    播放: 6,436,660 | 弹幕: 1,111 | 收藏: 6,655 | 评论: 3,324
[2026-07-25 03:17:09.702] 
6. 99%的外国人都不喜欢中国菜？
[2026-07-25 03:17:09.705]    播放: 6,367,120 | 弹幕: 11,175 | 收藏: 53,147 | 评论: 3,512
[2026-07-25 03:17:09.706] 
7. 扭曲的身躯散发着耀眼的光！青岛报纸哥-孙大帅！
[2026-07-25 03:17:09.707]    播放: 6,298,045 | 弹幕: 10,326 | 收藏: 39,544 | 评论: 4,265
[2026-07-25 03:17:09.708] 
8. 青岛2580元/位海鲜自助，帝王蟹大波龙濑尿虾畅吃，吃得我眼前一亮又一亮
[2026-07-25 03:17:09.709]    播放: 5,720,901 | 弹幕: 2,233 | 收藏: 78,203 | 评论: 1,306
[2026-07-25 03:17:09.710] 
9. 青岛父亲晨跑时趣味教育女儿，你想知道晨跑的好处吗？
[2026-07-25 03:17:09.710]    播放: 4,766,644 | 弹幕: 422 | 收藏: 25,632 | 评论: 731
[2026-07-25 03:17:09.713] 
10. 100克金粉，打200克效果吉言手镯
[2026-07-25 03:17:09.714]    播放: 4,724,341 | 弹幕: 288 | 收藏: 10,484 | 评论: 247
[2026-07-25 03:17:09.717] 
============================================================
[2026-07-25 03:17:09.718]   自动检测并补充粉丝数
[2026-07-25 03:17:09.719] ============================================================
[2026-07-25 03:17:09.723] 待补充UP主数: 0
[2026-07-25 03:17:09.725] [完成] 所有UP主已有粉丝数据
[2026-07-25 03:17:09.726] 
============================================================
[2026-07-25 03:17:09.727]   自动检测并补充视频标签
[2026-07-25 03:17:09.728] ============================================================
[2026-07-25 03:17:09.729] 待补充标签视频数: 0
[2026-07-25 03:17:09.732] [完成] 所有视频已有标签数据
[2026-07-25 03:17:09.738] 
====================================================================================================
[2026-07-25 03:17:09.741]   价值分析 (独立评分)
[2026-07-25 03:17:09.742] ====================================================================================================
[2026-07-25 03:17:09.744] 关键词: 青岛
[2026-07-25 03:17:09.744] 评分维度: 深度互动比(35%) + 互动密度(25%) + 收藏率(20%) + 粉丝转化(10%) + 分享率(10%)
[2026-07-25 03:17:09.747] 说明: 价值评分衡量视频的长期内容质量，不受视频年龄/新鲜度影响
[2026-07-25 03:17:09.748] 
[2026-07-25 03:17:09.750] 
价值排行 Top 160（按价值综合评分排序）
[2026-07-25 03:17:09.751] ----------------------------------------------------------------------------------------------------------------------------------------------------------------------------------------------
[2026-07-25 03:17:09.753] 排名   标题                                  播放量 UP主              粉丝    深/浅比     互动密度     收藏率      转化     分享率    深互动分    互动分    收藏分    转化分    分享分     价值分
[2026-07-25 03:17:09.754] ----------------------------------------------------------------------------------------------------------------------------------------------------------------------------------------------
[2026-07-25 03:17:09.755] 1    能把毕业典礼开成演唱会的青岛大学，这六首神级翻唱，你    1,664,920 嗨唱音乐系           965   15.78    0.032   0.030 1725.3x   0.000   1.000  0.079  0.366  0.334  0.000   0.476
[2026-07-25 03:17:09.757] 2    青岛代孕事件才是该上热搜的，不寒而栗            4,147,283 账号已注销       176,243    0.33    0.369   0.019   23.5x   0.010   0.019  1.000  0.228  0.005  0.347   0.337
[2026-07-25 03:17:09.758] 3    你有这样的视觉盛宴进入庄园！【第五人格】          1,407,125 枝鸣Zz         73,580    1.98    0.133   0.081   19.1x   0.001   0.124  0.353  1.000  0.004  0.024   0.334
[2026-07-25 03:17:09.759] 4    【陈沛佟】冰上的尤里——《Eros》还原          2,184,082 Patton_15    83,713    2.02    0.184   0.050   26.1x   0.011   0.127  0.494  0.617  0.005  0.399   0.332
[2026-07-25 03:17:09.761] 5    送你一份超详细的青岛三日旅游攻略 | 内含图文版      1,355,571 迈得丘MadQ     255,466    1.94    0.091   0.037    5.3x   0.029   0.121  0.240  0.461  0.001  1.000   0.295
[2026-07-25 03:17:09.762] 6    【TF家族练习生】《肆意少年》见面会——青岛场DAY    2,125,160 TF家族       9,176,767    0.82    0.313   0.015    0.2x   0.001   0.050  0.847  0.183  0.000  0.020   0.268
[2026-07-25 03:17:09.764] 7    青岛大学毕业典礼名场面，还记得翻唱的这些歌曲吗       2,896,650 精选音乐库F          817    4.22    0.034   0.026 3545.5x   0.000   0.266  0.084  0.325  0.686  0.007   0.249
[2026-07-25 03:17:09.764] 8    【利群与青岛】全12集 超清中字（未删减版）周更      1,515,869 后宫补番       1,093,435    2.17    0.088   0.036    1.4x   0.011   0.136  0.232  0.447  0.000  0.376   0.233
[2026-07-25 03:17:09.768] 9    青岛大学毕业典礼2019-2024历届快闪高清完整版    1,520,488 师兄phd        18,589    7.00    0.027   0.023   81.8x   0.000   0.443  0.066  0.286  0.016  0.001   0.230
[2026-07-25 03:17:09.768] 10   你以为的山东很土 经济落后                 2,327,545 球怪-          10,410    5.45    0.036   0.029  223.6x   0.000   0.345  0.089  0.356  0.043  0.003   0.219
[2026-07-25 03:17:09.770] 11   海风温和，菲比啾比~【鸣潮1分钟动画剧场】         1,823,534 呜哇频道        641,263    0.82    0.161   0.028    2.8x   0.007   0.051  0.431  0.348  0.001  0.233   0.218
[2026-07-25 03:17:09.771] 12   很开心能够和大家在青岛见面                 2,022,292 湿润兔UrumiB   539,030    0.43    0.142   0.041    3.8x   0.002   0.026  0.380  0.502  0.001  0.086   0.213
[2026-07-25 03:17:09.772] 13   请青岛中院下达判决书                    1,775,296 江歌妈妈        137,941    0.46    0.255   0.010   12.9x   0.002   0.027  0.687  0.126  0.002  0.053   0.212
[2026-07-25 03:17:09.772] 14   【TF家族练习生】《肆意少年》见面会——青岛场DAY    1,467,864 TF家族       9,176,767    0.89    0.225   0.016    0.2x   0.001   0.055  0.605  0.192  0.000  0.018   0.211
[2026-07-25 03:17:09.774] 15   青岛大学毕业季杀疯了，盘点2025-2019年所有封    3,888,204 沐沐音乐歌单       46,030    3.10    0.047   0.033   84.5x   0.000   0.195  0.119  0.413  0.016  0.002   0.182
[2026-07-25 03:17:09.775] 16   数据结构与算法基础（青岛大学-王卓）           16,332,302 87师兄        112,321    2.39    0.066   0.026  145.4x   0.005   0.150  0.171  0.326  0.028  0.191   0.182
[2026-07-25 03:17:09.776] 17   青春的样子！青岛大学2022届毕业典礼歌曲串烧再次点    4,685,447 人民日报       18,628,951    0.86    0.094   0.015    0.3x   0.016   0.053  0.248  0.182  0.000  0.553   0.172
[2026-07-25 03:17:09.776] 18   青岛大学毕业典礼一首高音版《起风了》点燃全场，这才是   30,510,684 小小流氓兔        26,228    0.92    0.066   0.019 1163.3x   0.007   0.057  0.172  0.231  0.225  0.254   0.157
[2026-07-25 03:17:09.778] 19   青岛大学2023届毕业典礼暖场歌曲串烧来了         2,496,514 人民日报       18,628,951    0.38    0.119   0.015    0.1x   0.009   0.023  0.317  0.182  0.000  0.331   0.157
[2026-07-25 03:17:09.779] 20   ［补档］子在川上曰：“鲁A济南车，鲁B青岛的”全网呼    1,378,101 落纸云烟aaa       1,515    0.29    0.054   0.010  909.6x   0.021   0.017  0.139  0.125  0.176  0.724   0.156
[2026-07-25 03:17:09.780] 21   路边玩具店发现自己照片，1月19日飕狗青岛城市赛，融    3,217,743 爱玩具的大成      350,329    6.57    0.005   0.004    9.2x   0.000   0.415  0.004  0.045  0.002  0.000   0.156
[2026-07-25 03:17:09.782] 22   点击看青岛教父怒斥小弟【某幻6.20直播】【阴阳怪气    1,700,560 菠萝萝昂          5,163    0.63    0.083   0.026  329.4x   0.002   0.038  0.219  0.326  0.064  0.066   0.146
[2026-07-25 03:17:09.782] 23   青岛大学十佳歌手《山海》震撼全场              2,597,878 杯子杯子酱_          701    0.61    0.042   0.009 3706.0x   0.002   0.037  0.107  0.114  0.717  0.062   0.140
[2026-07-25 03:17:09.782] 24   炸裂（物理）！坐标青岛，如何修一条世界最长的海底公路    1,748,675 星球研究所      5,383,442    0.86    0.086   0.014    0.3x   0.008   0.053  0.227  0.176  0.000  0.272   0.138
[2026-07-25 03:17:09.783] 25   可恶！被他装到了！女儿奴设计师爆改青岛“普通”人家的    1,412,012 橙熟的设计       398,630    4.86    0.012   0.010    3.5x   0.000   0.307  0.025  0.119  0.001  0.001   0.137
[2026-07-25 03:17:09.784] 26   青岛大学毕业典礼快闪视频，一首高音《起风了》燃爆全场    1,576,656 青岛大学         89,228    1.02    0.074   0.017   17.7x   0.007   0.063  0.192  0.211  0.003  0.240   0.137
[2026-07-25 03:17:09.785] 27   前方高燃！星辰大海！青岛大学毕业快闪！各有风雨灿烂，    3,423,512 青大学工          6,419    1.00    0.059   0.014  533.3x   0.009   0.062  0.153  0.167  0.103  0.321   0.136
[2026-07-25 03:17:09.786] 28   出门旅行，一定要记得用长焦拍照啊｜手机摄影教程       1,859,529 林海音Haiyin   798,973    0.60    0.072   0.021    2.3x   0.007   0.036  0.187  0.262  0.000  0.237   0.136
[2026-07-25 03:17:09.787] 29   “听几遍匆匆那年才能回到那年匆匆”             4,220,218 我叫毕语航       515,074    0.48    0.098   0.019    8.2x   0.004   0.029  0.258  0.229  0.002  0.133   0.134
[2026-07-25 03:17:09.789] 30   【官宣！】青岛大学2023届学生毕业典礼的暖场热歌联    2,070,859 青岛大学         89,228    0.77    0.071   0.012   23.2x   0.010   0.047  0.185  0.149  0.004  0.366   0.130
[2026-07-25 03:17:09.790] 31   没有青岛大姨就没有我今天                  1,368,209 哦吼小闪电      1,622,357    0.21    0.113   0.019    0.8x   0.000   0.012  0.300  0.230  0.000  0.010   0.126
[2026-07-25 03:17:09.791] 32   每首都好听！青岛大学2024届毕业典礼暖场歌曲串烧来    2,451,929 人民日报       18,628,951    0.65    0.071   0.013    0.1x   0.008   0.040  0.186  0.159  0.000  0.291   0.121
[2026-07-25 03:17:09.793] 33   8月21日晚，青岛宜家再次上演肢体冲突           2,361,991 啊噗噜噜噜派          457    0.50    0.006   0.002 5168.5x   0.001   0.030  0.008  0.016  1.000  0.050   0.121
[2026-07-25 03:17:09.794] 34   一盘销魂爆汁烤肉！外焦里嫩直冒油，人均30吃懵了！！    2,301,817 二喵的饭       4,495,836    0.44    0.125   0.007    0.5x   0.003   0.026  0.333  0.085  0.000  0.094   0.119
[2026-07-25 03:17:09.795] 35   【起风了】青岛大学毕业典礼，苑光昊、宋姿璇《起风了》    2,333,583 一往情深深几米       2,800    1.08    0.034   0.014  833.4x   0.006   0.067  0.085  0.172  0.161  0.217   0.117
[2026-07-25 03:17:09.796] 36   青岛的东北特色美食，好吃到我想在北京开家分店！       1,558,742 ABD食话实说     286,659    0.07    0.137   0.008    5.4x   0.002   0.003  0.365  0.093  0.001  0.060   0.117
[2026-07-25 03:17:09.796] 37   ⚡️青岛地铁判官⚡️                    2,326,770 考研吃瓜娱乐休息室     2,130    0.17    0.036   0.003 1092.4x   0.018   0.009  0.089  0.038  0.211  0.619   0.116
[2026-07-25 03:17:09.797] 38   扭曲的身躯散发着耀眼的光！青岛报纸哥-孙大帅！       6,298,045 瞎通不设计了      379,317    0.48    0.131   0.006   16.6x   0.000   0.029  0.348  0.075  0.003  0.015   0.114
[2026-07-25 03:17:09.798] 39   是青岛不是冰岛是什么梗【梗指南】              2,327,682 梗指南        4,843,865    0.26    0.118   0.007    0.5x   0.004   0.015  0.314  0.078  0.000  0.145   0.114
[2026-07-25 03:17:09.799] 40   美女姐姐一首《雪龙吟》霸屏全网，毕业典礼一唱成名，后    3,793,186 下饭音乐       1,017,549    2.54    0.024   0.017    3.7x   0.000   0.159  0.058  0.204  0.001  0.003   0.111
[2026-07-25 03:17:09.799] 41   青岛.双合园 厨子探店¥398               2,004,478 真探唐仁杰      4,701,647    0.10    0.107   0.007    0.4x   0.005   0.005  0.282  0.089  0.000  0.182   0.108
[2026-07-25 03:17:09.801] 42   山东情侣来长沙旅游，点了半碗麻辣烫，86元，简直是麻    1,399,742 混蛋在人间         2,693    0.22    0.057   0.002  519.8x   0.015   0.013  0.148  0.021  0.101  0.524   0.108
[2026-07-25 03:17:09.802] 43   不要告诉FBI我在青岛干了什么...            2,796,856 KerryDowd  2,814,860    0.28    0.092   0.015    1.0x   0.001   0.016  0.241  0.181  0.000  0.042   0.106
[2026-07-25 03:17:09.803] 44   【青岛大学毕业典礼】2019-2022歌曲串烧名场面    2,431,949 人民日报       18,628,951    0.88    0.052   0.014    0.1x   0.005   0.054  0.134  0.177  0.000  0.178   0.106
[2026-07-25 03:17:09.804] 45   小伙在青岛拉货挣到钱了，中午吃海鲜烩饼，海边捡垃圾     2,346,511 咸鱼梦想家vlog  3,252,091    0.82    0.070   0.016    0.7x   0.000   0.050  0.182  0.196  0.000  0.015   0.104
[2026-07-25 03:17:09.805] 46   山城小栗旬巡剪第三期！青岛站！！！             2,686,094 山城小栗旬的理发日  3,790,689    0.23    0.119   0.005    0.7x   0.002   0.013  0.317  0.060  0.000  0.055   0.101
[2026-07-25 03:17:09.807] 47   学生举报青岛滨海学院有人坠楼遭封口，多名学子因“监狱    1,757,632 网易新闻        578,180    0.12    0.087   0.005    3.0x   0.008   0.006  0.229  0.056  0.001  0.296   0.100
[2026-07-25 03:17:09.809] 48   俄罗斯人感叹：五年未见，中国巨变              1,383,818 小琳的俄罗斯      138,426    0.51    0.095   0.009   10.0x   0.001   0.031  0.251  0.108  0.002  0.036   0.099
[2026-07-25 03:17:09.810] 49   春天的青岛美的我痛哭流涕                  1,497,242 KerryDowd  2,814,860    0.31    0.085   0.013    0.5x   0.001   0.018  0.223  0.157  0.000  0.047   0.098
[2026-07-25 03:17:09.812] 50   青岛2580元/位海鲜自助，帝王蟹大波龙濑尿虾畅吃，    5,720,901 温油辣辣U      1,319,514    2.08    0.023   0.014    4.3x   0.001   0.130  0.055  0.167  0.001  0.047   0.098
[2026-07-25 03:17:09.814] 51   实拍青岛一小哥骑自行车超速 时速每小时60km       1,530,277 魔法少女墨墨酱         458    0.30    0.017   0.003 3341.2x   0.003   0.017  0.038  0.033  0.646  0.107   0.098
[2026-07-25 03:17:09.815] 52   这可比魔法好用多了！！！                  3,492,003 香菜小朱          1,350    0.92    0.015   0.007 2586.7x   0.000   0.057  0.031  0.082  0.500  0.001   0.094
[2026-07-25 03:17:09.817] 53   《德国是益虫，论迹不论心》                 1,371,315 -元仔-        108,877    0.28    0.074   0.013   12.6x   0.002   0.016  0.194  0.160  0.002  0.061   0.092
[2026-07-25 03:17:09.818] 54   碧桂园鬼城空房太多，躺平大神挑战五一零元住，彻底觉醒    2,441,757 末日求生者xt     177,800    0.17    0.079   0.008   13.7x   0.004   0.009  0.207  0.094  0.003  0.156   0.090
[2026-07-25 03:17:09.820] 55   青岛父亲晨跑时趣味教育女儿，你想知道晨跑的好处吗？     4,766,644 小象视频TV       16,609    0.06    0.100   0.005  287.0x   0.001   0.002  0.266  0.064  0.056  0.031   0.089
[2026-07-25 03:17:09.820] 56   特厨探店 |好吃到说脏话！在农贸市场吃海鲜到底有多爽    1,357,248 特厨隋卞       1,076,591    0.16    0.064   0.006    1.3x   0.008   0.009  0.167  0.077  0.000  0.267   0.087
[2026-07-25 03:17:09.821] 57   青岛.馄饨+锅贴 厨子探店¥148             1,339,561 真探唐仁杰      4,701,647    0.09    0.087   0.005    0.3x   0.004   0.004  0.229  0.058  0.000  0.149   0.085
[2026-07-25 03:17:09.822] 58   天呐……怎么没有人告诉我青岛原来这么好看又好吃啊！！    1,385,973 真栗         2,338,624    0.52    0.061   0.012    0.6x   0.002   0.031  0.158  0.144  0.000  0.054   0.085
[2026-07-25 03:17:09.822] 59   【耐高总决赛-地质vs青岛】到底谁能制霸全国！！      1,564,431 湘潭小罗斯       317,542    0.53    0.049   0.015    4.9x   0.001   0.032  0.125  0.182  0.001  0.037   0.083
[2026-07-25 03:17:09.823] 60   吾国第一！中国第一家水族馆！                1,712,625 爱养鱼的卓林      319,300    1.42    0.025   0.013    5.4x   0.000   0.089  0.059  0.156  0.001  0.017   0.079
[2026-07-25 03:17:09.824] 61   青岛老奶奶炸串20年，3张桌子养活5口人！【深夜加餐    2,513,323 盗月社食遇记     8,413,366    0.81    0.033   0.006    0.3x   0.008   0.050  0.081  0.069  0.000  0.271   0.078
[2026-07-25 03:17:09.825] 62   挑战一分钟吃两个taco免单，被认出来提出挑战升级追    1,385,607 橙飞一下       2,489,226    0.48    0.083   0.002    0.6x   0.002   0.029  0.217  0.027  0.000  0.078   0.077
[2026-07-25 03:17:09.826] 63   特厨探店 |几百桌全部爆满！青岛戳子肉到底是怎么个事    1,481,348 特厨隋卞       1,076,591    0.13    0.066   0.006    1.4x   0.005   0.006  0.172  0.066  0.000  0.182   0.077
[2026-07-25 03:17:09.827] 64   博士生特种兵24小时极限吃青岛（草料哥补能量篇）      2,029,931 理查不会降落     1,577,886    0.05    0.093   0.004    1.3x   0.001   0.002  0.246  0.049  0.000  0.046   0.077
[2026-07-25 03:17:09.828] 65   一次外向换来一辈子的内向                  1,652,211 傅爹历险记      1,349,405    0.05    0.090   0.003    1.2x   0.002   0.002  0.237  0.040  0.000  0.087   0.076
[2026-07-25 03:17:09.828] 66   花2000块钱吃自助能吃到什么？帝王蟹、濑尿虾、巨型    2,288,355 橙飞一下       2,489,226    0.49    0.064   0.003    0.9x   0.005   0.029  0.165  0.034  0.000  0.175   0.076
[2026-07-25 03:17:09.829] 67   北方第二站沈阳夜市和东北大洗浴！来了沈阳才知道原来洗    2,147,256 superB太    2,476,438    0.05    0.090   0.003    0.9x   0.002   0.002  0.236  0.033  0.000  0.069   0.073
[2026-07-25 03:17:09.830] 68   中国各省老二VS老大，这五个省比较，河北是最惨的【地    1,380,223 地球知识局      2,550,399    0.44    0.054   0.009    0.5x   0.002   0.027  0.140  0.110  0.000  0.068   0.073
[2026-07-25 03:17:09.831] 69   没看过海底世界，别说你来过青岛？青岛海底世界篇！      1,553,560 爱养鱼的卓林      319,300    1.56    0.019   0.010    4.9x   0.001   0.098  0.044  0.127  0.001  0.019   0.073
[2026-07-25 03:17:09.832] 70   听说新疆人的名字很难记#青岛丝路千古情 #美人鱼在青    1,577,743 末言弟弟        356,195    0.16    0.067   0.008    4.4x   0.002   0.009  0.175  0.098  0.001  0.062   0.073
[2026-07-25 03:17:09.833] 71   破了万亿，但没有地铁，还土里土气 快递里的中国 山东    1,520,100 老猫鱼不吃鱼      862,883    0.58    0.049   0.007    1.8x   0.003   0.035  0.124  0.084  0.000  0.117   0.072
[2026-07-25 03:17:09.834] 72   99%的外国人都不喜欢中国菜？               6,367,120 老王在中国      3,908,859    0.84    0.049   0.008    1.6x   0.001   0.052  0.125  0.101  0.000  0.018   0.071
[2026-07-25 03:17:09.837] 73   20元畅饮青岛鲜啤，四个人直接按桶喝，给老板上一课     1,856,220 程昊vlog      107,272    0.60    0.038   0.003   17.3x   0.008   0.037  0.095  0.034  0.003  0.270   0.071
[2026-07-25 03:17:09.839] 74   好一个霸道山东人！大汉强制中断了老王的礼尚往来，并且    1,665,492 老王在中国      3,908,859    0.34    0.069   0.004    0.4x   0.002   0.020  0.180  0.051  0.000  0.065   0.069
[2026-07-25 03:17:09.839] 75   被社员安利的98年街头炸串，花150元尝尝，究竟怎么    2,274,979 盗月社食遇记     8,413,366    0.39    0.049   0.004    0.3x   0.005   0.023  0.125  0.052  0.000  0.189   0.069
[2026-07-25 03:17:09.840] 76   在青岛吃“爆头章鱼”，千万别张嘴笑！【深夜加餐饭06    2,311,317 盗月社食遇记     8,413,366    0.75    0.041   0.003    0.3x   0.005   0.046  0.104  0.040  0.000  0.180   0.068
[2026-07-25 03:17:09.842] 77   青岛.新开海 厨子探店¥895               1,423,584 真探唐仁杰      4,701,647    0.08    0.072   0.003    0.3x   0.004   0.003  0.187  0.036  0.000  0.128   0.068
[2026-07-25 03:17:09.843] 78   【王心凌】当我拿出青岛的《Honey》请问阁下如何应    2,266,181 王心凌FM       675,656    0.07    0.081   0.004    3.4x   0.001   0.003  0.212  0.044  0.001  0.050   0.068
[2026-07-25 03:17:09.844] 79   没有一个韩国人能瘦着走出中国                2,204,728 韩国人梨梨       132,311    0.05    0.087   0.004   16.7x   0.000   0.001  0.229  0.041  0.003  0.011   0.067
[2026-07-25 03:17:09.845] 80   北京司机vs青岛乘客                    1,385,649 小付同学Chloe   299,230    0.05    0.075   0.003    4.6x   0.002   0.002  0.196  0.030  0.001  0.084   0.064
[2026-07-25 03:17:09.845] 81   青岛.春和楼 厨子探店¥282               1,377,381 真探唐仁杰      4,701,647    0.05    0.084   0.002    0.3x   0.001   0.001  0.220  0.023  0.000  0.036   0.064
[2026-07-25 03:17:09.846] 82   青岛这个小区，公摊竟然达到了46%！买房一半都是公摊    1,965,752 楼事大明白         9,135    0.11    0.051   0.004  215.2x   0.004   0.005  0.131  0.049  0.042  0.137   0.062
[2026-07-25 03:17:09.847] 83   【TF家族四代】《肆意少年》见面会「重庆场+青岛场」    1,868,921 enKulomiy    77,045    1.20    0.021   0.009   24.3x   0.000   0.074  0.048  0.114  0.005  0.007   0.062
[2026-07-25 03:17:09.848] 84   青岛抓七彩皮皮虾，赶海2小时能抓几只？一招教你轻松吃    1,538,051 Yooupi食途   2,324,909    0.39    0.057   0.004    0.7x   0.002   0.023  0.146  0.048  0.000  0.077   0.062
[2026-07-25 03:17:09.848] 85   吃着簸箕肉真不“戳”！青岛特色，烧烤奇葩，舌尖上的夏    1,422,425 老王在中国      3,908,859    0.18    0.065   0.004    0.4x   0.002   0.010  0.168  0.041  0.000  0.084   0.062
[2026-07-25 03:17:09.849] 86   面包蟹香，老虎蟹鲜，蓝龙虾嫩滋味长 #面包蟹 #老虎    2,962,254 小吴快拾鲜         1,033    0.11    0.008   0.000 2867.6x   0.000   0.005  0.014  0.001  0.555  0.005   0.062
[2026-07-25 03:17:09.851] 87   未成年人禁止饮酒                      1,572,200 东方日出哇      1,376,626    0.28    0.046   0.009    1.1x   0.001   0.016  0.118  0.105  0.000  0.042   0.060
[2026-07-25 03:17:09.853] 88   ASMR青岛探店┃体验最舒服的足疗 粉红大姐解压助眠    1,718,014 施利TV        818,227    1.04    0.023   0.007    2.1x   0.002   0.064  0.054  0.080  0.000  0.072   0.059
[2026-07-25 03:17:09.854] 89   科目三 少儿版                       1,395,441 spink舞蹈lu     4,969    1.67    0.005   0.003  280.8x   0.003   0.104  0.005  0.031  0.054  0.088   0.058
[2026-07-25 03:17:09.854] 90   青岛——韩国的渡轮50块钱晚饭长啥样？           1,457,058 理查不会降落     1,577,886    0.02    0.083   0.001    0.9x   0.000   0.000  0.217  0.014  0.000  0.010   0.058
[2026-07-25 03:17:09.855] 91   青岛女子买下日本70万平方小岛上最新回应：考虑留给下    1,707,671 大象新闻       1,800,197    0.04    0.071   0.002    0.9x   0.002   0.001  0.184  0.024  0.000  0.060   0.057
[2026-07-25 03:17:09.855] 92   小伙拉货挣到钱了，吃肯德基火鸡面喝青岛特色饮料       4,388,866 咸鱼梦想家vlog  3,252,091    0.65    0.030   0.010    1.3x   0.000   0.040  0.074  0.121  0.000  0.006   0.057
[2026-07-25 03:17:09.856] 93   【苑走高飞】时隔33年，台湾教授终于重返山东。大陆游    1,499,855 苑举正         745,174    0.18    0.070   0.002    2.0x   0.001   0.010  0.183  0.024  0.000  0.024   0.056
[2026-07-25 03:17:09.857] 94   用正宗青岛啤酒烧了份山东“油焖大虾”，老外吃完怎么当    1,699,309 西班牙陈挺      2,624,682    0.08    0.068   0.003    0.6x   0.000   0.003  0.177  0.039  0.000  0.005   0.054
[2026-07-25 03:17:09.858] 95   【邓肯】央视唯一一次夜探鬼楼！青岛南京路28号都市传    1,575,432 勾手老大爷邓肯    2,619,117    0.25    0.043   0.004    0.6x   0.003   0.014  0.109  0.044  0.000  0.118   0.053
[2026-07-25 03:17:09.858] 96   疯了！学霸道总裁强吻女友…她非要穿黑丝给我跳热舞？！    3,478,428 盖里老哥       2,019,915    0.61    0.033   0.007    1.7x   0.001   0.037  0.083  0.078  0.000  0.032   0.053
[2026-07-25 03:17:09.859] 97   高清字幕版《星辰大海》：青岛大学2021毕业典礼上音    1,386,511 青岛国国         36,871    0.85    0.017   0.006   37.6x   0.003   0.053  0.037  0.074  0.007  0.091   0.052
[2026-07-25 03:17:09.860] 98   快本之旅幕后大揭秘 复盘那些被剪掉的尴尬镜头        1,695,075 啊吗粽        4,924,518    0.22    0.053   0.004    0.3x   0.001   0.012  0.136  0.047  0.000  0.042   0.052
[2026-07-25 03:17:09.861] 99   来青岛感受啤酒屋， 买只波龙去加工，吃海鲜哈啤酒      2,171,305 温油辣辣U      1,319,514    1.01    0.017   0.007    1.6x   0.000   0.063  0.038  0.086  0.000  0.014   0.050
[2026-07-25 03:17:09.862] 100  ASMR青岛探店┃体验最专业的可视采耳 解压        3,437,039 施利TV        818,227    0.82    0.019   0.005    4.2x   0.003   0.051  0.044  0.059  0.001  0.093   0.050
[2026-07-25 03:17:09.862] 101  超可爱甜妹子初恩伊《下山》：青岛大学2021毕业典礼    2,059,362 青岛国国         36,871    0.70    0.018   0.006   55.9x   0.003   0.043  0.040  0.070  0.011  0.098   0.050
[2026-07-25 03:17:09.862] 102  来青岛两天吃点儿啥，没想到三瓶啤啤给我喝吐了！       2,607,653 神奇海挪       2,243,736    0.40    0.035   0.007    1.2x   0.001   0.024  0.086  0.079  0.000  0.029   0.049
[2026-07-25 03:17:09.863] 103  中国最亲密的5组地区，沈阳大连，济南青岛，广东东北     2,072,798 地理志-         25,564    0.07    0.046   0.003   81.1x   0.002   0.003  0.118  0.028  0.016  0.083   0.046
[2026-07-25 03:17:09.863] 104  挑战用10000元在【一线】到【五线】城市里租房！     1,369,106 杰克小兔       1,695,248    0.47    0.034   0.004    0.8x   0.001   0.028  0.085  0.046  0.000  0.050   0.045
[2026-07-25 03:17:09.863] 105  二三十年了，在青岛这家店的散啤的价格和老板都没变过，    2,359,712 宋坤爱航海         5,281    0.04    0.049   0.002  446.8x   0.000   0.001  0.126  0.019  0.086  0.008   0.045
[2026-07-25 03:17:09.865] 106  在碧桂园鬼城躺平，拍视频被人找到敲门，地址泄露，以后    1,590,686 末日求生者xt     177,800    0.09    0.051   0.004    8.9x   0.001   0.004  0.131  0.042  0.002  0.022   0.045
[2026-07-25 03:17:09.865] 107  中国派对vs.西方派对                   1,986,015 杰里德Jared   1,792,125    0.78    0.029   0.003    1.1x   0.001   0.048  0.071  0.038  0.000  0.031   0.045
[2026-07-25 03:17:09.866] 108  山东临沂夜市美食逛吃逛吃！野生童年零食店铺为什么都不    1,779,221 superB太    2,476,438    0.07    0.055   0.002    0.7x   0.001   0.003  0.142  0.025  0.000  0.033   0.045
[2026-07-25 03:17:09.867] 109  青岛四大怪之袋装啤酒，街头随处可见~            1,692,826 螺西来了          1,051    0.06    0.015   0.001 1610.7x   0.001   0.002  0.031  0.006  0.312  0.022   0.043
[2026-07-25 03:17:09.868] 110  青岛12元毛蛋自助，一次吃50个终身免单，下了高铁就    2,870,865 橙飞一下       2,489,226    0.17    0.039   0.001    1.2x   0.004   0.009  0.097  0.014  0.000  0.123   0.043
[2026-07-25 03:17:09.868] 111  挑战24小时生活在青岛，赶海、喂海鸥、吃海鲜一个也没    3,497,641 大包二妹的幸福生活   312,505    1.15    0.010   0.005   11.2x   0.000   0.071  0.020  0.061  0.002  0.000   0.042
[2026-07-25 03:17:09.869] 112  青岛首家低价零食超市！乐事才9毛              2,824,149 佩佩小圆脸儿        3,238    0.96    0.003   0.001  872.2x   0.000   0.059  0.000  0.014  0.169  0.005   0.041
[2026-07-25 03:17:09.870] 113  青岛最任性的饭店，店里没菜只做代加工，什么都可以！一    1,450,315 李大馋师         51,975    0.45    0.020   0.004   27.9x   0.003   0.027  0.046  0.049  0.005  0.092   0.040
[2026-07-25 03:17:09.870] 114  去青岛（看别人）跑马拉松了…                1,469,364 摸鱼事务所      2,163,190    0.31    0.039   0.003    0.7x   0.001   0.018  0.097  0.036  0.000  0.021   0.040
[2026-07-25 03:17:09.870] 115  我国时速600公里高速磁浮下线 外国网友：天哪，陆地    1,523,907 观察者网       7,285,891    0.07    0.044   0.002    0.2x   0.002   0.003  0.113  0.023  0.000  0.059   0.040
[2026-07-25 03:17:09.871] 116  碧桂园当年跟我抢房的人呢？一万三千套房子，入住率不到    1,346,061 末日求生者xt     177,800    0.12    0.034   0.003    7.6x   0.003   0.006  0.085  0.033  0.001  0.089   0.039
[2026-07-25 03:17:09.871] 117  上海最后一趟「卧铺大巴」乘坐攻略：上海-青岛，躺平休    3,713,106 凸峰           90,643    0.49    0.020   0.006   41.0x   0.001   0.030  0.046  0.073  0.008  0.018   0.039
[2026-07-25 03:17:09.871] 118  【梗百科】车牌之歌是啥梗？鲁A济南车！鲁B青岛的！     1,327,436 梗百科        2,343,802    0.35    0.024   0.006    0.6x   0.001   0.021  0.057  0.068  0.000  0.038   0.039
[2026-07-25 03:17:09.873] 119  以假乱真！黑科技海参！竟是面粉做的？卖多少钱？       2,521,273 闲D嘞         869,764    0.86    0.013   0.005    2.9x   0.000   0.053  0.026  0.060  0.001  0.001   0.037
[2026-07-25 03:17:09.873] 120  山东青岛大集市，海鲜烩饼抢着吃，柴禾灶做煎饼回到小时    1,652,276 虎三走世界        35,499    1.28    0.005   0.002   46.5x   0.000   0.080  0.005  0.020  0.009  0.017   0.036
[2026-07-25 03:17:09.874] 121  青岛李沧区羊头挑战，四分钟吃完免单，着急赶高铁，能顺    2,331,795 橙飞一下       2,489,226    0.12    0.041   0.001    0.9x   0.002   0.006  0.104  0.010  0.000  0.057   0.036
[2026-07-25 03:17:09.874] 122  CNN主持人感叹青岛三天检测882万人：太不可思议     1,554,736 观察者网       7,285,891    0.06    0.044   0.002    0.2x   0.001   0.002  0.113  0.021  0.000  0.025   0.036
[2026-07-25 03:17:09.875] 123  救命！谁懂这一口的含金量！！                1,850,432 动感超人二号-       2,852    0.41    0.009   0.002  648.8x   0.001   0.024  0.015  0.025  0.126  0.020   0.032
[2026-07-25 03:17:09.877] 124  58元一只？青岛大虾这么虎的吗！              2,003,222 盗月社食遇记     8,413,366    0.44    0.023   0.001    0.2x   0.002   0.026  0.055  0.014  0.000  0.058   0.032
[2026-07-25 03:17:09.877] 125  找老万给labubu打个黄金项圈和腰带           7,545,081 金万贯老万       247,527    0.20    0.027   0.004   30.5x   0.000   0.011  0.064  0.049  0.006  0.003   0.031
[2026-07-25 03:17:09.878] 126  碧桂园业主扛不住了，两百多万别墅，八十五万甩卖求你们    2,421,548 末日求生者xt     177,800    0.29    0.019   0.002   13.6x   0.002   0.017  0.043  0.026  0.003  0.071   0.029
[2026-07-25 03:17:09.878] 127  青岛钓鱼佬的午餐                      6,436,660 安子峪           6,802    0.16    0.009   0.001  946.3x   0.001   0.009  0.016  0.010  0.183  0.019   0.029
[2026-07-25 03:17:09.879] 128  青岛大姨张大霞勇闯黄河赛道，“双重身份”意念合一！都    1,444,462 山东卫视        504,322    0.08    0.033   0.002    2.9x   0.000   0.004  0.083  0.027  0.001  0.002   0.028
[2026-07-25 03:17:09.879] 129  花臂男为陪伴女友客串护士，凭一己之力让全省医院加班开    1,349,136 观海熵          35,825    0.95    0.005   0.002   37.7x   0.000   0.059  0.004  0.024  0.007  0.000   0.027
[2026-07-25 03:17:09.880] 130  胖龙第一次来青岛，199元要一桌菜，吃饭不贵，住宿贵    2,583,413 胖龙的小生活     2,325,381    0.38    0.019   0.003    1.1x   0.000   0.022  0.043  0.033  0.000  0.008   0.026
[2026-07-25 03:17:09.880] 131  青岛炸鸡比赛，三分钟吃完免单，第一名奖金1100，我    2,725,149 橙飞一下       2,489,226    0.15    0.028   0.001    1.1x   0.001   0.008  0.068  0.014  0.000  0.034   0.026
[2026-07-25 03:17:09.881] 132  校花一首《星辰大海》霸屏全网，毕业典礼一唱成名，网友    1,681,350 下饭音乐       1,017,549    0.58    0.010   0.003    1.7x   0.000   0.035  0.019  0.036  0.000  0.010   0.025
[2026-07-25 03:17:09.882] 133  青岛60一位的小火锅自助，怎么这么贵？有什么过人之处    2,558,248 橙飞一下       2,489,226    0.23    0.019   0.002    1.0x   0.002   0.013  0.044  0.019  0.000  0.056   0.025
[2026-07-25 03:17:09.882] 134  【Boki 中字】吃中餐喝青岛啤酒，实在太幸福了！！    1,631,792 BOKI小姐姐    1,982,569    0.20    0.020   0.003    0.8x   0.001   0.011  0.047  0.030  0.000  0.030   0.025
[2026-07-25 03:17:09.883] 135  青岛是我的一片天                      1,457,091 蔡媚儿l         27,965    0.05    0.031   0.001   52.1x   0.001   0.001  0.076  0.010  0.010  0.020   0.025
[2026-07-25 03:17:09.883] 136  第一名奖金5000元！来青岛参加炸鸡比赛总决赛，冠军    3,238,993 橙飞一下       2,489,226    0.17    0.024   0.002    1.3x   0.001   0.009  0.057  0.017  0.000  0.035   0.024
[2026-07-25 03:17:09.884] 137  一句话体会杨瀚森随行翻译的水平！90%的翻译说不出来    1,357,726 小Ray球学记      91,137    0.17    0.023   0.003   14.9x   0.000   0.009  0.053  0.031  0.003  0.013   0.024
[2026-07-25 03:17:09.885] 138  碧桂园鬼城躺平12天，一栋楼就一户，寂静到受不了，提    1,674,126 末日求生者xt     177,800    0.22    0.019   0.002    9.4x   0.001   0.012  0.043  0.027  0.002  0.031   0.024
[2026-07-25 03:17:09.886] 139  【今夜百乐门】青岛大姨直播调侃小沈阳            2,189,151 综艺哔哔机       967,105    0.04    0.033   0.001    2.3x   0.000   0.001  0.082  0.009  0.000  0.003   0.023
[2026-07-25 03:17:09.887] 140  ASMR青岛探店┃第一次体验正骨 嘎嘣脆 极度酸爽！    1,695,984 施利TV        818,227    0.40    0.012   0.002    2.1x   0.001   0.024  0.024  0.022  0.000  0.044   0.023
[2026-07-25 03:17:09.888] 141  100克金粉，打200克效果吉言手镯            4,724,341 金万贯老万       247,527    0.12    0.025   0.002   19.1x   0.000   0.006  0.059  0.024  0.004  0.002   0.022
[2026-07-25 03:17:09.889] 142  工资不到一万，兼职却赚了两百万？青岛夫妇靠代购拿下一    2,712,007 橙熟的设计       398,630    0.67    0.006   0.002    6.8x   0.000   0.041  0.009  0.025  0.001  0.002   0.022
[2026-07-25 03:17:09.889] 143  青岛大学举牌校花一夜爆红，评论区恶臭不堪：见不得别人    3,430,978 小椰子专栏      1,216,647    0.23    0.018   0.003    2.8x   0.000   0.013  0.039  0.032  0.001  0.010   0.022
[2026-07-25 03:17:09.890] 144  山东不能失去青岛                      2,456,948 国家地理探索       23,253    0.70    0.005   0.002  105.7x   0.000   0.043  0.004  0.017  0.020  0.002   0.022
[2026-07-25 03:17:09.891] 145  体验青岛的可视化采耳，挖耳屎都这么高科技了，今天才知    2,235,476 大志休闲日记       16,555    0.54    0.007   0.002  135.0x   0.000   0.033  0.010  0.019  0.026  0.010   0.022
[2026-07-25 03:17:09.893] 146  小朋友吐槽荷兰饭不如青岛的好吃：家里每天海鲜，这里天    2,204,463 闪电新闻        116,598    0.14    0.017   0.002   18.9x   0.001   0.007  0.037  0.019  0.004  0.042   0.020
[2026-07-25 03:17:09.893] 147  【哔计划X片片】对话黄渤，青岛“顶流”，梦幻联动！正    2,200,264 当面哔哔        283,287    0.44    0.013   0.000    7.8x   0.001   0.026  0.028  0.003  0.001  0.029   0.020
[2026-07-25 03:17:09.895] 148  500毫升金水，找老万打条大金链子             3,233,515 金万贯老万       247,527    0.12    0.021   0.002   13.1x   0.000   0.006  0.048  0.020  0.003  0.002   0.019
[2026-07-25 03:17:09.895] 149  男子出海钓鱼钓到一架飞机，青岛海警：接到报警后目前已    1,967,768 四川观察       1,072,555    0.08    0.020   0.001    1.8x   0.000   0.004  0.046  0.014  0.000  0.008   0.016
[2026-07-25 03:17:09.896] 150  黄晓明车站遭黄渤放鸽子，一口青岛话狂吐槽，两人隔空互    4,565,978 腾讯新闻        228,477    0.07    0.020   0.001   20.0x   0.000   0.003  0.045  0.011  0.004  0.005   0.016
[2026-07-25 03:17:09.897] 151  “水饺2元一个”网红姜涛吐槽青岛物价高被“围堵”，警    2,830,876 时间要闻         94,297    0.07    0.020   0.001   30.0x   0.000   0.003  0.045  0.008  0.006  0.007   0.015
[2026-07-25 03:17:09.899] 152  老万今天又亏了                       2,310,990 金万贯老万       247,527    0.11    0.016   0.001    9.3x   0.000   0.006  0.036  0.015  0.002  0.002   0.014
[2026-07-25 03:17:09.899] 153  找老万打金，还能看老万...?               1,431,767 金万贯老万       247,527    0.12    0.015   0.001    5.8x   0.000   0.006  0.032  0.014  0.001  0.002   0.013
[2026-07-25 03:17:09.900] 154  宝哥青岛之行！嫂子出镜合集！韩茜茜最美！          1,554,644 旭旭姥姥6868    641,098    0.29    0.009   0.001    2.4x   0.000   0.017  0.016  0.012  0.000  0.005   0.013
[2026-07-25 03:17:09.902] 155  《极限挑战第一季》第8期：迷失青岛            12,628,049 综艺哔哔机       967,105    0.21    0.012   0.000   13.1x   0.000   0.012  0.025  0.001  0.003  0.004   0.011
[2026-07-25 03:17:09.902] 156  30克羽毛球，找老万打手镯他竟然...           1,500,600 金万贯老万       247,527    0.22    0.006   0.001    6.1x   0.000   0.012  0.007  0.008  0.001  0.001   0.008
[2026-07-25 03:17:09.903] 157  1000克金饼找老万打个艺术品！              1,556,485 金万贯老万       247,527    0.16    0.007   0.001    6.3x   0.000   0.008  0.010  0.007  0.001  0.001   0.007
[2026-07-25 03:17:09.904] 158  擦，大哥！大哥直播喝酒整整喝了五小时！           1,427,791 电锯刮腿毛       227,321    0.06    0.010   0.000    6.3x   0.000   0.002  0.018  0.002  0.001  0.008   0.007
[2026-07-25 03:17:09.904] 159  惊现绿色鱼刺！河南同事不敢吃，问当地青岛的也懵了。     1,588,065 羊城晚报         70,778    0.05    0.009   0.000   22.4x   0.000   0.002  0.015  0.000  0.004  0.003   0.005
[2026-07-25 03:17:09.905] 160  用金蒲扇找老万，打套三金                  1,549,766 金万贯老万       247,527    0.16    0.004   0.001    6.3x   0.000   0.009  0.003  0.003  0.001  0.000   0.005
[2026-07-25 03:17:09.905] ----------------------------------------------------------------------------------------------------------------------------------------------------------------------------------------------
[2026-07-25 03:17:09.906] 
提示: 价值分 = 深度互动比(35%) + 互动密度(25%) + 收藏率(20%) + 粉丝转化(10%) + 分享率(10%)
[2026-07-25 03:17:09.907]       深度互动比 = (投币+收藏)/点赞，>1.0 表示用户愿意付出成本的认可超过浅层点赞
[2026-07-25 03:17:09.907]       与动量分析互补：动量看'速度'，价值看'质量'
[2026-07-25 03:17:09.910] 
================================================================================
[2026-07-25 03:17:09.911]   标签权重 Top 10 (关键词: 青岛)
[2026-07-25 03:17:09.911] ================================================================================
[2026-07-25 03:17:09.912] 总视频数: 160 | 不同标签数: 736
[2026-07-25 03:17:09.912] 算法: 标签权重 = 出现视频数 × 平均价值分
[2026-07-25 03:17:09.914] --------------------------------------------------------------------------------
[2026-07-25 03:17:09.915] 排名   标签                       出现次数      覆盖率      平均价值分       标签权重
[2026-07-25 03:17:09.915] --------------------------------------------------------------------------------
[2026-07-25 03:17:09.916] 1    青岛                         72    45.0%      0.064      4.580
[2026-07-25 03:17:09.917] 2    美食                         23    14.4%      0.071      1.623
[2026-07-25 03:17:09.917] 3    山东                         15     9.4%      0.103      1.539
[2026-07-25 03:17:09.918] 4    大学                          8     5.0%      0.167      1.336
[2026-07-25 03:17:09.919] 5    青岛大学                        9     5.6%      0.147      1.320
[2026-07-25 03:17:09.919] 6    探店                         22    13.8%      0.060      1.315
[2026-07-25 03:17:09.920] 7    生活记录                       15     9.4%      0.077      1.155
[2026-07-25 03:17:09.921] 8    搞笑                         13     8.1%      0.089      1.154
[2026-07-25 03:17:09.921] 9    旅游                         10     6.2%      0.089      0.893
[2026-07-25 03:17:09.922] 10   美食探店                       11     6.9%      0.071      0.779
[2026-07-25 03:17:09.922] --------------------------------------------------------------------------------
[2026-07-25 03:17:09.923] 说明: 标签权重越高 = 该标签在高质量视频中出现越频繁，越值得重点关注
[2026-07-25 03:17:09.930] 
[导出] 价值分析结果已保存到 output\青岛\value_20260725_031709.csv
