[2026-07-25 15:00:58.702] 日志文件: output\迷茫\xhs_spider_20260725_150058.log
[2026-07-25 15:00:58.714] [任务] 创建任务#21: 关键词='迷茫', 页数=1, 排序=general
[2026-07-25 15:01:00.464] [浏览器] 已注入 16 个 cookie
[2026-07-25 15:01:00.767] [浏览器] Edge 浏览器已启动 (headless=True)
[2026-07-25 15:01:00.768] [搜索] 关键词='迷茫' 第1页 排序=general
[2026-07-25 15:01:10.353] [搜索] ✓ 返回 22 条笔记
[2026-07-25 15:01:10.354] [任务] 第1页搜索到 22 条，累计 21 条
[2026-07-25 15:01:10.355] [任务] 第1页：处理 21 条详情（1-21/21）...
[2026-07-25 15:01:17.909] [分享链接] 弹窗调试: {'popup1': False, 'popup2': True, 'popup2_html': '<div data-v-0d218a15="" class="xhs-note-share-popup-header"><span data-v-0d218a15="" class="xhs-note-share-popup-title">分享至</span></div><div data-v-0d218a15="" class="xhs-note-share-popup-contacts"><div data-v-0d218a15="" class="xhs-note-share-popup-contacts-grid"><div data-v-0d218a15="" class="xhs-'}
[2026-07-25 15:01:18.196] [分享链接] 点击联系人弹窗-复制链接按钮 ✓
[2026-07-25 15:01:19.259] [分享链接] 剪贴板为空 → 返回构造链接: https://www.xiaohongshu.com/explore/6a2a448c00000000070134e0
[2026-07-25 15:01:20.431] [DOM调试] date命中=True date_text='06-11' tag数=1 share_text='None' author_uid='5f05ab910000000001000b0c'
[2026-07-25 15:01:20.625] [详情] ✓ '教培人的迷茫' 互动=895 赞=423 藏=238 评=234 粉丝=0
[2026-07-25 15:01:30.464] [分享链接] 弹窗调试: {'popup1': False, 'popup2': True, 'popup2_html': '<div data-v-0d218a15="" class="xhs-note-share-popup-header"><span data-v-0d218a15="" class="xhs-note-share-popup-title">分享至</span></div><div data-v-0d218a15="" class="xhs-note-share-popup-contacts"><div data-v-0d218a15="" class="xhs-note-share-popup-contacts-grid"><div data-v-0d218a15="" class="xhs-'}
[2026-07-25 15:01:30.648] [分享链接] 点击联系人弹窗-复制链接按钮 ✓
[2026-07-25 15:01:31.717] [分享链接] 剪贴板为空 → 返回构造链接: https://www.xiaohongshu.com/explore/6a58c8b1000000001d020c14
[2026-07-25 15:01:32.867] [DOM调试] date命中=True date_text='07-16 江苏' tag数=11 share_text='None' author_uid='5b176c1ee8ac2b05c15a9266'
[2026-07-25 15:01:33.061] [详情] ✓ '青旅里住满了绝望的，找不到工作的年轻人。' 互动=3084 赞=2032 藏=557 评=495 粉丝=0
[2026-07-25 15:01:42.870] [分享链接] 弹窗调试: {'popup1': False, 'popup2': True, 'popup2_html': '<div data-v-0d218a15="" class="xhs-note-share-popup-header"><span data-v-0d218a15="" class="xhs-note-share-popup-title">分享至</span></div><div data-v-0d218a15="" class="xhs-note-share-popup-contacts"><div data-v-0d218a15="" class="xhs-note-share-popup-contacts-grid"><div data-v-0d218a15="" class="xhs-'}
[2026-07-25 15:01:43.097] [分享链接] 点击联系人弹窗-复制链接按钮 ✓
[2026-07-25 15:01:44.130] [分享链接] 剪贴板为空 → 返回构造链接: https://www.xiaohongshu.com/explore/69afd2950000000022022b57
[2026-07-25 15:01:45.226] [DOM调试] date命中=True date_text='03-10' tag数=1 share_text='None' author_uid='60766533000000000100b7c6'
[2026-07-25 15:01:45.587] [详情] ✓ '求助贴：985小废物毕业迷茫了6年还在迷茫' 互动=6546 赞=3211 藏=2353 评=982 粉丝=0
[2026-07-25 15:01:56.200] [分享链接] 弹窗调试: {'popup1': False, 'popup2': True, 'popup2_html': '<div data-v-0d218a15="" class="xhs-note-share-popup-header"><span data-v-0d218a15="" class="xhs-note-share-popup-title">分享至</span></div><div data-v-0d218a15="" class="xhs-note-share-popup-contacts"><div data-v-0d218a15="" class="xhs-note-share-popup-contacts-grid"><div data-v-0d218a15="" class="xhs-'}
[2026-07-25 15:01:56.417] [分享链接] 点击联系人弹窗-复制链接按钮 ✓
[2026-07-25 15:01:57.464] [分享链接] 剪贴板为空 → 返回构造链接: https://www.xiaohongshu.com/explore/6a160d64000000000702ef68
[2026-07-25 15:01:58.653] [DOM调试] date命中=True date_text='编辑于 05-28' tag数=5 share_text='None' author_uid='6550e5e200000000020118e8'
[2026-07-25 15:01:58.912] [详情] ✓ '毕业后，在出租屋躺了大半年' 互动=12704 赞=7817 藏=3231 评=1656 粉丝=0
[2026-07-25 15:02:07.750] [分享链接] 弹窗调试: {'popup1': False, 'popup2': True, 'popup2_html': '<div data-v-0d218a15="" class="xhs-note-share-popup-header"><span data-v-0d218a15="" class="xhs-note-share-popup-title">分享至</span></div><div data-v-0d218a15="" class="xhs-note-share-popup-contacts"><div data-v-0d218a15="" class="xhs-note-share-popup-contacts-grid"><div data-v-0d218a15="" class="xhs-'}
[2026-07-25 15:02:07.948] [分享链接] 点击联系人弹窗-复制链接按钮 ✓
[2026-07-25 15:02:08.973] [分享链接] 剪贴板为空 → 返回构造链接: https://www.xiaohongshu.com/explore/683c7739000000000c03b177
[2026-07-25 15:02:10.244] [DOM调试] date命中=True date_text='2025-06-01' tag数=7 share_text='None' author_uid='6792506f0000000007003dd5'
[2026-07-25 15:02:10.439] [详情] ✓ '这个博主真的说到我心坎里去了！！！' 互动=35524 赞=18279 藏=17025 评=220 粉丝=0
[2026-07-25 15:02:21.969] [分享链接] 弹窗调试: {'popup1': False, 'popup2': True, 'popup2_html': '<div data-v-0d218a15="" class="xhs-note-share-popup-header"><span data-v-0d218a15="" class="xhs-note-share-popup-title">分享至</span></div><div data-v-0d218a15="" class="xhs-note-share-popup-contacts"><div data-v-0d218a15="" class="xhs-note-share-popup-contacts-grid"><div data-v-0d218a15="" class="xhs-'}
[2026-07-25 15:02:22.153] [分享链接] 点击联系人弹窗-复制链接按钮 ✓
[2026-07-25 15:02:23.192] [分享链接] 剪贴板为空 → 返回构造链接: https://www.xiaohongshu.com/explore/6a021e33000000000802710c
[2026-07-25 15:02:24.328] [DOM调试] date命中=True date_text='05-12' tag数=7 share_text='None' author_uid='6a0193710000000002000003'
[2026-07-25 15:02:24.618] [详情] ✓ '毕业不工作在家的一些思想转变' 互动=19069 赞=14635 藏=4143 评=291 粉丝=0
[2026-07-25 15:02:37.729] [详情] 第6个卡片第1次点击无弹窗，重试...
[2026-07-25 15:02:46.232] [详情] 第6个卡片第2次点击无弹窗，重试...
[2026-07-25 15:02:55.233] [详情] ✗ 第6个卡片重试3次均无弹窗
[2026-07-25 15:02:55.242] [详情] ✗ 第7条 '' 获取失败
[2026-07-25 15:03:03.913] [分享链接] 弹窗调试: {'popup1': False, 'popup2': True, 'popup2_html': '<div data-v-0d218a15="" class="xhs-note-share-popup-header"><span data-v-0d218a15="" class="xhs-note-share-popup-title">分享至</span></div><div data-v-0d218a15="" class="xhs-note-share-popup-contacts"><div data-v-0d218a15="" class="xhs-note-share-popup-contacts-grid"><div data-v-0d218a15="" class="xhs-'}
[2026-07-25 15:03:04.124] [分享链接] 点击联系人弹窗-复制链接按钮 ✓
[2026-07-25 15:03:05.154] [分享链接] 剪贴板为空 → 返回构造链接: https://www.xiaohongshu.com/explore/69a538ae0000000022032052
[2026-07-25 15:03:06.413] [DOM调试] date命中=True date_text='编辑于 05-28' tag数=5 share_text='None' author_uid='6550e5e200000000020118e8'
[2026-07-25 15:03:06.585] [详情] ✓ '建议大家低谷期的时候有点钱就该去穷游' 互动=9308 赞=6846 藏=1596 评=866 粉丝=0
[2026-07-25 15:03:15.716] [分享链接] 弹窗调试: {'popup1': False, 'popup2': True, 'popup2_html': '<div data-v-0d218a15="" class="xhs-note-share-popup-header"><span data-v-0d218a15="" class="xhs-note-share-popup-title">分享至</span></div><div data-v-0d218a15="" class="xhs-note-share-popup-contacts"><div data-v-0d218a15="" class="xhs-note-share-popup-contacts-grid"><div data-v-0d218a15="" class="xhs-'}
[2026-07-25 15:03:15.921] [分享链接] 点击联系人弹窗-复制链接按钮 ✓
[2026-07-25 15:03:16.979] [分享链接] 剪贴板为空 → 返回构造链接: https://www.xiaohongshu.com/explore/6a190a87000000000603248d
[2026-07-25 15:03:18.106] [DOM调试] date命中=True date_text='2025-07-24' tag数=1 share_text='None' author_uid='631041ac000000000f0054c8'
[2026-07-25 15:03:18.292] [详情] ✓ '31岁设计离职 到底转什么职业（不靠谱版' 互动=2322 赞=1062 藏=376 评=884 粉丝=0
[2026-07-25 15:03:27.861] [分享链接] 弹窗调试: {'popup1': False, 'popup2': True, 'popup2_html': '<div data-v-0d218a15="" class="xhs-note-share-popup-header"><span data-v-0d218a15="" class="xhs-note-share-popup-title">分享至</span></div><div data-v-0d218a15="" class="xhs-note-share-popup-contacts"><div data-v-0d218a15="" class="xhs-note-share-popup-contacts-grid"><div data-v-0d218a15="" class="xhs-'}
[2026-07-25 15:03:28.026] [分享链接] 点击联系人弹窗-复制链接按钮 ✓
[2026-07-25 15:03:29.060] [分享链接] 剪贴板为空 → 返回构造链接: https://www.xiaohongshu.com/explore/6a49421e0000000011013ebb
[2026-07-25 15:03:30.380] [DOM调试] date命中=True date_text='06-18' tag数=6 share_text='None' author_uid='6a197bc30000000002002400'
[2026-07-25 15:03:30.562] [详情] ✓ '在日本呆不下去了' 互动=1119 赞=495 藏=142 评=482 粉丝=0
[2026-07-25 15:03:39.989] [分享链接] 弹窗调试: {'popup1': False, 'popup2': True, 'popup2_html': '<div data-v-0d218a15="" class="xhs-note-share-popup-header"><span data-v-0d218a15="" class="xhs-note-share-popup-title">分享至</span></div><div data-v-0d218a15="" class="xhs-note-share-popup-contacts"><div data-v-0d218a15="" class="xhs-note-share-popup-contacts-grid"><div data-v-0d218a15="" class="xhs-'}
[2026-07-25 15:03:40.232] [分享链接] 点击联系人弹窗-复制链接按钮 ✓
[2026-07-25 15:03:41.312] [分享链接] 剪贴板为空 → 返回构造链接: https://www.xiaohongshu.com/explore/68816197000000000d025fbb
[2026-07-25 15:03:42.470] [DOM调试] date命中=True date_text='05-29' tag数=5 share_text='None' author_uid='5ab364d2e8ac2b01445c5d52'
[2026-07-25 15:03:42.754] [详情] ✓ '真的很迷茫' 互动=72 赞=35 藏=11 评=26 粉丝=0
[2026-07-25 15:03:52.825] [分享链接] 弹窗调试: {'popup1': False, 'popup2': True, 'popup2_html': '<div data-v-0d218a15="" class="xhs-note-share-popup-header"><span data-v-0d218a15="" class="xhs-note-share-popup-title">分享至</span></div><div data-v-0d218a15="" class="xhs-note-share-popup-contacts"><div data-v-0d218a15="" class="xhs-note-share-popup-contacts-grid"><div data-v-0d218a15="" class="xhs-'}
[2026-07-25 15:03:53.068] [分享链接] 点击联系人弹窗-复制链接按钮 ✓
[2026-07-25 15:03:54.122] [分享链接] 剪贴板为空 → 返回构造链接: https://www.xiaohongshu.com/explore/69d47f5f0000000020038e77
[2026-07-25 15:03:55.289] [DOM调试] date命中=True date_text='04-07' tag数=5 share_text='None' author_uid='640938f20000000014013a0a'
[2026-07-25 15:03:55.544] [详情] ✓ '29岁的人生低谷想听听姐姐们的建议' 互动=9165 赞=4693 藏=3378 评=1094 粉丝=0
[2026-07-25 15:04:05.348] [分享链接] 弹窗调试: {'popup1': False, 'popup2': True, 'popup2_html': '<div data-v-0d218a15="" class="xhs-note-share-popup-header"><span data-v-0d218a15="" class="xhs-note-share-popup-title">分享至</span></div><div data-v-0d218a15="" class="xhs-note-share-popup-contacts"><div data-v-0d218a15="" class="xhs-note-share-popup-contacts-grid"><div data-v-0d218a15="" class="xhs-'}
[2026-07-25 15:04:05.631] [分享链接] 点击联系人弹窗-复制链接按钮 ✓
[2026-07-25 15:04:06.678] [分享链接] 剪贴板为空 → 返回构造链接: https://www.xiaohongshu.com/explore/685aad67000000002203dab7
[2026-07-25 15:04:07.801] [DOM调试] date命中=True date_text='07-15 广东' tag数=0 share_text='None' author_uid='6562277500000000020297d8'
[2026-07-25 15:04:07.980] [详情] ✓ '写小说财富自由后，人生有些迷茫' 互动=18965 赞=11667 藏=4077 评=3221 粉丝=0
[2026-07-25 15:04:19.865] [分享链接] 弹窗调试: {'popup1': False, 'popup2': True, 'popup2_html': '<div data-v-0d218a15="" class="xhs-note-share-popup-header"><span data-v-0d218a15="" class="xhs-note-share-popup-title">分享至</span></div><div data-v-0d218a15="" class="xhs-note-share-popup-contacts"><div data-v-0d218a15="" class="xhs-note-share-popup-contacts-grid"><div data-v-0d218a15="" class="xhs-'}
[2026-07-25 15:04:20.062] [分享链接] 点击联系人弹窗-复制链接按钮 ✓
[2026-07-25 15:04:21.096] [分享链接] 剪贴板为空 → 返回构造链接: https://www.xiaohongshu.com/explore/6a4cf163000000001603df92
[2026-07-25 15:04:22.253] [DOM调试] date命中=True date_text='07-07 广东' tag数=4 share_text='None' author_uid='5bb36503f7e8b9552d753914'
[2026-07-25 15:04:22.466] [详情] ✓ '27岁女教师裸辞转行无果🙃' 互动=3353 赞=1844 藏=931 评=578 粉丝=0
[2026-07-25 15:04:31.671] [分享链接] 弹窗调试: {'popup1': False, 'popup2': True, 'popup2_html': '<div data-v-0d218a15="" class="xhs-note-share-popup-header"><span data-v-0d218a15="" class="xhs-note-share-popup-title">分享至</span></div><div data-v-0d218a15="" class="xhs-note-share-popup-contacts"><div data-v-0d218a15="" class="xhs-note-share-popup-contacts-grid"><div data-v-0d218a15="" class="xhs-'}
[2026-07-25 15:04:31.914] [分享链接] 点击联系人弹窗-复制链接按钮 ✓
[2026-07-25 15:04:32.957] [分享链接] 剪贴板为空 → 返回构造链接: https://www.xiaohongshu.com/explore/6a56720c000000000702cd88
[2026-07-25 15:04:34.008] [DOM调试] date命中=True date_text='编辑于 07-06 日本' tag数=3 share_text='None' author_uid='66966cbf000000000b033500'
[2026-07-25 15:04:34.187] [详情] ✓ '26岁，已平静接纳自己就是个废物' 互动=1112 赞=761 藏=177 评=174 粉丝=0
[2026-07-25 15:04:45.469] [分享链接] 弹窗调试: {'popup1': False, 'popup2': True, 'popup2_html': '<div data-v-0d218a15="" class="xhs-note-share-popup-header"><span data-v-0d218a15="" class="xhs-note-share-popup-title">分享至</span></div><div data-v-0d218a15="" class="xhs-note-share-popup-contacts"><div data-v-0d218a15="" class="xhs-note-share-popup-contacts-grid"><div data-v-0d218a15="" class="xhs-'}
[2026-07-25 15:04:45.643] [分享链接] 点击联系人弹窗-复制链接按钮 ✓
[2026-07-25 15:04:46.691] [分享链接] 剪贴板为空 → 返回构造链接: https://www.xiaohongshu.com/explore/695e2d60000000001a02f145
[2026-07-25 15:04:47.846] [DOM调试] date命中=True date_text='05-30' tag数=11 share_text='None' author_uid='6746e6b100000000010010d9'
[2026-07-25 15:04:48.023] [详情] ✓ '' 互动=2032 赞=1428 藏=436 评=168 粉丝=0
[2026-07-25 15:04:59.081] [详情] 第16个卡片第1次点击无弹窗，重试...
[2026-07-25 15:05:07.796] [详情] 第16个卡片第2次点击无弹窗，重试...
[2026-07-25 15:05:16.813] [详情] ✗ 第16个卡片重试3次均无弹窗
[2026-07-25 15:05:16.826] [详情] ✗ 第17条 '32岁gap1年，感觉自己这一生都在舍近' 获取失败
[2026-07-25 15:05:26.514] [分享链接] 弹窗调试: {'popup1': False, 'popup2': True, 'popup2_html': '<div data-v-0d218a15="" class="xhs-note-share-popup-header"><span data-v-0d218a15="" class="xhs-note-share-popup-title">分享至</span></div><div data-v-0d218a15="" class="xhs-note-share-popup-contacts"><div data-v-0d218a15="" class="xhs-note-share-popup-contacts-grid"><div data-v-0d218a15="" class="xhs-'}
[2026-07-25 15:05:26.698] [分享链接] 点击联系人弹窗-复制链接按钮 ✓
[2026-07-25 15:05:27.750] [分享链接] 剪贴板为空 → 返回构造链接: https://www.xiaohongshu.com/explore/6a1a7bf40000000035025b4d
[2026-07-25 15:05:28.922] [DOM调试] date命中=True date_text='编辑于 2025-06-26' tag数=11 share_text='None' author_uid='6697906f000000000303319b'
[2026-07-25 15:05:29.233] [详情] ✓ '建议所有人不要在迷茫的时候算命' 互动=312 赞=162 藏=39 评=111 粉丝=0
[2026-07-25 15:05:38.968] [分享链接] 弹窗调试: {'popup1': False, 'popup2': True, 'popup2_html': '<div data-v-0d218a15="" class="xhs-note-share-popup-header"><span data-v-0d218a15="" class="xhs-note-share-popup-title">分享至</span></div><div data-v-0d218a15="" class="xhs-note-share-popup-contacts"><div data-v-0d218a15="" class="xhs-note-share-popup-contacts-grid"><div data-v-0d218a15="" class="xhs-'}
[2026-07-25 15:05:39.193] [分享链接] 点击联系人弹窗-复制链接按钮 ✓
[2026-07-25 15:05:40.238] [分享链接] 剪贴板为空 → 返回构造链接: https://www.xiaohongshu.com/explore/6a53ca73000000000603277c
[2026-07-25 15:05:41.383] [DOM调试] date命中=True date_text='05-21' tag数=3 share_text='None' author_uid='65abedcc000000000d01ea52'
[2026-07-25 15:05:41.558] [详情] ✓ '每个想做自媒体的人，都该先听完张骏这段话' 互动=6348 赞=4010 藏=2309 评=29 粉丝=0
[2026-07-25 15:05:52.121] [分享链接] 弹窗调试: {'popup1': False, 'popup2': True, 'popup2_html': '<div data-v-0d218a15="" class="xhs-note-share-popup-header"><span data-v-0d218a15="" class="xhs-note-share-popup-title">分享至</span></div><div data-v-0d218a15="" class="xhs-note-share-popup-contacts"><div data-v-0d218a15="" class="xhs-note-share-popup-contacts-grid"><div data-v-0d218a15="" class="xhs-'}
[2026-07-25 15:05:52.308] [分享链接] 点击联系人弹窗-复制链接按钮 ✓
[2026-07-25 15:05:53.343] [分享链接] 剪贴板为空 → 返回构造链接: https://www.xiaohongshu.com/explore/6a0e7d920000000037034283
[2026-07-25 15:05:54.406] [DOM调试] date命中=True date_text='2025-12-13' tag数=7 share_text='None' author_uid='5c8254d90000000016036570'
[2026-07-25 15:05:54.596] [详情] ✓ '我感觉我已经找不到工作了' 互动=1620 赞=1008 藏=147 评=465 粉丝=0
[2026-07-25 15:06:04.538] [分享链接] 弹窗调试: {'popup1': False, 'popup2': True, 'popup2_html': '<div data-v-0d218a15="" class="xhs-note-share-popup-header"><span data-v-0d218a15="" class="xhs-note-share-popup-title">分享至</span></div><div data-v-0d218a15="" class="xhs-note-share-popup-contacts"><div data-v-0d218a15="" class="xhs-note-share-popup-contacts-grid"><div data-v-0d218a15="" class="xhs-'}
[2026-07-25 15:06:04.723] [分享链接] 点击联系人弹窗-复制链接按钮 ✓
[2026-07-25 15:06:05.761] [分享链接] 剪贴板为空 → 返回构造链接: https://www.xiaohongshu.com/explore/69f5c326000000003502a295
[2026-07-25 15:06:06.966] [DOM调试] date命中=True date_text='编辑于 07-13 河南' tag数=6 share_text='None' author_uid='693e9e770000000037009303'
[2026-07-25 15:06:07.139] [详情] ✓ '干了六年的硬件工程师，越来越迷茫了' 互动=2156 赞=1163 藏=573 评=420 粉丝=0
[2026-07-25 15:06:11.325] [任务] 第1页完成，累计成功=19, 失败=2
[2026-07-25 15:06:11.328] [任务] 全部完成，共 21 条笔记，详情成功 19 条
[2026-07-25 15:06:11.336] 
[2026-07-25 15:06:11.341] ======================================================================
[2026-07-25 15:06:11.342]   自动分析与导出  模式: both
[2026-07-25 15:06:11.346] ======================================================================
[2026-07-25 15:06:11.348] 
[2026-07-25 15:06:11.349] [动量分析] 关键词='迷茫'
[2026-07-25 15:06:11.355] [动量分析] 共 19 条笔记
[2026-07-25 15:06:11.357] 
[2026-07-25 15:06:11.360] ------------------------------------------------------------------------------------------------------------------------
[2026-07-25 15:06:11.363] 排名   标题                                  互动量 作者               速率/h      密度    年龄(h)     综合分
[2026-07-25 15:06:11.365] ------------------------------------------------------------------------------------------------------------------------
[2026-07-25 15:06:11.368] 1    毕业不工作在家的一些思想转变                   19,069 今晚回家吃饭吗            11   0.015   1791.0   0.474
[2026-07-25 15:06:11.371] 2    毕业后，在出租屋躺了大半年                    12,704 今日Kyou              9   0.130   1407.0   0.474
[2026-07-25 15:06:11.374] 3    写小说财富自由后，人生有些迷茫                  18,965 写小说的兔叽（德国受苦         0   0.170      0.0   0.398
[2026-07-25 15:06:11.374] 4    在日本呆不下去了                          1,119 jeii                1   0.431    903.1   0.379
[2026-07-25 15:06:11.377] 5    建议大家低谷期的时候有点钱就该去穷游                9,308 仓鼠飞轮                7   0.093   1407.0   0.355
[2026-07-25 15:06:11.380] 6    干了六年的硬件工程师，越来越迷茫了                 2,156 硬件物语                0   0.195      0.0   0.344
[2026-07-25 15:06:11.382] 7    27岁女教师裸辞转行无果🙃                     3,353 很OK呀                0   0.172      0.0   0.334
[2026-07-25 15:06:11.390] 8    青旅里住满了绝望的，找不到工作的年轻人。              3,084 林下风                 0   0.161      0.0   0.325
[2026-07-25 15:06:11.394] 9    26岁，已平静接纳自己就是个废物                  1,112 前方允许停留              0   0.157      0.0   0.313
[2026-07-25 15:06:11.397] 10   真的很迷茫                                72 红薯                  0   0.361   1383.1   0.286
[2026-07-25 15:06:11.398] 11   31岁设计离职 到底转什么职业（不靠谱版              2,322 张十一                 0   0.381   8799.1   0.283
[2026-07-25 15:06:11.403] 12   这个博主真的说到我心坎里去了！！！                35,524 Mg。                 4   0.006  10071.0   0.270
[2026-07-25 15:06:11.404] 13   建议所有人不要在迷茫的时候算命                     312 淋淋🐻｜小心熊             0   0.356   9471.1   0.250
[2026-07-25 15:06:11.406] 14   教培人的迷茫                              895 johnwick            1   0.262   1071.0   0.246
[2026-07-25 15:06:11.408] 15   29岁的人生低谷想听听姐姐们的建议                 9,165 YakultM             3   0.119   2631.1   0.236
[2026-07-25 15:06:11.412] 16   我感觉我已经找不到工作了                      1,620 亨利怎么了               0   0.287   5391.1   0.216
[2026-07-25 15:06:11.415] 17   求助贴：985小废物毕业迷茫了6年还在迷茫             6,546 Amore               2   0.150   3303.0   0.197
[2026-07-25 15:06:11.419] 18   每个想做自媒体的人，都该先听完张骏这段话              6,348 言究这个时代              4   0.005   1575.1   0.196
[2026-07-25 15:06:11.421] 19                                     2,032 滔涛韬                 2   0.083   1359.1   0.148
[2026-07-25 15:06:11.426] ------------------------------------------------------------------------------------------------------------------------
[2026-07-25 15:06:11.430] 提示: 综合分 = 速率(35%) + 密度(30%) + 新鲜(20%) + 互动量(15%)
[2026-07-25 15:06:11.432]       动量看'速度'，价值看'质量'，两者互补
[2026-07-25 15:06:11.448] 
[2026-07-25 15:06:11.450] [价值分析] 关键词='迷茫'
[2026-07-25 15:06:11.453] [价值分析] 共 19 条笔记
[2026-07-25 15:06:11.454] 
[2026-07-25 15:06:11.455] ------------------------------------------------------------------------------------------------------------------------
[2026-07-25 15:06:11.457] 排名   标题                                  互动量 作者               收藏率      密度     评论率     价值分
[2026-07-25 15:06:11.461] ------------------------------------------------------------------------------------------------------------------------
[2026-07-25 15:06:11.465] 1    这个博主真的说到我心坎里去了！！！                35,524 Mg。            0.931   0.479   0.012   0.704
[2026-07-25 15:06:11.468] 2    求助贴：985小废物毕业迷茫了6年还在迷茫             6,546 Amore          0.733   0.359   0.306   0.634
[2026-07-25 15:06:11.470] 3    29岁的人生低谷想听听姐姐们的建议                 9,165 YakultM        0.720   0.369   0.233   0.612
[2026-07-25 15:06:11.473] 4    教培人的迷茫                              895 johnwick       0.563   0.266   0.553   0.579
[2026-07-25 15:06:11.474] 5    31岁设计离职 到底转什么职业（不靠谱版              2,322 张十一            0.354   0.162   0.832   0.510
[2026-07-25 15:06:11.476] 6    在日本呆不下去了                          1,119 jeii           0.287   0.127   0.974   0.503
[2026-07-25 15:06:11.480] 7    干了六年的硬件工程师，越来越迷茫了                 2,156 硬件物语           0.493   0.266   0.361   0.489
[2026-07-25 15:06:11.483] 8    27岁女教师裸辞转行无果🙃                     3,353 很OK呀           0.505   0.278   0.313   0.487
[2026-07-25 15:06:11.484] 9    每个想做自媒体的人，都该先听完张骏这段话              6,348 言究这个时代         0.576   0.364   0.007   0.477
[2026-07-25 15:06:11.488] 10   真的很迷茫                                72 红薯             0.314   0.153   0.743   0.460
[2026-07-25 15:06:11.489] 11   毕业后，在出租屋躺了大半年                    12,704 今日Kyou         0.413   0.254   0.212   0.402
[2026-07-25 15:06:11.491] 12   建议所有人不要在迷茫的时候算命                     312 淋淋🐻｜小心熊        0.241   0.125   0.685   0.393
[2026-07-25 15:06:11.492] 13   写小说财富自由后，人生有些迷茫                  18,965 写小说的兔叽（德国受苦    0.349   0.215   0.276   0.370
[2026-07-25 15:06:11.526] 14   青旅里住满了绝望的，找不到工作的年轻人。              3,084 林下风            0.274   0.181   0.244   0.306
[2026-07-25 15:06:11.530] 15                                     2,032 滔涛韬            0.305   0.215   0.118   0.302
[2026-07-25 15:06:11.532] 16   26岁，已平静接纳自己就是个废物                  1,112 前方允许停留         0.233   0.159   0.229   0.270
[2026-07-25 15:06:11.536] 17   毕业不工作在家的一些思想转变                   19,069 今晚回家吃饭吗        0.283   0.217   0.020   0.264
[2026-07-25 15:06:11.539] 18   我感觉我已经找不到工作了                      1,620 亨利怎么了          0.146   0.091   0.461   0.262
[2026-07-25 15:06:11.541] 19   建议大家低谷期的时候有点钱就该去穷游                9,308 仓鼠飞轮           0.233   0.172   0.127   0.246
[2026-07-25 15:06:11.543] ------------------------------------------------------------------------------------------------------------------------
[2026-07-25 15:06:11.545] 提示: 价值分 = 收藏率(40%) + 互动密度(30%) + 评论率(30%)
[2026-07-25 15:06:11.548]       收藏率 = 收藏/点赞，互动密度 = 收藏/互动总量（越高=越多人深度保存）
[2026-07-25 15:06:11.551] 
[2026-07-25 15:06:11.552] [完成] 全部结果已输出到: output\迷茫
[2026-07-25 15:06:11.555]   - 日志: xhs_spider_20260725_150058.log
[2026-07-25 15:06:11.557]   - 动量分析: momentum_20260725_150611.csv (19 条)
[2026-07-25 15:06:11.558]   - 价值分析: value_20260725_150611.csv (19 条)
[2026-07-25 15:06:12.754] [浏览器] Edge 已关闭
